11-08 13:47:24.975  1138  1138 W Resources: Preloaded drawable resource #0x10805ea (android:drawable/scrubber_control_to_pressed_mtrl_001) that varies with configuration!!
11-08 13:47:24.976  1138  1138 W Resources: Preloaded drawable resource #0x10805eb (android:drawable/scrubber_control_to_pressed_mtrl_002) that varies with configuration!!
11-08 13:47:24.976  1138  1138 W Resources: Preloaded drawable resource #0x10805ec (android:drawable/scrubber_control_to_pressed_mtrl_003) that varies with configuration!!
11-08 13:47:24.976  1138  1138 W Resources: Preloaded drawable resource #0x10805ed (android:drawable/scrubber_control_to_pressed_mtrl_004) that varies with configuration!!
11-08 13:47:24.976  1138  1138 W Resources: Preloaded drawable resource #0x10805ee (android:drawable/scrubber_control_to_pressed_mtrl_005) that varies with configuration!!
11-08 13:47:24.976  1138  1138 W Resources: Preloaded drawable resource #0x10805f0 (android:drawable/scrubber_primary_mtrl_alpha) that varies with configuration!!
11-08 13:47:24.976  1138  1138 W Resources: Preloaded drawable resource #0x10805f7 (android:drawable/scrubber_track_mtrl_alpha) that varies with configuration!!
11-08 13:47:24.976  1138  1138 W Resources: Preloaded drawable resource #0x108063f (android:drawable/spinner_mtrl_am_alpha) that varies with configuration!!
11-08 13:47:24.977  1138  1138 W Resources: Preloaded drawable resource #0x10806c0 (android:drawable/switch_track_mtrl_alpha) that varies with configuration!!
11-08 13:47:24.977  1138  1138 W Resources: Preloaded drawable resource #0x1080701 (android:drawable/text_cursor_mtrl_alpha) that varies with configuration!!
11-08 13:47:24.977  1138  1138 W Resources: Preloaded drawable resource #0x1080710 (android:drawable/textfield_activated_mtrl_alpha) that varies with configuration!!
11-08 13:47:24.977  1138  1138 W Resources: Preloaded drawable resource #0x1080719 (android:drawable/textfield_default_mtrl_alpha) that varies with configuration!!
11-08 13:47:24.977  1138  1138 W Resources: Preloaded drawable resource #0x108072f (android:drawable/textfield_search_activated_mtrl_alpha) that varies with configuration!!
11-08 13:47:24.977  1138  1138 W Resources: Preloaded drawable resource #0x1080733 (android:drawable/textfield_search_default_mtrl_alpha) that varies with configuration!!
11-08 13:47:24.977  1138  1138 W Resources: Preloaded drawable resource #0x1080707 (android:drawable/text_select_handle_left_mtrl_alpha) that varies with configuration!!
11-08 13:47:24.996  1138  1138 I art     : Explicit concurrent mark sweep GC freed 458(48KB) AllocSpace objects, 0(0B) LOS objects, 26% free, 10MB/14MB, paused 699us total 17.053ms
11-08 13:47:24.997  1138  1138 W Resources: Preloaded drawable resource #0x108070a (android:drawable/text_select_handle_middle_mtrl_alpha) that varies with configuration!!
11-08 13:47:24.997  1138  1138 W Resources: Preloaded drawable resource #0x108070d (android:drawable/text_select_handle_right_mtrl_alpha) that varies with configuration!!
11-08 13:47:24.997  1138  1138 I Zygote  : ...preloaded 430 resources in 1230ms.
11-08 13:47:25.016  1138  1138 I art     : Explicit concurrent mark sweep GC freed 410(34KB) AllocSpace objects, 0(0B) LOS objects, 26% free, 11MB/15MB, paused 234us total 11.835ms
11-08 13:47:25.017  1138  1138 I Zygote  : ...preloaded 41 resources in 20ms.
11-08 13:47:25.018  1138  1138 I art     : Counter: 0
11-08 13:47:25.018  1138  1138 E libEGL  : load_driver(/system/lib64/egl/libGLES_emulation.so): dlopen failed: library "/system/lib64/egl/libGLES_emulation.so" not found
11-08 13:47:25.019  1138  1138 D libEGL  : loaded /system/lib64/egl/libEGL_emulation.so
11-08 13:47:25.019  1138  1138 D libEGL  : loaded /system/lib64/egl/libGLESv1_CM_emulation.so
11-08 13:47:25.022  1138  1138 D libEGL  : loaded /system/lib64/egl/libGLESv2_emulation.so
11-08 13:47:25.025  1138  1138 I Zygote  : Preloading shared libraries...
11-08 13:47:25.034  1138  1138 D Zygote  : end preload
11-08 13:47:25.046  1138  1138 I art     : Explicit concurrent mark sweep GC freed 459(22KB) AllocSpace objects, 0(0B) LOS objects, 26% free, 10MB/14MB, paused 272us total 12.493ms
11-08 13:47:25.060  1138  1138 I art     : Explicit concurrent mark sweep GC freed 74(2912B) AllocSpace objects, 0(0B) LOS objects, 26% free, 10MB/14MB, paused 235us total 12.973ms
11-08 13:47:25.077  1138  1138 I art     : Explicit concurrent mark sweep GC freed 5(160B) AllocSpace objects, 0(0B) LOS objects, 26% free, 10MB/14MB, paused 235us total 16.184ms
11-08 13:47:25.149  1138  1138 I Zygote  : System server process 1512 has been created
11-08 13:47:25.155  1138  1138 I Zygote  : Accepting command socket connections
11-08 13:47:25.164  1512  1512 I Zygote  : Process: zygote socket opened, supported ABIS: x86
11-08 13:47:25.165  1512  1512 I art     : DexFile_isDexOptNeeded failed to open oat file '/data/dalvik-cache/x86_64/system@framework@services.jar@classes.dex' for file location '/system/framework/services.jar': Failed to open oat filename for reading: No such file or directory
11-08 13:47:25.171  1512  1512 I art     : DexFile_isDexOptNeeded file /system/framework/x86_64/services.odex is out of date for /system/framework/services.jar
11-08 13:47:25.172  1512  1512 I InstallerConnection: connecting...
11-08 13:47:25.172  1136  1136 I installd: new connection
11-08 13:47:25.206  1526  1526 E cutils-trace: Error opening trace file: Permission denied (13)
11-08 13:47:25.207  1526  1526 I dex2oat : /system/bin/dex2oat --zip-fd=5 --zip-location=/system/framework/services.jar --oat-fd=6 --oat-location=/data/dalvik-cache/x86_64/system@framework@services.jar@classes.dex --instruction-set=x86_64 --instruction-set-features=default --runtime-arg -Xms64m --runtime-arg -Xmx512m
11-08 13:47:25.212  1526  1526 W dex2oat : Unable to open /data/dalvik-cache/. to delete it's contents: Permission denied
11-08 13:47:25.213  1526  1526 W dex2oat : Unable to open /data/dalvik-cache/x86_64 to delete it's contents: Permission denied
11-08 13:47:25.213  1526  1526 W dex2oat : Could not create image space with image file '/system/framework/boot.art'. Attempting to fall back to imageless running. Error was: Unable to relocate image '/system/framework/boot.art' from '/system/framework/x86_64/boot.art' to '/data/dalvik-cache/x86_64/system@framework@boot.art': Only the zygote can create the global boot image.
11-08 13:47:25.213  1526  1526 F dex2oat : art/runtime/runtime.cc:820] Check failed: options->boot_class_path_ != nullptr 
11-08 13:47:25.222  1526  1526 F dex2oat : art/runtime/runtime.cc:284] Runtime aborting...
11-08 13:47:25.222  1526  1526 F dex2oat : art/runtime/runtime.cc:284] Aborting thread:
11-08 13:47:25.222  1526  1526 F dex2oat : art/runtime/runtime.cc:284] "main" prio=5 tid=1 Runnable (still starting up)
11-08 13:47:25.222  1526  1526 F dex2oat : art/runtime/runtime.cc:284]   | group="" sCount=0 dsCount=0 obj=0x0 self=0xf6906400
11-08 13:47:25.222  1526  1526 F dex2oat : art/runtime/runtime.cc:284]   | sysTid=1526 nice=0 cgrp=apps/bg_non_interactive sched=0/0 handle=0xf7784160
11-08 13:47:25.222  1526  1526 F dex2oat : art/runtime/runtime.cc:284]   | state=R schedstat=( 0 0 0 ) utm=0 stm=0 core=0 HZ=100
11-08 13:47:25.222  1526  1526 F dex2oat : art/runtime/runtime.cc:284]   | stack=0xff49c000-0xff49e000 stackSize=8MB
11-08 13:47:25.222  1526  1526 F dex2oat : art/runtime/runtime.cc:284]   | held mutexes= "abort lock" "mutator lock"(shared held)
11-08 13:47:25.222  1526  1526 F dex2oat : art/runtime/runtime.cc:284]   native: #00 pc 00005ac3  /system/lib/libbacktrace_libc++.so (UnwindCurrent::Unwind(unsigned int, ucontext*)+83)
11-08 13:47:25.222  1526  1526 F dex2oat : art/runtime/runtime.cc:284]   native: #01 pc 00002e91  /system/lib/libbacktrace_libc++.so (Backtrace::Unwind(unsigned int, ucontext*)+33)
11-08 13:47:25.222  1526  1526 F dex2oat : art/runtime/runtime.cc:284]   native: #02 pc 003c3f0a  /system/lib/libart.so (art::DumpNativeStack(std::__1::basic_ostream<char, std::__1::char_traits<char> >&, int, char const*, art::mirror::ArtMethod*)+138)
11-08 13:47:25.222  1526  1526 F dex2oat : art/runtime/runtime.cc:284]   native: #03 pc 0038e85c  /system/lib/libart.so (art::Thread::Dump(std::__1::basic_ostream<char, std::__1::char_traits<char> >&) const+284)
11-08 13:47:25.222  1526  1526 F dex2oat : art/runtime/runtime.cc:284]   native: #04 pc 00372fc4  /system/lib/libart.so (art::AbortState::Dump(std::__1::basic_ostream<char, std::__1::char_traits<char> >&)+644)
11-08 13:47:25.222  1526  1526 F dex2oat : art/runtime/runtime.cc:284]   native: #05 pc 0037353d  /system/lib/libart.so (art::Runtime::Abort()+125)
11-08 13:47:25.222  1526  1526 F dex2oat : art/runtime/runtime.cc:284]   native: #06 pc 000ec304  /system/lib/libart.so (art::LogMessage::~LogMessage()+1668)
11-08 13:47:25.222  1526  1526 F dex2oat : art/runtime/runtime.cc:284]   native: #07 pc 00377728  /system/lib/libart.so (art::Runtime::Init(std::__1::vector<std::__1::pair<std::__1::basic_string<char, std::__1::char_traits<char>, std::__1::allocator<char> >, void const*>, std::__1::allocator<std::__1::pair<std::__1::basic_string<char, std::__1::char_traits<char>, std::__1::allocator<char> >, void const*> > > const&, bool)+9976)
11-08 13:47:25.222  1526  1526 F dex2oat : art/runtime/runtime.cc:284]   native: #08 pc 00378728  /system/lib/libart.so (art::Runtime::Create(std::__1::vector<std::__1::pair<std::__1::basic_string<char, std::__1::char_traits<char>, std::__1::allocator<char> >, void const*>, std::__1::allocator<std::__1::pair<std::__1::basic_string<char, std::__1::char_traits<char>, std::__1::allocator<char> >, void const*> > > const&, bool)+104)
11-08 13:47:25.222  1526  1526 F dex2oat : art/runtime/runtime.cc:284]   native: #09 pc 000112b5  /system/bin/dex2oat (???)
11-08 13:47:25.222  1526  1526 F dex2oat : art/runtime/runtime.cc:284]   native: #10 pc 00016913  /system/bin/dex2oat (???)
11-08 13:47:25.222  1526  1526 F dex2oat : art/runtime/runtime.cc:284]   native: #11 pc 00008d30  /system/bin/dex2oat (???)
11-08 13:47:25.222  1526  1526 F dex2oat : art/runtime/runtime.cc:284]   native: #12 pc 00012a34  /system/lib/libc.so (__libc_init+100)
11-08 13:47:25.222  1526  1526 F dex2oat : art/runtime/runtime.cc:284]   native: #13 pc 00008dd3  /system/bin/dex2oat (???)
11-08 13:47:25.222  1526  1526 F dex2oat : art/runtime/runtime.cc:284]   native: #14 pc 0000000a  ???
11-08 13:47:25.222  1526  1526 F dex2oat : art/runtime/runtime.cc:284]   (no managed stack frames)
11-08 13:47:25.222  1526  1526 F dex2oat : art/runtime/runtime.cc:284] Dumping all threads without appropriate locks held: thread list lock
11-08 13:47:25.222  1526  1526 F dex2oat : art/runtime/runtime.cc:284] All threads:
11-08 13:47:25.222  1526  1526 F dex2oat : art/runtime/runtime.cc:284] DALVIK THREADS (1):
11-08 13:47:25.222  1526  1526 F dex2oat : art/runtime/runtime.cc:284] "main" prio=5 tid=1 Runnable (still starting up)
11-08 13:47:25.222  1526  1526 F dex2oat : art/runtime/runtime.cc:284]   | group="" sCount=0 dsCount=0 obj=0x0 self=0xf6906400
11-08 13:47:25.222  1526  1526 F dex2oat : art/runtime/runtime.cc:284]   | sysTid=1526 nice=0 cgrp=apps/bg_non_interactive sched=0/0 handle=0xf7784160
11-08 13:47:25.222  1526  1526 F dex2oat : art/runtime/runtime.cc:284]   | state=R schedstat=( 0 0 0 ) utm=1 stm=0 core=0 HZ=100
11-08 13:47:25.222  1526  1526 F dex2oat : art/runtime/runtime.cc:284]   | stack=0xff49c000-0xff49e000 stackSize=8MB
11-08 13:47:25.222  1526  1526 F dex2oat : art/runtime/runtime.cc:284]   | held mutexes= "abort lock" "mutator lock"(shared held)
11-08 13:47:25.223  1526  1526 F dex2oat : art/runtime/runtime.cc:284]   native: #00 pc 00005ac3  /system/lib/libbacktrace_libc++.so (UnwindCurrent::Unwind(unsigned int, ucontext*)+83)
11-08 13:47:25.223  1526  1526 F dex2oat : art/runtime/runtime.cc:284]   native: #01 pc 00002e91  /system/lib/libbacktrace_libc++.so (Backtrace::Unwind(unsigned int, ucontext*)+33)
11-08 13:47:25.223  1526  1526 F dex2oat : art/runtime/runtime.cc:284]   native: #02 pc 003c3f0a  /system/lib/libart.so (art::DumpNativeStack(std::__1::basic_ostream<char, std::__1::char_traits<char> >&, int, char const*, art::mirror::ArtMethod*)+138)
11-08 13:47:25.223  1526  1526 F dex2oat : art/runtime/runtime.cc:284]   native: #03 pc 0038e85c  /system/lib/libart.so (art::Thread::Dump(std::__1::basic_ostream<char, std::__1::char_traits<char> >&) const+284)
11-08 13:47:25.223  1526  1526 F dex2oat : art/runtime/runtime.cc:284]   native: #04 pc 0039a37e  /system/lib/libart.so (art::ThreadList::DumpLocked(std::__1::basic_ostream<char, std::__1::char_traits<char> >&)+478)
11-08 13:47:25.223  1526  1526 F dex2oat : art/runtime/runtime.cc:284]   native: #05 pc 00372f3c  /system/lib/libart.so (art::AbortState::Dump(std::__1::basic_ostream<char, std::__1::char_traits<char> >&)+508)
11-08 13:47:25.223  1526  1526 F dex2oat : art/runtime/runtime.cc:284]   native: #06 pc 0037353d  /system/lib/libart.so (art::Runtime::Abort()+125)
11-08 13:47:25.223  1526  1526 F dex2oat : art/runtime/runtime.cc:284]   native: #07 pc 000ec304  /system/lib/libart.so (art::LogMessage::~LogMessage()+1668)
11-08 13:47:25.223  1526  1526 F dex2oat : art/runtime/runtime.cc:284]   native: #08 pc 00377728  /system/lib/libart.so (art::Runtime::Init(std::__1::vector<std::__1::pair<std::__1::basic_string<char, std::__1::char_traits<char>, std::__1::allocator<char> >, void const*>, std::__1::allocator<std::__1::pair<std::__1::basic_string<char, std::__1::char_traits<char>, std::__1::allocator<char> >, void const*> > > const&, bool)+9976)
11-08 13:47:25.223  1526  1526 F dex2oat : art/runtime/runtime.cc:284]   native: #09 pc 00378728  /system/lib/libart.so (art::Runtime::Create(std::__1::vector<std::__1::pair<std::__1::basic_string<char, std::__1::char_traits<char>, std::__1::allocator<char> >, void const*>, std::__1::allocator<std::__1::pair<std::__1::basic_string<char, std::__1::char_traits<char>, std::__1::allocator<char> >, void const*> > > const&, bool)+104)
11-08 13:47:25.223  1526  1526 F dex2oat : art/runtime/runtime.cc:284]   native: #10 pc 000112b5  /system/bin/dex2oat (???)
11-08 13:47:25.223  1526  1526 F dex2oat : art/runtime/runtime.cc:284]   native: #11 pc 00016913  /system/bin/dex2oat (???)
11-08 13:47:25.223  1526  1526 F dex2oat : art/runtime/runtime.cc:284]   native: #12 pc 00008d30  /system/bin/dex2oat (???)
11-08 13:47:25.223  1526  1526 F dex2oat : art/runtime/runtime.cc:284]   native: #13 pc 00012a34  /system/lib/libc.so (__libc_init+100)
11-08 13:47:25.223  1526  1526 F dex2oat : art/runtime/runtime.cc:284]   native: #14 pc 00008dd3  /system/bin/dex2oat (???)
11-08 13:47:25.223  1526  1526 F dex2oat : art/runtime/runtime.cc:284]   native: #15 pc 0000000a  ???
11-08 13:47:25.223  1526  1526 F dex2oat : art/runtime/runtime.cc:284]   (no managed stack frames)
11-08 13:47:25.223  1526  1526 F dex2oat : art/runtime/runtime.cc:284] 
11-08 13:47:25.223  1526  1526 F dex2oat : art/runtime/runtime.cc:284] 
--------- beginning of crash
11-08 13:47:25.223  1526  1526 F libc    : Fatal signal 6 (SIGABRT), code -6 in tid 1526 (main)
11-08 13:47:25.327  1131  1131 I DEBUG   : *** *** *** *** *** *** *** *** *** *** *** *** *** *** *** ***
11-08 13:47:25.327  1131  1131 I DEBUG   : Build fingerprint: 'generic_x86_64/sdk_phone_x86_64/generic_x86_64:5.0.2/LSY66K/4174711:eng/test-keys'
11-08 13:47:25.327  1131  1131 I DEBUG   : Revision: '0'
11-08 13:47:25.327  1131  1131 I DEBUG   : ABI: 'x86'
11-08 13:47:25.327  1131  1131 I DEBUG   : pid: 1526, tid: 1526, name: main  >>> /system/bin/dex2oat <<<
11-08 13:47:25.327  1131  1131 I DEBUG   : signal 6 (SIGABRT), code -6 (SI_TKILL), fault addr --------
11-08 13:47:25.329  1131  1131 I DEBUG   : Abort message: 'art/runtime/runtime.cc:820] Check failed: options->boot_class_path_ != nullptr '
11-08 13:47:25.329  1131  1131 I DEBUG   :     eax 00000000  ebx 000005f6  ecx 000005f6  edx 00000006
11-08 13:47:25.329  1131  1131 I DEBUG   :     esi f7783f08  edi 00000002
11-08 13:47:25.329  1131  1131 I DEBUG   :     xcs 00000023  xds 0000002b  xes 0000002b  xfs 00000007  xss 0000002b
11-08 13:47:25.330  1131  1131 I DEBUG   :     eip f76ef9f6  ebp 000005f6  esp ffc992b0  flags 00000286
11-08 13:47:25.330  1131  1131 I DEBUG   : 
11-08 13:47:25.330  1131  1131 I DEBUG   : backtrace:
11-08 13:47:25.330  1131  1131 I DEBUG   :     #00 pc 000739f6  /system/lib/libc.so (tgkill+22)
11-08 13:47:25.330  1131  1131 I DEBUG   :     #01 pc 00021b1b  /system/lib/libc.so (pthread_kill+155)
11-08 13:47:25.330  1131  1131 I DEBUG   :     #02 pc 00023394  /system/lib/libc.so (raise+36)
11-08 13:47:25.330  1131  1131 I DEBUG   :     #03 pc 0001b874  /system/lib/libc.so (abort+84)
11-08 13:47:25.330  1131  1131 I DEBUG   :     #04 pc 003735e6  /system/lib/libart.so (art::Runtime::Abort()+294)
11-08 13:47:25.330  1131  1131 I DEBUG   :     #05 pc 000ec304  /system/lib/libart.so (art::LogMessage::~LogMessage()+1668)
11-08 13:47:25.330  1131  1131 I DEBUG   :     #06 pc 00377728  /system/lib/libart.so (art::Runtime::Init(std::__1::vector<std::__1::pair<std::__1::basic_string<char, std::__1::char_traits<char>, std::__1::allocator<char> >, void const*>, std::__1::allocator<std::__1::pair<std::__1::basic_string<char, std::__1::char_traits<char>, std::__1::allocator<char> >, void const*> > > const&, bool)+9976)
11-08 13:47:25.330  1131  1131 I DEBUG   :     #07 pc 00378728  /system/lib/libart.so (art::Runtime::Create(std::__1::vector<std::__1::pair<std::__1::basic_string<char, std::__1::char_traits<char>, std::__1::allocator<char> >, void const*>, std::__1::allocator<std::__1::pair<std::__1::basic_string<char, std::__1::char_traits<char>, std::__1::allocator<char> >, void const*> > > const&, bool)+104)
11-08 13:47:25.330  1131  1131 I DEBUG   :     #08 pc 000112b5  /system/bin/dex2oat
11-08 13:47:25.330  1131  1131 I DEBUG   :     #09 pc 00016913  /system/bin/dex2oat
11-08 13:47:25.330  1131  1131 I DEBUG   :     #10 pc 00008d30  /system/bin/dex2oat
11-08 13:47:25.330  1131  1131 I DEBUG   :     #11 pc 00012a34  /system/lib/libc.so (__libc_init+100)
11-08 13:47:25.330  1131  1131 I DEBUG   :     #12 pc 00008dd3  /system/bin/dex2oat
11-08 13:47:25.330  1131  1131 I DEBUG   :     #13 pc 0000000a  <unknown>
11-08 13:47:25.343  1131  1131 I DEBUG   : 
11-08 13:47:25.343  1131  1131 I DEBUG   : Tombstone written to: /data/tombstones/tombstone_00
11-08 13:47:25.344  1136  1136 E installd: DexInv: --- END '/system/framework/services.jar' --- status=0x0006, process failed
11-08 13:47:25.345  1512  1512 I art     : DexFile_isDexOptNeeded failed to open oat file '/data/dalvik-cache/x86_64/system@framework@ethernet-service.jar@classes.dex' for file location '/system/framework/ethernet-service.jar': Failed to open oat filename for reading: No such file or directory
11-08 13:47:25.348  1512  1512 I art     : DexFile_isDexOptNeeded file /system/framework/x86_64/ethernet-service.odex is out of date for /system/framework/ethernet-service.jar
11-08 13:47:25.354  1532  1532 E cutils-trace: Error opening trace file: Permission denied (13)
11-08 13:47:25.354  1532  1532 I dex2oat : /system/bin/dex2oat --zip-fd=5 --zip-location=/system/framework/ethernet-service.jar --oat-fd=6 --oat-location=/data/dalvik-cache/x86_64/system@framework@ethernet-service.jar@classes.dex --instruction-set=x86_64 --instruction-set-features=default --runtime-arg -Xms64m --runtime-arg -Xmx512m
11-08 13:47:25.355  1532  1532 W dex2oat : Unable to open /data/dalvik-cache/. to delete it's contents: Permission denied
11-08 13:47:25.355  1532  1532 W dex2oat : Unable to open /data/dalvik-cache/x86_64 to delete it's contents: Permission denied
11-08 13:47:25.355  1532  1532 W dex2oat : Could not create image space with image file '/system/framework/boot.art'. Attempting to fall back to imageless running. Error was: Unable to relocate image '/system/framework/boot.art' from '/system/framework/x86_64/boot.art' to '/data/dalvik-cache/x86_64/system@framework@boot.art': Only the zygote can create the global boot image.
11-08 13:47:25.355  1532  1532 F libc    : Fatal signal 11 (SIGSEGV), code 1, fault addr 0x73797333 in tid 1532 (main)
11-08 13:47:25.458  1131  1131 I DEBUG   : *** *** *** *** *** *** *** *** *** *** *** *** *** *** *** ***
11-08 13:47:25.458  1131  1131 I DEBUG   : Build fingerprint: 'generic_x86_64/sdk_phone_x86_64/generic_x86_64:5.0.2/LSY66K/4174711:eng/test-keys'
11-08 13:47:25.458  1131  1131 I DEBUG   : Revision: '0'
11-08 13:47:25.458  1131  1131 I DEBUG   : ABI: 'x86'
11-08 13:47:25.458  1131  1131 I DEBUG   : pid: 1532, tid: 1532, name: main  >>> /system/bin/dex2oat <<<
11-08 13:47:25.458  1131  1131 I DEBUG   : signal 11 (SIGSEGV), code 1 (SEGV_MAPERR), fault addr 0x73797333
11-08 13:47:25.459  1131  1131 I DEBUG   :     eax ffb41b40  ebx f7643a98  ecx 00000000  edx 7379732f
11-08 13:47:25.459  1131  1131 I DEBUG   :     esi f6977300  edi f6953300
11-08 13:47:25.459  1131  1131 I DEBUG   :     xcs 00000023  xds 0000002b  xes 0000002b  xfs 00000007  xss 0000002b
11-08 13:47:25.459  1131  1131 I DEBUG   :     eip f74af83d  ebp ffb41788  esp ffb41590  flags 00010202
11-08 13:47:25.459  1131  1131 I DEBUG   : 
11-08 13:47:25.459  1131  1131 I DEBUG   : backtrace:
11-08 13:47:25.459  1131  1131 I DEBUG   :     #00 pc 0037583d  /system/lib/libart.so (art::Runtime::Init(std::__1::vector<std::__1::pair<std::__1::basic_string<char, std::__1::char_traits<char>, std::__1::allocator<char> >, void const*>, std::__1::allocator<std::__1::pair<std::__1::basic_string<char, std::__1::char_traits<char>, std::__1::allocator<char> >, void const*> > > const&, bool)+2061)
11-08 13:47:25.459  1131  1131 I DEBUG   :     #01 pc 00378728  /system/lib/libart.so (art::Runtime::Create(std::__1::vector<std::__1::pair<std::__1::basic_string<char, std::__1::char_traits<char>, std::__1::allocator<char> >, void const*>, std::__1::allocator<std::__1::pair<std::__1::basic_string<char, std::__1::char_traits<char>, std::__1::allocator<char> >, void const*> > > const&, bool)+104)
11-08 13:47:25.459  1131  1131 I DEBUG   :     #02 pc 000112b5  /system/bin/dex2oat
11-08 13:47:25.459  1131  1131 I DEBUG   :     #03 pc 00016913  /system/bin/dex2oat
11-08 13:47:25.459  1131  1131 I DEBUG   :     #04 pc 00008d30  /system/bin/dex2oat
11-08 13:47:25.459  1131  1131 I DEBUG   :     #05 pc 00012a34  /system/lib/libc.so (__libc_init+100)
11-08 13:47:25.459  1131  1131 I DEBUG   :     #06 pc 00008dd3  /system/bin/dex2oat
11-08 13:47:25.459  1131  1131 I DEBUG   :     #07 pc 0000000a  <unknown>
11-08 13:47:25.465  1131  1131 I DEBUG   : 
11-08 13:47:25.465  1131  1131 I DEBUG   : Tombstone written to: /data/tombstones/tombstone_01
11-08 13:47:25.469  1136  1136 E installd: DexInv: --- END '/system/framework/ethernet-service.jar' --- status=0x000b, process failed
11-08 13:47:25.470  1512  1512 I art     : DexFile_isDexOptNeeded failed to open oat file '/data/dalvik-cache/x86_64/system@framework@wifi-service.jar@classes.dex' for file location '/system/framework/wifi-service.jar': Failed to open oat filename for reading: No such file or directory
11-08 13:47:25.471  1512  1512 I art     : DexFile_isDexOptNeeded file /system/framework/x86_64/wifi-service.odex is out of date for /system/framework/wifi-service.jar
11-08 13:47:25.477  1538  1538 E cutils-trace: Error opening trace file: Permission denied (13)
11-08 13:47:25.477  1538  1538 I dex2oat : /system/bin/dex2oat --zip-fd=5 --zip-location=/system/framework/wifi-service.jar --oat-fd=6 --oat-location=/data/dalvik-cache/x86_64/system@framework@wifi-service.jar@classes.dex --instruction-set=x86_64 --instruction-set-features=default --runtime-arg -Xms64m --runtime-arg -Xmx512m
11-08 13:47:25.477  1538  1538 W dex2oat : Unable to open /data/dalvik-cache/. to delete it's contents: Permission denied
11-08 13:47:25.477  1538  1538 W dex2oat : Unable to open /data/dalvik-cache/x86_64 to delete it's contents: Permission denied
11-08 13:47:25.477  1538  1538 W dex2oat : Could not create image space with image file '/system/framework/boot.art'. Attempting to fall back to imageless running. Error was: Unable to relocate image '/system/framework/boot.art' from '/system/framework/x86_64/boot.art' to '/data/dalvik-cache/x86_64/system@framework@boot.art': Only the zygote can create the global boot image.
11-08 13:47:25.478  1538  1538 F libc    : Fatal signal 11 (SIGSEGV), code 1, fault addr 0x73797333 in tid 1538 (main)
11-08 13:47:25.581  1131  1131 I DEBUG   : *** *** *** *** *** *** *** *** *** *** *** *** *** *** *** ***
11-08 13:47:25.581  1131  1131 I DEBUG   : Build fingerprint: 'generic_x86_64/sdk_phone_x86_64/generic_x86_64:5.0.2/LSY66K/4174711:eng/test-keys'
11-08 13:47:25.581  1131  1131 I DEBUG   : Revision: '0'
11-08 13:47:25.581  1131  1131 I DEBUG   : ABI: 'x86'
11-08 13:47:25.581  1131  1131 I DEBUG   : pid: 1538, tid: 1538, name: main  >>> /system/bin/dex2oat <<<
11-08 13:47:25.581  1131  1131 I DEBUG   : signal 11 (SIGSEGV), code 1 (SEGV_MAPERR), fault addr 0x73797333
11-08 13:47:25.582  1131  1131 I DEBUG   :     eax ffc307c0  ebx f75eda98  ecx 00000000  edx 7379732f
11-08 13:47:25.582  1131  1131 I DEBUG   :     esi f6877300  edi f6853300
11-08 13:47:25.582  1131  1131 I DEBUG   :     xcs 00000023  xds 0000002b  xes 0000002b  xfs 00000007  xss 0000002b
11-08 13:47:25.582  1131  1131 I DEBUG   :     eip f745983d  ebp ffc30408  esp ffc30210  flags 00010202
11-08 13:47:25.582  1131  1131 I DEBUG   : 
11-08 13:47:25.582  1131  1131 I DEBUG   : backtrace:
11-08 13:47:25.582  1131  1131 I DEBUG   :     #00 pc 0037583d  /system/lib/libart.so (art::Runtime::Init(std::__1::vector<std::__1::pair<std::__1::basic_string<char, std::__1::char_traits<char>, std::__1::allocator<char> >, void const*>, std::__1::allocator<std::__1::pair<std::__1::basic_string<char, std::__1::char_traits<char>, std::__1::allocator<char> >, void const*> > > const&, bool)+2061)
11-08 13:47:25.582  1131  1131 I DEBUG   :     #01 pc 00378728  /system/lib/libart.so (art::Runtime::Create(std::__1::vector<std::__1::pair<std::__1::basic_string<char, std::__1::char_traits<char>, std::__1::allocator<char> >, void const*>, std::__1::allocator<std::__1::pair<std::__1::basic_string<char, std::__1::char_traits<char>, std::__1::allocator<char> >, void const*> > > const&, bool)+104)
11-08 13:47:25.582  1131  1131 I DEBUG   :     #02 pc 000112b5  /system/bin/dex2oat
11-08 13:47:25.582  1131  1131 I DEBUG   :     #03 pc 00016913  /system/bin/dex2oat
11-08 13:47:25.582  1131  1131 I DEBUG   :     #04 pc 00008d30  /system/bin/dex2oat
11-08 13:47:25.583  1131  1131 I DEBUG   :     #05 pc 00012a34  /system/lib/libc.so (__libc_init+100)
11-08 13:47:25.583  1131  1131 I DEBUG   :     #06 pc 00008dd3  /system/bin/dex2oat
11-08 13:47:25.583  1131  1131 I DEBUG   :     #07 pc 0000000a  <unknown>
11-08 13:47:25.588  1131  1131 I DEBUG   : 
11-08 13:47:25.588  1131  1131 I DEBUG   : Tombstone written to: /data/tombstones/tombstone_02
11-08 13:47:25.592  1136  1136 E installd: DexInv: --- END '/system/framework/wifi-service.jar' --- status=0x000b, process failed
11-08 13:47:25.592  1512  1512 I InstallerConnection: disconnecting...
11-08 13:47:25.592  1136  1136 E installd: eof
11-08 13:47:25.592  1136  1136 E installd: failed to read size
11-08 13:47:25.592  1136  1136 I installd: closing connection
11-08 13:47:25.620  1512  1512 I SystemServer: Entered the Android system server!
11-08 13:47:25.648  1512  1512 V Fingerprint-JNI: FingerprintManager JNI ready.
11-08 13:47:25.648  1512  1512 D SensorService: nuSensorService starting...
11-08 13:47:25.651  1512  1546 D SensorService: nuSensorService thread starting...
11-08 13:47:25.654  1512  1547 D SensorService: new thread SensorEventAckReceiver
11-08 13:47:25.655  1512  1512 I SystemServiceManager: Starting com.android.server.pm.Installer
11-08 13:47:25.656  1512  1512 I Installer: Waiting for installd to be ready.
11-08 13:47:25.656  1512  1512 I InstallerConnection: connecting...
11-08 13:47:25.656  1136  1136 I installd: new connection
11-08 13:47:25.657  1512  1512 I SystemServiceManager: Starting com.android.server.am.ActivityManagerService$Lifecycle
11-08 13:47:25.676  1512  1512 I ActivityManager: Memory class: 128
11-08 13:47:25.677  1512  1549 I ServiceThread: Enabled StrictMode logging for ActivityManager looper.
11-08 13:47:25.680  1512  1512 W BatteryStatsImpl: Couldn't get kernel wake lock stats
11-08 13:47:25.686  1512  1512 I AppOps  : No existing app ops /data/system/appops.xml; starting empty
11-08 13:47:25.703  1512  1512 I IntentFirewall: Read new rules (A:0 B:0 S:0)
11-08 13:47:25.710  1512  1552 I ServiceThread: Enabled StrictMode logging for android.ui looper.
11-08 13:47:25.712  1512  1554 I ServiceThread: Enabled StrictMode logging for android.display looper.
11-08 13:47:25.715  1512  1512 D AppOps  : AppOpsService published
11-08 13:47:25.716  1512  1512 I SystemServiceManager: Starting com.android.server.power.PowerManagerService
11-08 13:47:25.717  1512  1556 I ServiceThread: Enabled StrictMode logging for PowerManagerService looper.
11-08 13:47:25.718  1512  1512 E PowerManagerService-JNI: Couldn't load power module (No such file or directory)
11-08 13:47:25.718  1512  1512 W libsuspend: Error writing 'on' to /sys/power/state: Invalid argument
11-08 13:47:25.718  1512  1512 I libsuspend: Selected wakeup count
11-08 13:47:25.720  1512  1512 I SystemServiceManager: Starting com.android.server.display.DisplayManagerService
11-08 13:47:25.724  1512  1512 I SystemServiceManager: Starting phase 100
11-08 13:47:25.724  1125  1212 E SurfaceFlinger: ro.sf.lcd_density must be defined as a build property
11-08 13:47:25.728  1512  1554 I DisplayManagerService: Display device added: DisplayDeviceInfo{"Built-in Screen": 320 x 480, 60.000004 fps, supportedRefreshRates [60.000004], density 160, 160.0 x 160.0 dpi, appVsyncOff 0, presDeadline 17666666, touch INTERNAL, rotation 0, type BUILT_IN, state UNKNOWN, FLAG_DEFAULT_DISPLAY, FLAG_ROTATES_WITH_CONTENT, FLAG_SECURE, FLAG_SUPPORTS_PROTECTED_BUFFERS}
11-08 13:47:25.728  1512  1512 I SystemServer: Package Manager
11-08 13:47:25.734  1512  1512 W SELinuxMMAC: Error opening /data/system/seapp_hash. Assuming first boot.
11-08 13:47:25.736  1512  1512 W FileUtils: Failed to chmod(/data/system/packages.list): android.system.ErrnoException: chmod failed: ENOENT (No such file or directory)
11-08 13:47:25.737  1512  1512 W SystemConfig: No directory /system/etc/sysconfig, skipping
11-08 13:47:25.777  1512  1512 D SELinuxMMAC: Using policy file /system/etc/security/mac_permissions.xml
11-08 13:47:25.779  1512  1512 I PackageManager: No settings file; creating initial state
11-08 13:47:25.781  1512  1512 I art     : DexFile_isDexOptNeeded failed to open oat file '/data/dalvik-cache/x86_64/system@framework@android.test.runner.jar@classes.dex' for file location '/system/framework/android.test.runner.jar': Failed to open oat filename for reading: No such file or directory
11-08 13:47:25.783  1512  1512 I art     : DexFile_isDexOptNeeded file /system/framework/x86_64/android.test.runner.odex is out of date for /system/framework/android.test.runner.jar
11-08 13:47:25.790  1560  1560 E cutils-trace: Error opening trace file: Permission denied (13)
11-08 13:47:25.790  1560  1560 I dex2oat : /system/bin/dex2oat --zip-fd=5 --zip-location=/system/framework/android.test.runner.jar --oat-fd=6 --oat-location=/data/dalvik-cache/x86_64/system@framework@android.test.runner.jar@classes.dex --instruction-set=x86_64 --instruction-set-features=default --runtime-arg -Xms64m --runtime-arg -Xmx512m
11-08 13:47:25.790  1560  1560 W dex2oat : Unable to open /data/dalvik-cache/. to delete it's contents: Permission denied
11-08 13:47:25.790  1560  1560 W dex2oat : Unable to open /data/dalvik-cache/x86_64 to delete it's contents: Permission denied
11-08 13:47:25.791  1560  1560 W dex2oat : Could not create image space with image file '/system/framework/boot.art'. Attempting to fall back to imageless running. Error was: Unable to relocate image '/system/framework/boot.art' from '/system/framework/x86_64/boot.art' to '/data/dalvik-cache/x86_64/system@framework@boot.art': Only the zygote can create the global boot image.
11-08 13:47:25.791  1560  1560 F libc    : Fatal signal 11 (SIGSEGV), code 1, fault addr 0x73797333 in tid 1560 (main)
11-08 13:47:25.893  1131  1131 I DEBUG   : *** *** *** *** *** *** *** *** *** *** *** *** *** *** *** ***
11-08 13:47:25.893  1131  1131 I DEBUG   : Build fingerprint: 'generic_x86_64/sdk_phone_x86_64/generic_x86_64:5.0.2/LSY66K/4174711:eng/test-keys'
11-08 13:47:25.893  1131  1131 I DEBUG   : Revision: '0'
11-08 13:47:25.893  1131  1131 I DEBUG   : ABI: 'x86'
11-08 13:47:25.893  1131  1131 I DEBUG   : pid: 1560, tid: 1560, name: main  >>> /system/bin/dex2oat <<<
11-08 13:47:25.893  1131  1131 I DEBUG   : signal 11 (SIGSEGV), code 1 (SEGV_MAPERR), fault addr 0x73797333
11-08 13:47:25.894  1131  1131 I DEBUG   :     eax ffe66510  ebx f7610a98  ecx 00000000  edx 7379732f
11-08 13:47:25.894  1131  1131 I DEBUG   :     esi f6977300  edi f6953300
11-08 13:47:25.894  1131  1131 I DEBUG   :     xcs 00000023  xds 0000002b  xes 0000002b  xfs 00000007  xss 0000002b
11-08 13:47:25.894  1131  1131 I DEBUG   :     eip f747c83d  ebp ffe66158  esp ffe65f60  flags 00010202
11-08 13:47:25.894  1131  1131 I DEBUG   : 
11-08 13:47:25.894  1131  1131 I DEBUG   : backtrace:
11-08 13:47:25.894  1131  1131 I DEBUG   :     #00 pc 0037583d  /system/lib/libart.so (art::Runtime::Init(std::__1::vector<std::__1::pair<std::__1::basic_string<char, std::__1::char_traits<char>, std::__1::allocator<char> >, void const*>, std::__1::allocator<std::__1::pair<std::__1::basic_string<char, std::__1::char_traits<char>, std::__1::allocator<char> >, void const*> > > const&, bool)+2061)
11-08 13:47:25.894  1131  1131 I DEBUG   :     #01 pc 00378728  /system/lib/libart.so (art::Runtime::Create(std::__1::vector<std::__1::pair<std::__1::basic_string<char, std::__1::char_traits<char>, std::__1::allocator<char> >, void const*>, std::__1::allocator<std::__1::pair<std::__1::basic_string<char, std::__1::char_traits<char>, std::__1::allocator<char> >, void const*> > > const&, bool)+104)
11-08 13:47:25.895  1131  1131 I DEBUG   :     #02 pc 000112b5  /system/bin/dex2oat
11-08 13:47:25.895  1131  1131 I DEBUG   :     #03 pc 00016913  /system/bin/dex2oat
11-08 13:47:25.895  1131  1131 I DEBUG   :     #04 pc 00008d30  /system/bin/dex2oat
11-08 13:47:25.895  1131  1131 I DEBUG   :     #05 pc 00012a34  /system/lib/libc.so (__libc_init+100)
11-08 13:47:25.895  1131  1131 I DEBUG   :     #06 pc 00008dd3  /system/bin/dex2oat
11-08 13:47:25.895  1131  1131 I DEBUG   :     #07 pc 0000000a  <unknown>
11-08 13:47:25.900  1131  1131 I DEBUG   : 
11-08 13:47:25.900  1131  1131 I DEBUG   : Tombstone written to: /data/tombstones/tombstone_03
11-08 13:47:25.904  1136  1136 E installd: DexInv: --- END '/system/framework/android.test.runner.jar' --- status=0x000b, process failed
11-08 13:47:25.904  1512  1512 I art     : DexFile_isDexOptNeeded failed to open oat file '/data/dalvik-cache/x86_64/system@framework@com.android.future.usb.accessory.jar@classes.dex' for file location '/system/framework/com.android.future.usb.accessory.jar': Failed to open oat filename for reading: No such file or directory
11-08 13:47:25.906  1512  1512 I art     : DexFile_isDexOptNeeded file /system/framework/x86_64/com.android.future.usb.accessory.odex is out of date for /system/framework/com.android.future.usb.accessory.jar
11-08 13:47:25.913  1566  1566 E cutils-trace: Error opening trace file: Permission denied (13)
11-08 13:47:25.913  1566  1566 I dex2oat : /system/bin/dex2oat --zip-fd=5 --zip-location=/system/framework/com.android.future.usb.accessory.jar --oat-fd=6 --oat-location=/data/dalvik-cache/x86_64/system@framework@com.android.future.usb.accessory.jar@classes.dex --instruction-set=x86_64 --instruction-set-features=default --runtime-arg -Xms64m --runtime-arg -Xmx512m
11-08 13:47:25.914  1566  1566 W dex2oat : Unable to open /data/dalvik-cache/. to delete it's contents: Permission denied
11-08 13:47:25.914  1566  1566 W dex2oat : Unable to open /data/dalvik-cache/x86_64 to delete it's contents: Permission denied
11-08 13:47:25.914  1566  1566 W dex2oat : Could not create image space with image file '/system/framework/boot.art'. Attempting to fall back to imageless running. Error was: Unable to relocate image '/system/framework/boot.art' from '/system/framework/x86_64/boot.art' to '/data/dalvik-cache/x86_64/system@framework@boot.art': Only the zygote can create the global boot image.
11-08 13:47:25.915  1566  1566 F libc    : Fatal signal 11 (SIGSEGV), code 1, fault addr 0x73797333 in tid 1566 (main)
11-08 13:47:26.017  1131  1131 I DEBUG   : *** *** *** *** *** *** *** *** *** *** *** *** *** *** *** ***
11-08 13:47:26.017  1131  1131 I DEBUG   : Build fingerprint: 'generic_x86_64/sdk_phone_x86_64/generic_x86_64:5.0.2/LSY66K/4174711:eng/test-keys'
11-08 13:47:26.017  1131  1131 I DEBUG   : Revision: '0'
11-08 13:47:26.018  1131  1131 I DEBUG   : ABI: 'x86'
11-08 13:47:26.018  1131  1131 I DEBUG   : pid: 1566, tid: 1566, name: main  >>> /system/bin/dex2oat <<<
11-08 13:47:26.018  1131  1131 I DEBUG   : signal 11 (SIGSEGV), code 1 (SEGV_MAPERR), fault addr 0x73797333
11-08 13:47:26.019  1131  1131 I DEBUG   :     eax ffdf81b0  ebx f762fa98  ecx 00000000  edx 7379732f
11-08 13:47:26.019  1131  1131 I DEBUG   :     esi f697e300  edi f6978180
11-08 13:47:26.019  1131  1131 I DEBUG   :     xcs 00000023  xds 0000002b  xes 0000002b  xfs 00000007  xss 0000002b
11-08 13:47:26.019  1131  1131 I DEBUG   :     eip f749b83d  ebp ffdf7df8  esp ffdf7c00  flags 00010202
11-08 13:47:26.019  1131  1131 I DEBUG   : 
11-08 13:47:26.019  1131  1131 I DEBUG   : backtrace:
11-08 13:47:26.019  1131  1131 I DEBUG   :     #00 pc 0037583d  /system/lib/libart.so (art::Runtime::Init(std::__1::vector<std::__1::pair<std::__1::basic_string<char, std::__1::char_traits<char>, std::__1::allocator<char> >, void const*>, std::__1::allocator<std::__1::pair<std::__1::basic_string<char, std::__1::char_traits<char>, std::__1::allocator<char> >, void const*> > > const&, bool)+2061)
11-08 13:47:26.019  1131  1131 I DEBUG   :     #01 pc 00378728  /system/lib/libart.so (art::Runtime::Create(std::__1::vector<std::__1::pair<std::__1::basic_string<char, std::__1::char_traits<char>, std::__1::allocator<char> >, void const*>, std::__1::allocator<std::__1::pair<std::__1::basic_string<char, std::__1::char_traits<char>, std::__1::allocator<char> >, void const*> > > const&, bool)+104)
11-08 13:47:26.019  1131  1131 I DEBUG   :     #02 pc 000112b5  /system/bin/dex2oat
11-08 13:47:26.019  1131  1131 I DEBUG   :     #03 pc 00016913  /system/bin/dex2oat
11-08 13:47:26.019  1131  1131 I DEBUG   :     #04 pc 00008d30  /system/bin/dex2oat
11-08 13:47:26.019  1131  1131 I DEBUG   :     #05 pc 00012a34  /system/lib/libc.so (__libc_init+100)
11-08 13:47:26.019  1131  1131 I DEBUG   :     #06 pc 00008dd3  /system/bin/dex2oat
11-08 13:47:26.020  1131  1131 I DEBUG   :     #07 pc 0000000a  <unknown>
11-08 13:47:26.027  1131  1131 I DEBUG   : 
11-08 13:47:26.027  1131  1131 I DEBUG   : Tombstone written to: /data/tombstones/tombstone_04
11-08 13:47:26.032  1136  1136 E installd: DexInv: --- END '/system/framework/com.android.future.usb.accessory.jar' --- status=0x000b, process failed
11-08 13:47:26.032  1512  1512 I art     : DexFile_isDexOptNeeded failed to open oat file '/data/dalvik-cache/x86_64/system@framework@com.android.media.remotedisplay.jar@classes.dex' for file location '/system/framework/com.android.media.remotedisplay.jar': Failed to open oat filename for reading: No such file or directory
11-08 13:47:26.034  1512  1512 I art     : DexFile_isDexOptNeeded file /system/framework/x86_64/com.android.media.remotedisplay.odex is out of date for /system/framework/com.android.media.remotedisplay.jar
11-08 13:47:26.041  1572  1572 E cutils-trace: Error opening trace file: Permission denied (13)
11-08 13:47:26.041  1572  1572 I dex2oat : /system/bin/dex2oat --zip-fd=5 --zip-location=/system/framework/com.android.media.remotedisplay.jar --oat-fd=6 --oat-location=/data/dalvik-cache/x86_64/system@framework@com.android.media.remotedisplay.jar@classes.dex --instruction-set=x86_64 --instruction-set-features=default --runtime-arg -Xms64m --runtime-arg -Xmx512m
11-08 13:47:26.041  1572  1572 W dex2oat : Unable to open /data/dalvik-cache/. to delete it's contents: Permission denied
11-08 13:47:26.041  1572  1572 W dex2oat : Unable to open /data/dalvik-cache/x86_64 to delete it's contents: Permission denied
11-08 13:47:26.041  1572  1572 W dex2oat : Could not create image space with image file '/system/framework/boot.art'. Attempting to fall back to imageless running. Error was: Unable to relocate image '/system/framework/boot.art' from '/system/framework/x86_64/boot.art' to '/data/dalvik-cache/x86_64/system@framework@boot.art': Only the zygote can create the global boot image.
11-08 13:47:26.042  1572  1572 F libc    : Fatal signal 11 (SIGSEGV), code 1, fault addr 0x73797333 in tid 1572 (main)
11-08 13:47:26.143  1131  1131 I DEBUG   : *** *** *** *** *** *** *** *** *** *** *** *** *** *** *** ***
11-08 13:47:26.143  1131  1131 I DEBUG   : Build fingerprint: 'generic_x86_64/sdk_phone_x86_64/generic_x86_64:5.0.2/LSY66K/4174711:eng/test-keys'
11-08 13:47:26.143  1131  1131 I DEBUG   : Revision: '0'
11-08 13:47:26.143  1131  1131 I DEBUG   : ABI: 'x86'
11-08 13:47:26.143  1131  1131 I DEBUG   : pid: 1572, tid: 1572, name: main  >>> /system/bin/dex2oat <<<
11-08 13:47:26.143  1131  1131 I DEBUG   : signal 11 (SIGSEGV), code 1 (SEGV_MAPERR), fault addr 0x73797333
11-08 13:47:26.144  1131  1131 I DEBUG   :     eax ffc163e0  ebx f769aa98  ecx 00000000  edx 7379732f
11-08 13:47:26.144  1131  1131 I DEBUG   :     esi f697e300  edi f6978180
11-08 13:47:26.144  1131  1131 I DEBUG   :     xcs 00000023  xds 0000002b  xes 0000002b  xfs 00000007  xss 0000002b
11-08 13:47:26.144  1131  1131 I DEBUG   :     eip f750683d  ebp ffc16028  esp ffc15e30  flags 00010202
11-08 13:47:26.144  1131  1131 I DEBUG   : 
11-08 13:47:26.144  1131  1131 I DEBUG   : backtrace:
11-08 13:47:26.144  1131  1131 I DEBUG   :     #00 pc 0037583d  /system/lib/libart.so (art::Runtime::Init(std::__1::vector<std::__1::pair<std::__1::basic_string<char, std::__1::char_traits<char>, std::__1::allocator<char> >, void const*>, std::__1::allocator<std::__1::pair<std::__1::basic_string<char, std::__1::char_traits<char>, std::__1::allocator<char> >, void const*> > > const&, bool)+2061)
11-08 13:47:26.144  1131  1131 I DEBUG   :     #01 pc 00378728  /system/lib/libart.so (art::Runtime::Create(std::__1::vector<std::__1::pair<std::__1::basic_string<char, std::__1::char_traits<char>, std::__1::allocator<char> >, void const*>, std::__1::allocator<std::__1::pair<std::__1::basic_string<char, std::__1::char_traits<char>, std::__1::allocator<char> >, void const*> > > const&, bool)+104)
11-08 13:47:26.144  1131  1131 I DEBUG   :     #02 pc 000112b5  /system/bin/dex2oat
11-08 13:47:26.144  1131  1131 I DEBUG   :     #03 pc 00016913  /system/bin/dex2oat
11-08 13:47:26.144  1131  1131 I DEBUG   :     #04 pc 00008d30  /system/bin/dex2oat
11-08 13:47:26.144  1131  1131 I DEBUG   :     #05 pc 00012a34  /system/lib/libc.so (__libc_init+100)
11-08 13:47:26.144  1131  1131 I DEBUG   :     #06 pc 00008dd3  /system/bin/dex2oat
11-08 13:47:26.144  1131  1131 I DEBUG   :     #07 pc 0000000a  <unknown>
11-08 13:47:26.151  1131  1131 I DEBUG   : 
11-08 13:47:26.151  1131  1131 I DEBUG   : Tombstone written to: /data/tombstones/tombstone_05
11-08 13:47:26.154  1136  1136 E installd: DexInv: --- END '/system/framework/com.android.media.remotedisplay.jar' --- status=0x000b, process failed
11-08 13:47:26.154  1512  1512 I art     : DexFile_isDexOptNeeded failed to open oat file '/data/dalvik-cache/x86_64/system@framework@com.android.location.provider.jar@classes.dex' for file location '/system/framework/com.android.location.provider.jar': Failed to open oat filename for reading: No such file or directory
11-08 13:47:26.155  1512  1512 I art     : DexFile_isDexOptNeeded file /system/framework/x86_64/com.android.location.provider.odex is out of date for /system/framework/com.android.location.provider.jar
11-08 13:47:26.162  1578  1578 E cutils-trace: Error opening trace file: Permission denied (13)
11-08 13:47:26.162  1578  1578 I dex2oat : /system/bin/dex2oat --zip-fd=5 --zip-location=/system/framework/com.android.location.provider.jar --oat-fd=6 --oat-location=/data/dalvik-cache/x86_64/system@framework@com.android.location.provider.jar@classes.dex --instruction-set=x86_64 --instruction-set-features=default --runtime-arg -Xms64m --runtime-arg -Xmx512m
11-08 13:47:26.162  1578  1578 W dex2oat : Unable to open /data/dalvik-cache/. to delete it's contents: Permission denied
11-08 13:47:26.162  1578  1578 W dex2oat : Unable to open /data/dalvik-cache/x86_64 to delete it's contents: Permission denied
11-08 13:47:26.162  1578  1578 W dex2oat : Could not create image space with image file '/system/framework/boot.art'. Attempting to fall back to imageless running. Error was: Unable to relocate image '/system/framework/boot.art' from '/system/framework/x86_64/boot.art' to '/data/dalvik-cache/x86_64/system@framework@boot.art': Only the zygote can create the global boot image.
11-08 13:47:26.163  1578  1578 F dex2oat : art/runtime/runtime.cc:820] Check failed: options->boot_class_path_ != nullptr 
11-08 13:47:26.165  1578  1578 F dex2oat : art/runtime/runtime.cc:284] Runtime aborting...
11-08 13:47:26.165  1578  1578 F dex2oat : art/runtime/runtime.cc:284] Aborting thread:
11-08 13:47:26.165  1578  1578 F dex2oat : art/runtime/runtime.cc:284] "main" prio=5 tid=1 Runnable (still starting up)
11-08 13:47:26.165  1578  1578 F dex2oat : art/runtime/runtime.cc:284]   | group="" sCount=0 dsCount=0 obj=0x0 self=0xf6906400
11-08 13:47:26.165  1578  1578 F dex2oat : art/runtime/runtime.cc:284]   | sysTid=1578 nice=0 cgrp=apps/bg_non_interactive sched=0/0 handle=0xf77a8160
11-08 13:47:26.165  1578  1578 F dex2oat : art/runtime/runtime.cc:284]   | state=R schedstat=( 0 0 0 ) utm=0 stm=0 core=1 HZ=100
11-08 13:47:26.165  1578  1578 F dex2oat : art/runtime/runtime.cc:284]   | stack=0xff7e0000-0xff7e2000 stackSize=8MB
11-08 13:47:26.165  1578  1578 F dex2oat : art/runtime/runtime.cc:284]   | held mutexes= "abort lock" "mutator lock"(shared held)
11-08 13:47:26.165  1578  1578 F dex2oat : art/runtime/runtime.cc:284]   native: #00 pc 00005ac3  /system/lib/libbacktrace_libc++.so (UnwindCurrent::Unwind(unsigned int, ucontext*)+83)
11-08 13:47:26.165  1578  1578 F dex2oat : art/runtime/runtime.cc:284]   native: #01 pc 00002e91  /system/lib/libbacktrace_libc++.so (Backtrace::Unwind(unsigned int, ucontext*)+33)
11-08 13:47:26.165  1578  1578 F dex2oat : art/runtime/runtime.cc:284]   native: #02 pc 003c3f0a  /system/lib/libart.so (art::DumpNativeStack(std::__1::basic_ostream<char, std::__1::char_traits<char> >&, int, char const*, art::mirror::ArtMethod*)+138)
11-08 13:47:26.165  1578  1578 F dex2oat : art/runtime/runtime.cc:284]   native: #03 pc 0038e85c  /system/lib/libart.so (art::Thread::Dump(std::__1::basic_ostream<char, std::__1::char_traits<char> >&) const+284)
11-08 13:47:26.165  1578  1578 F dex2oat : art/runtime/runtime.cc:284]   native: #04 pc 00372fc4  /system/lib/libart.so (art::AbortState::Dump(std::__1::basic_ostream<char, std::__1::char_traits<char> >&)+644)
11-08 13:47:26.165  1578  1578 F dex2oat : art/runtime/runtime.cc:284]   native: #05 pc 0037353d  /system/lib/libart.so (art::Runtime::Abort()+125)
11-08 13:47:26.165  1578  1578 F dex2oat : art/runtime/runtime.cc:284]   native: #06 pc 000ec304  /system/lib/libart.so (art::LogMessage::~LogMessage()+1668)
11-08 13:47:26.165  1578  1578 F dex2oat : art/runtime/runtime.cc:284]   native: #07 pc 00377728  /system/lib/libart.so (art::Runtime::Init(std::__1::vector<std::__1::pair<std::__1::basic_string<char, std::__1::char_traits<char>, std::__1::allocator<char> >, void const*>, std::__1::allocator<std::__1::pair<std::__1::basic_string<char, std::__1::char_traits<char>, std::__1::allocator<char> >, void const*> > > const&, bool)+9976)
11-08 13:47:26.165  1578  1578 F dex2oat : art/runtime/runtime.cc:284]   native: #08 pc 00378728  /system/lib/libart.so (art::Runtime::Create(std::__1::vector<std::__1::pair<std::__1::basic_string<char, std::__1::char_traits<char>, std::__1::allocator<char> >, void const*>, std::__1::allocator<std::__1::pair<std::__1::basic_string<char, std::__1::char_traits<char>, std::__1::allocator<char> >, void const*> > > const&, bool)+104)
11-08 13:47:26.165  1578  1578 F dex2oat : art/runtime/runtime.cc:284]   native: #09 pc 000112b5  /system/bin/dex2oat (???)
11-08 13:47:26.165  1578  1578 F dex2oat : art/runtime/runtime.cc:284]   native: #10 pc 00016913  /system/bin/dex2oat (???)
11-08 13:47:26.165  1578  1578 F dex2oat : art/runtime/runtime.cc:284]   native: #11 pc 00008d30  /system/bin/dex2oat (???)
11-08 13:47:26.165  1578  1578 F dex2oat : art/runtime/runtime.cc:284]   native: #12 pc 00012a34  /system/lib/libc.so (__libc_init+100)
11-08 13:47:26.165  1578  1578 F dex2oat : art/runtime/runtime.cc:284]   native: #13 pc 00008dd3  /system/bin/dex2oat (???)
11-08 13:47:26.165  1578  1578 F dex2oat : art/runtime/runtime.cc:284]   native: #14 pc 0000000a  ???
11-08 13:47:26.165  1578  1578 F dex2oat : art/runtime/runtime.cc:284]   (no managed stack frames)
