--------- beginning of main
11-08 13:47:18.482     0  1136 I installd: installd firing up
11-08 13:47:15.680  1120  1120 W auditd  : type=2000 audit(0.0:1): initialized
11-08 13:47:18.482     0  1126 I qemu-props: connected to 'boot-properties' qemud service.
11-08 13:47:18.482     0  1136 E cutils  : Failed to read /data/.layout_version: No such file or directory
11-08 13:47:18.482     0  1126 I qemu-props: receiving..
11-08 13:47:18.482     0  1126 I qemu-props: received: ro.opengles.version=196609
11-08 13:47:18.482     0  1126 I qemu-props: receiving..
11-08 13:47:18.482     0  1126 I qemu-props: received: qemu.sf.fake_camera=back
11-08 13:47:18.482     0  1126 I qemu-props: receiving..
11-08 13:47:18.482     0  1126 I qemu-props: received: dalvik.vm.heapsize=128m
11-08 13:47:18.483     0  1126 I qemu-props: receiving..
11-08 13:47:18.483     0  1126 I qemu-props: received: qemu.hw.mainkeys=1
11-08 13:47:18.483     0  1126 I qemu-props: receiving..
11-08 13:47:18.483     0  1126 I qemu-props: received: qemu.sf.lcd_density=160
11-08 13:47:18.483     0  1126 I qemu-props: receiving..
11-08 13:47:18.483     0  1126 I qemu-props: exiting (5 properties set).
11-08 13:47:18.483     0  1136 D installd: Upgrading /data/media for multi-user
11-08 13:47:18.485     0  1136 D installd: Upgrading to shared /data/media/obb
11-08 13:47:18.485     0  1136 D installd: Upgrading to /data/misc/user directories
11-08 13:47:18.621     0  1130 I Netd    : Netd 1.0 starting
11-08 13:47:18.653     0  1131 I         : debuggerd: Jul 12 2017 19:50:42
11-08 13:47:18.692     0  1132 I         : debuggerd: Jul 12 2017 19:50:42
11-08 13:47:18.731  1125  1125 I SurfaceFlinger: SurfaceFlinger is starting
11-08 13:47:18.732  1125  1125 I SurfaceFlinger: SurfaceFlinger's main thread ready to run. Initializing graphics H/W...
11-08 13:47:18.733  1125  1125 E libEGL  : load_driver(/system/lib64/egl/libGLES_emulation.so): dlopen failed: library "/system/lib64/egl/libGLES_emulation.so" not found
11-08 13:47:18.751  1122  1122 I lowmemorykiller: No kernel memory.pressure_level support (errno=2)
11-08 13:47:18.751  1122  1122 E lowmemorykiller: Kernel does not support memory pressure events or in-kernel low memory killer
11-08 13:47:18.754  1125  1125 D libEGL  : loaded /system/lib64/egl/libEGL_emulation.so
--------- beginning of system
11-08 13:47:18.776  1124  1124 I Vold    : Vold 2.1 (the revenge) firing up
11-08 13:47:18.776  1124  1124 D Vold    : Volume sdcard state changing -1 (Initializing) -> 0 (No-Media)
11-08 13:47:18.785  1125  1125 D libEGL  : loaded /system/lib64/egl/libGLESv1_CM_emulation.so
11-08 13:47:18.800  1125  1125 D libEGL  : loaded /system/lib64/egl/libGLESv2_emulation.so
11-08 13:47:18.805  1125  1125 D         : HostConnection::get() New Host Connection established 0x7f0b1644e400, tid 1125
11-08 13:47:18.874  1125  1125 E SurfaceFlinger: hwcomposer module not found
11-08 13:47:18.877  1137  1137 I keystore: SELinux: Keystore SELinux is disabled.
11-08 13:47:18.878  1125  1125 W SurfaceFlinger: no suitable EGLConfig found, trying a simpler query
11-08 13:47:18.878  1125  1125 I SurfaceFlinger: EGL information:
11-08 13:47:18.878  1125  1125 I SurfaceFlinger: vendor    : Android
11-08 13:47:18.878  1125  1125 I SurfaceFlinger: version   : 1.4 Android META-EGL
11-08 13:47:18.878  1125  1125 I SurfaceFlinger: extensions: EGL_KHR_get_all_proc_addresses EGL_ANDROID_presentation_time EGL_KHR_image_base EGL_KHR_gl_texture_2D_image EGL_KHR_fence_sync EGL_KHR_create_context EGL_ANDROID_image_native_buffer EGL_ANDROID_recordable 
11-08 13:47:18.878  1125  1125 I SurfaceFlinger: Client API: OpenGL_ES
11-08 13:47:18.878  1125  1125 I SurfaceFlinger: EGLSurface: 8-8-8-8, config=0x2
11-08 13:47:18.892  1125  1125 D EGL_emulation: eglCreateContext: 0x7f0b164590c0: maj 3 min 1 rcv 4
11-08 13:47:18.895  1125  1125 D EGL_emulation: eglMakeCurrent: 0x7f0b164590c0: ver 3 1
11-08 13:47:18.904  1125  1125 E eglCodecCommon: glUtilsParamSize: unknow param 0x000082da
11-08 13:47:18.904  1125  1125 E eglCodecCommon: glUtilsParamSize: unknow param 0x00008cdf
11-08 13:47:18.904  1125  1125 E eglCodecCommon: glUtilsParamSize: unknow param 0x00008824
11-08 13:47:18.907  1135  1135 I mediaserver: ServiceManager: 0xf6216d40
11-08 13:47:18.907  1135  1135 I AudioFlinger: Using default 3000 mSec as standby time.
11-08 13:47:18.908  1125  1125 I SurfaceFlinger: OpenGL ES informations:
11-08 13:47:18.908  1125  1125 I SurfaceFlinger: vendor    : Google (Intel)
11-08 13:47:18.908  1125  1125 I SurfaceFlinger: renderer  : Android Emulator OpenGL ES Translator (Intel(R) HD Graphics 520)
11-08 13:47:18.908  1125  1125 I SurfaceFlinger: version   : OpenGL ES 3.1 (4.4.0 - Build 21.20.16.4627)
11-08 13:47:18.908  1125  1125 I SurfaceFlinger: extensions: GL_EXT_debug_marker GL_OES_EGL_image GL_OES_EGL_image_external GL_OES_depth24 GL_OES_depth32 GL_OES_element_index_uint GL_OES_texture_float GL_OES_texture_float_linear GL_OES_compressed_paletted_texture GL_OES_compressed_ETC1_RGB8_texture GL_OES_depth_texture GL_OES_texture_half_float GL_OES_texture_half_float_linear GL_OES_packed_depth_stencil GL_OES_vertex_half_float GL_OES_texture_npot GL_OES_rgb8_rgba8 GL_EXT_color_buffer_float ANDROID_EMU_CHECKSUM_HELPER_v1 ANDROID_EMU_dma_v1 ANDROID_EMU_gles_max_version_3_1 GL_OES_vertex_array_object 
11-08 13:47:18.908  1125  1125 I SurfaceFlinger: GL_MAX_TEXTURE_SIZE = 16384
11-08 13:47:18.908  1125  1125 I SurfaceFlinger: GL_MAX_VIEWPORT_DIMS = 16384
11-08 13:47:18.909  1135  1135 I ServiceManager: Waiting for service batterystats...
11-08 13:47:18.909  1125  1125 E cutils-trace: Error opening trace file: Permission denied (13)
11-08 13:47:18.909  1125  1125 D gralloc_ranchu: gralloc_alloc: Creating ashmem region of size 4096
11-08 13:47:18.922  1125  1125 D EGL_emulation: eglMakeCurrent: 0x7f0b164590c0: ver 3 1
11-08 13:47:18.925  1125  1125 D SurfaceFlinger: Set power mode=2, type=0 flinger=0x7f0b16464000
11-08 13:47:18.948  1130  1130 I iptables: iptables v1.4.20: can't initialize iptables table `nat': Table does not exist (do you need to insmod?)
11-08 13:47:18.948  1130  1130 I iptables: Perhaps iptables or your kernel needs to be upgraded.
11-08 13:47:18.949  1130  1130 I iptables: iptables terminated by exit(3)
11-08 13:47:18.949  1130  1130 E Netd    : exec() res=0, status=768 for /system/bin/iptables -t nat -N oem_nat_pre 
11-08 13:47:18.951  1130  1130 I iptables: iptables v1.4.20: can't initialize iptables table `nat': Table does not exist (do you need to insmod?)
11-08 13:47:18.952  1130  1130 I iptables: Perhaps iptables or your kernel needs to be upgraded.
11-08 13:47:18.952  1130  1130 I iptables: iptables terminated by exit(3)
11-08 13:47:18.952  1130  1130 E Netd    : exec() res=0, status=768 for /system/bin/iptables -t nat -A PREROUTING -j oem_nat_pre 
11-08 13:47:18.971  1130  1130 I iptables: iptables v1.4.20: can't initialize iptables table `nat': Table does not exist (do you need to insmod?)
11-08 13:47:18.971  1130  1130 I iptables: Perhaps iptables or your kernel needs to be upgraded.
11-08 13:47:18.972  1130  1130 I iptables: iptables terminated by exit(3)
11-08 13:47:18.972  1130  1130 E Netd    : exec() res=0, status=768 for /system/bin/iptables -t nat -N natctrl_nat_POSTROUTING 
11-08 13:47:18.975  1130  1130 I iptables: iptables v1.4.20: can't initialize iptables table `nat': Table does not exist (do you need to insmod?)
11-08 13:47:18.975  1130  1130 I iptables: Perhaps iptables or your kernel needs to be upgraded.
11-08 13:47:18.975  1130  1130 I iptables: iptables terminated by exit(3)
11-08 13:47:18.975  1130  1130 E Netd    : exec() res=0, status=768 for /system/bin/iptables -t nat -A POSTROUTING -j natctrl_nat_POSTROUTING 
11-08 13:47:18.977  1130  1130 V NatController: runCmd(/system/bin/iptables -F natctrl_FORWARD) res=0
11-08 13:47:18.979  1130  1130 V NatController: runCmd(/system/bin/iptables -A natctrl_FORWARD -j DROP) res=0
11-08 13:47:18.981  1130  1130 V NatController: runCmd(/system/bin/iptables -t nat -F natctrl_nat_POSTROUTING) res=3
11-08 13:47:19.084  1125  1212 E SurfaceFlinger: ro.sf.lcd_density must be defined as a build property
11-08 13:47:19.092  1130  1130 I iptables: iptables: No chain/target/match by that name.
11-08 13:47:19.093  1130  1130 I iptables: iptables terminated by exit(1)
11-08 13:47:19.093  1130  1130 E BandwidthController: runIptablesCmd(): res=1 status=256 failed /system/bin/iptables -A bw_INPUT -m owner --socket-exists
11-08 13:47:19.096  1130  1130 I ip6tables: ip6tables: No chain/target/match by that name.
11-08 13:47:19.096  1130  1130 I ip6tables: ip6tables terminated by exit(1)
11-08 13:47:19.096  1130  1130 E BandwidthController: runIptablesCmd(): res=1 status=256 failed /system/bin/ip6tables -A bw_INPUT -m owner --socket-exists
11-08 13:47:19.170  1139  1139 D AndroidRuntime: 
11-08 13:47:19.170  1139  1139 D AndroidRuntime: >>>>>> AndroidRuntime START com.android.internal.os.ZygoteInit <<<<<<
11-08 13:47:19.190  1139  1139 D AndroidRuntime: CheckJNI is ON
11-08 13:47:19.200  1130  1130 D MDnsDS  : MDnsSdListener::Hander starting up
11-08 13:47:19.202  1130  1465 D MDnsDS  : MDnsSdListener starting to monitor
11-08 13:47:19.202  1130  1465 D MDnsDS  : Going to poll with pollCount 1
11-08 13:47:19.211  1139  1139 I art     : option[0]=-Xzygote
11-08 13:47:19.211  1139  1139 I art     : option[1]=-Xcheck:jni
11-08 13:47:19.211  1139  1139 I art     : option[2]=-Xjnigreflimit:2000
11-08 13:47:19.211  1139  1139 I art     : option[3]=-Xstacktracefile:/data/anr/traces.txt
11-08 13:47:19.211  1139  1139 I art     : option[4]=exit
11-08 13:47:19.211  1139  1139 I art     : option[5]=vfprintf
11-08 13:47:19.211  1139  1139 I art     : option[6]=sensitiveThread
11-08 13:47:19.211  1139  1139 I art     : option[7]=-verbose:gc
11-08 13:47:19.211  1139  1139 I art     : option[8]=-Xms4m
11-08 13:47:19.211  1139  1139 I art     : option[9]=-Xmx128m
11-08 13:47:19.211  1139  1139 I art     : option[10]=-XX:mainThreadStackSize=24K
11-08 13:47:19.212  1139  1139 I art     : option[11]=-agentlib:jdwp=transport=dt_android_adb,suspend=n,server=y
11-08 13:47:19.212  1139  1139 I art     : option[12]=-Ximage-compiler-option
11-08 13:47:19.212  1139  1139 I art     : option[13]=--runtime-arg
11-08 13:47:19.212  1139  1139 I art     : option[14]=-Ximage-compiler-option
11-08 13:47:19.212  1139  1139 I art     : option[15]=-Xms64m
11-08 13:47:19.212  1139  1139 I art     : option[16]=-Ximage-compiler-option
11-08 13:47:19.212  1139  1139 I art     : option[17]=--runtime-arg
11-08 13:47:19.212  1139  1139 I art     : option[18]=-Ximage-compiler-option
11-08 13:47:19.212  1139  1139 I art     : option[19]=-Xmx64m
11-08 13:47:19.212  1139  1139 I art     : option[20]=-Ximage-compiler-option
11-08 13:47:19.212  1139  1139 I art     : option[21]=--image-classes-zip=/system/framework/framework.jar
11-08 13:47:19.212  1139  1139 I art     : option[22]=-Ximage-compiler-option
11-08 13:47:19.212  1139  1139 I art     : option[23]=--image-classes=preloaded-classes
11-08 13:47:19.212  1139  1139 I art     : option[24]=-Xcompiler-option
11-08 13:47:19.212  1139  1139 I art     : option[25]=--runtime-arg
11-08 13:47:19.212  1139  1139 I art     : option[26]=-Xcompiler-option
11-08 13:47:19.212  1139  1139 I art     : option[27]=-Xms64m
11-08 13:47:19.212  1139  1139 I art     : option[28]=-Xcompiler-option
11-08 13:47:19.212  1139  1139 I art     : option[29]=--runtime-arg
11-08 13:47:19.212  1139  1139 I art     : option[30]=-Xcompiler-option
11-08 13:47:19.212  1139  1139 I art     : option[31]=-Xmx512m
11-08 13:47:19.212  1139  1139 I art     : option[32]=-Duser.language=en
11-08 13:47:19.212  1139  1139 I art     : option[33]=-Duser.region=US
11-08 13:47:19.236  1139  1139 I art     : Pruning dalvik-cache since we are relocating an image and will need to recompile
11-08 13:47:19.236  1139  1139 I art     : RelocateImage: /system/bin/patchoat --input-image-location=/system/framework/boot.art --output-image-file=/data/dalvik-cache/x86/system@framework@boot.art --input-oat-location=/system/framework/boot.oat --output-oat-file=/data/dalvik-cache/x86/system@framework@boot.oat --instruction-set=x86 --base-offset-delta=15650816
11-08 13:47:19.253  1125  1125 D SurfaceFlinger: shader cache generated - 24 shaders in 318.553406 ms
11-08 13:47:19.266  1125  1125 D gralloc_ranchu: gralloc_alloc: Creating ashmem region of size 4096
11-08 13:47:19.280  1336  1431 E libEGL  : load_driver(/system/lib64/egl/libGLES_emulation.so): dlopen failed: library "/system/lib64/egl/libGLES_emulation.so" not found
11-08 13:47:19.282  1336  1431 D libEGL  : loaded /system/lib64/egl/libEGL_emulation.so
11-08 13:47:19.282  1336  1431 D libEGL  : loaded /system/lib64/egl/libGLESv1_CM_emulation.so
11-08 13:47:19.290  1336  1431 D libEGL  : loaded /system/lib64/egl/libGLESv2_emulation.so
11-08 13:47:19.297  1336  1431 D         : HostConnection::get() New Host Connection established 0x7f767e132080, tid 1431
11-08 13:47:19.301  1336  1431 E cutils-trace: Error opening trace file: Permission denied (13)
11-08 13:47:19.303  1125  1214 D         : HostConnection::get() New Host Connection established 0x7f0b15e22080, tid 1214
11-08 13:47:19.329  1336  1431 D EGL_emulation: eglCreateContext: 0x7f767e142340: maj 1 min 0 rcv 1
11-08 13:47:19.331  1336  1431 D EGL_emulation: eglMakeCurrent: 0x7f767e142340: ver 1 0
11-08 13:47:19.365  1125  1212 D         : HostConnection::get() New Host Connection established 0x7f0b1602f080, tid 1212
11-08 13:47:19.375  1138  1138 D AndroidRuntime: 
11-08 13:47:19.375  1138  1138 D AndroidRuntime: >>>>>> AndroidRuntime START com.android.internal.os.ZygoteInit <<<<<<
11-08 13:47:19.406  1138  1138 D AndroidRuntime: CheckJNI is ON
11-08 13:47:19.444  1138  1138 I art     : option[0]=-Xzygote
11-08 13:47:19.444  1138  1138 I art     : option[1]=-Xcheck:jni
11-08 13:47:19.444  1138  1138 I art     : option[2]=-Xjnigreflimit:2000
11-08 13:47:19.444  1138  1138 I art     : option[3]=-Xstacktracefile:/data/anr/traces.txt
11-08 13:47:19.444  1138  1138 I art     : option[4]=exit
11-08 13:47:19.444  1138  1138 I art     : option[5]=vfprintf
11-08 13:47:19.444  1138  1138 I art     : option[6]=sensitiveThread
11-08 13:47:19.444  1138  1138 I art     : option[7]=-verbose:gc
11-08 13:47:19.444  1138  1138 I art     : option[8]=-Xms4m
11-08 13:47:19.444  1138  1138 I art     : option[9]=-Xmx128m
11-08 13:47:19.444  1138  1138 I art     : option[10]=-XX:mainThreadStackSize=24K
11-08 13:47:19.444  1138  1138 I art     : option[11]=-agentlib:jdwp=transport=dt_android_adb,suspend=n,server=y
11-08 13:47:19.444  1138  1138 I art     : option[12]=-Ximage-compiler-option
11-08 13:47:19.444  1138  1138 I art     : option[13]=--runtime-arg
11-08 13:47:19.444  1138  1138 I art     : option[14]=-Ximage-compiler-option
11-08 13:47:19.444  1138  1138 I art     : option[15]=-Xms64m
11-08 13:47:19.444  1138  1138 I art     : option[16]=-Ximage-compiler-option
11-08 13:47:19.444  1138  1138 I art     : option[17]=--runtime-arg
11-08 13:47:19.444  1138  1138 I art     : option[18]=-Ximage-compiler-option
11-08 13:47:19.444  1138  1138 I art     : option[19]=-Xmx64m
11-08 13:47:19.444  1138  1138 I art     : option[20]=-Ximage-compiler-option
11-08 13:47:19.444  1138  1138 I art     : option[21]=--image-classes-zip=/system/framework/framework.jar
11-08 13:47:19.444  1138  1138 I art     : option[22]=-Ximage-compiler-option
11-08 13:47:19.444  1138  1138 I art     : option[23]=--image-classes=preloaded-classes
11-08 13:47:19.444  1138  1138 I art     : option[24]=-Xcompiler-option
11-08 13:47:19.444  1138  1138 I art     : option[25]=--runtime-arg
11-08 13:47:19.444  1138  1138 I art     : option[26]=-Xcompiler-option
11-08 13:47:19.444  1138  1138 I art     : option[27]=-Xms64m
11-08 13:47:19.444  1138  1138 I art     : option[28]=-Xcompiler-option
11-08 13:47:19.444  1138  1138 I art     : option[29]=--runtime-arg
11-08 13:47:19.444  1138  1138 I art     : option[30]=-Xcompiler-option
11-08 13:47:19.444  1138  1138 I art     : option[31]=-Xmx512m
11-08 13:47:19.444  1138  1138 I art     : option[32]=-Duser.language=en
11-08 13:47:19.444  1138  1138 I art     : option[33]=-Duser.region=US
11-08 13:47:19.454  1138  1138 I art     : Pruning dalvik-cache since we are relocating an image and will need to recompile
11-08 13:47:19.454  1138  1138 I art     : RelocateImage: /system/bin/patchoat --input-image-location=/system/framework/boot.art --output-image-file=/data/dalvik-cache/x86_64/system@framework@boot.art --input-oat-location=/system/framework/boot.oat --output-oat-file=/data/dalvik-cache/x86_64/system@framework@boot.oat --instruction-set=x86_64 --base-offset-delta=-1183744
11-08 13:47:19.725  1480  1480 D AndroidRuntime: 
11-08 13:47:19.725  1480  1480 D AndroidRuntime: >>>>>> AndroidRuntime START com.android.internal.os.RuntimeInit <<<<<<
11-08 13:47:19.727  1480  1480 D AndroidRuntime: CheckJNI is ON
11-08 13:47:19.727  1480  1480 W art     : Could not create image space with image file '/system/framework/boot.art'. Attempting to fall back to imageless running. Error was: Unable to relocate image '/system/framework/boot.art' from '/system/framework/x86_64/boot.art' to '/data/dalvik-cache/x86_64/system@framework@boot.art': Only the zygote can create the global boot image.
11-08 13:47:19.910  1135  1135 I ServiceManager: Waiting for service batterystats...
11-08 13:47:20.263  1139  1139 E memtrack: Couldn't load memtrack module (No such file or directory)
11-08 13:47:20.263  1139  1139 E android.os.Debug: failed to load memtrack module: -2
11-08 13:47:20.273  1139  1139 I SamplingProfilerIntegration: Profiling disabled.
11-08 13:47:20.273  1139  1139 D Zygote  : begin preload
11-08 13:47:20.289  1139  1139 I Zygote  : Preloading classes...
11-08 13:47:20.289  1139  1139 E cutils-trace: Error opening trace file: Permission denied (13)
11-08 13:47:20.307  1139  1139 I art     : Explicit concurrent mark sweep GC freed 989(55KB) AllocSpace objects, 0(0B) LOS objects, 93% free, 69KB/1093KB, paused 403us total 17.263ms
11-08 13:47:20.309  1139  1139 I art     : Counter: 1
11-08 13:47:20.315  1139  1139 I art     : Explicit concurrent mark sweep GC freed 511(32KB) AllocSpace objects, 0(0B) LOS objects, 91% free, 89KB/1113KB, paused 404us total 2.728ms
11-08 13:47:20.425  1139  1139 I art     : Explicit concurrent mark sweep GC freed 638(41KB) AllocSpace objects, 0(0B) LOS objects, 91% free, 97KB/1121KB, paused 374us total 27.671ms
11-08 13:47:20.447  1480  1480 E memtrack: Couldn't load memtrack module (No such file or directory)
11-08 13:47:20.447  1480  1480 E android.os.Debug: failed to load memtrack module: -2
11-08 13:47:20.578  1480  1480 D AndroidRuntime: Calling main entry com.android.commands.pm.Pm
11-08 13:47:20.579  1480  1480 D AndroidRuntime: Shutting down VM
11-08 13:47:20.614  1138  1138 W art     : Could not create image space with image file '/system/framework/boot.art'. Attempting to fall back to imageless running. Error was: Attempted to use relocated version of /system/framework/boot.art at /data/dalvik-cache/x86_64/system@framework@boot.art generated from /system/framework/x86_64/boot.art but image failed to load: Invalid image header in '/data/dalvik-cache/x86_64/system@framework@boot.art'
11-08 13:47:20.622  1139  1139 I art     : Explicit concurrent mark sweep GC freed 397(25KB) AllocSpace objects, 0(0B) LOS objects, 89% free, 121KB/1145KB, paused 1.397ms total 4.952ms
11-08 13:47:20.697  1139  1139 E Minikin : addFont failed to create font /system/fonts/NotoSansGujarati-Regular.ttf
11-08 13:47:20.697  1139  1139 E Minikin : addFont failed to create font /system/fonts/NotoSansGujarati-Bold.ttf
11-08 13:47:20.697  1139  1139 E Minikin : addFont failed to create font /system/fonts/NotoSansGujaratiUI-Regular.ttf
11-08 13:47:20.697  1139  1139 E Minikin : addFont failed to create font /system/fonts/NotoSansGujaratiUI-Bold.ttf
11-08 13:47:20.697  1139  1139 E Minikin : addFont failed to create font /system/fonts/NotoSansGurmukhi-Regular.ttf
11-08 13:47:20.697  1139  1139 E Minikin : addFont failed to create font /system/fonts/NotoSansGurmukhi-Bold.ttf
11-08 13:47:20.697  1139  1139 E Minikin : addFont failed to create font /system/fonts/NotoSansGurmukhiUI-Regular.ttf
11-08 13:47:20.697  1139  1139 E Minikin : addFont failed to create font /system/fonts/NotoSansGurmukhiUI-Bold.ttf
11-08 13:47:20.724  1139  1139 E Minikin : addFont failed to create font /system/fonts/NotoSansSinhala-Regular.ttf
11-08 13:47:20.724  1139  1139 E Minikin : addFont failed to create font /system/fonts/NotoSansSinhala-Bold.ttf
11-08 13:47:20.731  1139  1139 E Minikin : addFont failed to create font /system/fonts/NotoSansCherokee-Regular.ttf
11-08 13:47:20.731  1139  1139 E Minikin : addFont failed to create font /system/fonts/NotoSansCanadianAboriginal-Regular.ttf
11-08 13:47:20.731  1139  1139 E Minikin : addFont failed to create font /system/fonts/NotoSansYi-Regular.ttf
11-08 13:47:20.731  1139  1139 E Minikin : addFont failed to create font /system/fonts/NotoSansHans-Regular.otf
11-08 13:47:20.731  1139  1139 E Minikin : addFont failed to create font /system/fonts/NotoSansHant-Regular.otf
11-08 13:47:20.731  1139  1139 E Minikin : addFont failed to create font /system/fonts/NotoSansJP-Regular.otf
11-08 13:47:20.731  1139  1139 E Minikin : addFont failed to create font /system/fonts/NotoSansKR-Regular.otf
11-08 13:47:20.749  1138  1138 E memtrack: Couldn't load memtrack module (No such file or directory)
11-08 13:47:20.749  1138  1138 E android.os.Debug: failed to load memtrack module: -2
11-08 13:47:20.794  1138  1138 I SamplingProfilerIntegration: Profiling disabled.
11-08 13:47:20.794  1138  1138 D Zygote  : begin preload
11-08 13:47:20.806  1138  1138 I Zygote  : Preloading classes...
11-08 13:47:20.811  1139  1139 I art     : Explicit concurrent mark sweep GC freed 1471(107KB) AllocSpace objects, 0(0B) LOS objects, 88% free, 130KB/1154KB, paused 426us total 3.677ms
11-08 13:47:20.816  1138  1138 I art     : Explicit concurrent mark sweep GC freed 496(74KB) AllocSpace objects, 0(0B) LOS objects, 33% free, 3MB/5MB, paused 433us total 9.314ms
11-08 13:47:20.821  1138  1138 I art     : Counter: 1
11-08 13:47:20.829  1139  1139 I art     : Explicit concurrent mark sweep GC freed 1949(93KB) AllocSpace objects, 0(0B) LOS objects, 85% free, 176KB/1200KB, paused 396us total 3.426ms
11-08 13:47:20.837  1138  1138 I art     : Explicit concurrent mark sweep GC freed 101(11KB) AllocSpace objects, 0(0B) LOS objects, 33% free, 4MB/6MB, paused 909us total 11.447ms
11-08 13:47:20.841  1139  1139 I art     : Explicit concurrent mark sweep GC freed 1982(88KB) AllocSpace objects, 0(0B) LOS objects, 82% free, 212KB/1236KB, paused 583us total 4.537ms
11-08 13:47:20.848  1138  1138 I art     : Explicit concurrent mark sweep GC freed 71(9KB) AllocSpace objects, 0(0B) LOS objects, 33% free, 4MB/6MB, paused 354us total 6.610ms
11-08 13:47:20.849  1139  1139 I art     : Explicit concurrent mark sweep GC freed 410(29KB) AllocSpace objects, 0(0B) LOS objects, 80% free, 248KB/1272KB, paused 422us total 3.815ms
11-08 13:47:20.863  1138  1138 I art     : Explicit concurrent mark sweep GC freed 114(12KB) AllocSpace objects, 0(0B) LOS objects, 33% free, 4MB/6MB, paused 310us total 8.823ms
11-08 13:47:20.874  1138  1138 I art     : Explicit concurrent mark sweep GC freed 117(11KB) AllocSpace objects, 0(0B) LOS objects, 33% free, 4MB/6MB, paused 312us total 8.536ms
11-08 13:47:20.885  1139  1139 I art     : Thread[1,tid=1139,WaitingForJniOnLoad,Thread*=0xf4506800,peer=0x12c330e0,"main"] recursive attempt to load library "/system/lib/libmedia_jni.so"
11-08 13:47:20.885  1139  1139 D MtpDeviceJNI: register_android_mtp_MtpDevice
11-08 13:47:20.886  1139  1139 I art     : Thread[1,tid=1139,WaitingForJniOnLoad,Thread*=0xf4506800,peer=0x12c330e0,"main"] recursive attempt to load library "/system/lib/libmedia_jni.so"
11-08 13:47:20.887  1139  1139 I art     : Thread[1,tid=1139,WaitingForJniOnLoad,Thread*=0xf4506800,peer=0x12c330e0,"main"] recursive attempt to load library "/system/lib/libmedia_jni.so"
11-08 13:47:20.887  1138  1138 I art     : Explicit concurrent mark sweep GC freed 103(9KB) AllocSpace objects, 0(0B) LOS objects, 33% free, 4MB/6MB, paused 418us total 7.628ms
11-08 13:47:20.895  1139  1139 I art     : Explicit concurrent mark sweep GC freed 668(38KB) AllocSpace objects, 0(0B) LOS objects, 79% free, 259KB/1283KB, paused 387us total 3.083ms
11-08 13:47:20.896  1138  1138 I art     : Explicit concurrent mark sweep GC freed 118(12KB) AllocSpace objects, 0(0B) LOS objects, 33% free, 4MB/6MB, paused 324us total 6.323ms
11-08 13:47:20.905  1138  1138 I art     : Explicit concurrent mark sweep GC freed 97(9KB) AllocSpace objects, 0(0B) LOS objects, 33% free, 4MB/6MB, paused 313us total 6.877ms
11-08 13:47:20.909  1139  1139 I art     : Explicit concurrent mark sweep GC freed 524(26KB) AllocSpace objects, 0(0B) LOS objects, 78% free, 288KB/1312KB, paused 337us total 2.381ms
11-08 13:47:20.911  1135  1135 I ServiceManager: Waiting for service batterystats...
11-08 13:47:20.920  1138  1138 I art     : Explicit concurrent mark sweep GC freed 54(12KB) AllocSpace objects, 0(0B) LOS objects, 33% free, 4MB/6MB, paused 391us total 6.761ms
11-08 13:47:20.923  1139  1139 I art     : Explicit concurrent mark sweep GC freed 556(31KB) AllocSpace objects, 0(0B) LOS objects, 76% free, 314KB/1338KB, paused 423us total 7.010ms
11-08 13:47:20.931  1138  1138 I art     : Explicit concurrent mark sweep GC freed 112(9KB) AllocSpace objects, 0(0B) LOS objects, 33% free, 4MB/6MB, paused 329us total 7.035ms
11-08 13:47:20.941  1139  1139 I art     : Explicit concurrent mark sweep GC freed 1854(108KB) AllocSpace objects, 0(0B) LOS objects, 68% free, 480KB/1504KB, paused 407us total 3.554ms
11-08 13:47:20.943  1138  1138 I art     : Explicit concurrent mark sweep GC freed 133(13KB) AllocSpace objects, 0(0B) LOS objects, 33% free, 4MB/6MB, paused 325us total 7.803ms
11-08 13:47:20.944  1139  1139 E EmojiFactory_jni: Failed to load libemoji.so: dlopen failed: library "libemoji.so" not found
11-08 13:47:20.953  1138  1138 I art     : Explicit concurrent mark sweep GC freed 101(10KB) AllocSpace objects, 0(0B) LOS objects, 33% free, 4MB/6MB, paused 293us total 6.564ms
11-08 13:47:20.963  1138  1138 I art     : Explicit concurrent mark sweep GC freed 25(2912B) AllocSpace objects, 0(0B) LOS objects, 33% free, 4MB/6MB, paused 294us total 6.602ms
11-08 13:47:20.964  1139  1139 I art     : Explicit concurrent mark sweep GC freed 369(46KB) AllocSpace objects, 0(0B) LOS objects, 56% free, 778KB/1802KB, paused 404us total 3.853ms
11-08 13:47:20.972  1139  1139 I art     : Explicit concurrent mark sweep GC freed 438(30KB) AllocSpace objects, 0(0B) LOS objects, 56% free, 797KB/1821KB, paused 390us total 3.795ms
11-08 13:47:20.977  1138  1138 I art     : Explicit concurrent mark sweep GC freed 88(9KB) AllocSpace objects, 0(0B) LOS objects, 33% free, 4MB/6MB, paused 317us total 6.795ms
11-08 13:47:20.979  1139  1139 I art     : Explicit concurrent mark sweep GC freed 778(49KB) AllocSpace objects, 0(0B) LOS objects, 56% free, 797KB/1821KB, paused 411us total 3.314ms
11-08 13:47:20.987  1138  1138 I art     : Explicit concurrent mark sweep GC freed 75(7KB) AllocSpace objects, 0(0B) LOS objects, 33% free, 4MB/6MB, paused 308us total 7.160ms
11-08 13:47:20.996  1139  1139 I art     : Explicit concurrent mark sweep GC freed 875(101KB) AllocSpace objects, 0(0B) LOS objects, 55% free, 825KB/1849KB, paused 401us total 4.527ms
11-08 13:47:21.001  1138  1138 I art     : Explicit concurrent mark sweep GC freed 35(7KB) AllocSpace objects, 0(0B) LOS objects, 33% free, 4MB/7MB, paused 2.160ms total 10.263ms
11-08 13:47:21.009  1139  1139 I art     : Explicit concurrent mark sweep GC freed 623(44KB) AllocSpace objects, 0(0B) LOS objects, 55% free, 830KB/1854KB, paused 540us total 5.287ms
11-08 13:47:21.015  1138  1138 I art     : Explicit concurrent mark sweep GC freed 228(21KB) AllocSpace objects, 0(0B) LOS objects, 33% free, 4MB/7MB, paused 322us total 7.341ms
11-08 13:47:21.028  1138  1138 I art     : Explicit concurrent mark sweep GC freed 162(9KB) AllocSpace objects, 0(0B) LOS objects, 33% free, 4MB/7MB, paused 320us total 9.444ms
11-08 13:47:21.031  1139  1139 I art     : Explicit concurrent mark sweep GC freed 259(20KB) AllocSpace objects, 0(0B) LOS objects, 54% free, 858KB/1882KB, paused 581us total 3.501ms
11-08 13:47:21.039  1138  1138 I art     : Explicit concurrent mark sweep GC freed 53(9KB) AllocSpace objects, 0(0B) LOS objects, 33% free, 4MB/7MB, paused 322us total 8.285ms
11-08 13:47:21.052  1139  1139 I art     : Explicit concurrent mark sweep GC freed 198(7KB) AllocSpace objects, 0(0B) LOS objects, 45% free, 1242KB/2MB, paused 377us total 4.987ms
11-08 13:47:21.054  1138  1138 I art     : Explicit concurrent mark sweep GC freed 12(12KB) AllocSpace objects, 0(0B) LOS objects, 33% free, 4MB/7MB, paused 296us total 7.866ms
11-08 13:47:21.059  1139  1139 I art     : Explicit concurrent mark sweep GC freed 586(34KB) AllocSpace objects, 0(0B) LOS objects, 44% free, 1257KB/2MB, paused 315us total 3.830ms
11-08 13:47:21.064  1138  1138 I art     : Explicit concurrent mark sweep GC freed 107(10KB) AllocSpace objects, 0(0B) LOS objects, 33% free, 4MB/7MB, paused 308us total 6.977ms
11-08 13:47:21.068  1139  1139 I art     : Explicit concurrent mark sweep GC freed 744(44KB) AllocSpace objects, 0(0B) LOS objects, 44% free, 1262KB/2MB, paused 364us total 4.622ms
11-08 13:47:21.074  1138  1138 I art     : Explicit concurrent mark sweep GC freed 85(12KB) AllocSpace objects, 0(0B) LOS objects, 33% free, 4MB/7MB, paused 259us total 6.884ms
11-08 13:47:21.082  1138  1138 I art     : Explicit concurrent mark sweep GC freed 87(9KB) AllocSpace objects, 0(0B) LOS objects, 33% free, 5MB/7MB, paused 239us total 5.348ms
11-08 13:47:21.090  1138  1138 I art     : Explicit concurrent mark sweep GC freed 117(14KB) AllocSpace objects, 0(0B) LOS objects, 33% free, 5MB/7MB, paused 250us total 5.566ms
11-08 13:47:21.097  1138  1138 I art     : Explicit concurrent mark sweep GC freed 31(3KB) AllocSpace objects, 0(0B) LOS objects, 33% free, 5MB/7MB, paused 252us total 5.131ms
11-08 13:47:21.108  1138  1138 I art     : Explicit concurrent mark sweep GC freed 53(21KB) AllocSpace objects, 0(0B) LOS objects, 33% free, 5MB/7MB, paused 276us total 7.318ms
11-08 13:47:21.117  1138  1138 I art     : Explicit concurrent mark sweep GC freed 201(13KB) AllocSpace objects, 0(0B) LOS objects, 33% free, 5MB/7MB, paused 265us total 5.548ms
11-08 13:47:21.125  1138  1138 I art     : Explicit concurrent mark sweep GC freed 88(9KB) AllocSpace objects, 0(0B) LOS objects, 33% free, 5MB/7MB, paused 240us total 5.395ms
11-08 13:47:21.134  1138  1138 I art     : Explicit concurrent mark sweep GC freed 141(12KB) AllocSpace objects, 0(0B) LOS objects, 33% free, 5MB/7MB, paused 236us total 6.320ms
11-08 13:47:21.143  1138  1138 I art     : Explicit concurrent mark sweep GC freed 77(8KB) AllocSpace objects, 0(0B) LOS objects, 33% free, 5MB/7MB, paused 230us total 5.363ms
11-08 13:47:21.151  1138  1138 I art     : Explicit concurrent mark sweep GC freed 162(16KB) AllocSpace objects, 0(0B) LOS objects, 33% free, 5MB/7MB, paused 244us total 5.548ms
11-08 13:47:21.158  1138  1138 I art     : Explicit concurrent mark sweep GC freed 84(8KB) AllocSpace objects, 0(0B) LOS objects, 33% free, 5MB/8MB, paused 228us total 5.143ms
11-08 13:47:21.869  1139  1139 I System  : Loaded time zone names for "" in 761ms (760ms in ICU)
11-08 13:47:21.882  1139  1139 I System  : Loaded time zone names for "en_US" in 13ms (11ms in ICU)
11-08 13:47:21.882  1138  1138 I art     : Explicit concurrent mark sweep GC freed 217(21KB) AllocSpace objects, 0(0B) LOS objects, 33% free, 5MB/8MB, paused 280us total 22.203ms
11-08 13:47:21.886  1139  1139 I art     : Explicit concurrent mark sweep GC freed 2400(181KB) AllocSpace objects, 0(0B) LOS objects, 41% free, 1420KB/2MB, paused 300us total 3.643ms
11-08 13:47:21.891  1138  1138 I art     : Explicit concurrent mark sweep GC freed 137(12KB) AllocSpace objects, 0(0B) LOS objects, 33% free, 5MB/8MB, paused 242us total 5.299ms
11-08 13:47:21.893  1139  1139 I art     : Explicit concurrent mark sweep GC freed 136(12KB) AllocSpace objects, 0(0B) LOS objects, 40% free, 1485KB/2MB, paused 413us total 3.966ms
11-08 13:47:21.900  1139  1139 I art     : Explicit concurrent mark sweep GC freed 289(24KB) AllocSpace objects, 0(0B) LOS objects, 39% free, 1537KB/2MB, paused 301us total 3.467ms
11-08 13:47:21.901  1138  1138 I art     : Explicit concurrent mark sweep GC freed 229(15KB) AllocSpace objects, 0(0B) LOS objects, 33% free, 5MB/8MB, paused 301us total 5.488ms
11-08 13:47:21.906  1139  1139 I art     : Explicit concurrent mark sweep GC freed 678(47KB) AllocSpace objects, 0(0B) LOS objects, 39% free, 1539KB/2MB, paused 284us total 3.221ms
11-08 13:47:21.906  1139  1139 I Zygote  : ...preloaded 3005 classes in 1617ms.
11-08 13:47:21.906  1139  1139 I art     : VMRuntime.preloadDexCaches starting
11-08 13:47:21.914  1135  1135 I ServiceManager: Waiting for service batterystats...
11-08 13:47:21.916  1138  1138 E Minikin : addFont failed to create font /system/fonts/NotoSansGujarati-Regular.ttf
11-08 13:47:21.916  1138  1138 E Minikin : addFont failed to create font /system/fonts/NotoSansGujarati-Bold.ttf
11-08 13:47:21.916  1138  1138 E Minikin : addFont failed to create font /system/fonts/NotoSansGujaratiUI-Regular.ttf
11-08 13:47:21.916  1138  1138 E Minikin : addFont failed to create font /system/fonts/NotoSansGujaratiUI-Bold.ttf
11-08 13:47:21.916  1138  1138 E Minikin : addFont failed to create font /system/fonts/NotoSansGurmukhi-Regular.ttf
11-08 13:47:21.916  1138  1138 E Minikin : addFont failed to create font /system/fonts/NotoSansGurmukhi-Bold.ttf
11-08 13:47:21.916  1138  1138 E Minikin : addFont failed to create font /system/fonts/NotoSansGurmukhiUI-Regular.ttf
11-08 13:47:21.916  1138  1138 E Minikin : addFont failed to create font /system/fonts/NotoSansGurmukhiUI-Bold.ttf
11-08 13:47:21.917  1138  1138 E Minikin : addFont failed to create font /system/fonts/NotoSansSinhala-Regular.ttf
11-08 13:47:21.917  1138  1138 E Minikin : addFont failed to create font /system/fonts/NotoSansSinhala-Bold.ttf
11-08 13:47:21.918  1138  1138 E Minikin : addFont failed to create font /system/fonts/NotoSansCherokee-Regular.ttf
11-08 13:47:21.918  1138  1138 E Minikin : addFont failed to create font /system/fonts/NotoSansCanadianAboriginal-Regular.ttf
11-08 13:47:21.918  1138  1138 E Minikin : addFont failed to create font /system/fonts/NotoSansYi-Regular.ttf
11-08 13:47:21.918  1138  1138 E Minikin : addFont failed to create font /system/fonts/NotoSansHans-Regular.otf
11-08 13:47:21.918  1138  1138 E Minikin : addFont failed to create font /system/fonts/NotoSansHant-Regular.otf
11-08 13:47:21.918  1138  1138 E Minikin : addFont failed to create font /system/fonts/NotoSansJP-Regular.otf
11-08 13:47:21.918  1138  1138 E Minikin : addFont failed to create font /system/fonts/NotoSansKR-Regular.otf
11-08 13:47:21.931  1139  1139 I art     : VMRuntime.preloadDexCaches strings total=207127 before=38257 after=38257
11-08 13:47:21.931  1139  1139 I art     : VMRuntime.preloadDexCaches types total=18028 before=6308 after=6343
11-08 13:47:21.931  1139  1139 I art     : VMRuntime.preloadDexCaches fields total=84363 before=31965 after=32290
11-08 13:47:21.931  1139  1139 I art     : VMRuntime.preloadDexCaches methods total=148964 before=65672 after=66549
11-08 13:47:21.931  1139  1139 I art     : VMRuntime.preloadDexCaches finished
11-08 13:47:21.931  1139  1139 I art     : Counter: 0
11-08 13:47:21.931  1139  1139 I art     : Counter: 1
11-08 13:47:21.936  1138  1138 I art     : Explicit concurrent mark sweep GC freed 1282(97KB) AllocSpace objects, 0(0B) LOS objects, 33% free, 5MB/8MB, paused 347us total 7.693ms
11-08 13:47:21.938  1139  1139 I art     : Explicit concurrent mark sweep GC freed 71(16KB) AllocSpace objects, 0(0B) LOS objects, 66% free, 1524KB/4MB, paused 397us total 6.018ms
11-08 13:47:21.947  1503  1503 D idmap   : error: no read access to /vendor/overlay: No such file or directory
11-08 13:47:21.948  1138  1138 I art     : Explicit concurrent mark sweep GC freed 257(18KB) AllocSpace objects, 0(0B) LOS objects, 33% free, 5MB/8MB, paused 444us total 6.979ms
11-08 13:47:21.962  1138  1138 I art     : Explicit concurrent mark sweep GC freed 87(10KB) AllocSpace objects, 0(0B) LOS objects, 33% free, 5MB/8MB, paused 494us total 9.579ms
11-08 13:47:21.963  1139  1139 I Zygote  : Preloading resources...
11-08 13:47:21.976  1138  1138 I art     : Explicit concurrent mark sweep GC freed 101(12KB) AllocSpace objects, 0(0B) LOS objects, 33% free, 5MB/8MB, paused 598us total 8.011ms
11-08 13:47:21.977  1139  1139 W Resources: Preloaded drawable resource #0x1080096 (android:drawable/toast_frame) that varies with configuration!!
11-08 13:47:21.978  1139  1139 W Resources: Preloaded drawable resource #0x1080111 (android:drawable/btn_check_on_pressed_holo_light) that varies with configuration!!
11-08 13:47:21.979  1139  1139 W Resources: Preloaded drawable resource #0x1080110 (android:drawable/btn_check_on_pressed_holo_dark) that varies with configuration!!
11-08 13:47:21.979  1139  1139 W Resources: Preloaded drawable resource #0x108010d (android:drawable/btn_check_on_holo_light) that varies with configuration!!
11-08 13:47:21.980  1139  1139 W Resources: Preloaded drawable resource #0x108010c (android:drawable/btn_check_on_holo_dark) that varies with configuration!!
11-08 13:47:21.985  1139  1139 I art     : Explicit concurrent mark sweep GC freed 145(24KB) AllocSpace objects, 0(0B) LOS objects, 66% free, 1550KB/4MB, paused 571us total 4.447ms
11-08 13:47:21.985  1139  1139 W Resources: Preloaded drawable resource #0x108010a (android:drawable/btn_check_on_focused_holo_light) that varies with configuration!!
11-08 13:47:21.986  1139  1139 W Resources: Preloaded drawable resource #0x1080109 (android:drawable/btn_check_on_focused_holo_dark) that varies with configuration!!
11-08 13:47:21.986  1139  1139 W Resources: Preloaded drawable resource #0x1080108 (android:drawable/btn_check_on_disabled_holo_light) that varies with configuration!!
11-08 13:47:21.986  1139  1139 W Resources: Preloaded drawable resource #0x1080107 (android:drawable/btn_check_on_disabled_holo_dark) that varies with configuration!!
11-08 13:47:21.986  1139  1139 W Resources: Preloaded drawable resource #0x1080106 (android:drawable/btn_check_on_disabled_focused_holo_light) that varies with configuration!!
11-08 13:47:21.986  1139  1139 W Resources: Preloaded drawable resource #0x1080105 (android:drawable/btn_check_on_disabled_focused_holo_dark) that varies with configuration!!
11-08 13:47:21.987  1139  1139 W Resources: Preloaded drawable resource #0x10800fd (android:drawable/btn_check_off_pressed_holo_light) that varies with configuration!!
11-08 13:47:21.987  1139  1139 W Resources: Preloaded drawable resource #0x10800fc (android:drawable/btn_check_off_pressed_holo_dark) that varies with configuration!!
11-08 13:47:21.988  1139  1139 W Resources: Preloaded drawable resource #0x10800f7 (android:drawable/btn_check_off_holo_light) that varies with configuration!!
11-08 13:47:21.989  1138  1138 I art     : Explicit concurrent mark sweep GC freed 149(12KB) AllocSpace objects, 0(0B) LOS objects, 33% free, 5MB/8MB, paused 249us total 6.190ms
11-08 13:47:21.992  1139  1139 I art     : Explicit concurrent mark sweep GC freed 232(59KB) AllocSpace objects, 0(0B) LOS objects, 66% free, 1544KB/4MB, paused 563us total 3.497ms
11-08 13:47:21.992  1139  1139 W Resources: Preloaded drawable resource #0x10800f6 (android:drawable/btn_check_off_holo_dark) that varies with configuration!!
11-08 13:47:21.993  1139  1139 W Resources: Preloaded drawable resource #0x10800f4 (android:drawable/btn_check_off_focused_holo_light) that varies with configuration!!
11-08 13:47:21.993  1139  1139 W Resources: Preloaded drawable resource #0x10800f3 (android:drawable/btn_check_off_focused_holo_dark) that varies with configuration!!
11-08 13:47:21.993  1139  1139 W Resources: Preloaded drawable resource #0x10800f2 (android:drawable/btn_check_off_disabled_holo_light) that varies with configuration!!
11-08 13:47:21.993  1139  1139 W Resources: Preloaded drawable resource #0x10800f1 (android:drawable/btn_check_off_disabled_holo_dark) that varies with configuration!!
11-08 13:47:21.994  1139  1139 W Resources: Preloaded drawable resource #0x10800f0 (android:drawable/btn_check_off_disabled_focused_holo_light) that varies with configuration!!
11-08 13:47:21.994  1139  1139 W Resources: Preloaded drawable resource #0x10800ef (android:drawable/btn_check_off_disabled_focused_holo_dark) that varies with configuration!!
11-08 13:47:21.997  1139  1139 W Resources: Preloaded drawable resource #0x108010d (android:drawable/btn_check_on_holo_light) that varies with configuration!!
11-08 13:47:21.997  1139  1139 W Resources: Preloaded drawable resource #0x10800f7 (android:drawable/btn_check_off_holo_light) that varies with configuration!!
11-08 13:47:21.997  1139  1139 W Resources: Preloaded drawable resource #0x1080111 (android:drawable/btn_check_on_pressed_holo_light) that varies with configuration!!
11-08 13:47:21.998  1139  1139 W Resources: Preloaded drawable resource #0x10800fd (android:drawable/btn_check_off_pressed_holo_light) that varies with configuration!!
11-08 13:47:21.998  1139  1139 W Resources: Preloaded drawable resource #0x108010a (android:drawable/btn_check_on_focused_holo_light) that varies with configuration!!
11-08 13:47:21.998  1139  1139 W Resources: Preloaded drawable resource #0x10800f4 (android:drawable/btn_check_off_focused_holo_light) that varies with configuration!!
11-08 13:47:21.998  1139  1139 W Resources: Preloaded drawable resource #0x10800f7 (android:drawable/btn_check_off_holo_light) that varies with configuration!!
11-08 13:47:21.998  1139  1139 W Resources: Preloaded drawable resource #0x108010d (android:drawable/btn_check_on_holo_light) that varies with configuration!!
11-08 13:47:21.998  1139  1139 W Resources: Preloaded drawable resource #0x1080108 (android:drawable/btn_check_on_disabled_holo_light) that varies with configuration!!
11-08 13:47:21.998  1139  1139 W Resources: Preloaded drawable resource #0x10800f2 (android:drawable/btn_check_off_disabled_holo_light) that varies with configuration!!
11-08 13:47:21.998  1139  1139 W Resources: Preloaded drawable resource #0x1080106 (android:drawable/btn_check_on_disabled_focused_holo_light) that varies with configuration!!
11-08 13:47:21.999  1139  1139 W Resources: Preloaded drawable resource #0x10800f0 (android:drawable/btn_check_off_disabled_focused_holo_light) that varies with configuration!!
11-08 13:47:21.999  1139  1139 W Resources: Preloaded drawable resource #0x10800f2 (android:drawable/btn_check_off_disabled_holo_light) that varies with configuration!!
11-08 13:47:21.999  1139  1139 W Resources: Preloaded drawable resource #0x1080108 (android:drawable/btn_check_on_disabled_holo_light) that varies with configuration!!
11-08 13:47:22.000  1139  1139 W Resources: Preloaded drawable resource #0x10800e5 (android:drawable/btn_check_holo_light) that varies with configuration!!
11-08 13:47:22.007  1139  1139 I art     : Explicit concurrent mark sweep GC freed 563(119KB) AllocSpace objects, 0(0B) LOS objects, 66% free, 1550KB/4MB, paused 654us total 5.179ms
11-08 13:47:22.008  1139  1139 W Resources: Preloaded drawable resource #0x108010c (android:drawable/btn_check_on_holo_dark) that varies with configuration!!
11-08 13:47:22.009  1139  1139 W Resources: Preloaded drawable resource #0x10800f6 (android:drawable/btn_check_off_holo_dark) that varies with configuration!!
11-08 13:47:22.009  1139  1139 W Resources: Preloaded drawable resource #0x1080110 (android:drawable/btn_check_on_pressed_holo_dark) that varies with configuration!!
11-08 13:47:22.009  1139  1139 W Resources: Preloaded drawable resource #0x10800fc (android:drawable/btn_check_off_pressed_holo_dark) that varies with configuration!!
11-08 13:47:22.010  1139  1139 W Resources: Preloaded drawable resource #0x1080109 (android:drawable/btn_check_on_focused_holo_dark) that varies with configuration!!
11-08 13:47:22.010  1139  1139 W Resources: Preloaded drawable resource #0x10800f3 (android:drawable/btn_check_off_focused_holo_dark) that varies with configuration!!
11-08 13:47:22.010  1139  1139 W Resources: Preloaded drawable resource #0x10800f6 (android:drawable/btn_check_off_holo_dark) that varies with configuration!!
11-08 13:47:22.010  1139  1139 W Resources: Preloaded drawable resource #0x108010c (android:drawable/btn_check_on_holo_dark) that varies with configuration!!
11-08 13:47:22.010  1139  1139 W Resources: Preloaded drawable resource #0x1080107 (android:drawable/btn_check_on_disabled_holo_dark) that varies with configuration!!
11-08 13:47:22.011  1139  1139 W Resources: Preloaded drawable resource #0x10800f1 (android:drawable/btn_check_off_disabled_holo_dark) that varies with configuration!!
11-08 13:47:22.011  1139  1139 W Resources: Preloaded drawable resource #0x1080105 (android:drawable/btn_check_on_disabled_focused_holo_dark) that varies with configuration!!
11-08 13:47:22.011  1139  1139 W Resources: Preloaded drawable resource #0x10800ef (android:drawable/btn_check_off_disabled_focused_holo_dark) that varies with configuration!!
11-08 13:47:22.011  1139  1139 W Resources: Preloaded drawable resource #0x10800f1 (android:drawable/btn_check_off_disabled_holo_dark) that varies with configuration!!
11-08 13:47:22.011  1139  1139 W Resources: Preloaded drawable resource #0x1080107 (android:drawable/btn_check_on_disabled_holo_dark) that varies with configuration!!
11-08 13:47:22.011  1139  1139 W Resources: Preloaded drawable resource #0x10800e4 (android:drawable/btn_check_holo_dark) that varies with configuration!!
11-08 13:47:22.012  1138  1138 I art     : Explicit concurrent mark sweep GC freed 1580(74KB) AllocSpace objects, 0(0B) LOS objects, 33% free, 5MB/8MB, paused 338us total 8.843ms
11-08 13:47:22.016  1139  1139 I art     : Explicit concurrent mark sweep GC freed 492(85KB) AllocSpace objects, 0(0B) LOS objects, 66% free, 1548KB/4MB, paused 307us total 3.623ms
11-08 13:47:22.018  1139  1139 W Resources: Preloaded drawable resource #0x10801c3 (android:drawable/btn_radio_on_pressed_holo_light) that varies with configuration!!
11-08 13:47:22.019  1139  1139 W Resources: Preloaded drawable resource #0x10801c2 (android:drawable/btn_radio_on_pressed_holo_dark) that varies with configuration!!
11-08 13:47:22.020  1139  1139 W Resources: Preloaded drawable resource #0x10801bf (android:drawable/btn_radio_on_holo_light) that varies with configuration!!
11-08 13:47:22.021  1139  1139 W Resources: Preloaded drawable resource #0x10801be (android:drawable/btn_radio_on_holo_dark) that varies with configuration!!
11-08 13:47:22.021  1139  1139 W Resources: Preloaded drawable resource #0x10801bc (android:drawable/btn_radio_on_focused_holo_light) that varies with configuration!!
11-08 13:47:22.021  1139  1139 W Resources: Preloaded drawable resource #0x10801bb (android:drawable/btn_radio_on_focused_holo_dark) that varies with configuration!!
11-08 13:47:22.022  1139  1139 W Resources: Preloaded drawable resource #0x10801ba (android:drawable/btn_radio_on_disabled_holo_light) that varies with configuration!!
11-08 13:47:22.022  1139  1139 W Resources: Preloaded drawable resource #0x10801b9 (android:drawable/btn_radio_on_disabled_holo_dark) that varies with configuration!!
11-08 13:47:22.023  1139  1139 W Resources: Preloaded drawable resource #0x10801b8 (android:drawable/btn_radio_on_disabled_focused_holo_light) that varies with configuration!!
11-08 13:47:22.026  1138  1138 I art     : Explicit concurrent mark sweep GC freed 665(31KB) AllocSpace objects, 0(0B) LOS objects, 33% free, 5MB/8MB, paused 239us total 9.996ms
11-08 13:47:22.027  1139  1139 I art     : Explicit concurrent mark sweep GC freed 284(53KB) AllocSpace objects, 0(0B) LOS objects, 66% free, 1548KB/4MB, paused 290us total 4.133ms
11-08 13:47:22.028  1139  1139 W Resources: Preloaded drawable resource #0x10801b7 (android:drawable/btn_radio_on_disabled_focused_holo_dark) that varies with configuration!!
11-08 13:47:22.029  1139  1139 W Resources: Preloaded drawable resource #0x10801b3 (android:drawable/btn_radio_off_pressed_holo_light) that varies with configuration!!
11-08 13:47:22.030  1139  1139 W Resources: Preloaded drawable resource #0x10801b2 (android:drawable/btn_radio_off_pressed_holo_dark) that varies with configuration!!
11-08 13:47:22.031  1139  1139 W Resources: Preloaded drawable resource #0x10801af (android:drawable/btn_radio_off_holo_light) that varies with configuration!!
11-08 13:47:22.031  1139  1139 W Resources: Preloaded drawable resource #0x10801ae (android:drawable/btn_radio_off_holo_dark) that varies with configuration!!
11-08 13:47:22.032  1139  1139 W Resources: Preloaded drawable resource #0x10801ac (android:drawable/btn_radio_off_focused_holo_light) that varies with configuration!!
11-08 13:47:22.032  1139  1139 W Resources: Preloaded drawable resource #0x10801ab (android:drawable/btn_radio_off_focused_holo_dark) that varies with configuration!!
