11-20 13:37:07.286  1478  1478 V BackupManagerService: Registering transport android/com.android.internal.backup.LocalTransportService::android/com.android.internal.backup.LocalTransport = android.app.backup.BackupTransport$TransportImpl@3b85c408
11-20 13:37:07.288  1130  1165 D gralloc_ranchu: gralloc_alloc: Creating ashmem region of size 614400
11-20 13:37:07.299  1655  1655 I ContactsDatabaseHelper: Bootstrapping database version: 910
11-20 13:37:07.326  1655  1655 I ContactsProviderV1: Bootstrapping database legacy support
11-20 13:37:07.353  1655  1655 I ContactsDatabaseHelper: Bootstrapping database version: 910
11-20 13:37:07.374  1655  1655 I ContactsProviderV1: Bootstrapping database legacy support
11-20 13:37:07.398  1655  1655 I ContactsProvider: Locale has changed from null to en-US
11-20 13:37:07.398  1655  1655 I ContactsDatabaseHelper: Switching to locale en-US (ICU v53.1.0.1)
11-20 13:37:07.413  1655  1655 I ContactsDatabaseHelper: Locale change completed in 15ms
11-20 13:37:07.414  1655  1655 I ContactsDatabaseHelper: Switching to locale en-US (ICU v53.1.0.1)
11-20 13:37:07.427  1655  1655 I ContactsDatabaseHelper: Locale change completed in 13ms
11-20 13:37:07.509  1676  1676 E libprocessgroup: failed to make and chown /acct/uid_10008: Read-only file system
11-20 13:37:07.509  1676  1676 W Zygote  : createProcessGroup failed, kernel missing CONFIG_CGROUP_CPUACCT?
11-20 13:37:07.512  1478  1495 I ActivityManager: Start proc com.android.managedprovisioning for broadcast com.android.managedprovisioning/.PreBootListener: pid=1676 uid=10008 gids={50008, 9997, 1028, 3003} abi=x86
11-20 13:37:07.522  1478  1654 I ActivityManager: Launching preboot mode app: ProcessRecord{3fdf17a1 1676:com.android.managedprovisioning/u0a8}
11-20 13:37:07.543  1692  1692 E libprocessgroup: failed to make and chown /acct/uid_10005: Read-only file system
11-20 13:37:07.543  1692  1692 W Zygote  : createProcessGroup failed, kernel missing CONFIG_CGROUP_CPUACCT?
11-20 13:37:07.545  1478  1496 I ActivityManager: Start proc android.process.media for broadcast com.android.providers.media/.MediaUpgradeReceiver: pid=1692 uid=10005 gids={50005, 9997, 1028, 1015, 1023, 1024, 2001, 3003, 3007} abi=x86
11-20 13:37:07.551  1478  1495 I ActivityManager: Launching preboot mode app: ProcessRecord{12b64dc6 1692:android.process.media/u0a5}
11-20 13:37:07.594  1709  1709 E libprocessgroup: failed to make and chown /acct/uid_1000: Read-only file system
11-20 13:37:07.594  1709  1709 W Zygote  : createProcessGroup failed, kernel missing CONFIG_CGROUP_CPUACCT?
11-20 13:37:07.595  1478  1653 I ActivityManager: Start proc com.android.settings for broadcast com.android.settings/.ManagedProfileSetup: pid=1709 uid=1000 gids={41000, 9997, 1028, 1015, 3002, 3001, 3003} abi=x86
11-20 13:37:07.605  1478  1654 I ActivityManager: Launching preboot mode app: ProcessRecord{3075a187 1709:com.android.settings/1000}
11-20 13:37:07.612  1478  1500 I ActivityManager: Removing system update proc: ProcessRecord{3dfc4469 1635:com.android.providers.calendar/u0a1}
11-20 13:37:07.612  1478  1500 I ActivityManager: Killing 1635:com.android.providers.calendar/u0a1 (adj 15): system update done
11-20 13:37:07.612  1478  1500 W libprocessgroup: failed to open /acct/uid_10001/pid_1635/cgroup.procs: No such file or directory
11-20 13:37:07.612  1478  1500 I ActivityManager: Removing system update proc: ProcessRecord{13774eee 1655:android.process.acore/u0a2}
11-20 13:37:07.612  1478  1500 I ActivityManager: Killing 1655:android.process.acore/u0a2 (adj 15): system update done
11-20 13:37:07.612  1478  1500 W libprocessgroup: failed to open /acct/uid_10002/pid_1655/cgroup.procs: No such file or directory
11-20 13:37:07.612  1478  1500 I ActivityManager: Removing system update proc: ProcessRecord{3fdf17a1 1676:com.android.managedprovisioning/u0a8}
11-20 13:37:07.612  1478  1500 I ActivityManager: Killing 1676:com.android.managedprovisioning/u0a8 (adj 13): system update done
11-20 13:37:07.612  1478  1500 W libprocessgroup: failed to open /acct/uid_10008/pid_1676/cgroup.procs: No such file or directory
11-20 13:37:07.612  1478  1500 I ActivityManager: Removing system update proc: ProcessRecord{12b64dc6 1692:android.process.media/u0a5}
11-20 13:37:07.612  1478  1500 I ActivityManager: Killing 1692:android.process.media/u0a5 (adj 11): system update done
11-20 13:37:07.612  1478  1500 W libprocessgroup: failed to open /acct/uid_10005/pid_1692/cgroup.procs: No such file or directory
11-20 13:37:07.612  1478  1500 I ActivityManager: Removing system update proc: ProcessRecord{3075a187 1709:com.android.settings/1000}
11-20 13:37:07.612  1478  1500 I ActivityManager: Killing 1709:com.android.settings/1000 (adj 9): system update done
11-20 13:37:07.612  1478  1500 W libprocessgroup: failed to open /acct/uid_1000/pid_1709/cgroup.procs: No such file or directory
11-20 13:37:07.612  1478  1500 I ActivityManager: System now ready
11-20 13:37:07.616  1478  1500 I SystemServer: Making services ready
11-20 13:37:07.616  1478  1500 I SystemServiceManager: Starting phase 550
11-20 13:37:07.616  1478  1500 I SystemServer: WebViewFactory preparation
11-20 13:37:07.621  1726  1726 E libprocessgroup: failed to make and chown /acct/uid_1037: Read-only file system
11-20 13:37:07.621  1726  1726 W Zygote  : createProcessGroup failed, kernel missing CONFIG_CGROUP_CPUACCT?
11-20 13:37:07.626  1726  1726 V WebViewFactory: RelroFileCreator (64bit = false),  32-bit lib: /system/app/webview/lib/x86/libwebviewchromium.so, 64-bit lib: 
11-20 13:37:07.628  1478  1500 I ActivityManager: Start proc WebViewLoader-x86 [android.webkit.WebViewFactory$RelroFileCreator] for : pid=1726 uid=1037 gids={} abi=x86
11-20 13:37:07.632  1742  1742 E libprocessgroup: failed to make and chown /acct/uid_10012: Read-only file system
11-20 13:37:07.632  1742  1742 W Zygote  : createProcessGroup failed, kernel missing CONFIG_CGROUP_CPUACCT?
11-20 13:37:07.639  1478  1500 I ActivityManager: Start proc com.android.systemui for service com.android.systemui/.SystemUIService: pid=1742 uid=10012 gids={50012, 9997, 1028, 1015, 1035, 3002, 3001, 3006} abi=x86
11-20 13:37:07.642  1478  1500 D NetworkManagementService: not enabling bandwidth control
11-20 13:37:07.648  1742  1742 V SystemUIService: Starting SystemUI services.
11-20 13:37:07.649  1726  1726 I art     : System.exit called, status: 0
11-20 13:37:07.649  1726  1726 I AndroidRuntime: VM exiting with result code 0, cleanup skipped.
11-20 13:37:07.656  1478  1495 V FingerprintService: startListening(android.service.fingerprint.IFingerprintServiceReceiver$Stub$Proxy@3115e7c)
11-20 13:37:07.658  1478  1500 W NetworkStats: bandwidth controls disabled, unable to track stats
11-20 13:37:07.658  1478  1500 W NetworkPolicy: bandwidth controls disabled, unable to enforce policy
11-20 13:37:07.663  1139  1770 E WVMExtractor: Failed to open libwvm.so: dlopen failed: library "libwvm.so" not found
11-20 13:37:07.665  1139  1139 D NuPlayerDriver: start(0xb6250ca0)
11-20 13:37:07.665  1139  1769 I GenericSource: start
11-20 13:37:07.672  1478  1500 D PermissionMonitor: Monitoring
11-20 13:37:07.672  1478  1500 D PermissionMonitor: Users: 1, Apps: 49
11-20 13:37:07.673  1478  1500 I SystemServiceManager: Starting phase 600
11-20 13:37:07.673  1478  1621 E BluetoothAdapter: Bluetooth binder is null
11-20 13:37:07.673  1478  1621 E BluetoothAdapter: Bluetooth binder is null
11-20 13:37:07.674  1478  1500 D ConditionProviders: onServiceAdded ManagedServiceInfo[component=ComponentInfo{android/com.android.server.notification.CountdownConditionProvider},userid=0,isSystem=true,targetSdkVersion=21,connection=null,service=android.service.notification.ConditionProviderService$Provider@28b50114]
11-20 13:37:07.674  1478  1500 D ConditionProviders: onServiceAdded ManagedServiceInfo[component=ComponentInfo{android/com.android.server.notification.DowntimeConditionProvider},userid=0,isSystem=true,targetSdkVersion=21,connection=null,service=android.service.notification.ConditionProviderService$Provider@24ddbdbd]
11-20 13:37:07.675  1478  1500 I BackupManagerService: Backup enabled => true
11-20 13:37:07.684  1139  1776 E OMXNodeInstance: getParameter(100663311) ERROR: 0x8000101a
11-20 13:37:07.684  1139  1776 E OMXNodeInstance: getParameter(100663297) ERROR: 0x8000101a
11-20 13:37:07.686  1139  1776 E OMXNodeInstance: getParameter(100663311) ERROR: 0x8000101a
11-20 13:37:07.686  1139  1776 E OMXNodeInstance: getParameter(100663297) ERROR: 0x8000101a
11-20 13:37:07.687  1139  1776 E OMXNodeInstance: getParameter(100663311) ERROR: 0x8000101a
11-20 13:37:07.687  1139  1776 E OMXNodeInstance: getParameter(100663297) ERROR: 0x8000101a
11-20 13:37:07.690  1139  1776 E OMXNodeInstance: getParameter(100663311) ERROR: 0x8000101a
11-20 13:37:07.690  1139  1776 E OMXNodeInstance: getParameter(100663297) ERROR: 0x8000101a
11-20 13:37:07.692  1139  1776 E OMXNodeInstance: getParameter(100663311) ERROR: 0x8000101a
11-20 13:37:07.692  1139  1776 E OMXNodeInstance: getParameter(100663297) ERROR: 0x8000101a
11-20 13:37:07.693  1139  1776 E OMXNodeInstance: getParameter(100663311) ERROR: 0x8000101a
11-20 13:37:07.693  1139  1776 E OMXNodeInstance: getParameter(100663297) ERROR: 0x8000101a
11-20 13:37:07.695  1139  1776 E OMXNodeInstance: getParameter(100663311) ERROR: 0x8000101a
11-20 13:37:07.695  1139  1776 E OMXNodeInstance: getParameter(100663297) ERROR: 0x8000101a
11-20 13:37:07.696  1139  1776 E OMXNodeInstance: getParameter(100663311) ERROR: 0x8000101a
11-20 13:37:07.696  1139  1776 E OMXNodeInstance: getParameter(100663297) ERROR: 0x8000101a
11-20 13:37:07.697  1139  1776 E OMXNodeInstance: getParameter(100663311) ERROR: 0x8000101a
11-20 13:37:07.697  1139  1776 E OMXNodeInstance: getParameter(100663297) ERROR: 0x8000101a
11-20 13:37:07.700  1139  1776 E OMXNodeInstance: getParameter(100663311) ERROR: 0x8000101a
11-20 13:37:07.700  1139  1776 E OMXNodeInstance: getParameter(100663297) ERROR: 0x8000101a
11-20 13:37:07.702  1139  1776 E OMXNodeInstance: getParameter(100663311) ERROR: 0x8000101a
11-20 13:37:07.702  1139  1776 E OMXNodeInstance: getParameter(100663297) ERROR: 0x8000101a
11-20 13:37:07.703  1139  1776 E OMXNodeInstance: getParameter(100663311) ERROR: 0x8000101a
11-20 13:37:07.703  1139  1776 E OMXNodeInstance: getParameter(100663297) ERROR: 0x8000101a
11-20 13:37:07.705  1139  1776 E OMXNodeInstance: getParameter(100663311) ERROR: 0x8000101a
11-20 13:37:07.705  1139  1776 E OMXNodeInstance: getParameter(100663297) ERROR: 0x8000101a
11-20 13:37:07.707  1139  1776 E OMXNodeInstance: getParameter(100663311) ERROR: 0x8000101a
11-20 13:37:07.707  1139  1776 E OMXNodeInstance: getParameter(100663297) ERROR: 0x8000101a
11-20 13:37:07.708  1139  1776 E OMXNodeInstance: getParameter(100663311) ERROR: 0x8000100e
11-20 13:37:07.708  1139  1776 E OMXNodeInstance: getParameter(100663297) ERROR: 0x8000100e
11-20 13:37:07.708  1139  1776 E OMXNodeInstance: OMX_GetExtensionIndex OMX.google.android.index.storeMetaDataInBuffers failed
11-20 13:37:07.709  1139  1776 E OMXNodeInstance: getParameter(100663311) ERROR: 0x8000100e
11-20 13:37:07.709  1139  1776 E OMXNodeInstance: getParameter(100663297) ERROR: 0x8000100e
11-20 13:37:07.709  1139  1776 E OMXNodeInstance: OMX_GetExtensionIndex OMX.google.android.index.storeMetaDataInBuffers failed
11-20 13:37:07.711  1139  1776 E OMXNodeInstance: getParameter(100663311) ERROR: 0x8000100e
11-20 13:37:07.711  1139  1776 E OMXNodeInstance: getParameter(100663297) ERROR: 0x8000100e
11-20 13:37:07.711  1139  1776 E OMXNodeInstance: OMX_GetExtensionIndex OMX.google.android.index.storeMetaDataInBuffers failed
11-20 13:37:07.713  1139  1776 D SoftHEVC: Number of CPU cores: 2
11-20 13:37:07.713  1139  1776 D SoftHEVC: Initializing decoder
11-20 13:37:07.713  1139  1776 D SoftHEVC: Set number of cores to 2
11-20 13:37:07.713  1139  1776 D SoftHEVC: Ittiam decoder version number: @(#)Id:HEVCDEC_production Ver:04.01 Released by ITTIAM Build: Jul 12 2017 @ 19:58:48
11-20 13:37:07.713  1139  1776 E OMXNodeInstance: getParameter(100663311) ERROR: 0x8000100e
11-20 13:37:07.713  1139  1776 E OMXNodeInstance: getParameter(100663297) ERROR: 0x8000100e
11-20 13:37:07.713  1139  1776 E OMXNodeInstance: OMX_GetExtensionIndex OMX.google.android.index.storeMetaDataInBuffers failed
11-20 13:37:07.713  1139  1776 D SoftHEVC: Freeing codec memory
11-20 13:37:07.714  1139  1776 D SoftHEVC: Number of CPU cores: 2
11-20 13:37:07.714  1139  1776 D SoftHEVC: Initializing decoder
11-20 13:37:07.714  1139  1776 D SoftHEVC: Set number of cores to 2
11-20 13:37:07.714  1139  1776 D SoftHEVC: Ittiam decoder version number: @(#)Id:HEVCDEC_production Ver:04.01 Released by ITTIAM Build: Jul 12 2017 @ 19:58:48
11-20 13:37:07.714  1139  1776 D SoftHEVC: In SoftHEVC::~SoftHEVC
11-20 13:37:07.714  1139  1776 D SoftHEVC: Freeing codec memory
11-20 13:37:07.716  1139  1776 E OMXNodeInstance: getParameter(100663311) ERROR: 0x8000100e
11-20 13:37:07.716  1139  1776 E OMXNodeInstance: getParameter(100663297) ERROR: 0x8000100e
11-20 13:37:07.716  1139  1776 E OMXNodeInstance: OMX_GetExtensionIndex OMX.google.android.index.storeMetaDataInBuffers failed
11-20 13:37:07.716  1139  1776 E OMXNodeInstance: getParameter(100663311) ERROR: 0x8000100e
11-20 13:37:07.716  1139  1776 E OMXNodeInstance: getParameter(100663297) ERROR: 0x8000100e
11-20 13:37:07.716  1139  1776 E OMXNodeInstance: OMX_GetExtensionIndex OMX.google.android.index.storeMetaDataInBuffers failed
11-20 13:37:07.718  1139  1776 I SoftMPEG4Encoder: Construct SoftMPEG4Encoder
11-20 13:37:07.718  1139  1776 E OMXNodeInstance: getParameter(100663311) ERROR: 0x8000100e
11-20 13:37:07.718  1139  1776 W ACodec  : do not know color format 0x7f000789 = 2130708361
11-20 13:37:07.718  1139  1776 E OMXNodeInstance: getParameter(100663297) ERROR: 0x8000100e
11-20 13:37:07.720  1139  1776 I SoftAVCEncoder: Construct SoftAVCEncoder
11-20 13:37:07.720  1139  1776 E OMXNodeInstance: getParameter(100663311) ERROR: 0x8000100e
11-20 13:37:07.720  1139  1776 W ACodec  : do not know color format 0x7f000789 = 2130708361
11-20 13:37:07.720  1139  1776 E OMXNodeInstance: getParameter(100663297) ERROR: 0x8000100e
11-20 13:37:07.721  1139  1776 I SoftMPEG4Encoder: Construct SoftMPEG4Encoder
11-20 13:37:07.721  1139  1776 E OMXNodeInstance: getParameter(100663311) ERROR: 0x8000100e
11-20 13:37:07.721  1139  1776 W ACodec  : do not know color format 0x7f000789 = 2130708361
11-20 13:37:07.721  1139  1776 E OMXNodeInstance: getParameter(100663297) ERROR: 0x8000100e
11-20 13:37:07.723  1139  1776 E OMXNodeInstance: getParameter(100663311) ERROR: 0x8000100e
11-20 13:37:07.723  1139  1776 W ACodec  : do not know color format 0x7f000789 = 2130708361
11-20 13:37:07.723  1139  1776 E OMXNodeInstance: getParameter(100663297) ERROR: 0x8000100e
11-20 13:37:07.735  1139  1139 D NuPlayerDriver: reset(0xb6250ca0)
11-20 13:37:07.737  1139  1769 D NuPlayerDriver: notifyResetComplete(0xb6250ca0)
11-20 13:37:07.744  1139  1622 D NuPlayerDriver: start(0xb520c040)
11-20 13:37:07.744  1139  1832 I GenericSource: start
11-20 13:37:07.751  1139  1622 D NuPlayerDriver: reset(0xb520c040)
11-20 13:37:07.758  1139  1832 D NuPlayerDriver: notifyResetComplete(0xb520c040)
11-20 13:37:07.762  1478  1500 E InputMethodManagerService: Ignoring setImeWindowStatus due to an invalid token. uid:1000 token:null
11-20 13:37:07.764  1478  1500 W InputMethodManagerService: Reset the default IME as "Resource" is ready here.
11-20 13:37:07.765  1478  1500 I InputMethodManagerService: Selected default: com.android.inputmethod.latin/.LatinIME
11-20 13:37:07.766  1139  1540 D NuPlayerDriver: start(0xb540d040)
11-20 13:37:07.767  1139  1840 I GenericSource: start
11-20 13:37:07.771  1478  1503 I ActivityManager: Config changes=20 {1.0 ?mcc?mnc en_US ldltr sw320dp w320dp h455dp 160dpi nrml port finger -keyb/v/h tball/v s.6}
11-20 13:37:07.777  1848  1848 E libprocessgroup: failed to make and chown /acct/uid_10030: Read-only file system
11-20 13:37:07.777  1848  1848 W Zygote  : createProcessGroup failed, kernel missing CONFIG_CGROUP_CPUACCT?
11-20 13:37:07.783  1142  1142 I art     : Explicit concurrent mark sweep GC freed 707(30KB) AllocSpace objects, 0(0B) LOS objects, 90% free, 110KB/1134KB, paused 34us total 5.598ms
11-20 13:37:07.785  1478  1500 I ActivityManager: Start proc com.android.inputmethod.latin for service com.android.inputmethod.latin/.LatinIME: pid=1848 uid=10030 gids={50030, 9997, 1028, 1015} abi=x86
11-20 13:37:07.785  1478  1500 V InputMethodManagerService: Adding window token: android.os.Binder@4cfa30c
11-20 13:37:07.788  1478  1478 W InputMethodManagerService: Illegal subtype state: old subtype = null, new subtype = android.view.inputmethod.InputMethodSubtype@c9194f98
11-20 13:37:07.789  1139  1540 D NuPlayerDriver: reset(0xb540d040)
11-20 13:37:07.790  1478  1478 V ActivityManager: Display changed displayId=0
11-20 13:37:07.791  1478  1500 D GpsLocationProvider: Reset GPS properties, previous size = 0
11-20 13:37:07.791  1478  1500 D GpsLocationProvider: GpsParamsResource: SUPL_HOST=supl.google.com
11-20 13:37:07.791  1478  1500 D GpsLocationProvider: GpsParamsResource: SUPL_PORT=7275
11-20 13:37:07.791  1478  1500 D GpsLocationProvider: GpsParamsResource: NTP_SERVER=north-america.pool.ntp.org
11-20 13:37:07.791  1478  1500 D GpsLocationProvider: GpsParamsResource: SUPL_VER=0x20000
11-20 13:37:07.791  1478  1500 D GpsLocationProvider: GpsParamsResource: SUPL_MODE=1
11-20 13:37:07.791  1478  1500 W GpsLocationProvider: Could not open GPS configuration file /etc/gps.conf
11-20 13:37:07.791  1478  1500 D GpsLocationProvider: GPS properties reloaded, size = 5
11-20 13:37:07.791  1478  1500 E GpsLocationProvider: no AGPS interface in set_agps_server
11-20 13:37:07.791  1478  1500 E GpsLocationProvider: no GPS configuration interface in configuraiton_update
11-20 13:37:07.791  1478  1500 D GpsLocationProvider: final config = #Mon Nov 20 13:37:07 GMT+00:00 2017
11-20 13:37:07.791  1478  1500 D GpsLocationProvider: SUPL_VER=0x20000
11-20 13:37:07.791  1478  1500 D GpsLocationProvider: SUPL_HOST=supl.google.com
11-20 13:37:07.791  1478  1500 D GpsLocationProvider: NTP_SERVER=north-america.pool.ntp.org
11-20 13:37:07.791  1478  1500 D GpsLocationProvider: SUPL_PORT=7275
11-20 13:37:07.791  1478  1500 D GpsLocationProvider: SUPL_MODE=1
11-20 13:37:07.793  1478  1500 W ServiceWatcher: com.google.android.location not found
11-20 13:37:07.793  1478  1500 W ServiceWatcher: com.google.android.location not found
11-20 13:37:07.793  1478  1500 W LocationManagerService: no network location provider found
11-20 13:37:07.793  1478  1500 W ServiceWatcher: com.google.android.location not found
11-20 13:37:07.795  1478  1478 W ResourcesManager: Asset path '/system/framework/com.android.location.provider.jar' does not exist or contains no resources.
11-20 13:37:07.796  1139  1840 D NuPlayerDriver: notifyResetComplete(0xb540d040)
11-20 13:37:07.796  1742  1742 D VolumeUI: Registering volume controller
11-20 13:37:07.797  1142  1142 I art     : Explicit concurrent mark sweep GC freed 5(160B) AllocSpace objects, 0(0B) LOS objects, 90% free, 110KB/1134KB, paused 25us total 7.650ms
11-20 13:37:07.801  1139  1139 D NuPlayerDriver: start(0xb6250ca0)
11-20 13:37:07.801  1139  1855 I GenericSource: start
11-20 13:37:07.802  1142  1142 I art     : Explicit concurrent mark sweep GC freed 5(160B) AllocSpace objects, 0(0B) LOS objects, 90% free, 110KB/1134KB, paused 25us total 2.879ms
11-20 13:37:07.803  1478  1500 W ServiceWatcher: com.google.android.location not found
11-20 13:37:07.803  1478  1500 E LocationManagerService: no geocoder provider found
11-20 13:37:07.805  1478  1500 E FlpHardwareProvider: Error hw_get_module 'flp': -2
11-20 13:37:07.805  1478  1500 E LocationManagerService: FLP HAL not supported
11-20 13:37:07.805  1478  1500 W ServiceWatcher: com.google.android.location not found
11-20 13:37:07.805  1478  1500 E LocationManagerService: Unable to bind FLP Geofence proxy.
11-20 13:37:07.806  1478  1500 E ActivityRecognitionHardware: Error hw_get_module: -2
11-20 13:37:07.806  1478  1500 E LocationManagerService: Hardware Activity-Recognition not supported.
11-20 13:37:07.808  1478  1500 I CommonTimeManagementService: No common time service detected on this platform.  Common time services will be unavailable.
11-20 13:37:07.808  1478  1550 I InputReader: Reconfiguring input devices.  changes=0x00000020
11-20 13:37:07.811  1478  1500 I MmsServiceBroker: Connecting to MmsService
11-20 13:37:07.813  1478  1500 W ContextImpl: Calling a method in the system process without a qualified user: android.app.ContextImpl.bindService:1750 com.android.server.MmsServiceBroker.tryConnecting:134 com.android.server.MmsServiceBroker.systemRunning:121 com.android.server.SystemServer$2.run:1182 com.android.server.am.ActivityManagerService.systemReady:11326 
11-20 13:37:07.815  1478  1550 I InputReader: Reconfiguring input devices.  changes=0x00000010
11-20 13:37:07.815  1478  1499 E GpsLocationProvider: no AGPS interface in set_agps_server
11-20 13:37:07.818  1139  1139 D NuPlayerDriver: reset(0xb6250ca0)
11-20 13:37:07.819  1879  1879 E libprocessgroup: failed to make and chown /acct/uid_1001: Read-only file system
11-20 13:37:07.819  1879  1879 W Zygote  : createProcessGroup failed, kernel missing CONFIG_CGROUP_CPUACCT?
11-20 13:37:07.822  1139  1855 D NuPlayerDriver: notifyResetComplete(0xb6250ca0)
11-20 13:37:07.824  1478  1500 I ActivityManager: Start proc com.android.phone for service com.android.mms.service/.MmsService: pid=1879 uid=1001 gids={41001, 9997, 3002, 3001, 3003, 1028, 1015} abi=x86
11-20 13:37:07.824  1478  1500 W VoiceInteractionManagerService: no available voice interaction services found for user 0
11-20 13:37:07.824  1478  1500 W VoiceInteractionManagerService: no available voice recognition services found for user 0
11-20 13:37:07.827  1848  1848 I LatinIME: Hardware accelerated drawing: true
11-20 13:37:07.831  1139  1622 D NuPlayerDriver: start(0xb520c040)
11-20 13:37:07.831  1139  1886 I GenericSource: start
11-20 13:37:07.842  1478  1500 I ActivityManager: Start proc com.android.server.telecom for added application com.android.server.telecom: pid=1904 uid=1001 gids={41001, 9997, 3002, 3001, 3003, 1028, 1015} abi=x86
11-20 13:37:07.846  1904  1904 E libprocessgroup: failed to make and chown /acct/uid_1001: Read-only file system
11-20 13:37:07.846  1904  1904 W Zygote  : createProcessGroup failed, kernel missing CONFIG_CGROUP_CPUACCT?
11-20 13:37:07.847  1139  1622 D NuPlayerDriver: reset(0xb520c040)
11-20 13:37:07.850  1139  1886 D NuPlayerDriver: notifyResetComplete(0xb520c040)
11-20 13:37:07.856  1139  1540 D NuPlayerDriver: start(0xb540d040)
11-20 13:37:07.856  1139  1912 I GenericSource: start
11-20 13:37:07.866  1928  1928 E libprocessgroup: failed to make and chown /acct/uid_1001: Read-only file system
11-20 13:37:07.866  1928  1928 W Zygote  : createProcessGroup failed, kernel missing CONFIG_CGROUP_CPUACCT?
11-20 13:37:07.868  1478  1500 I ActivityManager: Start proc com.android.phone for added application com.android.phone: pid=1928 uid=1001 gids={41001, 9997, 3002, 3001, 3003, 1028, 1015} abi=x86
11-20 13:37:07.868  1478  1500 I ActivityManager: START u0 {act=android.intent.action.MAIN cat=[android.intent.category.HOME] flg=0x10000000 cmp=com.android.settings/.CryptKeeper} from uid 0 on display 0
11-20 13:37:07.874  1139  1540 D NuPlayerDriver: reset(0xb540d040)
11-20 13:37:07.875  1139  1912 D NuPlayerDriver: notifyResetComplete(0xb540d040)
11-20 13:37:07.877  1945  1945 E libprocessgroup: failed to make and chown /acct/uid_1000: Read-only file system
11-20 13:37:07.877  1945  1945 W Zygote  : createProcessGroup failed, kernel missing CONFIG_CGROUP_CPUACCT?
11-20 13:37:07.884  1478  1500 I ActivityManager: Start proc com.android.settings for activity com.android.settings/.CryptKeeper: pid=1945 uid=1000 gids={41000, 9997, 1028, 1015, 3002, 3001, 3003} abi=x86
11-20 13:37:07.885  1848  1848 W InputAttributes: No editor info for this field. Bug?
11-20 13:37:07.892  1139  1139 D NuPlayerDriver: start(0xb6250ca0)
11-20 13:37:07.892  1139  1944 I GenericSource: start
11-20 13:37:07.892  1848  1971 I LatinIME:LogUtils: Dictionary info: dictionary = UserHistoryDictionary.en_US ; version = 1511185027 ; date = ?
11-20 13:37:07.892  1965  1965 E libprocessgroup: failed to make and chown /acct/uid_10039: Read-only file system
11-20 13:37:07.893  1965  1965 W Zygote  : createProcessGroup failed, kernel missing CONFIG_CGROUP_CPUACCT?
11-20 13:37:07.895  1848  1976 I LatinIME:LogUtils: Dictionary info: dictionary = userunigram.en_US ; version = 1511185027 ; date = ?
11-20 13:37:07.896  1478  1499 I ActivityManager: Start proc com.android.printspooler for service com.android.printspooler/.model.PrintSpoolerService: pid=1965 uid=10039 gids={50039, 9997} abi=x86
11-20 13:37:07.900  1848  1979 I LatinIME:LogUtils: Dictionary info: dictionary = ContextualDictionary.en_US ; version = 1511185027 ; date = ?
11-20 13:37:07.900  1848  1978 I LatinIME:LogUtils: Dictionary info: dictionary = contacts.en_US ; version = 1511185027 ; date = ?
11-20 13:37:07.902  1478  1654 W ActivityManager: No pending application record for pid 1879 (IApplicationThread android.app.ApplicationThreadProxy@df9c6e2); dropping process
11-20 13:37:07.904  1848  1972 I LatinIME:LogUtils: Dictionary info: dictionary = PersonalizationDictionary.en_US ; version = 1511185027 ; date = ?
11-20 13:37:07.914  1996  1996 E libprocessgroup: failed to make and chown /acct/uid_10002: Read-only file system
11-20 13:37:07.914  1996  1996 W Zygote  : createProcessGroup failed, kernel missing CONFIG_CGROUP_CPUACCT?
11-20 13:37:07.915  1478  1961 I ActivityManager: Start proc android.process.acore for content provider com.android.providers.userdictionary/.UserDictionaryProvider: pid=1996 uid=10002 gids={50002, 9997, 3003, 1028, 1015} abi=x86
11-20 13:37:07.915  1478  1478 V WiredAccessoryManager: init()
11-20 13:37:07.919  1478  1478 D GpsNetInitiatedHandler: location enabled :true
11-20 13:37:07.925  1904  1904 E BluetoothAdapter: Bluetooth binder is null
11-20 13:37:07.926  1139  1139 D NuPlayerDriver: reset(0xb6250ca0)
11-20 13:37:07.934  1139  1944 D NuPlayerDriver: notifyResetComplete(0xb6250ca0)
11-20 13:37:07.937  1965  1965 I PrintSpoolerService: No existing print spooler state.
11-20 13:37:07.939  1478  1478 W AppWidgetServiceImpl: Failed to read state: java.io.FileNotFoundException: /data/system/users/0/appwidgets.xml: open failed: ENOENT (No such file or directory)
11-20 13:37:07.939  1478  1478 V AppWidgetServiceImpl: Upgrading widget database from 0 to 1
11-20 13:37:07.943  1478  1995 I ActivityManager: START u0 {act=android.intent.action.MAIN cat=[android.intent.category.HOME] flg=0x10000000 cmp=com.android.sdksetup/.DefaultActivity} from uid 0 on display 0
11-20 13:37:07.943  1478  1927 I StatusBarManagerService: registerStatusBar bar=com.android.internal.statusbar.IStatusBar$Stub$Proxy@34af54cb
11-20 13:37:07.950  1904  1904 E BluetoothAdapter: Bluetooth binder is null
11-20 13:37:07.956  1130  1163 D PermissionCache: checking android.permission.HARDWARE_TEST for uid=1000 => granted (112 us)
11-20 13:37:07.962  1139  1540 D NuPlayerDriver: start(0xb540d040)
11-20 13:37:07.962  1139  2009 I GenericSource: start
11-20 13:37:07.965  1478  1995 I ActivityManager: Start proc com.android.sdksetup for activity com.android.sdksetup/.DefaultActivity: pid=2017 uid=10042 gids={50042, 9997} abi=x86
11-20 13:37:07.971  1478  1478 I FusedLocation: engine started (com.android.location.fused)
11-20 13:37:07.973  2017  2017 E libprocessgroup: failed to make and chown /acct/uid_10042: Read-only file system
11-20 13:37:07.973  2017  2017 W Zygote  : createProcessGroup failed, kernel missing CONFIG_CGROUP_CPUACCT?
11-20 13:37:07.986  1848  1972 I LatinIME:LogUtils: Dictionary info: dictionary = PersonalizationDictionary.en_US ; version = 1511185027 ; date = ?
11-20 13:37:07.986  1848  1972 I LatinIME:LogUtils: Dictionary info: dictionary = PersonalizationDictionary.en_US ; version = 1511185027 ; date = ?
11-20 13:37:07.993  1139  1540 D NuPlayerDriver: reset(0xb540d040)
11-20 13:37:07.998  1139  2009 D NuPlayerDriver: notifyResetComplete(0xb540d040)
11-20 13:37:08.015  1139  1622 D NuPlayerDriver: start(0xb520c040)
11-20 13:37:08.015  1139  2030 I GenericSource: start
11-20 13:37:08.029  2017  2017 W Settings: Setting install_non_market_apps has moved from android.provider.Settings.Global to android.provider.Settings.Secure, value is unchanged.
11-20 13:37:08.041  1478  1897 I ActivityManager: Force stopping com.android.sdksetup appid=10042 user=0: pkg changed
11-20 13:37:08.041  1478  1897 I ActivityManager: Killing 2017:com.android.sdksetup/u0a42 (adj 0): stop com.android.sdksetup
11-20 13:37:08.041  1478  1897 W libprocessgroup: failed to open /acct/uid_10042/pid_2017/cgroup.procs: No such file or directory
11-20 13:37:08.041  1478  1897 I ActivityManager:   Force finishing activity ActivityRecord{14f938bc u0 com.android.sdksetup/.DefaultActivity t2}
11-20 13:37:08.041  1478  1897 I ActivityManager: START u0 {act=android.intent.action.MAIN cat=[android.intent.category.HOME] flg=0x10000000 cmp=com.android.launcher/com.android.launcher2.Launcher} from uid 0 on display 0
11-20 13:37:08.042  1139  1622 D NuPlayerDriver: reset(0xb520c040)
11-20 13:37:08.043  1139  2030 D NuPlayerDriver: notifyResetComplete(0xb520c040)
11-20 13:37:08.047  1478  1550 I InputReader: Reconfiguring input devices.  changes=0x00000010
11-20 13:37:08.048  1478  1478 D BackupManagerService: Received broadcast Intent { act=android.intent.action.PACKAGE_CHANGED dat=package:com.android.sdksetup flg=0x4000010 (has extras) }
11-20 13:37:08.063  1478  1995 I ActivityManager: Start proc com.android.launcher for broadcast com.android.launcher/com.android.launcher2.PackageChangedReceiver: pid=2047 uid=10007 gids={50007, 9997} abi=x86
11-20 13:37:08.064  2047  2047 E libprocessgroup: failed to make and chown /acct/uid_10007: Read-only file system
11-20 13:37:08.064  2047  2047 W Zygote  : createProcessGroup failed, kernel missing CONFIG_CGROUP_CPUACCT?
11-20 13:37:08.071  1928  1928 D MmsService: onCreate
11-20 13:37:08.072  1478  1478 I MmsServiceBroker: MmsService connected
11-20 13:37:08.073  1928  2062 I MmsService: MmsConfigManager.loadInBackground(): mcc/mnc: 0/0
11-20 13:37:08.073  1928  2062 E MmsService: MmsConfigManager.load -- empty getActiveSubInfoList
11-20 13:37:08.078  1996  2026 I ContactLocale: AddressBook Labels [en-US]: [, A, B, C, D, E, F, G, H, I, J, K, L, M, N, O, P, Q, R, S, T, U, V, W, X, Y, Z, , , , , , , , , , , , , , , , , , , , , , , , , , , , , , , , , , , , , , , , , , , , , , , , , , , , , , , , , , , , , , , , , , , , , , , , , , , , , , , , , , , , , , , , , , , , , , , , , , , , , , , , , , , , , , , , , , , , , , , , , , , , , , , , , , , , , , , , , , , , , , , , , , , , , , , , , , , , , , , , , , , , , , , , , , , , , , , , , , , , , , , , , , , , #, ]
11-20 13:37:08.081  1848  2029 I LatinIME:LogUtils: Dictionary info: dictionary = main:de ; version = 44 ; date = 1393228134
11-20 13:37:08.083  1848  2029 I LatinIME:LogUtils: Dictionary info: dictionary = main:fr ; version = 45 ; date = 1400639634
11-20 13:37:08.084  1848  2029 I LatinIME:LogUtils: Dictionary info: dictionary = main:es ; version = 49 ; date = 1404131686
11-20 13:37:08.084  1848  2029 I LatinIME:LogUtils: Dictionary info: dictionary = main:it ; version = 44 ; date = 1393228135
11-20 13:37:08.085  1848  2029 I LatinIME:LogUtils: Dictionary info: dictionary = main:ru ; version = 50 ; date = 1406597821
11-20 13:37:08.087  1848  2029 I LatinIME:LogUtils: Dictionary info: dictionary = main:en ; version = 47 ; date = 1402373178
11-20 13:37:08.126  1848  2029 I LatinIME:LogUtils: Dictionary info: dictionary = main:en ; version = 47 ; date = 1402373178
11-20 13:37:08.133  1848  2029 I LatinIME:LogUtils: Dictionary info: dictionary = main:en ; version = 47 ; date = 1402373178
11-20 13:37:08.140  1478  1616 D WifiService: New client listening to asynchronous messages
11-20 13:37:08.142  1742  1742 E BluetoothAdapter: Bluetooth binder is null
11-20 13:37:08.142  1742  1742 W BluetoothController: Default BT adapter not found
11-20 13:37:08.142  1848  2029 I LatinIME:LogUtils: Dictionary info: dictionary = main:en ; version = 47 ; date = 1402373178
11-20 13:37:08.144  1478  1927 D ConnectivityService: listenForNetwork for NetworkRequest [ id=2, legacyType=-1, [] ]
11-20 13:37:08.146  1139  1139 V EmulatedCamera_Camera: getCameraInfo
11-20 13:37:08.146  1139  1139 V EmulatedCamera_BaseCamera: getCameraInfo
11-20 13:37:08.146  1139  1139 I CameraService: getCameraCharacteristics: Switching to HAL1 shim implementation...
11-20 13:37:08.146  1139  1139 V EmulatedCamera_Camera: getCameraInfo
11-20 13:37:08.146  1139  1139 V EmulatedCamera_BaseCamera: getCameraInfo
11-20 13:37:08.146  1139  1139 V EmulatedCamera_Camera: getCameraInfo
11-20 13:37:08.146  1139  1139 V EmulatedCamera_BaseCamera: getCameraInfo
11-20 13:37:08.151  1848  2029 I LatinIME:LogUtils: Dictionary info: dictionary = main:en ; version = 47 ; date = 1402373178
11-20 13:37:08.155  1848  2029 I LatinIME:LogUtils: Dictionary info: dictionary = main:en ; version = 47 ; date = 1402373178
11-20 13:37:08.157  1848  2029 I LatinIME:LogUtils: Dictionary info: dictionary = main:en ; version = 47 ; date = 1402373178
11-20 13:37:08.159  1848  2029 I LatinIME:LogUtils: Dictionary info: dictionary = main:en ; version = 47 ; date = 1402373178
11-20 13:37:08.170  1139  1139 I CameraClient: Opening camera 0
11-20 13:37:08.170  1139  1139 V EmulatedCamera_Camera: getCameraInfo
11-20 13:37:08.170  1139  1139 V EmulatedCamera_BaseCamera: getCameraInfo
11-20 13:37:08.170  1139  1139 V EmulatedCamera_Camera: connectCamera
11-20 13:37:08.170  1139  1139 V EmulatedCamera_FakeDevice: connectDevice
11-20 13:37:08.170  1139  1139 V EmulatedCamera_CallbackNotifier: setCallbacks: 0xb6ad8c00, 0xb6ad8fb0, 0xb6ad90c0, 0xb6ad95b0 (0xb6250f40)
11-20 13:37:08.170  1139  1139 V EmulatedCamera_CallbackNotifier: enableMessage: msg_type = 0xc0d
11-20 13:37:08.170  1139  1139 V EmulatedCamera_CallbackNotifier:     CAMERA_MSG_ERROR
11-20 13:37:08.170  1139  1139 V EmulatedCamera_CallbackNotifier:     CAMERA_MSG_FOCUS
11-20 13:37:08.170  1139  1139 V EmulatedCamera_CallbackNotifier:     CAMERA_MSG_ZOOM
11-20 13:37:08.170  1139  1139 V EmulatedCamera_CallbackNotifier:     CAMERA_MSG_PREVIEW_METADATA
11-20 13:37:08.170  1139  1139 V EmulatedCamera_CallbackNotifier: **** Currently enabled messages:
11-20 13:37:08.170  1139  1139 V EmulatedCamera_CallbackNotifier:     CAMERA_MSG_ERROR
11-20 13:37:08.170  1139  1139 V EmulatedCamera_CallbackNotifier:     CAMERA_MSG_FOCUS
11-20 13:37:08.170  1139  1139 V EmulatedCamera_CallbackNotifier:     CAMERA_MSG_ZOOM
11-20 13:37:08.170  1139  1139 V EmulatedCamera_CallbackNotifier:     CAMERA_MSG_PREVIEW_METADATA
11-20 13:37:08.170  1139  1139 V EmulatedCamera_CallbackNotifier: disableMessage: msg_type = 0xffff
11-20 13:37:08.170  1139  1139 V EmulatedCamera_CallbackNotifier:     CAMERA_MSG_ERROR
11-20 13:37:08.170  1139  1139 V EmulatedCamera_CallbackNotifier:     CAMERA_MSG_SHUTTER
11-20 13:37:08.170  1139  1139 V EmulatedCamera_CallbackNotifier:     CAMERA_MSG_FOCUS
11-20 13:37:08.170  1139  1139 V EmulatedCamera_CallbackNotifier:     CAMERA_MSG_ZOOM
11-20 13:37:08.170  1139  1139 V EmulatedCamera_CallbackNotifier:     CAMERA_MSG_PREVIEW_FRAME
11-20 13:37:08.170  1139  1139 V EmulatedCamera_CallbackNotifier:     CAMERA_MSG_VIDEO_FRAME
11-20 13:37:08.170  1139  1139 V EmulatedCamera_CallbackNotifier:     CAMERA_MSG_POSTVIEW_FRAME
11-20 13:37:08.170  1139  1139 V EmulatedCamera_CallbackNotifier:     CAMERA_MSG_RAW_IMAGE
11-20 13:37:08.170  1139  1139 V EmulatedCamera_CallbackNotifier:     CAMERA_MSG_COMPRESSED_IMAGE
11-20 13:37:08.170  1139  1139 V EmulatedCamera_CallbackNotifier:     CAMERA_MSG_RAW_IMAGE_NOTIFY
11-20 13:37:08.170  1139  1139 V EmulatedCamera_CallbackNotifier:     CAMERA_MSG_PREVIEW_METADATA
11-20 13:37:08.170  1139  1139 V EmulatedCamera_CallbackNotifier: **** Currently enabled messages:
11-20 13:37:08.170  1139  1139 V EmulatedCamera_Camera: doStopPreview
11-20 13:37:08.170  1139  1139 V EmulatedCamera_Camera: cancelPicture
11-20 13:37:08.170  1139  1139 V EmulatedCamera_Camera: releaseCamera
11-20 13:37:08.170  1139  1139 V EmulatedCamera_Camera: doStopPreview
11-20 13:37:08.170  1139  1139 V EmulatedCamera_FakeDevice: disconnectDevice
11-20 13:37:08.170  1139  1139 I CameraClient: Destroying camera 0
11-20 13:37:08.170  1139  1139 V EmulatedCamera_Camera: closeCamera
11-20 13:37:08.170  1139  1139 V EmulatedCamera_Camera: doStopPreview
11-20 13:37:08.170  1139  1139 D NuPlayerDriver: reset(0xb6250ca0)
11-20 13:37:08.171  1139  2073 D NuPlayerDriver: notifyResetComplete(0xb6250ca0)
11-20 13:37:08.171  1139  1139 D NuPlayerDriver: reset(0xb6250e80)
11-20 13:37:08.171  1139  2076 D NuPlayerDriver: notifyResetComplete(0xb6250e80)
11-20 13:37:08.172  1139  1540 V EmulatedCamera_Camera: getCameraInfo
11-20 13:37:08.172  1139  1540 V EmulatedCamera_BaseCamera: getCameraInfo
11-20 13:37:08.172  1139  1139 V EmulatedCamera_Camera: getCameraInfo
11-20 13:37:08.172  1139  1139 V EmulatedCamera_BaseCamera: getCameraInfo
11-20 13:37:08.175  2080  2080 E libprocessgroup: failed to make and chown /acct/uid_10027: Read-only file system
11-20 13:37:08.175  2080  2080 W Zygote  : createProcessGroup failed, kernel missing CONFIG_CGROUP_CPUACCT?
11-20 13:37:08.177  1478  1984 I ActivityManager: Start proc com.android.exchange for content provider com.android.exchange/.provider.ExchangeDirectoryProvider: pid=2080 uid=10027 gids={50027, 9997, 3003, 1028, 1015} abi=x86
11-20 13:37:08.193  1742  2099 D OpenGLRenderer: Render dirty regions requested: true
11-20 13:37:08.194  1742  1742 D         : HostConnection::get() New Host Connection established 0xad69c290, tid 1742
11-20 13:37:08.209  2102  2102 E libprocessgroup: failed to make and chown /acct/uid_10025: Read-only file system
11-20 13:37:08.209  2102  2102 W Zygote  : createProcessGroup failed, kernel missing CONFIG_CGROUP_CPUACCT?
11-20 13:37:08.214  1478  1927 I ActivityManager: Start proc com.android.email for content provider com.android.email/.provider.EmailProvider: pid=2102 uid=10025 gids={50025, 9997, 3003, 1028, 1015} abi=x86
11-20 13:37:08.215  1996  2026 I ContactDirectoryManager: deleted 0 stale rows which don't have any relevant directory
11-20 13:37:08.219  2047  2066 W Resources: Converting to int: TypedValue{t=0x3/d=0x15 "2" a=-1}
11-20 13:37:08.219  2047  2066 W Resources: Converting to int: TypedValue{t=0x3/d=0x15 "2" a=-1}
11-20 13:37:08.235  2047  2066 W Launcher.LauncherProvider: Unable to add favorite: com.android.camera2/com.android.camera.CameraLauncher
11-20 13:37:08.235  2047  2066 W Launcher.LauncherProvider: android.content.pm.PackageManager$NameNotFoundException: ComponentInfo{com.android.camera2/com.android.camera.CameraLauncher}
11-20 13:37:08.235  2047  2066 W Launcher.LauncherProvider: 	at android.app.ApplicationPackageManager.getActivityInfo(ApplicationPackageManager.java:314)
11-20 13:37:08.235  2047  2066 W Launcher.LauncherProvider: 	at com.android.launcher2.LauncherProvider$DatabaseHelper.addAppShortcut(LauncherProvider.java:997)
11-20 13:37:08.235  2047  2066 W Launcher.LauncherProvider: 	at com.android.launcher2.LauncherProvider$DatabaseHelper.loadFavorites(LauncherProvider.java:901)
11-20 13:37:08.235  2047  2066 W Launcher.LauncherProvider: 	at com.android.launcher2.LauncherProvider$DatabaseHelper.access$000(LauncherProvider.java:254)
11-20 13:37:08.235  2047  2066 W Launcher.LauncherProvider: 	at com.android.launcher2.LauncherProvider.loadDefaultFavoritesIfNecessary(LauncherProvider.java:238)
11-20 13:37:08.235  2047  2066 W Launcher.LauncherProvider: 	at com.android.launcher2.LauncherModel$LoaderTask.loadWorkspace(LauncherModel.java:1276)
11-20 13:37:08.235  2047  2066 W Launcher.LauncherProvider: 	at com.android.launcher2.LauncherModel$LoaderTask.loadAndBindWorkspace(LauncherModel.java:1030)
11-20 13:37:08.235  2047  2066 W Launcher.LauncherProvider: 	at com.android.launcher2.LauncherModel$LoaderTask.run(LauncherModel.java:1133)
11-20 13:37:08.235  2047  2066 W Launcher.LauncherProvider: 	at android.os.Handler.handleCallback(Handler.java:739)
11-20 13:37:08.235  2047  2066 W Launcher.LauncherProvider: 	at android.os.Handler.dispatchMessage(Handler.java:95)
11-20 13:37:08.235  2047  2066 W Launcher.LauncherProvider: 	at android.os.Looper.loop(Looper.java:135)
11-20 13:37:08.235  2047  2066 W Launcher.LauncherProvider: 	at android.os.HandlerThread.run(HandlerThread.java:61)
11-20 13:37:08.236  2047  2066 W Launcher.LauncherProvider: Unable to add favorite: com.android.gallery3d/com.android.gallery3d.app.Gallery
11-20 13:37:08.236  2047  2066 W Launcher.LauncherProvider: android.content.pm.PackageManager$NameNotFoundException: ComponentInfo{com.android.gallery3d/com.android.gallery3d.app.Gallery}
11-20 13:37:08.236  2047  2066 W Launcher.LauncherProvider: 	at android.app.ApplicationPackageManager.getActivityInfo(ApplicationPackageManager.java:314)
11-20 13:37:08.236  2047  2066 W Launcher.LauncherProvider: 	at com.android.launcher2.LauncherProvider$DatabaseHelper.addAppShortcut(LauncherProvider.java:997)
11-20 13:37:08.236  2047  2066 W Launcher.LauncherProvider: 	at com.android.launcher2.LauncherProvider$DatabaseHelper.loadFavorites(LauncherProvider.java:901)
11-20 13:37:08.236  2047  2066 W Launcher.LauncherProvider: 	at com.android.launcher2.LauncherProvider$DatabaseHelper.access$000(LauncherProvider.java:254)
11-20 13:37:08.236  2047  2066 W Launcher.LauncherProvider: 	at com.android.launcher2.LauncherProvider.loadDefaultFavoritesIfNecessary(LauncherProvider.java:238)
11-20 13:37:08.236  2047  2066 W Launcher.LauncherProvider: 	at com.android.launcher2.LauncherModel$LoaderTask.loadWorkspace(LauncherModel.java:1276)
11-20 13:37:08.236  2047  2066 W Launcher.LauncherProvider: 	at com.android.launcher2.LauncherModel$LoaderTask.loadAndBindWorkspace(LauncherModel.java:1030)
11-20 13:37:08.236  2047  2066 W Launcher.LauncherProvider: 	at com.android.launcher2.LauncherModel$LoaderTask.run(LauncherModel.java:1133)
11-20 13:37:08.236  2047  2066 W Launcher.LauncherProvider: 	at android.os.Handler.handleCallback(Handler.java:739)
11-20 13:37:08.236  2047  2066 W Launcher.LauncherProvider: 	at android.os.Handler.dispatchMessage(Handler.java:95)
11-20 13:37:08.236  2047  2066 W Launcher.LauncherProvider: 	at android.os.Looper.loop(Looper.java:135)
11-20 13:37:08.236  2047  2066 W Launcher.LauncherProvider: 	at android.os.HandlerThread.run(HandlerThread.java:61)
11-20 13:37:08.239  1742  1742 D Atlas   : Validating map...
11-20 13:37:08.239  1996  2026 I ContactDirectoryManager: Discovered 0 contact directories in 79ms
11-20 13:37:08.241  1742  1742 D PhoneStatusBar: disable: < expand icons alerts system_info back home recent clock search >
11-20 13:37:08.241  1478  1478 I ValidateNoPeople: mEvictionCount: 0
11-20 13:37:08.243  1996  2026 I ContactsProvider: Upgrading aggregation algorithm
11-20 13:37:08.244  1742  1742 E BluetoothAdapter: Bluetooth binder is null
11-20 13:37:08.246  2047  2120 D OpenGLRenderer: Render dirty regions requested: true
11-20 13:37:08.247  2047  2047 D         : HostConnection::get() New Host Connection established 0xafd7cd80, tid 2047
11-20 13:37:08.247  1742  1742 D PhoneStatusBar: heads up is enabled
11-20 13:37:08.250  1742  1742 D StatusBar: user hasn't seen notification about hidden notifications
11-20 13:37:08.250  1742  1742 D StatusBar: insecure lockscreen, skipping notification
11-20 13:37:08.252  1996  2026 I ContactAggregator: Marked all visible contacts for aggregation: 0 raw contacts, 1 ms
11-20 13:37:08.254  2102  2121 D ActivityThread: Loading provider com.android.email.provider;com.android.email.notifier: com.android.email.provider.EmailProvider
11-20 13:37:08.258  2102  2124 D ActivityThread: Loading provider com.android.email.provider;com.android.email.notifier: com.android.email.provider.EmailProvider
11-20 13:37:08.258  2102  2122 D ActivityThread: Loading provider com.android.email.provider;com.android.email.notifier: com.android.email.provider.EmailProvider
11-20 13:37:08.260  2102  2102 D ActivityThread: Loading provider com.android.email.provider;com.android.email.notifier: com.android.email.provider.EmailProvider
11-20 13:37:08.274  1996  2026 I ContactsProvider: Aggregation algorithm upgraded for 0 raw contacts in 31ms
11-20 13:37:08.275  1478  1995 W BackupManagerService: dataChanged but no participant pkg='com.android.providers.settings' uid=10012
11-20 13:37:08.277  1742  1742 D ViewRootImpl: changeCanvasOpacity: opaque=true
11-20 13:37:08.279  1996  2026 I ContactsFTS: Rebuild contact search index in 4ms, 0 contacts
11-20 13:37:08.292  2047  2047 D Atlas   : Validating map...
11-20 13:37:08.302  1742  2099 D         : HostConnection::get() New Host Connection established 0xb045c0b0, tid 2099
11-20 13:37:08.321  2127  2127 E libprocessgroup: failed to make and chown /acct/uid_10033: Read-only file system
11-20 13:37:08.321  2127  2127 W Zygote  : createProcessGroup failed, kernel missing CONFIG_CGROUP_CPUACCT?
11-20 13:37:08.322  1478  1495 I ActivityManager: Start proc com.android.music for broadcast com.android.music/.MediaButtonIntentReceiver: pid=2127 uid=10033 gids={50033, 9997, 3003, 1028, 1015} abi=x86
11-20 13:37:08.325  1142  1142 I art     : Explicit concurrent mark sweep GC freed 704(30KB) AllocSpace objects, 0(0B) LOS objects, 90% free, 110KB/1134KB, paused 25us total 3.156ms
11-20 13:37:08.330  1142  1142 I art     : Explicit concurrent mark sweep GC freed 5(160B) AllocSpace objects, 0(0B) LOS objects, 90% free, 110KB/1134KB, paused 25us total 4.269ms
11-20 13:37:08.335  2047  2120 D         : HostConnection::get() New Host Connection established 0xafe360b0, tid 2120
11-20 13:37:08.337  1478  1984 W ActivityManager: Unable to start service Intent { act=com.android.mail.action.BACKUP_DATA_CHANGED pkg=com.android.email } U=0: not found
11-20 13:37:08.338  1142  1142 I art     : Explicit concurrent mark sweep GC freed 5(160B) AllocSpace objects, 0(0B) LOS objects, 90% free, 110KB/1134KB, paused 26us total 6.273ms
11-20 13:37:08.338  1478  1496 W ActivityManager: Unable to start service Intent { act=com.android.mail.action.BACKUP_DATA_CHANGED pkg=com.android.email } U=0: not found
11-20 13:37:08.339  1478  1961 W ActivityManager: Unable to start service Intent { act=com.android.mail.action.BACKUP_DATA_CHANGED pkg=com.android.email } U=0: not found
11-20 13:37:08.340  1478  1984 W ActivityManager: Unable to start service Intent { act=com.android.mail.action.BACKUP_DATA_CHANGED pkg=com.android.email } U=0: not found
11-20 13:37:08.340  1478  1653 W ActivityManager: Unable to start service Intent { act=com.android.mail.action.BACKUP_DATA_CHANGED pkg=com.android.email } U=0: not found
11-20 13:37:08.340  1478  1994 W ActivityManager: Unable to start service Intent { act=com.android.mail.action.BACKUP_DATA_CHANGED pkg=com.android.email } U=0: not found
11-20 13:37:08.340  1478  1654 W ActivityManager: Unable to start service Intent { act=com.android.mail.action.BACKUP_DATA_CHANGED pkg=com.android.email } U=0: not found
11-20 13:37:08.358  1478  1653 I ActivityManager: Start proc com.android.deskclock for broadcast com.android.deskclock/com.android.alarmclock.AnalogAppWidgetProvider: pid=2145 uid=10021 gids={50021, 9997, 1028} abi=x86
11-20 13:37:08.359  1478  1994 W ActivityManager: Unable to start service Intent { cmp=com.android.email/.service.AttachmentService } U=0: not found
11-20 13:37:08.360  2080  2080 I Exchange: EasService.onCreate
11-20 13:37:08.361  1478  1897 W ActivityManager: Unable to start service Intent { cmp=com.android.email/.service.AttachmentService } U=0: not found
11-20 13:37:08.363  1742  2099 I OpenGLRenderer: Initialized EGL, version 1.4
11-20 13:37:08.364  1742  2099 W OpenGLRenderer: Failed to choose config with EGL_SWAP_BEHAVIOR_PRESERVED, retrying without...
11-20 13:37:08.365  1742  2099 D EGL_emulation: eglCreateContext: 0xb040c160: maj 2 min 0 rcv 2
11-20 13:37:08.365  1742  2099 D EGL_emulation: eglMakeCurrent: 0xb040c160: ver 2 0
11-20 13:37:08.368  1742  2099 D OpenGLRenderer: Enabling debug mode 0
11-20 13:37:08.370  1742  2099 D EGL_emulation: eglMakeCurrent: 0xb040c160: ver 2 0
11-20 13:37:08.370  2145  2145 E libprocessgroup: failed to make and chown /acct/uid_10021: Read-only file system
11-20 13:37:08.370  2145  2145 W Zygote  : createProcessGroup failed, kernel missing CONFIG_CGROUP_CPUACCT?
11-20 13:37:08.371  1130  1674 D         : HostConnection::get() New Host Connection established 0xb4f04150, tid 1674
11-20 13:37:08.373  1478  1984 I art     : Explicit concurrent mark sweep GC freed 16020(1407KB) AllocSpace objects, 8(252KB) LOS objects, 33% free, 6MB/9MB, paused 213us total 19.420ms
11-20 13:37:08.375  2102  2154 I Email   : Observing account changes for notifications
11-20 13:37:08.386  2164  2164 E libprocessgroup: failed to make and chown /acct/uid_10005: Read-only file system
11-20 13:37:08.386  2164  2164 W Zygote  : createProcessGroup failed, kernel missing CONFIG_CGROUP_CPUACCT?
11-20 13:37:08.389  1478  1495 I ActivityManager: Start proc android.process.media for content provider com.android.providers.media/.MediaProvider: pid=2164 uid=10005 gids={50005, 9997, 1028, 1015, 1023, 1024, 2001, 3003, 3007} abi=x86
11-20 13:37:08.389  1478  1653 W ActivityManager: Unable to start service Intent { cmp=com.android.email/.service.AttachmentService } U=0: not found
11-20 13:37:08.391  2080  2173 I Exchange: RestartPingTask
11-20 13:37:08.399  1478  1897 W ActivityManager: Unable to start service Intent { cmp=com.android.email/.service.AttachmentService } U=0: not found
