11-20 13:37:05.866  1478  1478 I PackageManager: /system/app/KeyChain changed; collecting certs
11-20 13:37:05.868  1478  1478 I art     : DexFile_isDexOptNeeded failed to open oat file '/data/dalvik-cache/x86/system@app@KeyChain@KeyChain.apk@classes.dex' for file location '/system/app/KeyChain/KeyChain.apk': Failed to open oat filename for reading: No such file or directory
11-20 13:37:05.868  1478  1478 I art     : DexFile_isDexOptNeeded file /system/app/KeyChain/x86/KeyChain.odex needs to be relocated for /system/app/KeyChain/KeyChain.apk
11-20 13:37:05.878  1478  1478 I PackageManager: /system/app/LatinIME changed; collecting certs
11-20 13:37:05.912  1478  1478 I art     : DexFile_isDexOptNeeded failed to open oat file '/data/dalvik-cache/x86/system@app@LatinIME@LatinIME.apk@classes.dex' for file location '/system/app/LatinIME/LatinIME.apk': Failed to open oat filename for reading: No such file or directory
11-20 13:37:05.914  1478  1478 I art     : DexFile_isDexOptNeeded file /system/app/LatinIME/x86/LatinIME.odex needs to be relocated for /system/app/LatinIME/LatinIME.apk
11-20 13:37:05.919  1478  1478 I PackageManager: /system/app/LegacyCamera changed; collecting certs
11-20 13:37:05.938  1478  1478 I art     : DexFile_isDexOptNeeded failed to open oat file '/data/dalvik-cache/x86/system@app@LegacyCamera@LegacyCamera.apk@classes.dex' for file location '/system/app/LegacyCamera/LegacyCamera.apk': Failed to open oat filename for reading: No such file or directory
11-20 13:37:05.941  1478  1478 I art     : DexFile_isDexOptNeeded file /system/app/LegacyCamera/x86/LegacyCamera.odex needs to be relocated for /system/app/LegacyCamera/LegacyCamera.apk
11-20 13:37:05.943  1478  1478 I PackageManager: /system/app/LiveWallpapersPicker changed; collecting certs
11-20 13:37:05.945  1478  1478 I art     : DexFile_isDexOptNeeded failed to open oat file '/data/dalvik-cache/x86/system@app@LiveWallpapersPicker@LiveWallpapersPicker.apk@classes.dex' for file location '/system/app/LiveWallpapersPicker/LiveWallpapersPicker.apk': Failed to open oat filename for reading: No such file or directory
11-20 13:37:05.947  1478  1478 I art     : DexFile_isDexOptNeeded file /system/app/LiveWallpapersPicker/x86/LiveWallpapersPicker.odex needs to be relocated for /system/app/LiveWallpapersPicker/LiveWallpapersPicker.apk
11-20 13:37:05.951  1478  1478 I PackageManager: /system/app/Music changed; collecting certs
11-20 13:37:05.959  1478  1478 I art     : DexFile_isDexOptNeeded failed to open oat file '/data/dalvik-cache/x86/system@app@Music@Music.apk@classes.dex' for file location '/system/app/Music/Music.apk': Failed to open oat filename for reading: No such file or directory
11-20 13:37:05.961  1478  1478 I art     : DexFile_isDexOptNeeded file /system/app/Music/x86/Music.odex needs to be relocated for /system/app/Music/Music.apk
11-20 13:37:05.962  1478  1478 I PackageManager: /system/app/NetSpeed changed; collecting certs
11-20 13:37:05.964  1478  1478 I art     : DexFile_isDexOptNeeded failed to open oat file '/data/dalvik-cache/x86/system@app@NetSpeed@NetSpeed.apk@classes.dex' for file location '/system/app/NetSpeed/NetSpeed.apk': Failed to open oat filename for reading: No such file or directory
11-20 13:37:05.965  1478  1478 I art     : DexFile_isDexOptNeeded file /system/app/NetSpeed/x86/NetSpeed.odex needs to be relocated for /system/app/NetSpeed/NetSpeed.apk
11-20 13:37:05.968  1478  1478 I PackageManager: /system/app/OpenWnn changed; collecting certs
11-20 13:37:05.989  1478  1478 I art     : DexFile_isDexOptNeeded failed to open oat file '/data/dalvik-cache/x86/system@app@OpenWnn@OpenWnn.apk@classes.dex' for file location '/system/app/OpenWnn/OpenWnn.apk': Failed to open oat filename for reading: No such file or directory
11-20 13:37:05.992  1478  1478 I art     : DexFile_isDexOptNeeded file /system/app/OpenWnn/x86/OpenWnn.odex needs to be relocated for /system/app/OpenWnn/OpenWnn.apk
11-20 13:37:05.994  1478  1478 I PackageManager: /system/app/PacProcessor changed; collecting certs
11-20 13:37:05.997  1478  1478 I art     : DexFile_isDexOptNeeded failed to open oat file '/data/dalvik-cache/x86/system@app@PacProcessor@PacProcessor.apk@classes.dex' for file location '/system/app/PacProcessor/PacProcessor.apk': Failed to open oat filename for reading: No such file or directory
11-20 13:37:05.998  1478  1478 I art     : DexFile_isDexOptNeeded file /system/app/PacProcessor/x86/PacProcessor.odex needs to be relocated for /system/app/PacProcessor/PacProcessor.apk
11-20 13:37:06.002  1478  1478 I PackageManager: /system/app/PackageInstaller changed; collecting certs
11-20 13:37:06.004  1478  1478 I art     : DexFile_isDexOptNeeded failed to open oat file '/data/dalvik-cache/x86/system@app@PackageInstaller@PackageInstaller.apk@classes.dex' for file location '/system/app/PackageInstaller/PackageInstaller.apk': Failed to open oat filename for reading: No such file or directory
11-20 13:37:06.006  1478  1478 I art     : DexFile_isDexOptNeeded file /system/app/PackageInstaller/x86/PackageInstaller.odex needs to be relocated for /system/app/PackageInstaller/PackageInstaller.apk
11-20 13:37:06.008  1478  1478 I PackageManager: /system/app/PicoTts changed; collecting certs
11-20 13:37:06.010  1478  1478 I art     : DexFile_isDexOptNeeded failed to open oat file '/data/dalvik-cache/x86/system@app@PicoTts@PicoTts.apk@classes.dex' for file location '/system/app/PicoTts/PicoTts.apk': Failed to open oat filename for reading: No such file or directory
11-20 13:37:06.011  1478  1478 I art     : DexFile_isDexOptNeeded file /system/app/PicoTts/x86/PicoTts.odex needs to be relocated for /system/app/PicoTts/PicoTts.apk
11-20 13:37:06.013  1478  1478 I PackageManager: /system/app/PrintSpooler changed; collecting certs
11-20 13:37:06.018  1478  1478 I art     : DexFile_isDexOptNeeded failed to open oat file '/data/dalvik-cache/x86/system@app@PrintSpooler@PrintSpooler.apk@classes.dex' for file location '/system/app/PrintSpooler/PrintSpooler.apk': Failed to open oat filename for reading: No such file or directory
11-20 13:37:06.020  1478  1478 I art     : DexFile_isDexOptNeeded file /system/app/PrintSpooler/x86/PrintSpooler.odex needs to be relocated for /system/app/PrintSpooler/PrintSpooler.apk
11-20 13:37:06.022  1478  1478 I PackageManager: /system/app/Protips changed; collecting certs
11-20 13:37:06.025  1478  1478 I art     : DexFile_isDexOptNeeded failed to open oat file '/data/dalvik-cache/x86/system@app@Protips@Protips.apk@classes.dex' for file location '/system/app/Protips/Protips.apk': Failed to open oat filename for reading: No such file or directory
11-20 13:37:06.027  1478  1478 I art     : DexFile_isDexOptNeeded file /system/app/Protips/x86/Protips.odex needs to be relocated for /system/app/Protips/Protips.apk
11-20 13:37:06.029  1478  1478 I PackageManager: /system/app/QuickSearchBox changed; collecting certs
11-20 13:37:06.039  1478  1478 I art     : DexFile_isDexOptNeeded failed to open oat file '/data/dalvik-cache/x86/system@app@QuickSearchBox@QuickSearchBox.apk@classes.dex' for file location '/system/app/QuickSearchBox/QuickSearchBox.apk': Failed to open oat filename for reading: No such file or directory
11-20 13:37:06.041  1478  1478 I art     : DexFile_isDexOptNeeded file /system/app/QuickSearchBox/x86/QuickSearchBox.odex needs to be relocated for /system/app/QuickSearchBox/QuickSearchBox.apk
11-20 13:37:06.043  1478  1478 I PackageManager: /system/app/SdkSetup changed; collecting certs
11-20 13:37:06.045  1478  1478 I art     : DexFile_isDexOptNeeded failed to open oat file '/data/dalvik-cache/x86/system@app@SdkSetup@SdkSetup.apk@classes.dex' for file location '/system/app/SdkSetup/SdkSetup.apk': Failed to open oat filename for reading: No such file or directory
11-20 13:37:06.046  1478  1478 I art     : DexFile_isDexOptNeeded file /system/app/SdkSetup/x86/SdkSetup.odex needs to be relocated for /system/app/SdkSetup/SdkSetup.apk
11-20 13:37:06.047  1478  1478 I PackageManager: /system/app/SoundRecorder changed; collecting certs
11-20 13:37:06.050  1478  1478 I art     : DexFile_isDexOptNeeded failed to open oat file '/data/dalvik-cache/x86/system@app@SoundRecorder@SoundRecorder.apk@classes.dex' for file location '/system/app/SoundRecorder/SoundRecorder.apk': Failed to open oat filename for reading: No such file or directory
11-20 13:37:06.051  1478  1478 I art     : DexFile_isDexOptNeeded file /system/app/SoundRecorder/x86/SoundRecorder.odex needs to be relocated for /system/app/SoundRecorder/SoundRecorder.apk
11-20 13:37:06.052  1478  1478 I PackageManager: /system/app/SpeechRecorder changed; collecting certs
11-20 13:37:06.054  1478  1478 I art     : DexFile_isDexOptNeeded failed to open oat file '/data/dalvik-cache/x86/system@app@SpeechRecorder@SpeechRecorder.apk@classes.dex' for file location '/system/app/SpeechRecorder/SpeechRecorder.apk': Failed to open oat filename for reading: No such file or directory
11-20 13:37:06.055  1478  1478 I art     : DexFile_isDexOptNeeded file /system/app/SpeechRecorder/x86/SpeechRecorder.odex needs to be relocated for /system/app/SpeechRecorder/SpeechRecorder.apk
11-20 13:37:06.057  1478  1478 I PackageManager: /system/app/UserDictionaryProvider changed; collecting certs
11-20 13:37:06.059  1478  1478 I art     : DexFile_isDexOptNeeded failed to open oat file '/data/dalvik-cache/x86/system@app@UserDictionaryProvider@UserDictionaryProvider.apk@classes.dex' for file location '/system/app/UserDictionaryProvider/UserDictionaryProvider.apk': Failed to open oat filename for reading: No such file or directory
11-20 13:37:06.060  1478  1478 I art     : DexFile_isDexOptNeeded file /system/app/UserDictionaryProvider/x86/UserDictionaryProvider.odex needs to be relocated for /system/app/UserDictionaryProvider/UserDictionaryProvider.apk
11-20 13:37:06.063  1478  1478 I PackageManager: /system/app/webview changed; collecting certs
11-20 13:37:06.067  1478  1478 I art     : DexFile_isDexOptNeeded failed to open oat file '/data/dalvik-cache/x86/system@app@webview@webview.apk@classes.dex' for file location '/system/app/webview/webview.apk': Failed to open oat filename for reading: No such file or directory
11-20 13:37:06.069  1478  1478 I art     : DexFile_isDexOptNeeded file /system/app/webview/x86/webview.odex needs to be relocated for /system/app/webview/webview.apk
11-20 13:37:06.070  1478  1478 D PackageManager: No files in app dir /system/vendor/app
11-20 13:37:06.070  1478  1478 D PackageManager: No files in app dir /oem/app
11-20 13:37:06.084  1478  1478 W PackageParser: No actions in intent filter at /data/app/ApiDemos/ApiDemos.apk Binary XML file line #3027
11-20 13:37:06.084  1478  1478 W PackageParser: No actions in intent filter at /data/app/ApiDemos/ApiDemos.apk Binary XML file line #3033
11-20 13:37:06.085  1478  1478 I PackageManager: /data/app/ApiDemos changed; collecting certs
11-20 13:37:06.195  1478  1478 W PackageManager: Package com.example.android.apis desires unavailable shared library com.example.will.never.exist; ignoring!
11-20 13:37:06.197  1478  1478 I art     : DexFile_isDexOptNeeded failed to open oat file '/data/dalvik-cache/x86/data@app@ApiDemos@ApiDemos.apk@classes.dex' for file location '/data/app/ApiDemos/ApiDemos.apk': Failed to open oat filename for reading: No such file or directory
11-20 13:37:06.197  1478  1478 I art     : DexFile_isDexOptNeeded failed to open oat file '/data/app/ApiDemos/x86/ApiDemos.odex' for file location '/data/app/ApiDemos/ApiDemos.apk': Failed to open oat filename for reading: No such file or directory
11-20 13:37:06.199  1478  1478 I PackageManager: /data/app/CubeLiveWallpapers changed; collecting certs
11-20 13:37:06.206  1478  1478 I art     : DexFile_isDexOptNeeded failed to open oat file '/data/dalvik-cache/x86/data@app@CubeLiveWallpapers@CubeLiveWallpapers.apk@classes.dex' for file location '/data/app/CubeLiveWallpapers/CubeLiveWallpapers.apk': Failed to open oat filename for reading: No such file or directory
11-20 13:37:06.206  1478  1478 I art     : DexFile_isDexOptNeeded failed to open oat file '/data/app/CubeLiveWallpapers/x86/CubeLiveWallpapers.odex' for file location '/data/app/CubeLiveWallpapers/CubeLiveWallpapers.apk': Failed to open oat filename for reading: No such file or directory
11-20 13:37:06.208  1478  1478 I PackageManager: /data/app/GestureBuilder changed; collecting certs
11-20 13:37:06.227  1478  1478 I art     : DexFile_isDexOptNeeded failed to open oat file '/data/dalvik-cache/x86/data@app@GestureBuilder@GestureBuilder.apk@classes.dex' for file location '/data/app/GestureBuilder/GestureBuilder.apk': Failed to open oat filename for reading: No such file or directory
11-20 13:37:06.227  1478  1478 I art     : DexFile_isDexOptNeeded failed to open oat file '/data/app/GestureBuilder/x86/GestureBuilder.odex' for file location '/data/app/GestureBuilder/GestureBuilder.apk': Failed to open oat filename for reading: No such file or directory
11-20 13:37:06.228  1478  1478 I PackageManager: /data/app/SmokeTest changed; collecting certs
11-20 13:37:06.233  1478  1478 I art     : DexFile_isDexOptNeeded failed to open oat file '/data/dalvik-cache/x86/data@app@SmokeTest@SmokeTest.apk@classes.dex' for file location '/data/app/SmokeTest/SmokeTest.apk': Failed to open oat filename for reading: No such file or directory
11-20 13:37:06.233  1478  1478 I art     : DexFile_isDexOptNeeded failed to open oat file '/data/app/SmokeTest/x86/SmokeTest.odex' for file location '/data/app/SmokeTest/SmokeTest.apk': Failed to open oat filename for reading: No such file or directory
11-20 13:37:06.234  1478  1478 I PackageManager: /data/app/SmokeTestApp changed; collecting certs
11-20 13:37:06.239  1478  1478 I art     : DexFile_isDexOptNeeded failed to open oat file '/data/dalvik-cache/x86/data@app@SmokeTestApp@SmokeTestApp.apk@classes.dex' for file location '/data/app/SmokeTestApp/SmokeTestApp.apk': Failed to open oat filename for reading: No such file or directory
11-20 13:37:06.239  1478  1478 I art     : DexFile_isDexOptNeeded failed to open oat file '/data/app/SmokeTestApp/x86/SmokeTestApp.odex' for file location '/data/app/SmokeTestApp/SmokeTestApp.apk': Failed to open oat filename for reading: No such file or directory
11-20 13:37:06.241  1478  1478 I PackageManager: /data/app/SoftKeyboard changed; collecting certs
11-20 13:37:06.246  1478  1478 I art     : DexFile_isDexOptNeeded failed to open oat file '/data/dalvik-cache/x86/data@app@SoftKeyboard@SoftKeyboard.apk@classes.dex' for file location '/data/app/SoftKeyboard/SoftKeyboard.apk': Failed to open oat filename for reading: No such file or directory
11-20 13:37:06.246  1478  1478 I art     : DexFile_isDexOptNeeded failed to open oat file '/data/app/SoftKeyboard/x86/SoftKeyboard.odex' for file location '/data/app/SoftKeyboard/SoftKeyboard.apk': Failed to open oat filename for reading: No such file or directory
11-20 13:37:06.247  1478  1478 I PackageManager: /data/app/WidgetPreview changed; collecting certs
11-20 13:37:06.251  1478  1478 I art     : DexFile_isDexOptNeeded failed to open oat file '/data/dalvik-cache/x86/data@app@WidgetPreview@WidgetPreview.apk@classes.dex' for file location '/data/app/WidgetPreview/WidgetPreview.apk': Failed to open oat filename for reading: No such file or directory
11-20 13:37:06.251  1478  1478 I art     : DexFile_isDexOptNeeded failed to open oat file '/data/app/WidgetPreview/x86/WidgetPreview.odex' for file location '/data/app/WidgetPreview/WidgetPreview.apk': Failed to open oat filename for reading: No such file or directory
11-20 13:37:06.252  1478  1478 D PackageManager: No files in app dir /data/app-private
11-20 13:37:06.252  1478  1478 W PackageManager: Package com.example.android.apis desires unavailable shared library com.example.will.never.exist; ignoring!
11-20 13:37:06.252  1478  1478 W PackageManager: Package com.android.camera desires unavailable shared library com.google.android.media.effects; ignoring!
11-20 13:37:06.252  1478  1478 I PackageManager: Adjusting ABI for : com.android.providers.settings to x86
11-20 13:37:06.252  1478  1478 I art     : DexFile_isDexOptNeeded failed to open oat file '/data/dalvik-cache/x86/system@priv-app@SettingsProvider@SettingsProvider.apk@classes.dex' for file location '/system/priv-app/SettingsProvider/SettingsProvider.apk': Failed to open oat filename for reading: No such file or directory
11-20 13:37:06.252  1478  1478 I art     : DexFile_isDexOptNeeded file /system/priv-app/SettingsProvider/x86/SettingsProvider.odex needs to be relocated for /system/priv-app/SettingsProvider/SettingsProvider.apk
11-20 13:37:06.252  1478  1478 I PackageManager: Running patchoat on: com.android.providers.settings
11-20 13:37:06.252  1541  1541 E installd: Running /system/bin/patchoat isa=x86 in-fd=5 (/system/priv-app/SettingsProvider/x86/SettingsProvider.odex) out-fd=6 (/data/dalvik-cache/x86/system@priv-app@SettingsProvider@SettingsProvider.apk@classes.dex)
11-20 13:37:06.255  1541  1541 E cutils-trace: Error opening trace file: Permission denied (13)
11-20 13:37:06.256  1478  1478 I PackageManager: Adjusting ABI for : com.android.keychain to x86
11-20 13:37:06.257  1478  1478 I art     : DexFile_isDexOptNeeded failed to open oat file '/data/dalvik-cache/x86/system@app@KeyChain@KeyChain.apk@classes.dex' for file location '/system/app/KeyChain/KeyChain.apk': Failed to open oat filename for reading: No such file or directory
11-20 13:37:06.257  1478  1478 I art     : DexFile_isDexOptNeeded file /system/app/KeyChain/x86/KeyChain.odex needs to be relocated for /system/app/KeyChain/KeyChain.apk
11-20 13:37:06.257  1478  1478 I PackageManager: Running patchoat on: com.android.keychain
11-20 13:37:06.257  1542  1542 E installd: Running /system/bin/patchoat isa=x86 in-fd=5 (/system/app/KeyChain/x86/KeyChain.odex) out-fd=6 (/data/dalvik-cache/x86/system@app@KeyChain@KeyChain.apk@classes.dex)
11-20 13:37:06.260  1542  1542 E cutils-trace: Error opening trace file: Permission denied (13)
11-20 13:37:06.261  1478  1478 I PackageManager: Adjusting ABI for : com.android.settings to x86
11-20 13:37:06.261  1478  1478 I art     : DexFile_isDexOptNeeded failed to open oat file '/data/dalvik-cache/x86/system@priv-app@Settings@Settings.apk@classes.dex' for file location '/system/priv-app/Settings/Settings.apk': Failed to open oat filename for reading: No such file or directory
11-20 13:37:06.261  1478  1478 I art     : DexFile_isDexOptNeeded file /system/priv-app/Settings/x86/Settings.odex needs to be relocated for /system/priv-app/Settings/Settings.apk
11-20 13:37:06.261  1478  1478 I PackageManager: Running patchoat on: com.android.settings
11-20 13:37:06.261  1543  1543 E installd: Running /system/bin/patchoat isa=x86 in-fd=5 (/system/priv-app/Settings/x86/Settings.odex) out-fd=6 (/data/dalvik-cache/x86/system@priv-app@Settings@Settings.apk@classes.dex)
11-20 13:37:06.264  1543  1543 E cutils-trace: Error opening trace file: Permission denied (13)
11-20 13:37:06.288  1478  1478 I PackageManager: Adjusting ABI for : com.android.location.fused to x86
11-20 13:37:06.288  1478  1478 I art     : DexFile_isDexOptNeeded failed to open oat file '/data/dalvik-cache/x86/system@priv-app@FusedLocation@FusedLocation.apk@classes.dex' for file location '/system/priv-app/FusedLocation/FusedLocation.apk': Failed to open oat filename for reading: No such file or directory
11-20 13:37:06.288  1478  1478 I art     : DexFile_isDexOptNeeded file /system/priv-app/FusedLocation/x86/FusedLocation.odex needs to be relocated for /system/priv-app/FusedLocation/FusedLocation.apk
11-20 13:37:06.288  1478  1478 I PackageManager: Running patchoat on: com.android.location.fused
11-20 13:37:06.288  1544  1544 E installd: Running /system/bin/patchoat isa=x86 in-fd=5 (/system/priv-app/FusedLocation/x86/FusedLocation.odex) out-fd=6 (/data/dalvik-cache/x86/system@priv-app@FusedLocation@FusedLocation.apk@classes.dex)
11-20 13:37:06.291  1544  1544 E cutils-trace: Error opening trace file: Permission denied (13)
11-20 13:37:06.292  1478  1478 I PackageManager: Adjusting ABI for : com.android.inputdevices to x86
11-20 13:37:06.292  1478  1478 I art     : DexFile_isDexOptNeeded failed to open oat file '/data/dalvik-cache/x86/system@priv-app@InputDevices@InputDevices.apk@classes.dex' for file location '/system/priv-app/InputDevices/InputDevices.apk': Failed to open oat filename for reading: No such file or directory
11-20 13:37:06.292  1478  1478 I art     : DexFile_isDexOptNeeded file /system/priv-app/InputDevices/x86/InputDevices.odex needs to be relocated for /system/priv-app/InputDevices/InputDevices.apk
11-20 13:37:06.292  1478  1478 I PackageManager: Running patchoat on: com.android.inputdevices
11-20 13:37:06.292  1545  1545 E installd: Running /system/bin/patchoat isa=x86 in-fd=5 (/system/priv-app/InputDevices/x86/InputDevices.odex) out-fd=6 (/data/dalvik-cache/x86/system@priv-app@InputDevices@InputDevices.apk@classes.dex)
11-20 13:37:06.295  1545  1545 E cutils-trace: Error opening trace file: Permission denied (13)
11-20 13:37:06.296  1478  1478 I PackageManager: Time to scan packages: 1.331 seconds
11-20 13:37:06.296  1478  1478 W PackageManager: Unknown permission com.google.android.googleapps.permission.GOOGLE_AUTH.mail in package com.android.calendar
11-20 13:37:06.296  1478  1478 W PackageManager: Unknown permission com.google.android.googleapps.permission.GOOGLE_AUTH in package com.android.settings
11-20 13:37:06.296  1478  1478 W PackageManager: Not granting permission android.permission.DELETE_PACKAGES to package com.svox.pico (protectionLevel=18 flags=0x8be45)
11-20 13:37:06.296  1478  1478 W PackageManager: Not granting permission android.permission.BIND_APPWIDGET to package com.android.widgetpreview (protectionLevel=18 flags=0x8be44)
11-20 13:37:06.296  1478  1478 W PackageManager: Not granting permission android.permission.DEVICE_POWER to package com.android.deskclock (protectionLevel=2 flags=0x48be45)
11-20 13:37:06.297  1478  1478 W PackageManager: Not granting permission android.permission.GLOBAL_SEARCH to package com.android.quicksearchbox (protectionLevel=18 flags=0x8be45)
11-20 13:37:06.297  1478  1478 W PackageManager: Unknown permission com.android.smspush.WAPPUSH_MANAGER_BIND in package com.android.phone
11-20 13:37:06.297  1478  1478 W PackageManager: Unknown permission com.google.android.googleapps.permission.GOOGLE_AUTH in package com.android.providers.calendar
11-20 13:37:06.297  1478  1478 W PackageManager: Unknown permission com.google.android.googleapps.permission.GOOGLE_AUTH.cl in package com.android.providers.calendar
11-20 13:37:06.297  1478  1478 W PackageManager: Unknown permission android.permission.INSTALL_DRM in package com.android.mms
11-20 13:37:06.297  1478  1478 W PackageManager: Not granting permission android.permission.ACCESS_DOWNLOAD_MANAGER to package com.android.browser (protectionLevel=18 flags=0x9be45)
11-20 13:37:06.297  1478  1478 W PackageManager: Not granting permission android.permission.SEND_DOWNLOAD_COMPLETED_INTENTS to package com.android.browser (protectionLevel=2 flags=0x9be45)
11-20 13:37:06.297  1478  1478 W PackageManager: Unknown permission com.google.android.googleapps.permission.ACCESS_GOOGLE_PASSWORD in package com.android.development
11-20 13:37:06.297  1478  1478 W PackageManager: Unknown permission com.google.android.googleapps.permission.GOOGLE_AUTH in package com.android.development
11-20 13:37:06.297  1478  1478 W PackageManager: Unknown permission com.google.android.googleapps.permission.GOOGLE_AUTH.ALL_SERVICES in package com.android.development
11-20 13:37:06.297  1478  1478 W PackageManager: Unknown permission com.google.android.googleapps.permission.GOOGLE_AUTH.YouTubeUser in package com.android.development
11-20 13:37:06.313  1478  1478 I art     : Explicit concurrent mark sweep GC freed 709(83KB) AllocSpace objects, 2(32KB) LOS objects, 33% free, 2MB/4MB, paused 116us total 5.333ms
11-20 13:37:06.313  1478  1478 I SystemServer: User Service
11-20 13:37:06.315  1127  1127 I lowmemorykiller: ActivityManager connected
11-20 13:37:06.318  1478  1478 I SystemServiceManager: Starting com.android.server.lights.LightsService
11-20 13:37:06.319  1478  1478 I SystemServiceManager: Starting com.android.server.BatteryService
11-20 13:37:06.321  1478  1478 I SystemServiceManager: Starting com.android.server.usage.UsageStatsService
11-20 13:37:06.323  1478  1478 I SystemServiceManager: Starting com.android.server.webkit.WebViewUpdateService
11-20 13:37:06.323  1478  1478 I SystemServer: Reading configuration...
11-20 13:37:06.324  1478  1478 I SystemServer: Scheduling Policy
11-20 13:37:06.324  1478  1478 I SystemServer: Telephony Registry
11-20 13:37:06.325  1478  1478 I SystemServer: Entropy Mixer
11-20 13:37:06.325  1478  1478 W EntropyMixer: No existing entropy file -- first boot?
11-20 13:37:06.326  1478  1478 I EntropyMixer: Writing entropy...
11-20 13:37:06.329  1478  1478 I SystemServer: Account Manager
11-20 13:37:06.330  1478  1478 I SystemServer: Content Manager
11-20 13:37:06.330  1478  1478 I SystemServer: System Content Providers
11-20 13:37:06.331  1478  1478 W ActivityManager: Can't addPackageDependency on system process
11-20 13:37:06.355  1478  1478 I SyncManager: No initial accounts
11-20 13:37:06.355  1478  1478 I SyncManager: No initial status
11-20 13:37:06.355  1478  1478 I SyncManager: No initial statistics
11-20 13:37:06.359  1478  1478 D SettingsProvider: Generated and saved new ANDROID_ID [73f6201da7d22bd7] for user 0
11-20 13:37:06.361  1478  1478 W CoreSettingsObserver: Cannot find setting "debug_view_attributes"
11-20 13:37:06.361  1478  1478 W CoreSettingsObserver: android.provider.Settings$SettingNotFoundException: debug_view_attributes
11-20 13:37:06.361  1478  1478 W CoreSettingsObserver: 	at android.provider.Settings$Global.getInt(Settings.java:6742)
11-20 13:37:06.361  1478  1478 W CoreSettingsObserver: 	at com.android.server.am.CoreSettingsObserver.populateSettings(CoreSettingsObserver.java:129)
11-20 13:37:06.361  1478  1478 W CoreSettingsObserver: 	at com.android.server.am.CoreSettingsObserver.sendCoreSettings(CoreSettingsObserver.java:82)
11-20 13:37:06.361  1478  1478 W CoreSettingsObserver: 	at com.android.server.am.CoreSettingsObserver.<init>(CoreSettingsObserver.java:65)
11-20 13:37:06.361  1478  1478 W CoreSettingsObserver: 	at com.android.server.am.ActivityManagerService.installSystemProviders(ActivityManagerService.java:9849)
11-20 13:37:06.361  1478  1478 W CoreSettingsObserver: 	at com.android.server.SystemServer.startOtherServices(SystemServer.java:452)
11-20 13:37:06.361  1478  1478 W CoreSettingsObserver: 	at com.android.server.SystemServer.run(SystemServer.java:256)
11-20 13:37:06.361  1478  1478 W CoreSettingsObserver: 	at com.android.server.SystemServer.main(SystemServer.java:170)
11-20 13:37:06.361  1478  1478 W CoreSettingsObserver: 	at java.lang.reflect.Method.invoke(Native Method)
11-20 13:37:06.361  1478  1478 W CoreSettingsObserver: 	at java.lang.reflect.Method.invoke(Method.java:372)
11-20 13:37:06.361  1478  1478 W CoreSettingsObserver: 	at com.android.internal.os.ZygoteInit$MethodAndArgsCaller.run(ZygoteInit.java:899)
11-20 13:37:06.361  1478  1478 W CoreSettingsObserver: 	at com.android.internal.os.ZygoteInit.main(ZygoteInit.java:694)
11-20 13:37:06.361  1478  1478 I SystemServer: Vibrator Service
11-20 13:37:06.362  1478  1478 I SystemServer: Consumer IR Service
11-20 13:37:06.362  1478  1478 E ConsumerIrService: Can't open consumer IR HW Module, error: -2
11-20 13:37:06.362  1478  1478 I SystemServiceManager: Starting com.android.server.AlarmManagerService
11-20 13:37:06.363  1478  1478 I SystemServer: Init Watchdog
11-20 13:37:06.363  1478  1478 I SystemServer: Input Manager
11-20 13:37:06.363  1478  1478 I InputManager: Initializing input manager, mUseDevInputEventForAudioJack=false
11-20 13:37:06.365  1478  1478 I SystemServer: Window Manager
11-20 13:37:06.369  1478  1505 I WindowManager: No existing display settings /data/system/display_settings.xml; starting empty
11-20 13:37:06.369  1130  1163 D PermissionCache: checking android.permission.ACCESS_SURFACE_FLINGER for uid=1000 => granted (92 us)
11-20 13:37:06.378  1478  1478 I InputManager: Starting input manager
11-20 13:37:06.378  1478  1478 I SystemServer: No Bluetooh Service (emulator)
11-20 13:37:06.378  1478  1478 I SystemServer: Input Method Service
11-20 13:37:06.380  1478  1550 D EventHub: No input device configuration file found for device 'Power Button'.
11-20 13:37:06.383  1478  1550 W EventHub: Unable to disable kernel key repeat for /dev/input/event0: Function not implemented
11-20 13:37:06.383  1478  1550 I EventHub: New device: id=1, fd=74, path='/dev/input/event0', name='Power Button', classes=0x1, configuration='', keyLayout='/system/usr/keylayout/Generic.kl', keyCharacterMap='/system/usr/keychars/Generic.kcm', builtinKeyboard=false, wakeMechanism=EPOLLWAKEUP, usingClockIoctl=true
11-20 13:37:06.383  1478  1550 E EventHub: could not get driver version for /dev/input/mouse0, Not a typewriter
11-20 13:37:06.397  1478  1478 W InputMethodManagerService: No IME selected. Choose the most applicable IME.
11-20 13:37:06.397  1478  1478 I InputMethodManagerService: No default found, using com.android.inputmethod.latin/.LatinIME
11-20 13:37:06.402  1478  1478 I SystemServer: Accessibility Manager
11-20 13:37:06.403  1478  1478 I ActivityManager: Config changes=1df8 {1.0 ?mcc?mnc en_US ldltr sw320dp w320dp h480dp 160dpi nrml port ?uimode ?night -touch -keyb/h/h -nav/h s.2}
11-20 13:37:06.404  1478  1499 I UsageStatsDatabase: Upgrading from version 0 to 2
11-20 13:37:06.404  1478  1499 I UsageStatsDatabase: Deleting all usage stats files
11-20 13:37:06.405  1478  1499 I UsageStatsService: User[0] Rollover scheduled @ 2017-11-21 00:00:00(1511222400000)
11-20 13:37:06.421  1478  1478 I ActivityManager: Config changes=400 {1.0 ?mcc?mnc en_US ldltr sw320dp w320dp h455dp 160dpi nrml port ?uimode ?night -touch -keyb/h/h -nav/h s.3}
11-20 13:37:06.421  1478  1478 I SystemServer: Mount Service
11-20 13:37:06.423  1478  1478 D MountService: got storage path: /storage/sdcard description: USB storage primary: true removable: false emulated: false mtpReserve: 0 allowMassStorage: false maxFileSize: 0
11-20 13:37:06.423  1478  1478 D MountService: addVolumeLocked() StorageVolume:
11-20 13:37:06.423  1478  1478 D MountService:     mStorageId=0 mPath=/storage/sdcard mDescriptionId=17040785 mPrimary=true 
11-20 13:37:06.423  1478  1478 D MountService:     mRemovable=false mEmulated=false mMtpReserveSpace=0 
11-20 13:37:06.423  1478  1478 D MountService:     mAllowMassStorage=false mMaxFileSize=0 mOwner=null mUuid=null 
11-20 13:37:06.423  1478  1478 D MountService:     mUserLabel=null mState=null 
11-20 13:37:06.426  1478  1478 W PackageManager: No disk maintenance in 1511185026426; running immediately
11-20 13:37:06.426  1478  1478 I art     : DexFile_isDexOptNeeded failed to open oat file '/data/dalvik-cache/x86/system@priv-app@MmsService@MmsService.apk@classes.dex' for file location '/system/priv-app/MmsService/MmsService.apk': Failed to open oat filename for reading: No such file or directory
11-20 13:37:06.427  1478  1478 I art     : DexFile_isDexOptNeeded file /system/priv-app/MmsService/x86/MmsService.odex needs to be relocated for /system/priv-app/MmsService/MmsService.apk
11-20 13:37:06.427  1478  1478 I PackageManager: Running patchoat on: com.android.mms.service
11-20 13:37:06.428  1554  1554 E installd: Running /system/bin/patchoat isa=x86 in-fd=5 (/system/priv-app/MmsService/x86/MmsService.odex) out-fd=6 (/data/dalvik-cache/x86/system@priv-app@MmsService@MmsService.apk@classes.dex)
11-20 13:37:06.431  1554  1554 E cutils-trace: Error opening trace file: Permission denied (13)
11-20 13:37:06.433  1478  1478 I art     : DexFile_isDexOptNeeded failed to open oat file '/data/dalvik-cache/x86/system@priv-app@SystemUI@SystemUI.apk@classes.dex' for file location '/system/priv-app/SystemUI/SystemUI.apk': Failed to open oat filename for reading: No such file or directory
11-20 13:37:06.433  1478  1478 I art     : DexFile_isDexOptNeeded file /system/priv-app/SystemUI/x86/SystemUI.odex needs to be relocated for /system/priv-app/SystemUI/SystemUI.apk
11-20 13:37:06.434  1478  1478 I PackageManager: Running patchoat on: com.android.systemui
11-20 13:37:06.434  1555  1555 E installd: Running /system/bin/patchoat isa=x86 in-fd=5 (/system/priv-app/SystemUI/x86/SystemUI.odex) out-fd=6 (/data/dalvik-cache/x86/system@priv-app@SystemUI@SystemUI.apk@classes.dex)
11-20 13:37:06.435  1478  1553 D MountService: volume state changed for /storage/sdcard (unmounted -> removed)
11-20 13:37:06.435  1478  1551 I MountService: Running fstrim idle maintenance
11-20 13:37:06.435  1478  1553 W MountService: getSecureContainerList() called when storage not mounted
11-20 13:37:06.435  1478  1553 I PackageManager: No secure containers found
11-20 13:37:06.435  1478  1553 W PackageManager: Unknown permission com.google.android.googleapps.permission.GOOGLE_AUTH.mail in package com.android.calendar
11-20 13:37:06.436  1478  1553 W PackageManager: Unknown permission com.google.android.googleapps.permission.GOOGLE_AUTH in package com.android.settings
11-20 13:37:06.436  1478  1553 W PackageManager: Not granting permission android.permission.DELETE_PACKAGES to package com.svox.pico (protectionLevel=18 flags=0x8be45)
11-20 13:37:06.436  1478  1553 W PackageManager: Not granting permission android.permission.BIND_APPWIDGET to package com.android.widgetpreview (protectionLevel=18 flags=0x8be44)
11-20 13:37:06.436  1478  1553 W PackageManager: Not granting permission android.permission.DEVICE_POWER to package com.android.deskclock (protectionLevel=2 flags=0x48be45)
11-20 13:37:06.436  1478  1553 W PackageManager: Not granting permission android.permission.GLOBAL_SEARCH to package com.android.quicksearchbox (protectionLevel=18 flags=0x8be45)
11-20 13:37:06.436  1478  1553 W PackageManager: Unknown permission com.android.smspush.WAPPUSH_MANAGER_BIND in package com.android.phone
11-20 13:37:06.436  1478  1553 W PackageManager: Unknown permission com.google.android.googleapps.permission.GOOGLE_AUTH in package com.android.providers.calendar
11-20 13:37:06.436  1478  1553 W PackageManager: Unknown permission com.google.android.googleapps.permission.GOOGLE_AUTH.cl in package com.android.providers.calendar
11-20 13:37:06.436  1478  1553 W PackageManager: Unknown permission android.permission.INSTALL_DRM in package com.android.mms
11-20 13:37:06.436  1478  1553 W PackageManager: Not granting permission android.permission.ACCESS_DOWNLOAD_MANAGER to package com.android.browser (protectionLevel=18 flags=0x9be45)
11-20 13:37:06.436  1478  1553 W PackageManager: Not granting permission android.permission.SEND_DOWNLOAD_COMPLETED_INTENTS to package com.android.browser (protectionLevel=2 flags=0x9be45)
11-20 13:37:06.436  1478  1553 W PackageManager: Unknown permission com.google.android.googleapps.permission.ACCESS_GOOGLE_PASSWORD in package com.android.development
11-20 13:37:06.436  1478  1553 W PackageManager: Unknown permission com.google.android.googleapps.permission.GOOGLE_AUTH in package com.android.development
11-20 13:37:06.436  1478  1553 W PackageManager: Unknown permission com.google.android.googleapps.permission.GOOGLE_AUTH.ALL_SERVICES in package com.android.development
11-20 13:37:06.436  1478  1553 W PackageManager: Unknown permission com.google.android.googleapps.permission.GOOGLE_AUTH.YouTubeUser in package com.android.development
11-20 13:37:06.438  1555  1555 E cutils-trace: Error opening trace file: Permission denied (13)
11-20 13:37:06.438  1129  1556 I fstrim  : Starting fstrim work...
11-20 13:37:06.438  1129  1556 I fstrim  : Invoking FITRIM ioctl on /cache
11-20 13:37:06.438  1129  1556 E fstrim  : FITRIM ioctl failed on /cache (error 95/Operation not supported on transport endpoint)
11-20 13:37:06.438  1129  1556 I fstrim  : Invoking FITRIM ioctl on /data
11-20 13:37:06.438  1129  1556 E fstrim  : FITRIM ioctl failed on /data (error 95/Operation not supported on transport endpoint)
11-20 13:37:06.438  1129  1556 I fstrim  : Finished fstrim work.
11-20 13:37:06.442  1478  1550 W EventHub: Unable to disable kernel key repeat for /dev/input/event1: Function not implemented
11-20 13:37:06.442  1478  1550 I EventHub: New device: id=2, fd=76, path='/dev/input/event1', name='qwerty2', classes=0xbd, configuration='/system/usr/idc/qwerty2.idc', keyLayout='/system/usr/keylayout/qwerty.kl', keyCharacterMap='/system/usr/keychars/qwerty2.kcm', builtinKeyboard=true, wakeMechanism=EPOLLWAKEUP, usingClockIoctl=true
11-20 13:37:06.442  1478  1550 E EventHub: could not get driver version for /dev/input/mice, Not a typewriter
11-20 13:37:06.443  1478  1553 W MountService: getSecureContainerList() called when storage not mounted
11-20 13:37:06.471  1478  1478 I art     : DexFile_isDexOptNeeded failed to open oat file '/data/dalvik-cache/x86/system@priv-app@TelephonyProvider@TelephonyProvider.apk@classes.dex' for file location '/system/priv-app/TelephonyProvider/TelephonyProvider.apk': Failed to open oat filename for reading: No such file or directory
11-20 13:37:06.471  1478  1478 I art     : DexFile_isDexOptNeeded file /system/priv-app/TelephonyProvider/x86/TelephonyProvider.odex needs to be relocated for /system/priv-app/TelephonyProvider/TelephonyProvider.apk
11-20 13:37:06.471  1478  1478 I PackageManager: Running patchoat on: com.android.providers.telephony
11-20 13:37:06.472  1557  1557 E installd: Running /system/bin/patchoat isa=x86 in-fd=5 (/system/priv-app/TelephonyProvider/x86/TelephonyProvider.odex) out-fd=6 (/data/dalvik-cache/x86/system@priv-app@TelephonyProvider@TelephonyProvider.apk@classes.dex)
11-20 13:37:06.479  1557  1557 E cutils-trace: Error opening trace file: Permission denied (13)
11-20 13:37:06.488  1478  1478 I art     : DexFile_isDexOptNeeded failed to open oat file '/data/dalvik-cache/x86/system@priv-app@Telecom@Telecom.apk@classes.dex' for file location '/system/priv-app/Telecom/Telecom.apk': Failed to open oat filename for reading: No such file or directory
11-20 13:37:06.488  1478  1478 I art     : DexFile_isDexOptNeeded file /system/priv-app/Telecom/x86/Telecom.odex needs to be relocated for /system/priv-app/Telecom/Telecom.apk
11-20 13:37:06.488  1478  1478 I PackageManager: Running patchoat on: com.android.server.telecom
11-20 13:37:06.490  1558  1558 E installd: Running /system/bin/patchoat isa=x86 in-fd=5 (/system/priv-app/Telecom/x86/Telecom.odex) out-fd=6 (/data/dalvik-cache/x86/system@priv-app@Telecom@Telecom.apk@classes.dex)
11-20 13:37:06.493  1558  1558 E cutils-trace: Error opening trace file: Permission denied (13)
11-20 13:37:06.498  1478  1478 I art     : DexFile_isDexOptNeeded failed to open oat file '/data/dalvik-cache/x86/system@priv-app@TeleService@TeleService.apk@classes.dex' for file location '/system/priv-app/TeleService/TeleService.apk': Failed to open oat filename for reading: No such file or directory
11-20 13:37:06.498  1478  1478 I art     : DexFile_isDexOptNeeded file /system/priv-app/TeleService/x86/TeleService.odex needs to be relocated for /system/priv-app/TeleService/TeleService.apk
11-20 13:37:06.498  1478  1478 I PackageManager: Running patchoat on: com.android.phone
11-20 13:37:06.498  1559  1559 E installd: Running /system/bin/patchoat isa=x86 in-fd=5 (/system/priv-app/TeleService/x86/TeleService.odex) out-fd=6 (/data/dalvik-cache/x86/system@priv-app@TeleService@TeleService.apk@classes.dex)
11-20 13:37:06.501  1559  1559 E cutils-trace: Error opening trace file: Permission denied (13)
11-20 13:37:06.509  1478  1478 I art     : DexFile_isDexOptNeeded failed to open oat file '/data/dalvik-cache/x86/system@priv-app@Shell@Shell.apk@classes.dex' for file location '/system/priv-app/Shell/Shell.apk': Failed to open oat filename for reading: No such file or directory
11-20 13:37:06.509  1478  1478 I art     : DexFile_isDexOptNeeded file /system/priv-app/Shell/x86/Shell.odex needs to be relocated for /system/priv-app/Shell/Shell.apk
11-20 13:37:06.509  1478  1478 I PackageManager: Running patchoat on: com.android.shell
11-20 13:37:06.509  1560  1560 E installd: Running /system/bin/patchoat isa=x86 in-fd=5 (/system/priv-app/Shell/x86/Shell.odex) out-fd=6 (/data/dalvik-cache/x86/system@priv-app@Shell@Shell.apk@classes.dex)
11-20 13:37:06.512  1560  1560 E cutils-trace: Error opening trace file: Permission denied (13)
11-20 13:37:06.517  1478  1478 I art     : DexFile_isDexOptNeeded failed to open oat file '/data/dalvik-cache/x86/system@app@LatinIME@LatinIME.apk@classes.dex' for file location '/system/app/LatinIME/LatinIME.apk': Failed to open oat filename for reading: No such file or directory
11-20 13:37:06.518  1478  1478 I art     : DexFile_isDexOptNeeded file /system/app/LatinIME/x86/LatinIME.odex needs to be relocated for /system/app/LatinIME/LatinIME.apk
11-20 13:37:06.518  1478  1478 I PackageManager: Running patchoat on: com.android.inputmethod.latin
11-20 13:37:06.518  1561  1561 E installd: Running /system/bin/patchoat isa=x86 in-fd=5 (/system/app/LatinIME/x86/LatinIME.odex) out-fd=6 (/data/dalvik-cache/x86/system@app@LatinIME@LatinIME.apk@classes.dex)
11-20 13:37:06.521  1478  1550 I InputReader: Device added: id=-1, name='Virtual', sources=0x00000301
11-20 13:37:06.521  1561  1561 E cutils-trace: Error opening trace file: Permission denied (13)
11-20 13:37:06.522  1478  1550 I InputReader:   Touch device 'qwerty2' could not query the properties of its associated display.  The device will be inoperable until the display size becomes available.
11-20 13:37:06.522  1478  1550 I InputReader: Device added: id=0, name='qwerty2', sources=0x80011307
11-20 13:37:06.522  1478  1550 I InputReader: Device added: id=1, name='Power Button', sources=0x00000101
11-20 13:37:06.522  1478  1550 I InputReader: Reconfiguring input devices.  changes=0x00000004
11-20 13:37:06.522  1478  1550 I InputReader: Device reconfigured: id=0, name='qwerty2', size 320x480, orientation 0, mode 1, display id 0
11-20 13:37:06.522  1478  1549 I ActivityManager: Config changes=68 {1.0 ?mcc?mnc en_US ldltr sw320dp w320dp h455dp 160dpi nrml port ?uimode ?night finger -keyb/h/h tball/v s.4}
11-20 13:37:06.549  1478  1478 I art     : DexFile_isDexOptNeeded failed to open oat file '/data/dalvik-cache/x86/system@priv-app@DefaultContainerService@DefaultContainerService.apk@classes.dex' for file location '/system/priv-app/DefaultContainerService/DefaultContainerService.apk': Failed to open oat filename for reading: No such file or directory
11-20 13:37:06.549  1478  1478 I art     : DexFile_isDexOptNeeded file /system/priv-app/DefaultContainerService/x86/DefaultContainerService.odex needs to be relocated for /system/priv-app/DefaultContainerService/DefaultContainerService.apk
11-20 13:37:06.549  1478  1478 I PackageManager: Running patchoat on: com.android.defcontainer
11-20 13:37:06.550  1562  1562 E installd: Running /system/bin/patchoat isa=x86 in-fd=5 (/system/priv-app/DefaultContainerService/x86/DefaultContainerService.odex) out-fd=6 (/data/dalvik-cache/x86/system@priv-app@DefaultContainerService@DefaultContainerService.apk@classes.dex)
11-20 13:37:06.553  1562  1562 E cutils-trace: Error opening trace file: Permission denied (13)
11-20 13:37:06.553  1478  1478 I art     : DexFile_isDexOptNeeded failed to open oat file '/data/dalvik-cache/x86/system@priv-app@ProxyHandler@ProxyHandler.apk@classes.dex' for file location '/system/priv-app/ProxyHandler/ProxyHandler.apk': Failed to open oat filename for reading: No such file or directory
11-20 13:37:06.553  1478  1478 I art     : DexFile_isDexOptNeeded file /system/priv-app/ProxyHandler/x86/ProxyHandler.odex needs to be relocated for /system/priv-app/ProxyHandler/ProxyHandler.apk
11-20 13:37:06.553  1478  1478 I PackageManager: Running patchoat on: com.android.proxyhandler
11-20 13:37:06.553  1563  1563 E installd: Running /system/bin/patchoat isa=x86 in-fd=5 (/system/priv-app/ProxyHandler/x86/ProxyHandler.odex) out-fd=6 (/data/dalvik-cache/x86/system@priv-app@ProxyHandler@ProxyHandler.apk@classes.dex)
11-20 13:37:06.556  1563  1563 E cutils-trace: Error opening trace file: Permission denied (13)
11-20 13:37:06.557  1478  1478 I art     : DexFile_isDexOptNeeded failed to open oat file '/data/dalvik-cache/x86/system@priv-app@Dialer@Dialer.apk@classes.dex' for file location '/system/priv-app/Dialer/Dialer.apk': Failed to open oat filename for reading: No such file or directory
11-20 13:37:06.557  1478  1478 I art     : DexFile_isDexOptNeeded file /system/priv-app/Dialer/x86/Dialer.odex needs to be relocated for /system/priv-app/Dialer/Dialer.apk
11-20 13:37:06.557  1478  1478 I PackageManager: Running patchoat on: com.android.dialer
11-20 13:37:06.557  1564  1564 E installd: Running /system/bin/patchoat isa=x86 in-fd=5 (/system/priv-app/Dialer/x86/Dialer.odex) out-fd=6 (/data/dalvik-cache/x86/system@priv-app@Dialer@Dialer.apk@classes.dex)
11-20 13:37:06.560  1564  1564 E cutils-trace: Error opening trace file: Permission denied (13)
11-20 13:37:06.578  1478  1478 I art     : DexFile_isDexOptNeeded failed to open oat file '/data/dalvik-cache/x86/system@priv-app@MediaProvider@MediaProvider.apk@classes.dex' for file location '/system/priv-app/MediaProvider/MediaProvider.apk': Failed to open oat filename for reading: No such file or directory
11-20 13:37:06.579  1478  1478 I art     : DexFile_isDexOptNeeded file /system/priv-app/MediaProvider/x86/MediaProvider.odex needs to be relocated for /system/priv-app/MediaProvider/MediaProvider.apk
11-20 13:37:06.579  1478  1478 I PackageManager: Running patchoat on: com.android.providers.media
11-20 13:37:06.579  1565  1565 E installd: Running /system/bin/patchoat isa=x86 in-fd=5 (/system/priv-app/MediaProvider/x86/MediaProvider.odex) out-fd=6 (/data/dalvik-cache/x86/system@priv-app@MediaProvider@MediaProvider.apk@classes.dex)
11-20 13:37:06.582  1565  1565 E cutils-trace: Error opening trace file: Permission denied (13)
11-20 13:37:06.585  1478  1478 I art     : DexFile_isDexOptNeeded failed to open oat file '/data/dalvik-cache/x86/system@priv-app@CalendarProvider@CalendarProvider.apk@classes.dex' for file location '/system/priv-app/CalendarProvider/CalendarProvider.apk': Failed to open oat filename for reading: No such file or directory
11-20 13:37:06.585  1478  1478 I art     : DexFile_isDexOptNeeded file /system/priv-app/CalendarProvider/x86/CalendarProvider.odex needs to be relocated for /system/priv-app/CalendarProvider/CalendarProvider.apk
11-20 13:37:06.585  1478  1478 I PackageManager: Running patchoat on: com.android.providers.calendar
11-20 13:37:06.586  1566  1566 E installd: Running /system/bin/patchoat isa=x86 in-fd=5 (/system/priv-app/CalendarProvider/x86/CalendarProvider.odex) out-fd=6 (/data/dalvik-cache/x86/system@priv-app@CalendarProvider@CalendarProvider.apk@classes.dex)
11-20 13:37:06.588  1566  1566 E cutils-trace: Error opening trace file: Permission denied (13)
11-20 13:37:06.594  1478  1478 I art     : DexFile_isDexOptNeeded failed to open oat file '/data/dalvik-cache/x86/system@priv-app@ManagedProvisioning@ManagedProvisioning.apk@classes.dex' for file location '/system/priv-app/ManagedProvisioning/ManagedProvisioning.apk': Failed to open oat filename for reading: No such file or directory
11-20 13:37:06.594  1478  1478 I art     : DexFile_isDexOptNeeded file /system/priv-app/ManagedProvisioning/x86/ManagedProvisioning.odex needs to be relocated for /system/priv-app/ManagedProvisioning/ManagedProvisioning.apk
11-20 13:37:06.594  1478  1478 I PackageManager: Running patchoat on: com.android.managedprovisioning
11-20 13:37:06.594  1567  1567 E installd: Running /system/bin/patchoat isa=x86 in-fd=5 (/system/priv-app/ManagedProvisioning/x86/ManagedProvisioning.odex) out-fd=6 (/data/dalvik-cache/x86/system@priv-app@ManagedProvisioning@ManagedProvisioning.apk@classes.dex)
11-20 13:37:06.597  1567  1567 E cutils-trace: Error opening trace file: Permission denied (13)
11-20 13:37:06.603  1478  1478 I art     : DexFile_isDexOptNeeded failed to open oat file '/data/dalvik-cache/x86/system@priv-app@ContactsProvider@ContactsProvider.apk@classes.dex' for file location '/system/priv-app/ContactsProvider/ContactsProvider.apk': Failed to open oat filename for reading: No such file or directory
11-20 13:37:06.603  1478  1478 I art     : DexFile_isDexOptNeeded file /system/priv-app/ContactsProvider/x86/ContactsProvider.odex needs to be relocated for /system/priv-app/ContactsProvider/ContactsProvider.apk
11-20 13:37:06.603  1478  1478 I PackageManager: Running patchoat on: com.android.providers.contacts
11-20 13:37:06.603  1568  1568 E installd: Running /system/bin/patchoat isa=x86 in-fd=5 (/system/priv-app/ContactsProvider/x86/ContactsProvider.odex) out-fd=6 (/data/dalvik-cache/x86/system@priv-app@ContactsProvider@ContactsProvider.apk@classes.dex)
11-20 13:37:06.606  1568  1568 E cutils-trace: Error opening trace file: Permission denied (13)
11-20 13:37:06.619  1478  1478 I art     : DexFile_isDexOptNeeded failed to open oat file '/data/dalvik-cache/x86/system@app@Browser@Browser.apk@classes.dex' for file location '/system/app/Browser/Browser.apk': Failed to open oat filename for reading: No such file or directory
11-20 13:37:06.619  1478  1478 I art     : DexFile_isDexOptNeeded file /system/app/Browser/x86/Browser.odex needs to be relocated for /system/app/Browser/Browser.apk
11-20 13:37:06.619  1478  1478 I PackageManager: Running patchoat on: com.android.browser
11-20 13:37:06.619  1569  1569 E installd: Running /system/bin/patchoat isa=x86 in-fd=5 (/system/app/Browser/x86/Browser.odex) out-fd=6 (/data/dalvik-cache/x86/system@app@Browser@Browser.apk@classes.dex)
11-20 13:37:06.623  1569  1569 E cutils-trace: Error opening trace file: Permission denied (13)
