11-08 13:47:26.165  1578  1578 F dex2oat : art/runtime/runtime.cc:284] Dumping all threads without appropriate locks held: thread list lock
11-08 13:47:26.165  1578  1578 F dex2oat : art/runtime/runtime.cc:284] All threads:
11-08 13:47:26.165  1578  1578 F dex2oat : art/runtime/runtime.cc:284] DALVIK THREADS (1):
11-08 13:47:26.166  1578  1578 F dex2oat : art/runtime/runtime.cc:284] "main" prio=5 tid=1 Runnable (still starting up)
11-08 13:47:26.166  1578  1578 F dex2oat : art/runtime/runtime.cc:284]   | group="" sCount=0 dsCount=0 obj=0x0 self=0xf6906400
11-08 13:47:26.166  1578  1578 F dex2oat : art/runtime/runtime.cc:284]   | sysTid=1578 nice=0 cgrp=apps/bg_non_interactive sched=0/0 handle=0xf77a8160
11-08 13:47:26.166  1578  1578 F dex2oat : art/runtime/runtime.cc:284]   | state=R schedstat=( 0 0 0 ) utm=0 stm=0 core=1 HZ=100
11-08 13:47:26.166  1578  1578 F dex2oat : art/runtime/runtime.cc:284]   | stack=0xff7e0000-0xff7e2000 stackSize=8MB
11-08 13:47:26.166  1578  1578 F dex2oat : art/runtime/runtime.cc:284]   | held mutexes= "abort lock" "mutator lock"(shared held)
11-08 13:47:26.166  1578  1578 F dex2oat : art/runtime/runtime.cc:284]   native: #00 pc 00005ac3  /system/lib/libbacktrace_libc++.so (UnwindCurrent::Unwind(unsigned int, ucontext*)+83)
11-08 13:47:26.166  1578  1578 F dex2oat : art/runtime/runtime.cc:284]   native: #01 pc 00002e91  /system/lib/libbacktrace_libc++.so (Backtrace::Unwind(unsigned int, ucontext*)+33)
11-08 13:47:26.166  1578  1578 F dex2oat : art/runtime/runtime.cc:284]   native: #02 pc 003c3f0a  /system/lib/libart.so (art::DumpNativeStack(std::__1::basic_ostream<char, std::__1::char_traits<char> >&, int, char const*, art::mirror::ArtMethod*)+138)
11-08 13:47:26.166  1578  1578 F dex2oat : art/runtime/runtime.cc:284]   native: #03 pc 0038e85c  /system/lib/libart.so (art::Thread::Dump(std::__1::basic_ostream<char, std::__1::char_traits<char> >&) const+284)
11-08 13:47:26.166  1578  1578 F dex2oat : art/runtime/runtime.cc:284]   native: #04 pc 0039a37e  /system/lib/libart.so (art::ThreadList::DumpLocked(std::__1::basic_ostream<char, std::__1::char_traits<char> >&)+478)
11-08 13:47:26.166  1578  1578 F dex2oat : art/runtime/runtime.cc:284]   native: #05 pc 00372f3c  /system/lib/libart.so (art::AbortState::Dump(std::__1::basic_ostream<char, std::__1::char_traits<char> >&)+508)
11-08 13:47:26.166  1578  1578 F dex2oat : art/runtime/runtime.cc:284]   native: #06 pc 0037353d  /system/lib/libart.so (art::Runtime::Abort()+125)
11-08 13:47:26.166  1578  1578 F dex2oat : art/runtime/runtime.cc:284]   native: #07 pc 000ec304  /system/lib/libart.so (art::LogMessage::~LogMessage()+1668)
11-08 13:47:26.166  1578  1578 F dex2oat : art/runtime/runtime.cc:284]   native: #08 pc 00377728  /system/lib/libart.so (art::Runtime::Init(std::__1::vector<std::__1::pair<std::__1::basic_string<char, std::__1::char_traits<char>, std::__1::allocator<char> >, void const*>, std::__1::allocator<std::__1::pair<std::__1::basic_string<char, std::__1::char_traits<char>, std::__1::allocator<char> >, void const*> > > const&, bool)+9976)
11-08 13:47:26.166  1578  1578 F dex2oat : art/runtime/runtime.cc:284]   native: #09 pc 00378728  /system/lib/libart.so (art::Runtime::Create(std::__1::vector<std::__1::pair<std::__1::basic_string<char, std::__1::char_traits<char>, std::__1::allocator<char> >, void const*>, std::__1::allocator<std::__1::pair<std::__1::basic_string<char, std::__1::char_traits<char>, std::__1::allocator<char> >, void const*> > > const&, bool)+104)
11-08 13:47:26.166  1578  1578 F dex2oat : art/runtime/runtime.cc:284]   native: #10 pc 000112b5  /system/bin/dex2oat (???)
11-08 13:47:26.166  1578  1578 F dex2oat : art/runtime/runtime.cc:284]   native: #11 pc 00016913  /system/bin/dex2oat (???)
11-08 13:47:26.166  1578  1578 F dex2oat : art/runtime/runtime.cc:284]   native: #12 pc 00008d30  /system/bin/dex2oat (???)
11-08 13:47:26.166  1578  1578 F dex2oat : art/runtime/runtime.cc:284]   native: #13 pc 00012a34  /system/lib/libc.so (__libc_init+100)
11-08 13:47:26.166  1578  1578 F dex2oat : art/runtime/runtime.cc:284]   native: #14 pc 00008dd3  /system/bin/dex2oat (???)
11-08 13:47:26.166  1578  1578 F dex2oat : art/runtime/runtime.cc:284]   native: #15 pc 0000000a  ???
11-08 13:47:26.166  1578  1578 F dex2oat : art/runtime/runtime.cc:284]   (no managed stack frames)
11-08 13:47:26.166  1578  1578 F dex2oat : art/runtime/runtime.cc:284] 
11-08 13:47:26.166  1578  1578 F dex2oat : art/runtime/runtime.cc:284] 
11-08 13:47:26.166  1578  1578 F libc    : Fatal signal 6 (SIGABRT), code -6 in tid 1578 (main)
11-08 13:47:26.267  1131  1131 I DEBUG   : *** *** *** *** *** *** *** *** *** *** *** *** *** *** *** ***
11-08 13:47:26.268  1131  1131 I DEBUG   : Build fingerprint: 'generic_x86_64/sdk_phone_x86_64/generic_x86_64:5.0.2/LSY66K/4174711:eng/test-keys'
11-08 13:47:26.268  1131  1131 I DEBUG   : Revision: '0'
11-08 13:47:26.268  1131  1131 I DEBUG   : ABI: 'x86'
11-08 13:47:26.268  1131  1131 I DEBUG   : pid: 1578, tid: 1578, name: main  >>> /system/bin/dex2oat <<<
11-08 13:47:26.268  1131  1131 I DEBUG   : signal 6 (SIGABRT), code -6 (SI_TKILL), fault addr --------
11-08 13:47:26.272  1131  1131 I DEBUG   : Abort message: 'art/runtime/runtime.cc:820] Check failed: options->boot_class_path_ != nullptr '
11-08 13:47:26.272  1131  1131 I DEBUG   :     eax 00000000  ebx 0000062a  ecx 0000062a  edx 00000006
11-08 13:47:26.273  1131  1131 I DEBUG   :     esi f77a7f08  edi 00000002
11-08 13:47:26.273  1131  1131 I DEBUG   :     xcs 00000023  xds 0000002b  xes 0000002b  xfs 00000007  xss 0000002b
11-08 13:47:26.273  1131  1131 I DEBUG   :     eip f77139f6  ebp 0000062a  esp fffdd890  flags 00000282
11-08 13:47:26.273  1131  1131 I DEBUG   : 
11-08 13:47:26.273  1131  1131 I DEBUG   : backtrace:
11-08 13:47:26.273  1131  1131 I DEBUG   :     #00 pc 000739f6  /system/lib/libc.so (tgkill+22)
11-08 13:47:26.273  1131  1131 I DEBUG   :     #01 pc 00021b1b  /system/lib/libc.so (pthread_kill+155)
11-08 13:47:26.273  1131  1131 I DEBUG   :     #02 pc 00023394  /system/lib/libc.so (raise+36)
11-08 13:47:26.273  1131  1131 I DEBUG   :     #03 pc 0001b874  /system/lib/libc.so (abort+84)
11-08 13:47:26.273  1131  1131 I DEBUG   :     #04 pc 003735e6  /system/lib/libart.so (art::Runtime::Abort()+294)
11-08 13:47:26.273  1131  1131 I DEBUG   :     #05 pc 000ec304  /system/lib/libart.so (art::LogMessage::~LogMessage()+1668)
11-08 13:47:26.273  1131  1131 I DEBUG   :     #06 pc 00377728  /system/lib/libart.so (art::Runtime::Init(std::__1::vector<std::__1::pair<std::__1::basic_string<char, std::__1::char_traits<char>, std::__1::allocator<char> >, void const*>, std::__1::allocator<std::__1::pair<std::__1::basic_string<char, std::__1::char_traits<char>, std::__1::allocator<char> >, void const*> > > const&, bool)+9976)
11-08 13:47:26.273  1131  1131 I DEBUG   :     #07 pc 00378728  /system/lib/libart.so (art::Runtime::Create(std::__1::vector<std::__1::pair<std::__1::basic_string<char, std::__1::char_traits<char>, std::__1::allocator<char> >, void const*>, std::__1::allocator<std::__1::pair<std::__1::basic_string<char, std::__1::char_traits<char>, std::__1::allocator<char> >, void const*> > > const&, bool)+104)
11-08 13:47:26.273  1131  1131 I DEBUG   :     #08 pc 000112b5  /system/bin/dex2oat
11-08 13:47:26.273  1131  1131 I DEBUG   :     #09 pc 00016913  /system/bin/dex2oat
11-08 13:47:26.273  1131  1131 I DEBUG   :     #10 pc 00008d30  /system/bin/dex2oat
11-08 13:47:26.273  1131  1131 I DEBUG   :     #11 pc 00012a34  /system/lib/libc.so (__libc_init+100)
11-08 13:47:26.273  1131  1131 I DEBUG   :     #12 pc 00008dd3  /system/bin/dex2oat
11-08 13:47:26.273  1131  1131 I DEBUG   :     #13 pc 0000000a  <unknown>
11-08 13:47:26.289  1131  1131 I DEBUG   : 
11-08 13:47:26.289  1131  1131 I DEBUG   : Tombstone written to: /data/tombstones/tombstone_06
11-08 13:47:26.289  1136  1136 E installd: DexInv: --- END '/system/framework/com.android.location.provider.jar' --- status=0x0006, process failed
11-08 13:47:26.290  1512  1512 I art     : DexFile_isDexOptNeeded failed to open oat file '/data/dalvik-cache/x86_64/system@framework@com.android.mediadrm.signer.jar@classes.dex' for file location '/system/framework/com.android.mediadrm.signer.jar': Failed to open oat filename for reading: No such file or directory
11-08 13:47:26.291  1512  1512 I art     : DexFile_isDexOptNeeded file /system/framework/x86_64/com.android.mediadrm.signer.odex is out of date for /system/framework/com.android.mediadrm.signer.jar
11-08 13:47:26.298  1584  1584 E cutils-trace: Error opening trace file: Permission denied (13)
11-08 13:47:26.298  1584  1584 I dex2oat : /system/bin/dex2oat --zip-fd=5 --zip-location=/system/framework/com.android.mediadrm.signer.jar --oat-fd=6 --oat-location=/data/dalvik-cache/x86_64/system@framework@com.android.mediadrm.signer.jar@classes.dex --instruction-set=x86_64 --instruction-set-features=default --runtime-arg -Xms64m --runtime-arg -Xmx512m
11-08 13:47:26.298  1584  1584 W dex2oat : Unable to open /data/dalvik-cache/. to delete it's contents: Permission denied
11-08 13:47:26.298  1584  1584 W dex2oat : Unable to open /data/dalvik-cache/x86_64 to delete it's contents: Permission denied
11-08 13:47:26.298  1584  1584 W dex2oat : Could not create image space with image file '/system/framework/boot.art'. Attempting to fall back to imageless running. Error was: Unable to relocate image '/system/framework/boot.art' from '/system/framework/x86_64/boot.art' to '/data/dalvik-cache/x86_64/system@framework@boot.art': Only the zygote can create the global boot image.
11-08 13:47:26.298  1584  1584 F libc    : Fatal signal 11 (SIGSEGV), code 1, fault addr 0x73797333 in tid 1584 (main)
11-08 13:47:26.401  1131  1131 I DEBUG   : *** *** *** *** *** *** *** *** *** *** *** *** *** *** *** ***
11-08 13:47:26.401  1131  1131 I DEBUG   : Build fingerprint: 'generic_x86_64/sdk_phone_x86_64/generic_x86_64:5.0.2/LSY66K/4174711:eng/test-keys'
11-08 13:47:26.402  1131  1131 I DEBUG   : Revision: '0'
11-08 13:47:26.402  1131  1131 I DEBUG   : ABI: 'x86'
11-08 13:47:26.402  1131  1131 I DEBUG   : pid: 1584, tid: 1584, name: main  >>> /system/bin/dex2oat <<<
11-08 13:47:26.402  1131  1131 I DEBUG   : signal 11 (SIGSEGV), code 1 (SEGV_MAPERR), fault addr 0x73797333
11-08 13:47:26.403  1131  1131 I DEBUG   :     eax ffc076c0  ebx f764ea98  ecx 00000000  edx 7379732f
11-08 13:47:26.403  1131  1131 I DEBUG   :     esi f6979300  edi f6953300
11-08 13:47:26.403  1131  1131 I DEBUG   :     xcs 00000023  xds 0000002b  xes 0000002b  xfs 00000007  xss 0000002b
11-08 13:47:26.403  1131  1131 I DEBUG   :     eip f74ba83d  ebp ffc07308  esp ffc07110  flags 00010202
11-08 13:47:26.403  1131  1131 I DEBUG   : 
11-08 13:47:26.403  1131  1131 I DEBUG   : backtrace:
11-08 13:47:26.403  1131  1131 I DEBUG   :     #00 pc 0037583d  /system/lib/libart.so (art::Runtime::Init(std::__1::vector<std::__1::pair<std::__1::basic_string<char, std::__1::char_traits<char>, std::__1::allocator<char> >, void const*>, std::__1::allocator<std::__1::pair<std::__1::basic_string<char, std::__1::char_traits<char>, std::__1::allocator<char> >, void const*> > > const&, bool)+2061)
11-08 13:47:26.403  1131  1131 I DEBUG   :     #01 pc 00378728  /system/lib/libart.so (art::Runtime::Create(std::__1::vector<std::__1::pair<std::__1::basic_string<char, std::__1::char_traits<char>, std::__1::allocator<char> >, void const*>, std::__1::allocator<std::__1::pair<std::__1::basic_string<char, std::__1::char_traits<char>, std::__1::allocator<char> >, void const*> > > const&, bool)+104)
11-08 13:47:26.403  1131  1131 I DEBUG   :     #02 pc 000112b5  /system/bin/dex2oat
11-08 13:47:26.403  1131  1131 I DEBUG   :     #03 pc 00016913  /system/bin/dex2oat
11-08 13:47:26.403  1131  1131 I DEBUG   :     #04 pc 00008d30  /system/bin/dex2oat
11-08 13:47:26.403  1131  1131 I DEBUG   :     #05 pc 00012a34  /system/lib/libc.so (__libc_init+100)
11-08 13:47:26.403  1131  1131 I DEBUG   :     #06 pc 00008dd3  /system/bin/dex2oat
11-08 13:47:26.403  1131  1131 I DEBUG   :     #07 pc 0000000a  <unknown>
11-08 13:47:26.408  1131  1131 I DEBUG   : 
11-08 13:47:26.408  1131  1131 I DEBUG   : Tombstone written to: /data/tombstones/tombstone_07
11-08 13:47:26.412  1136  1136 E installd: DexInv: --- END '/system/framework/com.android.mediadrm.signer.jar' --- status=0x000b, process failed
11-08 13:47:26.413  1512  1512 I art     : DexFile_isDexOptNeeded failed to open oat file '/data/dalvik-cache/x86_64/system@framework@javax.obex.jar@classes.dex' for file location '/system/framework/javax.obex.jar': Failed to open oat filename for reading: No such file or directory
11-08 13:47:26.414  1512  1512 I art     : DexFile_isDexOptNeeded file /system/framework/x86_64/javax.obex.odex is out of date for /system/framework/javax.obex.jar
11-08 13:47:26.421  1590  1590 E cutils-trace: Error opening trace file: Permission denied (13)
11-08 13:47:26.421  1590  1590 I dex2oat : /system/bin/dex2oat --zip-fd=5 --zip-location=/system/framework/javax.obex.jar --oat-fd=6 --oat-location=/data/dalvik-cache/x86_64/system@framework@javax.obex.jar@classes.dex --instruction-set=x86_64 --instruction-set-features=default --runtime-arg -Xms64m --runtime-arg -Xmx512m
11-08 13:47:26.422  1590  1590 W dex2oat : Unable to open /data/dalvik-cache/. to delete it's contents: Permission denied
11-08 13:47:26.422  1590  1590 W dex2oat : Unable to open /data/dalvik-cache/x86_64 to delete it's contents: Permission denied
11-08 13:47:26.422  1590  1590 W dex2oat : Could not create image space with image file '/system/framework/boot.art'. Attempting to fall back to imageless running. Error was: Unable to relocate image '/system/framework/boot.art' from '/system/framework/x86_64/boot.art' to '/data/dalvik-cache/x86_64/system@framework@boot.art': Only the zygote can create the global boot image.
11-08 13:47:26.423  1590  1590 F dex2oat : art/runtime/runtime.cc:820] Check failed: options->boot_class_path_ != nullptr 
11-08 13:47:26.425  1590  1590 F dex2oat : art/runtime/runtime.cc:284] Runtime aborting...
11-08 13:47:26.425  1590  1590 F dex2oat : art/runtime/runtime.cc:284] Aborting thread:
11-08 13:47:26.425  1590  1590 F dex2oat : art/runtime/runtime.cc:284] "main" prio=5 tid=1 Runnable (still starting up)
11-08 13:47:26.425  1590  1590 F dex2oat : art/runtime/runtime.cc:284]   | group="" sCount=0 dsCount=0 obj=0x0 self=0xf6806400
11-08 13:47:26.425  1590  1590 F dex2oat : art/runtime/runtime.cc:284]   | sysTid=1590 nice=0 cgrp=apps/bg_non_interactive sched=0/0 handle=0xf7746160
11-08 13:47:26.425  1590  1590 F dex2oat : art/runtime/runtime.cc:284]   | state=R schedstat=( 0 0 0 ) utm=0 stm=0 core=0 HZ=100
11-08 13:47:26.425  1590  1590 F dex2oat : art/runtime/runtime.cc:284]   | stack=0xff399000-0xff39b000 stackSize=8MB
11-08 13:47:26.425  1590  1590 F dex2oat : art/runtime/runtime.cc:284]   | held mutexes= "abort lock" "mutator lock"(shared held)
11-08 13:47:26.425  1590  1590 F dex2oat : art/runtime/runtime.cc:284]   native: #00 pc 00005ac3  /system/lib/libbacktrace_libc++.so (UnwindCurrent::Unwind(unsigned int, ucontext*)+83)
11-08 13:47:26.425  1590  1590 F dex2oat : art/runtime/runtime.cc:284]   native: #01 pc 00002e91  /system/lib/libbacktrace_libc++.so (Backtrace::Unwind(unsigned int, ucontext*)+33)
11-08 13:47:26.425  1590  1590 F dex2oat : art/runtime/runtime.cc:284]   native: #02 pc 003c3f0a  /system/lib/libart.so (art::DumpNativeStack(std::__1::basic_ostream<char, std::__1::char_traits<char> >&, int, char const*, art::mirror::ArtMethod*)+138)
11-08 13:47:26.425  1590  1590 F dex2oat : art/runtime/runtime.cc:284]   native: #03 pc 0038e85c  /system/lib/libart.so (art::Thread::Dump(std::__1::basic_ostream<char, std::__1::char_traits<char> >&) const+284)
11-08 13:47:26.425  1590  1590 F dex2oat : art/runtime/runtime.cc:284]   native: #04 pc 00372fc4  /system/lib/libart.so (art::AbortState::Dump(std::__1::basic_ostream<char, std::__1::char_traits<char> >&)+644)
11-08 13:47:26.425  1590  1590 F dex2oat : art/runtime/runtime.cc:284]   native: #05 pc 0037353d  /system/lib/libart.so (art::Runtime::Abort()+125)
11-08 13:47:26.425  1590  1590 F dex2oat : art/runtime/runtime.cc:284]   native: #06 pc 000ec304  /system/lib/libart.so (art::LogMessage::~LogMessage()+1668)
11-08 13:47:26.425  1590  1590 F dex2oat : art/runtime/runtime.cc:284]   native: #07 pc 00377728  /system/lib/libart.so (art::Runtime::Init(std::__1::vector<std::__1::pair<std::__1::basic_string<char, std::__1::char_traits<char>, std::__1::allocator<char> >, void const*>, std::__1::allocator<std::__1::pair<std::__1::basic_string<char, std::__1::char_traits<char>, std::__1::allocator<char> >, void const*> > > const&, bool)+9976)
11-08 13:47:26.425  1590  1590 F dex2oat : art/runtime/runtime.cc:284]   native: #08 pc 00378728  /system/lib/libart.so (art::Runtime::Create(std::__1::vector<std::__1::pair<std::__1::basic_string<char, std::__1::char_traits<char>, std::__1::allocator<char> >, void const*>, std::__1::allocator<std::__1::pair<std::__1::basic_string<char, std::__1::char_traits<char>, std::__1::allocator<char> >, void const*> > > const&, bool)+104)
11-08 13:47:26.425  1590  1590 F dex2oat : art/runtime/runtime.cc:284]   native: #09 pc 000112b5  /system/bin/dex2oat (???)
11-08 13:47:26.425  1590  1590 F dex2oat : art/runtime/runtime.cc:284]   native: #10 pc 00016913  /system/bin/dex2oat (???)
11-08 13:47:26.425  1590  1590 F dex2oat : art/runtime/runtime.cc:284]   native: #11 pc 00008d30  /system/bin/dex2oat (???)
11-08 13:47:26.425  1590  1590 F dex2oat : art/runtime/runtime.cc:284]   native: #12 pc 00012a34  /system/lib/libc.so (__libc_init+100)
11-08 13:47:26.425  1590  1590 F dex2oat : art/runtime/runtime.cc:284]   native: #13 pc 00008dd3  /system/bin/dex2oat (???)
11-08 13:47:26.425  1590  1590 F dex2oat : art/runtime/runtime.cc:284]   native: #14 pc 0000000a  ???
11-08 13:47:26.425  1590  1590 F dex2oat : art/runtime/runtime.cc:284]   (no managed stack frames)
11-08 13:47:26.425  1590  1590 F dex2oat : art/runtime/runtime.cc:284] Dumping all threads without appropriate locks held: thread list lock
11-08 13:47:26.425  1590  1590 F dex2oat : art/runtime/runtime.cc:284] All threads:
11-08 13:47:26.425  1590  1590 F dex2oat : art/runtime/runtime.cc:284] DALVIK THREADS (1):
11-08 13:47:26.425  1590  1590 F dex2oat : art/runtime/runtime.cc:284] "main" prio=5 tid=1 Runnable (still starting up)
11-08 13:47:26.425  1590  1590 F dex2oat : art/runtime/runtime.cc:284]   | group="" sCount=0 dsCount=0 obj=0x0 self=0xf6806400
11-08 13:47:26.425  1590  1590 F dex2oat : art/runtime/runtime.cc:284]   | sysTid=1590 nice=0 cgrp=apps/bg_non_interactive sched=0/0 handle=0xf7746160
11-08 13:47:26.425  1590  1590 F dex2oat : art/runtime/runtime.cc:284]   | state=R schedstat=( 0 0 0 ) utm=0 stm=0 core=0 HZ=100
11-08 13:47:26.425  1590  1590 F dex2oat : art/runtime/runtime.cc:284]   | stack=0xff399000-0xff39b000 stackSize=8MB
11-08 13:47:26.425  1590  1590 F dex2oat : art/runtime/runtime.cc:284]   | held mutexes= "abort lock" "mutator lock"(shared held)
11-08 13:47:26.425  1590  1590 F dex2oat : art/runtime/runtime.cc:284]   native: #00 pc 00005ac3  /system/lib/libbacktrace_libc++.so (UnwindCurrent::Unwind(unsigned int, ucontext*)+83)
11-08 13:47:26.425  1590  1590 F dex2oat : art/runtime/runtime.cc:284]   native: #01 pc 00002e91  /system/lib/libbacktrace_libc++.so (Backtrace::Unwind(unsigned int, ucontext*)+33)
11-08 13:47:26.425  1590  1590 F dex2oat : art/runtime/runtime.cc:284]   native: #02 pc 003c3f0a  /system/lib/libart.so (art::DumpNativeStack(std::__1::basic_ostream<char, std::__1::char_traits<char> >&, int, char const*, art::mirror::ArtMethod*)+138)
11-08 13:47:26.425  1590  1590 F dex2oat : art/runtime/runtime.cc:284]   native: #03 pc 0038e85c  /system/lib/libart.so (art::Thread::Dump(std::__1::basic_ostream<char, std::__1::char_traits<char> >&) const+284)
11-08 13:47:26.425  1590  1590 F dex2oat : art/runtime/runtime.cc:284]   native: #04 pc 0039a37e  /system/lib/libart.so (art::ThreadList::DumpLocked(std::__1::basic_ostream<char, std::__1::char_traits<char> >&)+478)
11-08 13:47:26.425  1590  1590 F dex2oat : art/runtime/runtime.cc:284]   native: #05 pc 00372f3c  /system/lib/libart.so (art::AbortState::Dump(std::__1::basic_ostream<char, std::__1::char_traits<char> >&)+508)
11-08 13:47:26.425  1590  1590 F dex2oat : art/runtime/runtime.cc:284]   native: #06 pc 0037353d  /system/lib/libart.so (art::Runtime::Abort()+125)
11-08 13:47:26.425  1590  1590 F dex2oat : art/runtime/runtime.cc:284]   native: #07 pc 000ec304  /system/lib/libart.so (art::LogMessage::~LogMessage()+1668)
11-08 13:47:26.425  1590  1590 F dex2oat : art/runtime/runtime.cc:284]   native: #08 pc 00377728  /system/lib/libart.so (art::Runtime::Init(std::__1::vector<std::__1::pair<std::__1::basic_string<char, std::__1::char_traits<char>, std::__1::allocator<char> >, void const*>, std::__1::allocator<std::__1::pair<std::__1::basic_string<char, std::__1::char_traits<char>, std::__1::allocator<char> >, void const*> > > const&, bool)+9976)
11-08 13:47:26.425  1590  1590 F dex2oat : art/runtime/runtime.cc:284]   native: #09 pc 00378728  /system/lib/libart.so (art::Runtime::Create(std::__1::vector<std::__1::pair<std::__1::basic_string<char, std::__1::char_traits<char>, std::__1::allocator<char> >, void const*>, std::__1::allocator<std::__1::pair<std::__1::basic_string<char, std::__1::char_traits<char>, std::__1::allocator<char> >, void const*> > > const&, bool)+104)
11-08 13:47:26.425  1590  1590 F dex2oat : art/runtime/runtime.cc:284]   native: #10 pc 000112b5  /system/bin/dex2oat (???)
11-08 13:47:26.425  1590  1590 F dex2oat : art/runtime/runtime.cc:284]   native: #11 pc 00016913  /system/bin/dex2oat (???)
11-08 13:47:26.425  1590  1590 F dex2oat : art/runtime/runtime.cc:284]   native: #12 pc 00008d30  /system/bin/dex2oat (???)
11-08 13:47:26.425  1590  1590 F dex2oat : art/runtime/runtime.cc:284]   native: #13 pc 00012a34  /system/lib/libc.so (__libc_init+100)
11-08 13:47:26.425  1590  1590 F dex2oat : art/runtime/runtime.cc:284]   native: #14 pc 00008dd3  /system/bin/dex2oat (???)
11-08 13:47:26.425  1590  1590 F dex2oat : art/runtime/runtime.cc:284]   native: #15 pc 0000000a  ???
11-08 13:47:26.425  1590  1590 F dex2oat : art/runtime/runtime.cc:284]   (no managed stack frames)
11-08 13:47:26.425  1590  1590 F dex2oat : art/runtime/runtime.cc:284] 
11-08 13:47:26.425  1590  1590 F dex2oat : art/runtime/runtime.cc:284] 
11-08 13:47:26.425  1590  1590 F libc    : Fatal signal 6 (SIGABRT), code -6 in tid 1590 (main)
11-08 13:47:26.528  1131  1131 I DEBUG   : *** *** *** *** *** *** *** *** *** *** *** *** *** *** *** ***
11-08 13:47:26.528  1131  1131 I DEBUG   : Build fingerprint: 'generic_x86_64/sdk_phone_x86_64/generic_x86_64:5.0.2/LSY66K/4174711:eng/test-keys'
11-08 13:47:26.528  1131  1131 I DEBUG   : Revision: '0'
11-08 13:47:26.528  1131  1131 I DEBUG   : ABI: 'x86'
11-08 13:47:26.528  1131  1131 I DEBUG   : pid: 1590, tid: 1590, name: main  >>> /system/bin/dex2oat <<<
11-08 13:47:26.528  1131  1131 I DEBUG   : signal 6 (SIGABRT), code -6 (SI_TKILL), fault addr --------
11-08 13:47:26.532  1131  1131 I DEBUG   : Abort message: 'art/runtime/runtime.cc:820] Check failed: options->boot_class_path_ != nullptr '
11-08 13:47:26.532  1131  1131 I DEBUG   :     eax 00000000  ebx 00000636  ecx 00000636  edx 00000006
11-08 13:47:26.533  1131  1131 I DEBUG   :     esi f7745f08  edi 00000002
11-08 13:47:26.533  1131  1131 I DEBUG   :     xcs 00000023  xds 0000002b  xes 0000002b  xfs 00000007  xss 0000002b
11-08 13:47:26.533  1131  1131 I DEBUG   :     eip f76b19f6  ebp 00000636  esp ffb968a0  flags 00000282
11-08 13:47:26.533  1131  1131 I DEBUG   : 
11-08 13:47:26.533  1131  1131 I DEBUG   : backtrace:
11-08 13:47:26.533  1131  1131 I DEBUG   :     #00 pc 000739f6  /system/lib/libc.so (tgkill+22)
11-08 13:47:26.533  1131  1131 I DEBUG   :     #01 pc 00021b1b  /system/lib/libc.so (pthread_kill+155)
11-08 13:47:26.533  1131  1131 I DEBUG   :     #02 pc 00023394  /system/lib/libc.so (raise+36)
11-08 13:47:26.533  1131  1131 I DEBUG   :     #03 pc 0001b874  /system/lib/libc.so (abort+84)
11-08 13:47:26.533  1131  1131 I DEBUG   :     #04 pc 003735e6  /system/lib/libart.so (art::Runtime::Abort()+294)
11-08 13:47:26.533  1131  1131 I DEBUG   :     #05 pc 000ec304  /system/lib/libart.so (art::LogMessage::~LogMessage()+1668)
11-08 13:47:26.533  1131  1131 I DEBUG   :     #06 pc 00377728  /system/lib/libart.so (art::Runtime::Init(std::__1::vector<std::__1::pair<std::__1::basic_string<char, std::__1::char_traits<char>, std::__1::allocator<char> >, void const*>, std::__1::allocator<std::__1::pair<std::__1::basic_string<char, std::__1::char_traits<char>, std::__1::allocator<char> >, void const*> > > const&, bool)+9976)
11-08 13:47:26.533  1131  1131 I DEBUG   :     #07 pc 00378728  /system/lib/libart.so (art::Runtime::Create(std::__1::vector<std::__1::pair<std::__1::basic_string<char, std::__1::char_traits<char>, std::__1::allocator<char> >, void const*>, std::__1::allocator<std::__1::pair<std::__1::basic_string<char, std::__1::char_traits<char>, std::__1::allocator<char> >, void const*> > > const&, bool)+104)
11-08 13:47:26.533  1131  1131 I DEBUG   :     #08 pc 000112b5  /system/bin/dex2oat
11-08 13:47:26.533  1131  1131 I DEBUG   :     #09 pc 00016913  /system/bin/dex2oat
11-08 13:47:26.533  1131  1131 I DEBUG   :     #10 pc 00008d30  /system/bin/dex2oat
11-08 13:47:26.533  1131  1131 I DEBUG   :     #11 pc 00012a34  /system/lib/libc.so (__libc_init+100)
11-08 13:47:26.533  1131  1131 I DEBUG   :     #12 pc 00008dd3  /system/bin/dex2oat
11-08 13:47:26.533  1131  1131 I DEBUG   :     #13 pc 0000000a  <unknown>
11-08 13:47:26.551  1131  1131 I DEBUG   : 
11-08 13:47:26.551  1131  1131 I DEBUG   : Tombstone written to: /data/tombstones/tombstone_08
11-08 13:47:26.552  1136  1136 E installd: DexInv: --- END '/system/framework/javax.obex.jar' --- status=0x0006, process failed
11-08 13:47:26.552  1512  1512 I art     : DexFile_isDexOptNeeded failed to open oat file '/data/dalvik-cache/x86/system@framework@android.test.runner.jar@classes.dex' for file location '/system/framework/android.test.runner.jar': Failed to open oat filename for reading: No such file or directory
11-08 13:47:26.555  1512  1512 I art     : DexFile_isDexOptNeeded file /system/framework/x86/android.test.runner.odex is out of date for /system/framework/android.test.runner.jar
11-08 13:47:26.562  1596  1596 E cutils-trace: Error opening trace file: Permission denied (13)
11-08 13:47:26.562  1596  1596 I dex2oat : /system/bin/dex2oat --zip-fd=5 --zip-location=/system/framework/android.test.runner.jar --oat-fd=6 --oat-location=/data/dalvik-cache/x86/system@framework@android.test.runner.jar@classes.dex --instruction-set=x86 --instruction-set-features=default --runtime-arg -Xms64m --runtime-arg -Xmx512m
11-08 13:47:26.564  1596  1596 E dex2oat : Failed to open dex from file descriptor for zip file '/system/framework/android.test.runner.jar': Entry not found
11-08 13:47:26.765  1596  1596 I dex2oat : dex2oat took 203.106ms (threads: 2)
11-08 13:47:26.770  1136  1136 E installd: DexInv: --- END '/system/framework/android.test.runner.jar' --- status=0x0100, process failed
11-08 13:47:26.771  1512  1512 I art     : DexFile_isDexOptNeeded failed to open oat file '/data/dalvik-cache/x86/system@framework@com.android.future.usb.accessory.jar@classes.dex' for file location '/system/framework/com.android.future.usb.accessory.jar': Failed to open oat filename for reading: No such file or directory
11-08 13:47:26.772  1512  1512 I art     : DexFile_isDexOptNeeded file /system/framework/x86/com.android.future.usb.accessory.odex is out of date for /system/framework/com.android.future.usb.accessory.jar
11-08 13:47:26.784  1598  1598 E cutils-trace: Error opening trace file: Permission denied (13)
11-08 13:47:26.784  1598  1598 I dex2oat : /system/bin/dex2oat --zip-fd=5 --zip-location=/system/framework/com.android.future.usb.accessory.jar --oat-fd=6 --oat-location=/data/dalvik-cache/x86/system@framework@com.android.future.usb.accessory.jar@classes.dex --instruction-set=x86 --instruction-set-features=default --runtime-arg -Xms64m --runtime-arg -Xmx512m
11-08 13:47:26.786  1598  1598 E dex2oat : Failed to open dex from file descriptor for zip file '/system/framework/com.android.future.usb.accessory.jar': Entry not found
11-08 13:47:26.988  1598  1598 I dex2oat : dex2oat took 203.841ms (threads: 2)
11-08 13:47:26.989  1136  1136 E installd: DexInv: --- END '/system/framework/com.android.future.usb.accessory.jar' --- status=0x0100, process failed
11-08 13:47:26.989  1512  1512 I art     : DexFile_isDexOptNeeded failed to open oat file '/data/dalvik-cache/x86/system@framework@com.android.media.remotedisplay.jar@classes.dex' for file location '/system/framework/com.android.media.remotedisplay.jar': Failed to open oat filename for reading: No such file or directory
11-08 13:47:26.990  1512  1512 I art     : DexFile_isDexOptNeeded file /system/framework/x86/com.android.media.remotedisplay.odex is out of date for /system/framework/com.android.media.remotedisplay.jar
11-08 13:47:26.996  1600  1600 E cutils-trace: Error opening trace file: Permission denied (13)
11-08 13:47:26.996  1600  1600 I dex2oat : /system/bin/dex2oat --zip-fd=5 --zip-location=/system/framework/com.android.media.remotedisplay.jar --oat-fd=6 --oat-location=/data/dalvik-cache/x86/system@framework@com.android.media.remotedisplay.jar@classes.dex --instruction-set=x86 --instruction-set-features=default --runtime-arg -Xms64m --runtime-arg -Xmx512m
11-08 13:47:26.997  1600  1600 E dex2oat : Failed to open dex from file descriptor for zip file '/system/framework/com.android.media.remotedisplay.jar': Entry not found
11-08 13:47:27.199  1600  1600 I dex2oat : dex2oat took 202.971ms (threads: 2)
11-08 13:47:27.202  1136  1136 E installd: DexInv: --- END '/system/framework/com.android.media.remotedisplay.jar' --- status=0x0100, process failed
11-08 13:47:27.203  1512  1512 I art     : DexFile_isDexOptNeeded failed to open oat file '/data/dalvik-cache/x86/system@framework@com.android.location.provider.jar@classes.dex' for file location '/system/framework/com.android.location.provider.jar': Failed to open oat filename for reading: No such file or directory
11-08 13:47:27.205  1512  1512 I art     : DexFile_isDexOptNeeded file /system/framework/x86/com.android.location.provider.odex is out of date for /system/framework/com.android.location.provider.jar
11-08 13:47:27.222  1602  1602 E cutils-trace: Error opening trace file: Permission denied (13)
11-08 13:47:27.222  1602  1602 I dex2oat : /system/bin/dex2oat --zip-fd=5 --zip-location=/system/framework/com.android.location.provider.jar --oat-fd=6 --oat-location=/data/dalvik-cache/x86/system@framework@com.android.location.provider.jar@classes.dex --instruction-set=x86 --instruction-set-features=default --runtime-arg -Xms64m --runtime-arg -Xmx512m
11-08 13:47:27.224  1602  1602 E dex2oat : Failed to open dex from file descriptor for zip file '/system/framework/com.android.location.provider.jar': Entry not found
11-08 13:47:27.425  1602  1602 I dex2oat : dex2oat took 203.050ms (threads: 2)
11-08 13:47:27.426  1136  1136 E installd: DexInv: --- END '/system/framework/com.android.location.provider.jar' --- status=0x0100, process failed
11-08 13:47:27.426  1512  1512 I art     : DexFile_isDexOptNeeded failed to open oat file '/data/dalvik-cache/x86/system@framework@com.android.mediadrm.signer.jar@classes.dex' for file location '/system/framework/com.android.mediadrm.signer.jar': Failed to open oat filename for reading: No such file or directory
11-08 13:47:27.427  1512  1512 I art     : DexFile_isDexOptNeeded file /system/framework/x86/com.android.mediadrm.signer.odex is out of date for /system/framework/com.android.mediadrm.signer.jar
11-08 13:47:27.434  1604  1604 E cutils-trace: Error opening trace file: Permission denied (13)
11-08 13:47:27.434  1604  1604 I dex2oat : /system/bin/dex2oat --zip-fd=5 --zip-location=/system/framework/com.android.mediadrm.signer.jar --oat-fd=6 --oat-location=/data/dalvik-cache/x86/system@framework@com.android.mediadrm.signer.jar@classes.dex --instruction-set=x86 --instruction-set-features=default --runtime-arg -Xms64m --runtime-arg -Xmx512m
11-08 13:47:27.436  1604  1604 E dex2oat : Failed to open dex from file descriptor for zip file '/system/framework/com.android.mediadrm.signer.jar': Entry not found
11-08 13:47:27.638  1604  1604 I dex2oat : dex2oat took 204.274ms (threads: 2)
11-08 13:47:27.639  1136  1136 E installd: DexInv: --- END '/system/framework/com.android.mediadrm.signer.jar' --- status=0x0100, process failed
11-08 13:47:27.640  1512  1512 I art     : DexFile_isDexOptNeeded failed to open oat file '/data/dalvik-cache/x86/system@framework@javax.obex.jar@classes.dex' for file location '/system/framework/javax.obex.jar': Failed to open oat filename for reading: No such file or directory
11-08 13:47:27.648  1512  1512 I art     : DexFile_isDexOptNeeded file /system/framework/x86/javax.obex.odex is out of date for /system/framework/javax.obex.jar
11-08 13:47:27.656  1606  1606 E cutils-trace: Error opening trace file: Permission denied (13)
11-08 13:47:27.656  1606  1606 I dex2oat : /system/bin/dex2oat --zip-fd=5 --zip-location=/system/framework/javax.obex.jar --oat-fd=6 --oat-location=/data/dalvik-cache/x86/system@framework@javax.obex.jar@classes.dex --instruction-set=x86 --instruction-set-features=default --runtime-arg -Xms64m --runtime-arg -Xmx512m
11-08 13:47:27.658  1606  1606 E dex2oat : Failed to open dex from file descriptor for zip file '/system/framework/javax.obex.jar': Entry not found
11-08 13:47:27.859  1606  1606 I dex2oat : dex2oat took 203.143ms (threads: 2)
11-08 13:47:27.860  1136  1136 E installd: DexInv: --- END '/system/framework/javax.obex.jar' --- status=0x0100, process failed
11-08 13:47:27.861  1512  1512 I art     : DexFile_isDexOptNeeded failed to open oat file '/data/dalvik-cache/x86_64/system@framework@am.jar@classes.dex' for file location '/system/framework/am.jar': Failed to open oat filename for reading: No such file or directory
11-08 13:47:27.862  1512  1512 I art     : DexFile_isDexOptNeeded file /system/framework/x86_64/am.odex is out of date for /system/framework/am.jar
11-08 13:47:27.871  1608  1608 E cutils-trace: Error opening trace file: Permission denied (13)
11-08 13:47:27.871  1608  1608 I dex2oat : /system/bin/dex2oat --zip-fd=5 --zip-location=/system/framework/am.jar --oat-fd=6 --oat-location=/data/dalvik-cache/x86_64/system@framework@am.jar@classes.dex --instruction-set=x86_64 --instruction-set-features=default --runtime-arg -Xms64m --runtime-arg -Xmx512m
11-08 13:47:27.872  1608  1608 W dex2oat : Unable to open /data/dalvik-cache/. to delete it's contents: Permission denied
11-08 13:47:27.872  1608  1608 W dex2oat : Unable to open /data/dalvik-cache/x86_64 to delete it's contents: Permission denied
11-08 13:47:27.872  1608  1608 W dex2oat : Could not create image space with image file '/system/framework/boot.art'. Attempting to fall back to imageless running. Error was: Unable to relocate image '/system/framework/boot.art' from '/system/framework/x86_64/boot.art' to '/data/dalvik-cache/x86_64/system@framework@boot.art': Only the zygote can create the global boot image.
11-08 13:47:27.872  1608  1608 F dex2oat : art/runtime/runtime.cc:820] Check failed: options->boot_class_path_ != nullptr 
11-08 13:47:27.876  1608  1608 F dex2oat : art/runtime/runtime.cc:284] Runtime aborting...
11-08 13:47:27.876  1608  1608 F dex2oat : art/runtime/runtime.cc:284] Aborting thread:
11-08 13:47:27.876  1608  1608 F dex2oat : art/runtime/runtime.cc:284] "main" prio=5 tid=1 Runnable (still starting up)
11-08 13:47:27.876  1608  1608 F dex2oat : art/runtime/runtime.cc:284]   | group="" sCount=0 dsCount=0 obj=0x0 self=0xf6906400
11-08 13:47:27.876  1608  1608 F dex2oat : art/runtime/runtime.cc:284]   | sysTid=1608 nice=0 cgrp=apps/bg_non_interactive sched=0/0 handle=0xf7760160
11-08 13:47:27.876  1608  1608 F dex2oat : art/runtime/runtime.cc:284]   | state=R schedstat=( 0 0 0 ) utm=0 stm=0 core=0 HZ=100
11-08 13:47:27.876  1608  1608 F dex2oat : art/runtime/runtime.cc:284]   | stack=0xff789000-0xff78b000 stackSize=8MB
11-08 13:47:27.876  1608  1608 F dex2oat : art/runtime/runtime.cc:284]   | held mutexes= "abort lock" "mutator lock"(shared held)
11-08 13:47:27.876  1608  1608 F dex2oat : art/runtime/runtime.cc:284]   native: #00 pc 00005ac3  /system/lib/libbacktrace_libc++.so (UnwindCurrent::Unwind(unsigned int, ucontext*)+83)
11-08 13:47:27.876  1608  1608 F dex2oat : art/runtime/runtime.cc:284]   native: #01 pc 00002e91  /system/lib/libbacktrace_libc++.so (Backtrace::Unwind(unsigned int, ucontext*)+33)
11-08 13:47:27.876  1608  1608 F dex2oat : art/runtime/runtime.cc:284]   native: #02 pc 003c3f0a  /system/lib/libart.so (art::DumpNativeStack(std::__1::basic_ostream<char, std::__1::char_traits<char> >&, int, char const*, art::mirror::ArtMethod*)+138)
11-08 13:47:27.876  1608  1608 F dex2oat : art/runtime/runtime.cc:284]   native: #03 pc 0038e85c  /system/lib/libart.so (art::Thread::Dump(std::__1::basic_ostream<char, std::__1::char_traits<char> >&) const+284)
11-08 13:47:27.876  1608  1608 F dex2oat : art/runtime/runtime.cc:284]   native: #04 pc 00372fc4  /system/lib/libart.so (art::AbortState::Dump(std::__1::basic_ostream<char, std::__1::char_traits<char> >&)+644)
11-08 13:47:27.876  1608  1608 F dex2oat : art/runtime/runtime.cc:284]   native: #05 pc 0037353d  /system/lib/libart.so (art::Runtime::Abort()+125)
11-08 13:47:27.876  1608  1608 F dex2oat : art/runtime/runtime.cc:284]   native: #06 pc 000ec304  /system/lib/libart.so (art::LogMessage::~LogMessage()+1668)
11-08 13:47:27.876  1608  1608 F dex2oat : art/runtime/runtime.cc:284]   native: #07 pc 00377728  /system/lib/libart.so (art::Runtime::Init(std::__1::vector<std::__1::pair<std::__1::basic_string<char, std::__1::char_traits<char>, std::__1::allocator<char> >, void const*>, std::__1::allocator<std::__1::pair<std::__1::basic_string<char, std::__1::char_traits<char>, std::__1::allocator<char> >, void const*> > > const&, bool)+9976)
11-08 13:47:27.876  1608  1608 F dex2oat : art/runtime/runtime.cc:284]   native: #08 pc 00378728  /system/lib/libart.so (art::Runtime::Create(std::__1::vector<std::__1::pair<std::__1::basic_string<char, std::__1::char_traits<char>, std::__1::allocator<char> >, void const*>, std::__1::allocator<std::__1::pair<std::__1::basic_string<char, std::__1::char_traits<char>, std::__1::allocator<char> >, void const*> > > const&, bool)+104)
11-08 13:47:27.876  1608  1608 F dex2oat : art/runtime/runtime.cc:284]   native: #09 pc 000112b5  /system/bin/dex2oat (???)
11-08 13:47:27.876  1608  1608 F dex2oat : art/runtime/runtime.cc:284]   native: #10 pc 00016913  /system/bin/dex2oat (???)
11-08 13:47:27.876  1608  1608 F dex2oat : art/runtime/runtime.cc:284]   native: #11 pc 00008d30  /system/bin/dex2oat (???)
11-08 13:47:27.876  1608  1608 F dex2oat : art/runtime/runtime.cc:284]   native: #12 pc 00012a34  /system/lib/libc.so (__libc_init+100)
11-08 13:47:27.876  1608  1608 F dex2oat : art/runtime/runtime.cc:284]   native: #13 pc 00008dd3  /system/bin/dex2oat (???)
11-08 13:47:27.876  1608  1608 F dex2oat : art/runtime/runtime.cc:284]   native: #14 pc 0000000a  ???
11-08 13:47:27.876  1608  1608 F dex2oat : art/runtime/runtime.cc:284]   (no managed stack frames)
11-08 13:47:27.876  1608  1608 F dex2oat : art/runtime/runtime.cc:284] Dumping all threads without appropriate locks held: thread list lock
11-08 13:47:27.876  1608  1608 F dex2oat : art/runtime/runtime.cc:284] All threads:
11-08 13:47:27.877  1608  1608 F dex2oat : art/runtime/runtime.cc:284] DALVIK THREADS (1):
11-08 13:47:27.877  1608  1608 F dex2oat : art/runtime/runtime.cc:284] "main" prio=5 tid=1 Runnable (still starting up)
11-08 13:47:27.877  1608  1608 F dex2oat : art/runtime/runtime.cc:284]   | group="" sCount=0 dsCount=0 obj=0x0 self=0xf6906400
11-08 13:47:27.877  1608  1608 F dex2oat : art/runtime/runtime.cc:284]   | sysTid=1608 nice=0 cgrp=apps/bg_non_interactive sched=0/0 handle=0xf7760160
11-08 13:47:27.877  1608  1608 F dex2oat : art/runtime/runtime.cc:284]   | state=R schedstat=( 0 0 0 ) utm=0 stm=0 core=0 HZ=100
11-08 13:47:27.877  1608  1608 F dex2oat : art/runtime/runtime.cc:284]   | stack=0xff789000-0xff78b000 stackSize=8MB
11-08 13:47:27.877  1608  1608 F dex2oat : art/runtime/runtime.cc:284]   | held mutexes= "abort lock" "mutator lock"(shared held)
11-08 13:47:27.877  1608  1608 F dex2oat : art/runtime/runtime.cc:284]   native: #00 pc 00005ac3  /system/lib/libbacktrace_libc++.so (UnwindCurrent::Unwind(unsigned int, ucontext*)+83)
11-08 13:47:27.877  1608  1608 F dex2oat : art/runtime/runtime.cc:284]   native: #01 pc 00002e91  /system/lib/libbacktrace_libc++.so (Backtrace::Unwind(unsigned int, ucontext*)+33)
11-08 13:47:27.877  1608  1608 F dex2oat : art/runtime/runtime.cc:284]   native: #02 pc 003c3f0a  /system/lib/libart.so (art::DumpNativeStack(std::__1::basic_ostream<char, std::__1::char_traits<char> >&, int, char const*, art::mirror::ArtMethod*)+138)
11-08 13:47:27.877  1608  1608 F dex2oat : art/runtime/runtime.cc:284]   native: #03 pc 0038e85c  /system/lib/libart.so (art::Thread::Dump(std::__1::basic_ostream<char, std::__1::char_traits<char> >&) const+284)
11-08 13:47:27.877  1608  1608 F dex2oat : art/runtime/runtime.cc:284]   native: #04 pc 0039a37e  /system/lib/libart.so (art::ThreadList::DumpLocked(std::__1::basic_ostream<char, std::__1::char_traits<char> >&)+478)
11-08 13:47:27.877  1608  1608 F dex2oat : art/runtime/runtime.cc:284]   native: #05 pc 00372f3c  /system/lib/libart.so (art::AbortState::Dump(std::__1::basic_ostream<char, std::__1::char_traits<char> >&)+508)
11-08 13:47:27.877  1608  1608 F dex2oat : art/runtime/runtime.cc:284]   native: #06 pc 0037353d  /system/lib/libart.so (art::Runtime::Abort()+125)
11-08 13:47:27.877  1608  1608 F dex2oat : art/runtime/runtime.cc:284]   native: #07 pc 000ec304  /system/lib/libart.so (art::LogMessage::~LogMessage()+1668)
11-08 13:47:27.877  1608  1608 F dex2oat : art/runtime/runtime.cc:284]   native: #08 pc 00377728  /system/lib/libart.so (art::Runtime::Init(std::__1::vector<std::__1::pair<std::__1::basic_string<char, std::__1::char_traits<char>, std::__1::allocator<char> >, void const*>, std::__1::allocator<std::__1::pair<std::__1::basic_string<char, std::__1::char_traits<char>, std::__1::allocator<char> >, void const*> > > const&, bool)+9976)
11-08 13:47:27.877  1608  1608 F dex2oat : art/runtime/runtime.cc:284]   native: #09 pc 00378728  /system/lib/libart.so (art::Runtime::Create(std::__1::vector<std::__1::pair<std::__1::basic_string<char, std::__1::char_traits<char>, std::__1::allocator<char> >, void const*>, std::__1::allocator<std::__1::pair<std::__1::basic_string<char, std::__1::char_traits<char>, std::__1::allocator<char> >, void const*> > > const&, bool)+104)
11-08 13:47:27.877  1608  1608 F dex2oat : art/runtime/runtime.cc:284]   native: #10 pc 000112b5  /system/bin/dex2oat (???)
11-08 13:47:27.877  1608  1608 F dex2oat : art/runtime/runtime.cc:284]   native: #11 pc 00016913  /system/bin/dex2oat (???)
11-08 13:47:27.877  1608  1608 F dex2oat : art/runtime/runtime.cc:284]   native: #12 pc 00008d30  /system/bin/dex2oat (???)
11-08 13:47:27.877  1608  1608 F dex2oat : art/runtime/runtime.cc:284]   native: #13 pc 00012a34  /system/lib/libc.so (__libc_init+100)
11-08 13:47:27.877  1608  1608 F dex2oat : art/runtime/runtime.cc:284]   native: #14 pc 00008dd3  /system/bin/dex2oat (???)
11-08 13:47:27.877  1608  1608 F dex2oat : art/runtime/runtime.cc:284]   native: #15 pc 0000000a  ???
11-08 13:47:27.877  1608  1608 F dex2oat : art/runtime/runtime.cc:284]   (no managed stack frames)
11-08 13:47:27.877  1608  1608 F dex2oat : art/runtime/runtime.cc:284] 
11-08 13:47:27.877  1608  1608 F dex2oat : art/runtime/runtime.cc:284] 
11-08 13:47:27.877  1608  1608 F libc    : Fatal signal 6 (SIGABRT), code -6 in tid 1608 (main)
11-08 13:47:27.980  1131  1131 I DEBUG   : *** *** *** *** *** *** *** *** *** *** *** *** *** *** *** ***
11-08 13:47:27.980  1131  1131 I DEBUG   : Build fingerprint: 'generic_x86_64/sdk_phone_x86_64/generic_x86_64:5.0.2/LSY66K/4174711:eng/test-keys'
11-08 13:47:27.980  1131  1131 I DEBUG   : Revision: '0'
11-08 13:47:27.980  1131  1131 I DEBUG   : ABI: 'x86'
11-08 13:47:27.980  1131  1131 I DEBUG   : pid: 1608, tid: 1608, name: main  >>> /system/bin/dex2oat <<<
11-08 13:47:27.980  1131  1131 I DEBUG   : signal 6 (SIGABRT), code -6 (SI_TKILL), fault addr --------
11-08 13:47:27.982  1131  1131 I DEBUG   : Abort message: 'art/runtime/runtime.cc:820] Check failed: options->boot_class_path_ != nullptr '
11-08 13:47:27.982  1131  1131 I DEBUG   :     eax 00000000  ebx 00000648  ecx 00000648  edx 00000006
11-08 13:47:27.982  1131  1131 I DEBUG   :     esi f775ff08  edi 00000002
11-08 13:47:27.982  1131  1131 I DEBUG   :     xcs 00000023  xds 0000002b  xes 0000002b  xfs 00000007  xss 0000002b
11-08 13:47:27.982  1131  1131 I DEBUG   :     eip f76cb9f6  ebp 00000648  esp fff87880  flags 00000286
11-08 13:47:27.982  1131  1131 I DEBUG   : 
11-08 13:47:27.982  1131  1131 I DEBUG   : backtrace:
11-08 13:47:27.982  1131  1131 I DEBUG   :     #00 pc 000739f6  /system/lib/libc.so (tgkill+22)
11-08 13:47:27.982  1131  1131 I DEBUG   :     #01 pc 00021b1b  /system/lib/libc.so (pthread_kill+155)
11-08 13:47:27.982  1131  1131 I DEBUG   :     #02 pc 00023394  /system/lib/libc.so (raise+36)
11-08 13:47:27.982  1131  1131 I DEBUG   :     #03 pc 0001b874  /system/lib/libc.so (abort+84)
11-08 13:47:27.982  1131  1131 I DEBUG   :     #04 pc 003735e6  /system/lib/libart.so (art::Runtime::Abort()+294)
11-08 13:47:27.982  1131  1131 I DEBUG   :     #05 pc 000ec304  /system/lib/libart.so (art::LogMessage::~LogMessage()+1668)
11-08 13:47:27.982  1131  1131 I DEBUG   :     #06 pc 00377728  /system/lib/libart.so (art::Runtime::Init(std::__1::vector<std::__1::pair<std::__1::basic_string<char, std::__1::char_traits<char>, std::__1::allocator<char> >, void const*>, std::__1::allocator<std::__1::pair<std::__1::basic_string<char, std::__1::char_traits<char>, std::__1::allocator<char> >, void const*> > > const&, bool)+9976)
11-08 13:47:27.983  1131  1131 I DEBUG   :     #07 pc 00378728  /system/lib/libart.so (art::Runtime::Create(std::__1::vector<std::__1::pair<std::__1::basic_string<char, std::__1::char_traits<char>, std::__1::allocator<char> >, void const*>, std::__1::allocator<std::__1::pair<std::__1::basic_string<char, std::__1::char_traits<char>, std::__1::allocator<char> >, void const*> > > const&, bool)+104)
11-08 13:47:27.983  1131  1131 I DEBUG   :     #08 pc 000112b5  /system/bin/dex2oat
11-08 13:47:27.983  1131  1131 I DEBUG   :     #09 pc 00016913  /system/bin/dex2oat
11-08 13:47:27.983  1131  1131 I DEBUG   :     #10 pc 00008d30  /system/bin/dex2oat
11-08 13:47:27.983  1131  1131 I DEBUG   :     #11 pc 00012a34  /system/lib/libc.so (__libc_init+100)
11-08 13:47:27.983  1131  1131 I DEBUG   :     #12 pc 00008dd3  /system/bin/dex2oat
11-08 13:47:27.983  1131  1131 I DEBUG   :     #13 pc 0000000a  <unknown>
11-08 13:47:27.995  1131  1131 I DEBUG   : 
11-08 13:47:27.995  1131  1131 I DEBUG   : Tombstone written to: /data/tombstones/tombstone_09
11-08 13:47:27.995  1136  1136 E installd: DexInv: --- END '/system/framework/am.jar' --- status=0x0006, process failed
11-08 13:47:27.996  1512  1512 I art     : DexFile_isDexOptNeeded failed to open oat file '/data/dalvik-cache/x86_64/system@framework@appops.jar@classes.dex' for file location '/system/framework/appops.jar': Failed to open oat filename for reading: No such file or directory
11-08 13:47:28.005  1512  1512 I art     : DexFile_isDexOptNeeded file /system/framework/x86_64/appops.odex is out of date for /system/framework/appops.jar
11-08 13:47:28.012  1614  1614 E cutils-trace: Error opening trace file: Permission denied (13)
11-08 13:47:28.012  1614  1614 I dex2oat : /system/bin/dex2oat --zip-fd=5 --zip-location=/system/framework/appops.jar --oat-fd=6 --oat-location=/data/dalvik-cache/x86_64/system@framework@appops.jar@classes.dex --instruction-set=x86_64 --instruction-set-features=default --runtime-arg -Xms64m --runtime-arg -Xmx512m
11-08 13:47:28.012  1614  1614 W dex2oat : Unable to open /data/dalvik-cache/. to delete it's contents: Permission denied
11-08 13:47:28.012  1614  1614 W dex2oat : Unable to open /data/dalvik-cache/x86_64 to delete it's contents: Permission denied
11-08 13:47:28.012  1614  1614 W dex2oat : Could not create image space with image file '/system/framework/boot.art'. Attempting to fall back to imageless running. Error was: Unable to relocate image '/system/framework/boot.art' from '/system/framework/x86_64/boot.art' to '/data/dalvik-cache/x86_64/system@framework@boot.art': Only the zygote can create the global boot image.
11-08 13:47:28.013  1614  1614 F dex2oat : art/runtime/runtime.cc:820] Check failed: options->boot_class_path_ != nullptr 
11-08 13:47:28.015  1614  1614 F dex2oat : art/runtime/runtime.cc:284] Runtime aborting...
11-08 13:47:28.015  1614  1614 F dex2oat : art/runtime/runtime.cc:284] Aborting thread:
11-08 13:47:28.015  1614  1614 F dex2oat : art/runtime/runtime.cc:284] "main" prio=5 tid=1 Runnable (still starting up)
11-08 13:47:28.015  1614  1614 F dex2oat : art/runtime/runtime.cc:284]   | group="" sCount=0 dsCount=0 obj=0x0 self=0xf6806400
