11-20 13:06:39.896  1511  1511 E cutils-trace: Error opening trace file: Permission denied (13)
11-20 13:06:39.905  1478  1478 I art     : DexFile_isDexOptNeeded failed to open oat file '/data/dalvik-cache/x86/system@framework@com.android.future.usb.accessory.jar@classes.dex' for file location '/system/framework/com.android.future.usb.accessory.jar': Failed to open oat filename for reading: No such file or directory
11-20 13:06:39.905  1478  1478 I art     : DexFile_isDexOptNeeded file /system/framework/x86/com.android.future.usb.accessory.odex needs to be relocated for /system/framework/com.android.future.usb.accessory.jar
11-20 13:06:39.906  1512  1512 E installd: Running /system/bin/patchoat isa=x86 in-fd=5 (/system/framework/x86/com.android.future.usb.accessory.odex) out-fd=6 (/data/dalvik-cache/x86/system@framework@com.android.future.usb.accessory.jar@classes.dex)
11-20 13:06:39.909  1512  1512 E cutils-trace: Error opening trace file: Permission denied (13)
11-20 13:06:39.909  1478  1478 I art     : DexFile_isDexOptNeeded failed to open oat file '/data/dalvik-cache/x86/system@framework@com.android.media.remotedisplay.jar@classes.dex' for file location '/system/framework/com.android.media.remotedisplay.jar': Failed to open oat filename for reading: No such file or directory
11-20 13:06:39.911  1478  1478 I art     : DexFile_isDexOptNeeded file /system/framework/x86/com.android.media.remotedisplay.odex needs to be relocated for /system/framework/com.android.media.remotedisplay.jar
11-20 13:06:39.911  1513  1513 E installd: Running /system/bin/patchoat isa=x86 in-fd=5 (/system/framework/x86/com.android.media.remotedisplay.odex) out-fd=6 (/data/dalvik-cache/x86/system@framework@com.android.media.remotedisplay.jar@classes.dex)
11-20 13:06:39.914  1513  1513 E cutils-trace: Error opening trace file: Permission denied (13)
11-20 13:06:39.914  1478  1478 I art     : DexFile_isDexOptNeeded failed to open oat file '/data/dalvik-cache/x86/system@framework@com.android.location.provider.jar@classes.dex' for file location '/system/framework/com.android.location.provider.jar': Failed to open oat filename for reading: No such file or directory
11-20 13:06:39.915  1478  1478 I art     : DexFile_isDexOptNeeded file /system/framework/x86/com.android.location.provider.odex needs to be relocated for /system/framework/com.android.location.provider.jar
11-20 13:06:39.916  1514  1514 E installd: Running /system/bin/patchoat isa=x86 in-fd=5 (/system/framework/x86/com.android.location.provider.odex) out-fd=6 (/data/dalvik-cache/x86/system@framework@com.android.location.provider.jar@classes.dex)
11-20 13:06:39.919  1514  1514 E cutils-trace: Error opening trace file: Permission denied (13)
11-20 13:06:39.919  1478  1478 I art     : DexFile_isDexOptNeeded failed to open oat file '/data/dalvik-cache/x86/system@framework@com.android.mediadrm.signer.jar@classes.dex' for file location '/system/framework/com.android.mediadrm.signer.jar': Failed to open oat filename for reading: No such file or directory
11-20 13:06:39.920  1478  1478 I art     : DexFile_isDexOptNeeded file /system/framework/x86/com.android.mediadrm.signer.odex needs to be relocated for /system/framework/com.android.mediadrm.signer.jar
11-20 13:06:39.920  1515  1515 E installd: Running /system/bin/patchoat isa=x86 in-fd=5 (/system/framework/x86/com.android.mediadrm.signer.odex) out-fd=6 (/data/dalvik-cache/x86/system@framework@com.android.mediadrm.signer.jar@classes.dex)
11-20 13:06:39.924  1515  1515 E cutils-trace: Error opening trace file: Permission denied (13)
11-20 13:06:39.924  1478  1478 I art     : DexFile_isDexOptNeeded failed to open oat file '/data/dalvik-cache/x86/system@framework@javax.obex.jar@classes.dex' for file location '/system/framework/javax.obex.jar': Failed to open oat filename for reading: No such file or directory
11-20 13:06:39.926  1478  1478 I art     : DexFile_isDexOptNeeded file /system/framework/x86/javax.obex.odex needs to be relocated for /system/framework/javax.obex.jar
11-20 13:06:39.926  1516  1516 E installd: Running /system/bin/patchoat isa=x86 in-fd=5 (/system/framework/x86/javax.obex.odex) out-fd=6 (/data/dalvik-cache/x86/system@framework@javax.obex.jar@classes.dex)
11-20 13:06:39.929  1516  1516 E cutils-trace: Error opening trace file: Permission denied (13)
11-20 13:06:39.930  1478  1478 I art     : DexFile_isDexOptNeeded failed to open oat file '/data/dalvik-cache/x86/system@framework@am.jar@classes.dex' for file location '/system/framework/am.jar': Failed to open oat filename for reading: No such file or directory
11-20 13:06:39.932  1478  1478 I art     : DexFile_isDexOptNeeded file /system/framework/x86/am.odex needs to be relocated for /system/framework/am.jar
11-20 13:06:39.932  1517  1517 E installd: Running /system/bin/patchoat isa=x86 in-fd=5 (/system/framework/x86/am.odex) out-fd=6 (/data/dalvik-cache/x86/system@framework@am.jar@classes.dex)
11-20 13:06:39.935  1517  1517 E cutils-trace: Error opening trace file: Permission denied (13)
11-20 13:06:39.936  1478  1478 I art     : DexFile_isDexOptNeeded failed to open oat file '/data/dalvik-cache/x86/system@framework@appops.jar@classes.dex' for file location '/system/framework/appops.jar': Failed to open oat filename for reading: No such file or directory
11-20 13:06:39.937  1478  1478 I art     : DexFile_isDexOptNeeded file /system/framework/x86/appops.odex needs to be relocated for /system/framework/appops.jar
11-20 13:06:39.937  1518  1518 E installd: Running /system/bin/patchoat isa=x86 in-fd=5 (/system/framework/x86/appops.odex) out-fd=6 (/data/dalvik-cache/x86/system@framework@appops.jar@classes.dex)
11-20 13:06:39.940  1518  1518 E cutils-trace: Error opening trace file: Permission denied (13)
11-20 13:06:39.940  1478  1478 I art     : DexFile_isDexOptNeeded failed to open oat file '/data/dalvik-cache/x86/system@framework@appwidget.jar@classes.dex' for file location '/system/framework/appwidget.jar': Failed to open oat filename for reading: No such file or directory
11-20 13:06:39.941  1478  1478 I art     : DexFile_isDexOptNeeded file /system/framework/x86/appwidget.odex needs to be relocated for /system/framework/appwidget.jar
11-20 13:06:39.941  1519  1519 E installd: Running /system/bin/patchoat isa=x86 in-fd=5 (/system/framework/x86/appwidget.odex) out-fd=6 (/data/dalvik-cache/x86/system@framework@appwidget.jar@classes.dex)
11-20 13:06:39.944  1519  1519 E cutils-trace: Error opening trace file: Permission denied (13)
11-20 13:06:39.945  1478  1478 I art     : DexFile_isDexOptNeeded failed to open oat file '/data/dalvik-cache/x86/system@framework@bmgr.jar@classes.dex' for file location '/system/framework/bmgr.jar': Failed to open oat filename for reading: No such file or directory
11-20 13:06:39.946  1478  1478 I art     : DexFile_isDexOptNeeded file /system/framework/x86/bmgr.odex needs to be relocated for /system/framework/bmgr.jar
11-20 13:06:39.946  1520  1520 E installd: Running /system/bin/patchoat isa=x86 in-fd=5 (/system/framework/x86/bmgr.odex) out-fd=6 (/data/dalvik-cache/x86/system@framework@bmgr.jar@classes.dex)
11-20 13:06:39.949  1520  1520 E cutils-trace: Error opening trace file: Permission denied (13)
11-20 13:06:39.949  1478  1478 I art     : DexFile_isDexOptNeeded failed to open oat file '/data/dalvik-cache/x86/system@framework@bu.jar@classes.dex' for file location '/system/framework/bu.jar': Failed to open oat filename for reading: No such file or directory
11-20 13:06:39.951  1478  1478 I art     : DexFile_isDexOptNeeded file /system/framework/x86/bu.odex needs to be relocated for /system/framework/bu.jar
11-20 13:06:39.951  1521  1521 E installd: Running /system/bin/patchoat isa=x86 in-fd=5 (/system/framework/x86/bu.odex) out-fd=6 (/data/dalvik-cache/x86/system@framework@bu.jar@classes.dex)
11-20 13:06:39.954  1521  1521 E cutils-trace: Error opening trace file: Permission denied (13)
11-20 13:06:39.954  1478  1478 I art     : DexFile_isDexOptNeeded failed to open oat file '/data/dalvik-cache/x86/system@framework@content.jar@classes.dex' for file location '/system/framework/content.jar': Failed to open oat filename for reading: No such file or directory
11-20 13:06:39.955  1478  1478 I art     : DexFile_isDexOptNeeded file /system/framework/x86/content.odex needs to be relocated for /system/framework/content.jar
11-20 13:06:39.955  1522  1522 E installd: Running /system/bin/patchoat isa=x86 in-fd=5 (/system/framework/x86/content.odex) out-fd=6 (/data/dalvik-cache/x86/system@framework@content.jar@classes.dex)
11-20 13:06:39.958  1522  1522 E cutils-trace: Error opening trace file: Permission denied (13)
11-20 13:06:39.959  1478  1478 I art     : DexFile_isDexOptNeeded failed to open oat file '/data/dalvik-cache/x86/system@framework@dpm.jar@classes.dex' for file location '/system/framework/dpm.jar': Failed to open oat filename for reading: No such file or directory
11-20 13:06:39.960  1478  1478 I art     : DexFile_isDexOptNeeded file /system/framework/x86/dpm.odex needs to be relocated for /system/framework/dpm.jar
11-20 13:06:39.960  1523  1523 E installd: Running /system/bin/patchoat isa=x86 in-fd=5 (/system/framework/x86/dpm.odex) out-fd=6 (/data/dalvik-cache/x86/system@framework@dpm.jar@classes.dex)
11-20 13:06:39.963  1523  1523 E cutils-trace: Error opening trace file: Permission denied (13)
11-20 13:06:39.964  1478  1478 I art     : DexFile_isDexOptNeeded failed to open oat file '/data/dalvik-cache/x86/system@framework@ime.jar@classes.dex' for file location '/system/framework/ime.jar': Failed to open oat filename for reading: No such file or directory
11-20 13:06:39.965  1478  1478 I art     : DexFile_isDexOptNeeded file /system/framework/x86/ime.odex needs to be relocated for /system/framework/ime.jar
11-20 13:06:39.965  1524  1524 E installd: Running /system/bin/patchoat isa=x86 in-fd=5 (/system/framework/x86/ime.odex) out-fd=6 (/data/dalvik-cache/x86/system@framework@ime.jar@classes.dex)
11-20 13:06:39.968  1524  1524 E cutils-trace: Error opening trace file: Permission denied (13)
11-20 13:06:39.968  1478  1478 I art     : DexFile_isDexOptNeeded failed to open oat file '/data/dalvik-cache/x86/system@framework@input.jar@classes.dex' for file location '/system/framework/input.jar': Failed to open oat filename for reading: No such file or directory
11-20 13:06:39.969  1478  1478 I art     : DexFile_isDexOptNeeded file /system/framework/x86/input.odex needs to be relocated for /system/framework/input.jar
11-20 13:06:39.969  1525  1525 E installd: Running /system/bin/patchoat isa=x86 in-fd=5 (/system/framework/x86/input.odex) out-fd=6 (/data/dalvik-cache/x86/system@framework@input.jar@classes.dex)
11-20 13:06:39.972  1525  1525 E cutils-trace: Error opening trace file: Permission denied (13)
11-20 13:06:39.972  1478  1478 I art     : DexFile_isDexOptNeeded failed to open oat file '/data/dalvik-cache/x86/system@framework@media_cmd.jar@classes.dex' for file location '/system/framework/media_cmd.jar': Failed to open oat filename for reading: No such file or directory
11-20 13:06:39.973  1478  1478 I art     : DexFile_isDexOptNeeded file /system/framework/x86/media_cmd.odex needs to be relocated for /system/framework/media_cmd.jar
11-20 13:06:39.974  1526  1526 E installd: Running /system/bin/patchoat isa=x86 in-fd=5 (/system/framework/x86/media_cmd.odex) out-fd=6 (/data/dalvik-cache/x86/system@framework@media_cmd.jar@classes.dex)
11-20 13:06:39.976  1526  1526 E cutils-trace: Error opening trace file: Permission denied (13)
11-20 13:06:39.977  1478  1478 I art     : DexFile_isDexOptNeeded failed to open oat file '/data/dalvik-cache/x86/system@framework@monkey.jar@classes.dex' for file location '/system/framework/monkey.jar': Failed to open oat filename for reading: No such file or directory
11-20 13:06:39.979  1478  1478 I art     : DexFile_isDexOptNeeded file /system/framework/x86/monkey.odex needs to be relocated for /system/framework/monkey.jar
11-20 13:06:39.979  1527  1527 E installd: Running /system/bin/patchoat isa=x86 in-fd=5 (/system/framework/x86/monkey.odex) out-fd=6 (/data/dalvik-cache/x86/system@framework@monkey.jar@classes.dex)
11-20 13:06:39.982  1527  1527 E cutils-trace: Error opening trace file: Permission denied (13)
11-20 13:06:39.985  1478  1478 I art     : DexFile_isDexOptNeeded failed to open oat file '/data/dalvik-cache/x86/system@framework@pm.jar@classes.dex' for file location '/system/framework/pm.jar': Failed to open oat filename for reading: No such file or directory
11-20 13:06:39.986  1478  1478 I art     : DexFile_isDexOptNeeded file /system/framework/x86/pm.odex needs to be relocated for /system/framework/pm.jar
11-20 13:06:39.986  1528  1528 E installd: Running /system/bin/patchoat isa=x86 in-fd=5 (/system/framework/x86/pm.odex) out-fd=6 (/data/dalvik-cache/x86/system@framework@pm.jar@classes.dex)
11-20 13:06:39.989  1528  1528 E cutils-trace: Error opening trace file: Permission denied (13)
11-20 13:06:39.990  1478  1478 I art     : DexFile_isDexOptNeeded failed to open oat file '/data/dalvik-cache/x86/system@framework@requestsync.jar@classes.dex' for file location '/system/framework/requestsync.jar': Failed to open oat filename for reading: No such file or directory
11-20 13:06:39.991  1478  1478 I art     : DexFile_isDexOptNeeded file /system/framework/x86/requestsync.odex needs to be relocated for /system/framework/requestsync.jar
11-20 13:06:39.991  1529  1529 E installd: Running /system/bin/patchoat isa=x86 in-fd=5 (/system/framework/x86/requestsync.odex) out-fd=6 (/data/dalvik-cache/x86/system@framework@requestsync.jar@classes.dex)
11-20 13:06:39.994  1529  1529 E cutils-trace: Error opening trace file: Permission denied (13)
11-20 13:06:39.995  1478  1478 I art     : DexFile_isDexOptNeeded failed to open oat file '/data/dalvik-cache/x86/system@framework@settings.jar@classes.dex' for file location '/system/framework/settings.jar': Failed to open oat filename for reading: No such file or directory
11-20 13:06:39.995  1478  1478 I art     : DexFile_isDexOptNeeded file /system/framework/x86/settings.odex needs to be relocated for /system/framework/settings.jar
11-20 13:06:39.996  1530  1530 E installd: Running /system/bin/patchoat isa=x86 in-fd=5 (/system/framework/x86/settings.odex) out-fd=6 (/data/dalvik-cache/x86/system@framework@settings.jar@classes.dex)
11-20 13:06:39.999  1530  1530 E cutils-trace: Error opening trace file: Permission denied (13)
11-20 13:06:39.999  1478  1478 I art     : DexFile_isDexOptNeeded failed to open oat file '/data/dalvik-cache/x86/system@framework@svc.jar@classes.dex' for file location '/system/framework/svc.jar': Failed to open oat filename for reading: No such file or directory
11-20 13:06:40.000  1478  1478 I art     : DexFile_isDexOptNeeded file /system/framework/x86/svc.odex needs to be relocated for /system/framework/svc.jar
11-20 13:06:40.000  1531  1531 E installd: Running /system/bin/patchoat isa=x86 in-fd=5 (/system/framework/x86/svc.odex) out-fd=6 (/data/dalvik-cache/x86/system@framework@svc.jar@classes.dex)
11-20 13:06:40.003  1531  1531 E cutils-trace: Error opening trace file: Permission denied (13)
11-20 13:06:40.003  1478  1478 I art     : DexFile_isDexOptNeeded failed to open oat file '/data/dalvik-cache/x86/system@framework@uiautomator.jar@classes.dex' for file location '/system/framework/uiautomator.jar': Failed to open oat filename for reading: No such file or directory
11-20 13:06:40.005  1478  1478 I art     : DexFile_isDexOptNeeded file /system/framework/x86/uiautomator.odex needs to be relocated for /system/framework/uiautomator.jar
11-20 13:06:40.005  1532  1532 E installd: Running /system/bin/patchoat isa=x86 in-fd=5 (/system/framework/x86/uiautomator.odex) out-fd=6 (/data/dalvik-cache/x86/system@framework@uiautomator.jar@classes.dex)
11-20 13:06:40.008  1532  1532 E cutils-trace: Error opening trace file: Permission denied (13)
11-20 13:06:40.014  1478  1478 I art     : DexFile_isDexOptNeeded failed to open oat file '/data/dalvik-cache/x86/system@framework@wm.jar@classes.dex' for file location '/system/framework/wm.jar': Failed to open oat filename for reading: No such file or directory
11-20 13:06:40.016  1478  1478 I art     : DexFile_isDexOptNeeded file /system/framework/x86/wm.odex needs to be relocated for /system/framework/wm.jar
11-20 13:06:40.016  1533  1533 E installd: Running /system/bin/patchoat isa=x86 in-fd=5 (/system/framework/x86/wm.odex) out-fd=6 (/data/dalvik-cache/x86/system@framework@wm.jar@classes.dex)
11-20 13:06:40.020  1533  1533 E cutils-trace: Error opening trace file: Permission denied (13)
11-20 13:06:40.020  1478  1478 D PackageManager: No files in app dir /vendor/overlay
11-20 13:06:40.030  1478  1478 I PackageManager: /system/framework/framework-res.apk changed; collecting certs
11-20 13:06:40.197  1478  1478 W PackageManager: Failed to parse /system/framework/x86: Missing base APK in /system/framework/x86
11-20 13:06:40.199  1478  1478 I PackageManager: /system/priv-app/BackupRestoreConfirmation changed; collecting certs
11-20 13:06:40.202  1478  1478 I art     : DexFile_isDexOptNeeded failed to open oat file '/data/dalvik-cache/x86/system@priv-app@BackupRestoreConfirmation@BackupRestoreConfirmation.apk@classes.dex' for file location '/system/priv-app/BackupRestoreConfirmation/BackupRestoreConfirmation.apk': Failed to open oat filename for reading: No such file or directory
11-20 13:06:40.203  1478  1478 I art     : DexFile_isDexOptNeeded file /system/priv-app/BackupRestoreConfirmation/x86/BackupRestoreConfirmation.odex needs to be relocated for /system/priv-app/BackupRestoreConfirmation/BackupRestoreConfirmation.apk
11-20 13:06:40.204  1478  1478 I PackageManager: /system/priv-app/CalendarProvider changed; collecting certs
11-20 13:06:40.206  1478  1478 I PackageManager: New shared user android.uid.calendar: id=10001
11-20 13:06:40.207  1478  1478 I art     : DexFile_isDexOptNeeded failed to open oat file '/data/dalvik-cache/x86/system@priv-app@CalendarProvider@CalendarProvider.apk@classes.dex' for file location '/system/priv-app/CalendarProvider/CalendarProvider.apk': Failed to open oat filename for reading: No such file or directory
11-20 13:06:40.208  1478  1478 I art     : DexFile_isDexOptNeeded file /system/priv-app/CalendarProvider/x86/CalendarProvider.odex needs to be relocated for /system/priv-app/CalendarProvider/CalendarProvider.apk
11-20 13:06:40.215  1478  1478 W ResourceType: Failure getting entry for 0x7f0b01e9 (t=10 e=489) (error -75)
11-20 13:06:40.215  1478  1478 W PackageParser: No actions in intent filter at /system/priv-app/Contacts/Contacts.apk Binary XML file line #356
11-20 13:06:40.216  1478  1478 I PackageManager: /system/priv-app/Contacts changed; collecting certs
11-20 13:06:40.260  1478  1478 I PackageManager: New shared user android.uid.shared: id=10002
11-20 13:06:40.261  1478  1478 I art     : DexFile_isDexOptNeeded failed to open oat file '/data/dalvik-cache/x86/system@priv-app@Contacts@Contacts.apk@classes.dex' for file location '/system/priv-app/Contacts/Contacts.apk': Failed to open oat filename for reading: No such file or directory
11-20 13:06:40.263  1478  1478 I art     : DexFile_isDexOptNeeded file /system/priv-app/Contacts/x86/Contacts.odex needs to be relocated for /system/priv-app/Contacts/Contacts.apk
11-20 13:06:40.266  1478  1478 I PackageManager: /system/priv-app/ContactsProvider changed; collecting certs
11-20 13:06:40.269  1478  1478 I art     : DexFile_isDexOptNeeded failed to open oat file '/data/dalvik-cache/x86/system@priv-app@ContactsProvider@ContactsProvider.apk@classes.dex' for file location '/system/priv-app/ContactsProvider/ContactsProvider.apk': Failed to open oat filename for reading: No such file or directory
11-20 13:06:40.271  1478  1478 I art     : DexFile_isDexOptNeeded file /system/priv-app/ContactsProvider/x86/ContactsProvider.odex needs to be relocated for /system/priv-app/ContactsProvider/ContactsProvider.apk
11-20 13:06:40.273  1478  1478 I PackageManager: /system/priv-app/DefaultContainerService changed; collecting certs
11-20 13:06:40.275  1478  1478 I art     : DexFile_isDexOptNeeded failed to open oat file '/data/dalvik-cache/x86/system@priv-app@DefaultContainerService@DefaultContainerService.apk@classes.dex' for file location '/system/priv-app/DefaultContainerService/DefaultContainerService.apk': Failed to open oat filename for reading: No such file or directory
11-20 13:06:40.276  1478  1478 I art     : DexFile_isDexOptNeeded file /system/priv-app/DefaultContainerService/x86/DefaultContainerService.odex needs to be relocated for /system/priv-app/DefaultContainerService/DefaultContainerService.apk
11-20 13:06:40.283  1478  1478 W PackageParser: No actions in intent filter at /system/priv-app/Dialer/Dialer.apk Binary XML file line #166
11-20 13:06:40.283  1478  1478 I PackageManager: /system/priv-app/Dialer changed; collecting certs
11-20 13:06:40.327  1478  1478 I art     : DexFile_isDexOptNeeded failed to open oat file '/data/dalvik-cache/x86/system@priv-app@Dialer@Dialer.apk@classes.dex' for file location '/system/priv-app/Dialer/Dialer.apk': Failed to open oat filename for reading: No such file or directory
11-20 13:06:40.329  1478  1478 I art     : DexFile_isDexOptNeeded file /system/priv-app/Dialer/x86/Dialer.odex needs to be relocated for /system/priv-app/Dialer/Dialer.apk
11-20 13:06:40.331  1478  1478 I PackageManager: /system/priv-app/DownloadProvider changed; collecting certs
11-20 13:06:40.333  1478  1478 I PackageManager: New shared user android.media: id=10005
11-20 13:06:40.334  1478  1478 I art     : DexFile_isDexOptNeeded failed to open oat file '/data/dalvik-cache/x86/system@priv-app@DownloadProvider@DownloadProvider.apk@classes.dex' for file location '/system/priv-app/DownloadProvider/DownloadProvider.apk': Failed to open oat filename for reading: No such file or directory
11-20 13:06:40.336  1478  1478 I art     : DexFile_isDexOptNeeded file /system/priv-app/DownloadProvider/x86/DownloadProvider.odex needs to be relocated for /system/priv-app/DownloadProvider/DownloadProvider.apk
11-20 13:06:40.337  1478  1478 I PackageManager: /system/priv-app/ExternalStorageProvider changed; collecting certs
11-20 13:06:40.339  1478  1478 I art     : DexFile_isDexOptNeeded failed to open oat file '/data/dalvik-cache/x86/system@priv-app@ExternalStorageProvider@ExternalStorageProvider.apk@classes.dex' for file location '/system/priv-app/ExternalStorageProvider/ExternalStorageProvider.apk': Failed to open oat filename for reading: No such file or directory
11-20 13:06:40.340  1478  1478 I art     : DexFile_isDexOptNeeded file /system/priv-app/ExternalStorageProvider/x86/ExternalStorageProvider.odex needs to be relocated for /system/priv-app/ExternalStorageProvider/ExternalStorageProvider.apk
11-20 13:06:40.341  1478  1478 I PackageManager: /system/priv-app/FusedLocation changed; collecting certs
11-20 13:06:40.343  1478  1478 I art     : DexFile_isDexOptNeeded failed to open oat file '/data/dalvik-cache/x86/system@priv-app@FusedLocation@FusedLocation.apk@classes.dex' for file location '/system/priv-app/FusedLocation/FusedLocation.apk': Failed to open oat filename for reading: No such file or directory
11-20 13:06:40.343  1478  1478 I art     : DexFile_isDexOptNeeded file /system/priv-app/FusedLocation/x86/FusedLocation.odex needs to be relocated for /system/priv-app/FusedLocation/FusedLocation.apk
11-20 13:06:40.345  1478  1478 I PackageManager: /system/priv-app/InputDevices changed; collecting certs
11-20 13:06:40.349  1478  1478 I art     : DexFile_isDexOptNeeded failed to open oat file '/data/dalvik-cache/x86/system@priv-app@InputDevices@InputDevices.apk@classes.dex' for file location '/system/priv-app/InputDevices/InputDevices.apk': Failed to open oat filename for reading: No such file or directory
11-20 13:06:40.350  1478  1478 I art     : DexFile_isDexOptNeeded file /system/priv-app/InputDevices/x86/InputDevices.odex needs to be relocated for /system/priv-app/InputDevices/InputDevices.apk
11-20 13:06:40.355  1478  1478 I PackageManager: /system/priv-app/Launcher2 changed; collecting certs
11-20 13:06:40.365  1478  1478 I art     : DexFile_isDexOptNeeded failed to open oat file '/data/dalvik-cache/x86/system@priv-app@Launcher2@Launcher2.apk@classes.dex' for file location '/system/priv-app/Launcher2/Launcher2.apk': Failed to open oat filename for reading: No such file or directory
11-20 13:06:40.367  1478  1478 I art     : DexFile_isDexOptNeeded file /system/priv-app/Launcher2/x86/Launcher2.odex needs to be relocated for /system/priv-app/Launcher2/Launcher2.apk
11-20 13:06:40.370  1478  1478 I PackageManager: /system/priv-app/ManagedProvisioning changed; collecting certs
11-20 13:06:40.373  1478  1478 I art     : DexFile_isDexOptNeeded failed to open oat file '/data/dalvik-cache/x86/system@priv-app@ManagedProvisioning@ManagedProvisioning.apk@classes.dex' for file location '/system/priv-app/ManagedProvisioning/ManagedProvisioning.apk': Failed to open oat filename for reading: No such file or directory
11-20 13:06:40.374  1478  1478 I art     : DexFile_isDexOptNeeded file /system/priv-app/ManagedProvisioning/x86/ManagedProvisioning.odex needs to be relocated for /system/priv-app/ManagedProvisioning/ManagedProvisioning.apk
11-20 13:06:40.376  1478  1478 I PackageManager: /system/priv-app/MediaProvider changed; collecting certs
11-20 13:06:40.379  1478  1478 I art     : DexFile_isDexOptNeeded failed to open oat file '/data/dalvik-cache/x86/system@priv-app@MediaProvider@MediaProvider.apk@classes.dex' for file location '/system/priv-app/MediaProvider/MediaProvider.apk': Failed to open oat filename for reading: No such file or directory
11-20 13:06:40.380  1478  1478 I art     : DexFile_isDexOptNeeded file /system/priv-app/MediaProvider/x86/MediaProvider.odex needs to be relocated for /system/priv-app/MediaProvider/MediaProvider.apk
11-20 13:06:40.385  1478  1478 I PackageManager: /system/priv-app/Mms changed; collecting certs
11-20 13:06:40.397  1478  1478 I art     : DexFile_isDexOptNeeded failed to open oat file '/data/dalvik-cache/x86/system@priv-app@Mms@Mms.apk@classes.dex' for file location '/system/priv-app/Mms/Mms.apk': Failed to open oat filename for reading: No such file or directory
11-20 13:06:40.399  1478  1478 I art     : DexFile_isDexOptNeeded file /system/priv-app/Mms/x86/Mms.odex needs to be relocated for /system/priv-app/Mms/Mms.apk
11-20 13:06:40.402  1478  1478 I PackageManager: /system/priv-app/MmsService changed; collecting certs
11-20 13:06:40.407  1478  1478 I art     : DexFile_isDexOptNeeded failed to open oat file '/data/dalvik-cache/x86/system@priv-app@MmsService@MmsService.apk@classes.dex' for file location '/system/priv-app/MmsService/MmsService.apk': Failed to open oat filename for reading: No such file or directory
11-20 13:06:40.409  1478  1478 I art     : DexFile_isDexOptNeeded file /system/priv-app/MmsService/x86/MmsService.odex needs to be relocated for /system/priv-app/MmsService/MmsService.apk
11-20 13:06:40.410  1478  1478 I PackageManager: /system/priv-app/ProxyHandler changed; collecting certs
11-20 13:06:40.413  1478  1478 I art     : DexFile_isDexOptNeeded failed to open oat file '/data/dalvik-cache/x86/system@priv-app@ProxyHandler@ProxyHandler.apk@classes.dex' for file location '/system/priv-app/ProxyHandler/ProxyHandler.apk': Failed to open oat filename for reading: No such file or directory
11-20 13:06:40.414  1478  1478 I art     : DexFile_isDexOptNeeded file /system/priv-app/ProxyHandler/x86/ProxyHandler.odex needs to be relocated for /system/priv-app/ProxyHandler/ProxyHandler.apk
11-20 13:06:40.432  1478  1478 I PackageManager: /system/priv-app/Settings changed; collecting certs
11-20 13:06:40.460  1478  1478 I art     : DexFile_isDexOptNeeded failed to open oat file '/data/dalvik-cache/x86/system@priv-app@Settings@Settings.apk@classes.dex' for file location '/system/priv-app/Settings/Settings.apk': Failed to open oat filename for reading: No such file or directory
11-20 13:06:40.462  1478  1478 I art     : DexFile_isDexOptNeeded file /system/priv-app/Settings/x86/Settings.odex needs to be relocated for /system/priv-app/Settings/Settings.apk
11-20 13:06:40.464  1478  1478 I PackageManager: /system/priv-app/SettingsProvider changed; collecting certs
11-20 13:06:40.467  1478  1478 I art     : DexFile_isDexOptNeeded failed to open oat file '/data/dalvik-cache/x86/system@priv-app@SettingsProvider@SettingsProvider.apk@classes.dex' for file location '/system/priv-app/SettingsProvider/SettingsProvider.apk': Failed to open oat filename for reading: No such file or directory
11-20 13:06:40.469  1478  1478 I art     : DexFile_isDexOptNeeded file /system/priv-app/SettingsProvider/x86/SettingsProvider.odex needs to be relocated for /system/priv-app/SettingsProvider/SettingsProvider.apk
11-20 13:06:40.471  1478  1478 I PackageManager: /system/priv-app/SharedStorageBackup changed; collecting certs
11-20 13:06:40.473  1478  1478 I art     : DexFile_isDexOptNeeded failed to open oat file '/data/dalvik-cache/x86/system@priv-app@SharedStorageBackup@SharedStorageBackup.apk@classes.dex' for file location '/system/priv-app/SharedStorageBackup/SharedStorageBackup.apk': Failed to open oat filename for reading: No such file or directory
11-20 13:06:40.473  1478  1478 I art     : DexFile_isDexOptNeeded file /system/priv-app/SharedStorageBackup/x86/SharedStorageBackup.odex needs to be relocated for /system/priv-app/SharedStorageBackup/SharedStorageBackup.apk
11-20 13:06:40.475  1478  1478 I PackageManager: /system/priv-app/Shell changed; collecting certs
11-20 13:06:40.477  1478  1478 I art     : DexFile_isDexOptNeeded failed to open oat file '/data/dalvik-cache/x86/system@priv-app@Shell@Shell.apk@classes.dex' for file location '/system/priv-app/Shell/Shell.apk': Failed to open oat filename for reading: No such file or directory
11-20 13:06:40.478  1478  1478 I art     : DexFile_isDexOptNeeded file /system/priv-app/Shell/x86/Shell.odex needs to be relocated for /system/priv-app/Shell/Shell.apk
11-20 13:06:40.487  1478  1478 I PackageManager: /system/priv-app/SystemUI changed; collecting certs
11-20 13:06:40.508  1478  1478 I PackageManager: New shared user android.uid.systemui: id=10012
11-20 13:06:40.511  1478  1478 I art     : DexFile_isDexOptNeeded failed to open oat file '/data/dalvik-cache/x86/system@priv-app@SystemUI@SystemUI.apk@classes.dex' for file location '/system/priv-app/SystemUI/SystemUI.apk': Failed to open oat filename for reading: No such file or directory
11-20 13:06:40.514  1478  1478 I art     : DexFile_isDexOptNeeded file /system/priv-app/SystemUI/x86/SystemUI.odex needs to be relocated for /system/priv-app/SystemUI/SystemUI.apk
11-20 13:06:40.521  1478  1478 W ResourceType: Failure getting entry for 0x7f08025b (t=7 e=603) (error -75)
11-20 13:06:40.521  1478  1478 I PackageManager: /system/priv-app/TeleService changed; collecting certs
11-20 13:06:40.530  1478  1478 I art     : DexFile_isDexOptNeeded failed to open oat file '/data/dalvik-cache/x86/system@priv-app@TeleService@TeleService.apk@classes.dex' for file location '/system/priv-app/TeleService/TeleService.apk': Failed to open oat filename for reading: No such file or directory
11-20 13:06:40.532  1478  1478 I art     : DexFile_isDexOptNeeded file /system/priv-app/TeleService/x86/TeleService.odex needs to be relocated for /system/priv-app/TeleService/TeleService.apk
11-20 13:06:40.535  1478  1478 I PackageManager: /system/priv-app/Telecom changed; collecting certs
11-20 13:06:40.538  1478  1478 I art     : DexFile_isDexOptNeeded failed to open oat file '/data/dalvik-cache/x86/system@priv-app@Telecom@Telecom.apk@classes.dex' for file location '/system/priv-app/Telecom/Telecom.apk': Failed to open oat filename for reading: No such file or directory
11-20 13:06:40.540  1478  1478 I art     : DexFile_isDexOptNeeded file /system/priv-app/Telecom/x86/Telecom.odex needs to be relocated for /system/priv-app/Telecom/Telecom.apk
11-20 13:06:40.543  1478  1478 I PackageManager: /system/priv-app/TelephonyProvider changed; collecting certs
11-20 13:06:40.545  1478  1478 I art     : DexFile_isDexOptNeeded failed to open oat file '/data/dalvik-cache/x86/system@priv-app@TelephonyProvider@TelephonyProvider.apk@classes.dex' for file location '/system/priv-app/TelephonyProvider/TelephonyProvider.apk': Failed to open oat filename for reading: No such file or directory
11-20 13:06:40.548  1478  1478 I art     : DexFile_isDexOptNeeded file /system/priv-app/TelephonyProvider/x86/TelephonyProvider.odex needs to be relocated for /system/priv-app/TelephonyProvider/TelephonyProvider.apk
11-20 13:06:40.549  1478  1478 I PackageManager: /system/priv-app/VpnDialogs changed; collecting certs
11-20 13:06:40.551  1478  1478 I art     : DexFile_isDexOptNeeded failed to open oat file '/data/dalvik-cache/x86/system@priv-app@VpnDialogs@VpnDialogs.apk@classes.dex' for file location '/system/priv-app/VpnDialogs/VpnDialogs.apk': Failed to open oat filename for reading: No such file or directory
11-20 13:06:40.552  1478  1478 I art     : DexFile_isDexOptNeeded file /system/priv-app/VpnDialogs/x86/VpnDialogs.odex needs to be relocated for /system/priv-app/VpnDialogs/VpnDialogs.apk
11-20 13:06:40.553  1478  1478 I PackageManager: /system/app/BasicDreams changed; collecting certs
11-20 13:06:40.556  1478  1478 I art     : DexFile_isDexOptNeeded failed to open oat file '/data/dalvik-cache/x86/system@app@BasicDreams@BasicDreams.apk@classes.dex' for file location '/system/app/BasicDreams/BasicDreams.apk': Failed to open oat filename for reading: No such file or directory
11-20 13:06:40.556  1478  1478 I art     : DexFile_isDexOptNeeded file /system/app/BasicDreams/x86/BasicDreams.odex needs to be relocated for /system/app/BasicDreams/BasicDreams.apk
11-20 13:06:40.561  1478  1478 I PackageManager: /system/app/Browser changed; collecting certs
11-20 13:06:40.574  1478  1478 I art     : DexFile_isDexOptNeeded failed to open oat file '/data/dalvik-cache/x86/system@app@Browser@Browser.apk@classes.dex' for file location '/system/app/Browser/Browser.apk': Failed to open oat filename for reading: No such file or directory
11-20 13:06:40.577  1478  1478 I art     : DexFile_isDexOptNeeded file /system/app/Browser/x86/Browser.odex needs to be relocated for /system/app/Browser/Browser.apk
11-20 13:06:40.579  1478  1478 I PackageManager: /system/app/Calculator changed; collecting certs
11-20 13:06:40.581  1478  1478 I art     : DexFile_isDexOptNeeded failed to open oat file '/data/dalvik-cache/x86/system@app@Calculator@Calculator.apk@classes.dex' for file location '/system/app/Calculator/Calculator.apk': Failed to open oat filename for reading: No such file or directory
11-20 13:06:40.584  1478  1478 I art     : DexFile_isDexOptNeeded file /system/app/Calculator/x86/Calculator.odex needs to be relocated for /system/app/Calculator/Calculator.apk
11-20 13:06:40.589  1478  1478 I PackageManager: /system/app/Calendar changed; collecting certs
11-20 13:06:40.605  1478  1478 I art     : DexFile_isDexOptNeeded failed to open oat file '/data/dalvik-cache/x86/system@app@Calendar@Calendar.apk@classes.dex' for file location '/system/app/Calendar/Calendar.apk': Failed to open oat filename for reading: No such file or directory
11-20 13:06:40.608  1478  1478 I art     : DexFile_isDexOptNeeded file /system/app/Calendar/x86/Calendar.odex needs to be relocated for /system/app/Calendar/Calendar.apk
11-20 13:06:40.610  1478  1478 I PackageManager: /system/app/CaptivePortalLogin changed; collecting certs
11-20 13:06:40.612  1478  1478 I art     : DexFile_isDexOptNeeded failed to open oat file '/data/dalvik-cache/x86/system@app@CaptivePortalLogin@CaptivePortalLogin.apk@classes.dex' for file location '/system/app/CaptivePortalLogin/CaptivePortalLogin.apk': Failed to open oat filename for reading: No such file or directory
11-20 13:06:40.612  1478  1478 I art     : DexFile_isDexOptNeeded file /system/app/CaptivePortalLogin/x86/CaptivePortalLogin.odex needs to be relocated for /system/app/CaptivePortalLogin/CaptivePortalLogin.apk
11-20 13:06:40.614  1478  1478 I PackageManager: /system/app/CertInstaller changed; collecting certs
11-20 13:06:40.617  1478  1478 I art     : DexFile_isDexOptNeeded failed to open oat file '/data/dalvik-cache/x86/system@app@CertInstaller@CertInstaller.apk@classes.dex' for file location '/system/app/CertInstaller/CertInstaller.apk': Failed to open oat filename for reading: No such file or directory
11-20 13:06:40.618  1478  1478 I art     : DexFile_isDexOptNeeded file /system/app/CertInstaller/x86/CertInstaller.odex needs to be relocated for /system/app/CertInstaller/CertInstaller.apk
11-20 13:06:40.619  1478  1478 I PackageManager: /system/app/CustomLocale changed; collecting certs
11-20 13:06:40.622  1478  1478 I art     : DexFile_isDexOptNeeded failed to open oat file '/data/dalvik-cache/x86/system@app@CustomLocale@CustomLocale.apk@classes.dex' for file location '/system/app/CustomLocale/CustomLocale.apk': Failed to open oat filename for reading: No such file or directory
11-20 13:06:40.622  1478  1478 I art     : DexFile_isDexOptNeeded file /system/app/CustomLocale/x86/CustomLocale.odex needs to be relocated for /system/app/CustomLocale/CustomLocale.apk
11-20 13:06:40.628  1478  1478 I PackageManager: /system/app/DeskClock changed; collecting certs
11-20 13:06:40.640  1478  1478 I art     : DexFile_isDexOptNeeded failed to open oat file '/data/dalvik-cache/x86/system@app@DeskClock@DeskClock.apk@classes.dex' for file location '/system/app/DeskClock/DeskClock.apk': Failed to open oat filename for reading: No such file or directory
11-20 13:06:40.642  1478  1478 I art     : DexFile_isDexOptNeeded file /system/app/DeskClock/x86/DeskClock.odex needs to be relocated for /system/app/DeskClock/DeskClock.apk
11-20 13:06:40.644  1478  1478 I PackageManager: /system/app/Development changed; collecting certs
11-20 13:06:40.647  1478  1478 I art     : DexFile_isDexOptNeeded failed to open oat file '/data/dalvik-cache/x86/system@app@Development@Development.apk@classes.dex' for file location '/system/app/Development/Development.apk': Failed to open oat filename for reading: No such file or directory
11-20 13:06:40.648  1478  1478 I art     : DexFile_isDexOptNeeded file /system/app/Development/x86/Development.odex needs to be relocated for /system/app/Development/Development.apk
11-20 13:06:40.649  1478  1478 I PackageManager: /system/app/DevelopmentSettings changed; collecting certs
11-20 13:06:40.653  1478  1478 I PackageManager: /system/app/DocumentsUI changed; collecting certs
11-20 13:06:40.657  1139  1139 I CameraService: CameraService started (pid=1139)
11-20 13:06:40.659  1139  1139 D EmulatedCamera_QemuClient: Emulated camera list: 
11-20 13:06:40.659  1139  1139 D EmulatedCamera_FakeCamera: Initialize: Fake camera is facing back
11-20 13:06:40.659  1139  1139 V EmulatedCamera_Device: initializeWhiteBalanceModes with auto, 1.000000, 1.000000
11-20 13:06:40.659  1139  1139 V EmulatedCamera_Device: initializeWhiteBalanceModes with incandescent, 1.380000, 0.600000
11-20 13:06:40.659  1139  1139 V EmulatedCamera_Device: initializeWhiteBalanceModes with daylight, 1.090000, 0.920000
11-20 13:06:40.659  1139  1139 V EmulatedCamera_Device: initializeWhiteBalanceModes with twilight, 0.920000, 1.220000
11-20 13:06:40.659  1139  1139 V EmulatedCamera_Device: setWhiteBalanceMode with white balance auto
11-20 13:06:40.659  1139  1139 I CameraService: Loaded "Emulated Camera Module" camera module
11-20 13:06:40.659  1139  1139 I AudioPolicyService: AudioPolicyService CSTOR in new mode
11-20 13:06:40.660  1139  1139 I AudioPolicyManager: loadAudioPolicyConfig() loaded /system/etc/audio_policy.conf
11-20 13:06:40.660  1139  1139 I AudioFlinger: loadHwModule() Loaded primary audio interface from Generic audio HW HAL (audio) handle 1
11-20 13:06:40.661  1139  1139 I AudioFlinger: HAL output buffer size 1024 frames, normal sink buffer size 1024 frames
11-20 13:06:40.663  1478  1478 I art     : DexFile_isDexOptNeeded failed to open oat file '/data/dalvik-cache/x86/system@app@DocumentsUI@DocumentsUI.apk@classes.dex' for file location '/system/app/DocumentsUI/DocumentsUI.apk': Failed to open oat filename for reading: No such file or directory
11-20 13:06:40.664  1139  1139 I AudioMixer: found effect "Multichannel Downmix To Stereo" from The Android Open Source Project
11-20 13:06:40.664  1139  1139 I AudioFlinger: Using module 1 has the primary audio interface
11-20 13:06:40.664  1139  1538 I AudioFlinger: AudioFlinger's thread 0xb62b7000 ready to run
11-20 13:06:40.665  1478  1495 W Binder  : Caught a RuntimeException from the binder stub implementation.
11-20 13:06:40.665  1478  1495 W Binder  : java.lang.NullPointerException: Attempt to invoke interface method 'int android.app.IActivityManager.checkPermission(java.lang.String, int, int)' on a null object reference
11-20 13:06:40.665  1478  1495 W Binder  : 	at android.app.ContextImpl.checkPermission(ContextImpl.java:1859)
11-20 13:06:40.665  1478  1495 W Binder  : 	at android.app.ContextImpl.checkCallingOrSelfPermission(ContextImpl.java:1885)
11-20 13:06:40.665  1478  1495 W Binder  : 	at android.app.ContextImpl.enforceCallingOrSelfPermission(ContextImpl.java:1922)
11-20 13:06:40.665  1478  1495 W Binder  : 	at com.android.server.power.PowerManagerService$BinderService.acquireWakeLock(PowerManagerService.java:2750)
11-20 13:06:40.665  1478  1495 W Binder  : 	at android.os.IPowerManager$Stub.onTransact(IPowerManager.java:66)
11-20 13:06:40.665  1478  1495 W Binder  : 	at android.os.Binder.execTransact(Binder.java:446)
11-20 13:06:40.665  1478  1495 W Binder  : Caught a RuntimeException from the binder stub implementation.
11-20 13:06:40.665  1478  1495 W Binder  : java.lang.NullPointerException: Attempt to invoke interface method 'int android.app.IActivityManager.checkPermission(java.lang.String, int, int)' on a null object reference
11-20 13:06:40.665  1478  1495 W Binder  : 	at android.app.ContextImpl.checkPermission(ContextImpl.java:1859)
11-20 13:06:40.665  1478  1495 W Binder  : 	at android.app.ContextImpl.checkCallingOrSelfPermission(ContextImpl.java:1885)
11-20 13:06:40.665  1478  1495 W Binder  : 	at android.app.ContextImpl.enforceCallingOrSelfPermission(ContextImpl.java:1922)
11-20 13:06:40.665  1478  1495 W Binder  : 	at com.android.server.power.PowerManagerService$BinderService.releaseWakeLock(PowerManagerService.java:2778)
11-20 13:06:40.665  1478  1495 W Binder  : 	at android.os.IPowerManager$Stub.onTransact(IPowerManager.java:94)
11-20 13:06:40.665  1478  1495 W Binder  : 	at android.os.Binder.execTransact(Binder.java:446)
11-20 13:06:40.665  1478  1495 W Binder  : Caught a RuntimeException from the binder stub implementation.
11-20 13:06:40.665  1478  1495 W Binder  : java.lang.NullPointerException: Attempt to invoke interface method 'int android.app.IActivityManager.checkPermission(java.lang.String, int, int)' on a null object reference
11-20 13:06:40.665  1478  1495 W Binder  : 	at android.app.ContextImpl.checkPermission(ContextImpl.java:1859)
11-20 13:06:40.665  1478  1495 W Binder  : 	at android.app.ContextImpl.checkCallingOrSelfPermission(ContextImpl.java:1885)
11-20 13:06:40.665  1478  1495 W Binder  : 	at android.app.ContextImpl.enforceCallingOrSelfPermission(ContextImpl.java:1922)
11-20 13:06:40.665  1478  1495 W Binder  : 	at com.android.server.power.PowerManagerService$BinderService.acquireWakeLock(PowerManagerService.java:2750)
11-20 13:06:40.665  1478  1495 W Binder  : 	at android.os.IPowerManager$Stub.onTransact(IPowerManager.java:66)
11-20 13:06:40.665  1478  1495 W Binder  : 	at android.os.Binder.execTransact(Binder.java:446)
11-20 13:06:40.671  1139  1139 E audio_hw_generic: Error opening input stream format 1, channel_mask 0010, sample_rate 16000
11-20 13:06:40.671  1478  1496 W Binder  : Caught a RuntimeException from the binder stub implementation.
11-20 13:06:40.671  1478  1496 W Binder  : java.lang.NullPointerException: Attempt to invoke interface method 'int android.app.IActivityManager.checkPermission(java.lang.String, int, int)' on a null object reference
11-20 13:06:40.671  1478  1496 W Binder  : 	at android.app.ContextImpl.checkPermission(ContextImpl.java:1859)
11-20 13:06:40.671  1478  1496 W Binder  : 	at android.app.ContextImpl.checkCallingOrSelfPermission(ContextImpl.java:1885)
11-20 13:06:40.671  1478  1496 W Binder  : 	at android.app.ContextImpl.enforceCallingOrSelfPermission(ContextImpl.java:1922)
11-20 13:06:40.671  1478  1496 W Binder  : 	at com.android.server.power.PowerManagerService$BinderService.updateWakeLockWorkSource(PowerManagerService.java:2809)
11-20 13:06:40.671  1478  1496 W Binder  : 	at com.android.server.power.PowerManagerService$BinderService.updateWakeLockUids(PowerManagerService.java:2800)
11-20 13:06:40.671  1478  1496 W Binder  : 	at android.os.IPowerManager$Stub.onTransact(IPowerManager.java:105)
11-20 13:06:40.671  1478  1496 W Binder  : 	at android.os.Binder.execTransact(Binder.java:446)
11-20 13:06:40.671  1139  1539 I AudioFlinger: AudioFlinger's thread 0xb5701000 ready to run
11-20 13:06:40.671  1139  1139 E AudioFlinger: int android::load_audio_interface(const char*, audio_hw_device_t**) couldn't load audio hw module audio.r_submix (No such file or directory)
11-20 13:06:40.671  1139  1139 I AudioFlinger: loadHwModule() error -2 loading module r_submix 
11-20 13:06:40.671  1139  1139 W AudioPolicyManager: could not open HW module r_submix
11-20 13:06:40.671  1139  1139 W AudioPolicyManager: Input device 80000100 unreachable
11-20 13:06:40.671  1139  1139 E SoundTriggerHwService: couldn't load sound trigger module sound_trigger.primary (No such file or directory)
11-20 13:06:40.686  1478  1478 I art     : DexFile_isDexOptNeeded file /system/app/DocumentsUI/x86/DocumentsUI.odex needs to be relocated for /system/app/DocumentsUI/DocumentsUI.apk
11-20 13:06:40.690  1478  1478 I PackageManager: /system/app/DownloadProviderUi changed; collecting certs
11-20 13:06:40.694  1478  1478 I art     : DexFile_isDexOptNeeded failed to open oat file '/data/dalvik-cache/x86/system@app@DownloadProviderUi@DownloadProviderUi.apk@classes.dex' for file location '/system/app/DownloadProviderUi/DownloadProviderUi.apk': Failed to open oat filename for reading: No such file or directory
11-20 13:06:40.695  1478  1478 I art     : DexFile_isDexOptNeeded file /system/app/DownloadProviderUi/x86/DownloadProviderUi.odex needs to be relocated for /system/app/DownloadProviderUi/DownloadProviderUi.apk
11-20 13:06:40.705  1478  1478 I PackageManager: /system/app/Email changed; collecting certs
11-20 13:06:40.731  1478  1478 I art     : DexFile_isDexOptNeeded failed to open oat file '/data/dalvik-cache/x86/system@app@Email@Email.apk@classes.dex' for file location '/system/app/Email/Email.apk': Failed to open oat filename for reading: No such file or directory
11-20 13:06:40.733  1478  1478 I art     : DexFile_isDexOptNeeded file /system/app/Email/x86/Email.odex needs to be relocated for /system/app/Email/Email.apk
11-20 13:06:40.742  1478  1478 I PackageManager: /system/app/EmulatorSmokeTests changed; collecting certs
11-20 13:06:40.744  1478  1478 I art     : DexFile_isDexOptNeeded failed to open oat file '/data/dalvik-cache/x86/system@app@EmulatorSmokeTests@EmulatorSmokeTests.apk@classes.dex' for file location '/system/app/EmulatorSmokeTests/EmulatorSmokeTests.apk': Failed to open oat filename for reading: No such file or directory
11-20 13:06:40.745  1478  1478 I art     : DexFile_isDexOptNeeded file /system/app/EmulatorSmokeTests/x86/EmulatorSmokeTests.odex needs to be relocated for /system/app/EmulatorSmokeTests/EmulatorSmokeTests.apk
11-20 13:06:40.748  1478  1478 I PackageManager: /system/app/Exchange2 changed; collecting certs
11-20 13:06:40.752  1478  1478 I art     : DexFile_isDexOptNeeded failed to open oat file '/data/dalvik-cache/x86/system@app@Exchange2@Exchange2.apk@classes.dex' for file location '/system/app/Exchange2/Exchange2.apk': Failed to open oat filename for reading: No such file or directory
11-20 13:06:40.754  1478  1478 I art     : DexFile_isDexOptNeeded file /system/app/Exchange2/x86/Exchange2.odex needs to be relocated for /system/app/Exchange2/Exchange2.apk
11-20 13:06:40.756  1478  1478 I PackageManager: /system/app/Fallback changed; collecting certs
11-20 13:06:40.758  1478  1478 I art     : DexFile_isDexOptNeeded failed to open oat file '/data/dalvik-cache/x86/system@app@Fallback@Fallback.apk@classes.dex' for file location '/system/app/Fallback/Fallback.apk': Failed to open oat filename for reading: No such file or directory
11-20 13:06:40.759  1478  1478 I art     : DexFile_isDexOptNeeded file /system/app/Fallback/x86/Fallback.odex needs to be relocated for /system/app/Fallback/Fallback.apk
11-20 13:06:40.763  1478  1478 I PackageManager: /system/app/Gallery changed; collecting certs
11-20 13:06:40.770  1478  1478 I art     : DexFile_isDexOptNeeded failed to open oat file '/data/dalvik-cache/x86/system@app@Gallery@Gallery.apk@classes.dex' for file location '/system/app/Gallery/Gallery.apk': Failed to open oat filename for reading: No such file or directory
11-20 13:06:40.772  1478  1478 I art     : DexFile_isDexOptNeeded file /system/app/Gallery/x86/Gallery.odex needs to be relocated for /system/app/Gallery/Gallery.apk
11-20 13:06:40.774  1478  1478 I PackageManager: /system/app/HTMLViewer changed; collecting certs
11-20 13:06:40.776  1478  1478 I art     : DexFile_isDexOptNeeded failed to open oat file '/data/dalvik-cache/x86/system@app@HTMLViewer@HTMLViewer.apk@classes.dex' for file location '/system/app/HTMLViewer/HTMLViewer.apk': Failed to open oat filename for reading: No such file or directory
11-20 13:06:40.776  1478  1478 I art     : DexFile_isDexOptNeeded file /system/app/HTMLViewer/x86/HTMLViewer.odex needs to be relocated for /system/app/HTMLViewer/HTMLViewer.apk
