11-20 13:37:06.633  1478  1478 I art     : DexFile_isDexOptNeeded failed to open oat file '/data/dalvik-cache/x86/system@app@SoundRecorder@SoundRecorder.apk@classes.dex' for file location '/system/app/SoundRecorder/SoundRecorder.apk': Failed to open oat filename for reading: No such file or directory
11-20 13:37:06.633  1478  1478 I art     : DexFile_isDexOptNeeded file /system/app/SoundRecorder/x86/SoundRecorder.odex needs to be relocated for /system/app/SoundRecorder/SoundRecorder.apk
11-20 13:37:06.633  1478  1478 I PackageManager: Running patchoat on: com.android.soundrecorder
11-20 13:37:06.633  1570  1570 E installd: Running /system/bin/patchoat isa=x86 in-fd=5 (/system/app/SoundRecorder/x86/SoundRecorder.odex) out-fd=6 (/data/dalvik-cache/x86/system@app@SoundRecorder@SoundRecorder.apk@classes.dex)
11-20 13:37:06.636  1570  1570 E cutils-trace: Error opening trace file: Permission denied (13)
11-20 13:37:06.637  1478  1478 I art     : DexFile_isDexOptNeeded failed to open oat file '/data/dalvik-cache/x86/system@app@LegacyCamera@LegacyCamera.apk@classes.dex' for file location '/system/app/LegacyCamera/LegacyCamera.apk': Failed to open oat filename for reading: No such file or directory
11-20 13:37:06.637  1478  1478 I art     : DexFile_isDexOptNeeded file /system/app/LegacyCamera/x86/LegacyCamera.odex needs to be relocated for /system/app/LegacyCamera/LegacyCamera.apk
11-20 13:37:06.637  1478  1478 I PackageManager: Running patchoat on: com.android.camera
11-20 13:37:06.637  1571  1571 E installd: Running /system/bin/patchoat isa=x86 in-fd=5 (/system/app/LegacyCamera/x86/LegacyCamera.odex) out-fd=6 (/data/dalvik-cache/x86/system@app@LegacyCamera@LegacyCamera.apk@classes.dex)
11-20 13:37:06.640  1571  1571 E cutils-trace: Error opening trace file: Permission denied (13)
11-20 13:37:06.644  1478  1478 I art     : DexFile_isDexOptNeeded failed to open oat file '/data/dalvik-cache/x86/system@app@SpeechRecorder@SpeechRecorder.apk@classes.dex' for file location '/system/app/SpeechRecorder/SpeechRecorder.apk': Failed to open oat filename for reading: No such file or directory
11-20 13:37:06.644  1478  1478 I art     : DexFile_isDexOptNeeded file /system/app/SpeechRecorder/x86/SpeechRecorder.odex needs to be relocated for /system/app/SpeechRecorder/SpeechRecorder.apk
11-20 13:37:06.644  1478  1478 I PackageManager: Running patchoat on: com.android.speechrecorder
11-20 13:37:06.644  1572  1572 E installd: Running /system/bin/patchoat isa=x86 in-fd=5 (/system/app/SpeechRecorder/x86/SpeechRecorder.odex) out-fd=6 (/data/dalvik-cache/x86/system@app@SpeechRecorder@SpeechRecorder.apk@classes.dex)
11-20 13:37:06.647  1572  1572 E cutils-trace: Error opening trace file: Permission denied (13)
11-20 13:37:06.648  1478  1478 I art     : DexFile_isDexOptNeeded failed to open oat file '/data/dalvik-cache/x86/system@app@BasicDreams@BasicDreams.apk@classes.dex' for file location '/system/app/BasicDreams/BasicDreams.apk': Failed to open oat filename for reading: No such file or directory
11-20 13:37:06.648  1478  1478 I art     : DexFile_isDexOptNeeded file /system/app/BasicDreams/x86/BasicDreams.odex needs to be relocated for /system/app/BasicDreams/BasicDreams.apk
11-20 13:37:06.648  1478  1478 I PackageManager: Running patchoat on: com.android.dreams.basic
11-20 13:37:06.648  1573  1573 E installd: Running /system/bin/patchoat isa=x86 in-fd=5 (/system/app/BasicDreams/x86/BasicDreams.odex) out-fd=6 (/data/dalvik-cache/x86/system@app@BasicDreams@BasicDreams.apk@classes.dex)
11-20 13:37:06.651  1573  1573 E cutils-trace: Error opening trace file: Permission denied (13)
11-20 13:37:06.651  1478  1478 I art     : DexFile_isDexOptNeeded failed to open oat file '/data/dalvik-cache/x86/system@app@DocumentsUI@DocumentsUI.apk@classes.dex' for file location '/system/app/DocumentsUI/DocumentsUI.apk': Failed to open oat filename for reading: No such file or directory
11-20 13:37:06.651  1478  1478 I art     : DexFile_isDexOptNeeded file /system/app/DocumentsUI/x86/DocumentsUI.odex needs to be relocated for /system/app/DocumentsUI/DocumentsUI.apk
11-20 13:37:06.652  1478  1478 I PackageManager: Running patchoat on: com.android.documentsui
11-20 13:37:06.652  1574  1574 E installd: Running /system/bin/patchoat isa=x86 in-fd=5 (/system/app/DocumentsUI/x86/DocumentsUI.odex) out-fd=6 (/data/dalvik-cache/x86/system@app@DocumentsUI@DocumentsUI.apk@classes.dex)
11-20 13:37:06.654  1574  1574 E cutils-trace: Error opening trace file: Permission denied (13)
11-20 13:37:06.662  1478  1478 I art     : DexFile_isDexOptNeeded failed to open oat file '/data/dalvik-cache/x86/system@app@NetSpeed@NetSpeed.apk@classes.dex' for file location '/system/app/NetSpeed/NetSpeed.apk': Failed to open oat filename for reading: No such file or directory
11-20 13:37:06.662  1478  1478 I art     : DexFile_isDexOptNeeded file /system/app/NetSpeed/x86/NetSpeed.odex needs to be relocated for /system/app/NetSpeed/NetSpeed.apk
11-20 13:37:06.662  1478  1478 I PackageManager: Running patchoat on: com.android.netspeed
11-20 13:37:06.662  1575  1575 E installd: Running /system/bin/patchoat isa=x86 in-fd=5 (/system/app/NetSpeed/x86/NetSpeed.odex) out-fd=6 (/data/dalvik-cache/x86/system@app@NetSpeed@NetSpeed.apk@classes.dex)
11-20 13:37:06.665  1575  1575 E cutils-trace: Error opening trace file: Permission denied (13)
11-20 13:37:06.666  1478  1478 I art     : DexFile_isDexOptNeeded failed to open oat file '/data/dalvik-cache/x86/system@priv-app@ExternalStorageProvider@ExternalStorageProvider.apk@classes.dex' for file location '/system/priv-app/ExternalStorageProvider/ExternalStorageProvider.apk': Failed to open oat filename for reading: No such file or directory
11-20 13:37:06.666  1478  1478 I art     : DexFile_isDexOptNeeded file /system/priv-app/ExternalStorageProvider/x86/ExternalStorageProvider.odex needs to be relocated for /system/priv-app/ExternalStorageProvider/ExternalStorageProvider.apk
11-20 13:37:06.666  1478  1478 I PackageManager: Running patchoat on: com.android.externalstorage
11-20 13:37:06.666  1576  1576 E installd: Running /system/bin/patchoat isa=x86 in-fd=5 (/system/priv-app/ExternalStorageProvider/x86/ExternalStorageProvider.odex) out-fd=6 (/data/dalvik-cache/x86/system@priv-app@ExternalStorageProvider@ExternalStorageProvider.apk@classes.dex)
11-20 13:37:06.669  1576  1576 E cutils-trace: Error opening trace file: Permission denied (13)
11-20 13:37:06.670  1478  1478 I art     : DexFile_isDexOptNeeded failed to open oat file '/data/dalvik-cache/x86/system@priv-app@BackupRestoreConfirmation@BackupRestoreConfirmation.apk@classes.dex' for file location '/system/priv-app/BackupRestoreConfirmation/BackupRestoreConfirmation.apk': Failed to open oat filename for reading: No such file or directory
11-20 13:37:06.670  1478  1478 I art     : DexFile_isDexOptNeeded file /system/priv-app/BackupRestoreConfirmation/x86/BackupRestoreConfirmation.odex needs to be relocated for /system/priv-app/BackupRestoreConfirmation/BackupRestoreConfirmation.apk
11-20 13:37:06.670  1478  1478 I PackageManager: Running patchoat on: com.android.backupconfirm
11-20 13:37:06.670  1577  1577 E installd: Running /system/bin/patchoat isa=x86 in-fd=5 (/system/priv-app/BackupRestoreConfirmation/x86/BackupRestoreConfirmation.odex) out-fd=6 (/data/dalvik-cache/x86/system@priv-app@BackupRestoreConfirmation@BackupRestoreConfirmation.apk@classes.dex)
11-20 13:37:06.673  1577  1577 E cutils-trace: Error opening trace file: Permission denied (13)
11-20 13:37:06.674  1478  1478 I art     : DexFile_isDexOptNeeded failed to open oat file '/data/dalvik-cache/x86/system@priv-app@DownloadProvider@DownloadProvider.apk@classes.dex' for file location '/system/priv-app/DownloadProvider/DownloadProvider.apk': Failed to open oat filename for reading: No such file or directory
11-20 13:37:06.674  1478  1478 I art     : DexFile_isDexOptNeeded file /system/priv-app/DownloadProvider/x86/DownloadProvider.odex needs to be relocated for /system/priv-app/DownloadProvider/DownloadProvider.apk
11-20 13:37:06.674  1478  1478 I PackageManager: Running patchoat on: com.android.providers.downloads
11-20 13:37:06.674  1578  1578 E installd: Running /system/bin/patchoat isa=x86 in-fd=5 (/system/priv-app/DownloadProvider/x86/DownloadProvider.odex) out-fd=6 (/data/dalvik-cache/x86/system@priv-app@DownloadProvider@DownloadProvider.apk@classes.dex)
11-20 13:37:06.677  1578  1578 E cutils-trace: Error opening trace file: Permission denied (13)
11-20 13:37:06.682  1478  1478 I art     : DexFile_isDexOptNeeded failed to open oat file '/data/dalvik-cache/x86/system@app@DeskClock@DeskClock.apk@classes.dex' for file location '/system/app/DeskClock/DeskClock.apk': Failed to open oat filename for reading: No such file or directory
11-20 13:37:06.682  1478  1478 I art     : DexFile_isDexOptNeeded file /system/app/DeskClock/x86/DeskClock.odex needs to be relocated for /system/app/DeskClock/DeskClock.apk
11-20 13:37:06.682  1478  1478 I PackageManager: Running patchoat on: com.android.deskclock
11-20 13:37:06.682  1579  1579 E installd: Running /system/bin/patchoat isa=x86 in-fd=5 (/system/app/DeskClock/x86/DeskClock.odex) out-fd=6 (/data/dalvik-cache/x86/system@app@DeskClock@DeskClock.apk@classes.dex)
11-20 13:37:06.685  1579  1579 E cutils-trace: Error opening trace file: Permission denied (13)
11-20 13:37:06.694  1478  1478 I art     : DexFile_isDexOptNeeded failed to open oat file '/data/dalvik-cache/x86/system@app@PackageInstaller@PackageInstaller.apk@classes.dex' for file location '/system/app/PackageInstaller/PackageInstaller.apk': Failed to open oat filename for reading: No such file or directory
11-20 13:37:06.694  1478  1478 I art     : DexFile_isDexOptNeeded file /system/app/PackageInstaller/x86/PackageInstaller.odex needs to be relocated for /system/app/PackageInstaller/PackageInstaller.apk
11-20 13:37:06.694  1478  1478 I PackageManager: Running patchoat on: com.android.packageinstaller
11-20 13:37:06.694  1580  1580 E installd: Running /system/bin/patchoat isa=x86 in-fd=5 (/system/app/PackageInstaller/x86/PackageInstaller.odex) out-fd=6 (/data/dalvik-cache/x86/system@app@PackageInstaller@PackageInstaller.apk@classes.dex)
11-20 13:37:06.697  1580  1580 E cutils-trace: Error opening trace file: Permission denied (13)
11-20 13:37:06.703  1478  1478 I art     : DexFile_isDexOptNeeded failed to open oat file '/data/dalvik-cache/x86/system@app@SdkSetup@SdkSetup.apk@classes.dex' for file location '/system/app/SdkSetup/SdkSetup.apk': Failed to open oat filename for reading: No such file or directory
11-20 13:37:06.703  1478  1478 I art     : DexFile_isDexOptNeeded file /system/app/SdkSetup/x86/SdkSetup.odex needs to be relocated for /system/app/SdkSetup/SdkSetup.apk
11-20 13:37:06.703  1478  1478 I PackageManager: Running patchoat on: com.android.sdksetup
11-20 13:37:06.703  1581  1581 E installd: Running /system/bin/patchoat isa=x86 in-fd=5 (/system/app/SdkSetup/x86/SdkSetup.odex) out-fd=6 (/data/dalvik-cache/x86/system@app@SdkSetup@SdkSetup.apk@classes.dex)
11-20 13:37:06.706  1581  1581 E cutils-trace: Error opening trace file: Permission denied (13)
11-20 13:37:06.706  1478  1478 I art     : DexFile_isDexOptNeeded failed to open oat file '/data/dalvik-cache/x86/system@priv-app@Contacts@Contacts.apk@classes.dex' for file location '/system/priv-app/Contacts/Contacts.apk': Failed to open oat filename for reading: No such file or directory
11-20 13:37:06.707  1478  1478 I art     : DexFile_isDexOptNeeded file /system/priv-app/Contacts/x86/Contacts.odex needs to be relocated for /system/priv-app/Contacts/Contacts.apk
11-20 13:37:06.707  1478  1478 I PackageManager: Running patchoat on: com.android.contacts
11-20 13:37:06.707  1582  1582 E installd: Running /system/bin/patchoat isa=x86 in-fd=5 (/system/priv-app/Contacts/x86/Contacts.odex) out-fd=6 (/data/dalvik-cache/x86/system@priv-app@Contacts@Contacts.apk@classes.dex)
11-20 13:37:06.710  1582  1582 E cutils-trace: Error opening trace file: Permission denied (13)
11-20 13:37:06.727  1478  1478 I art     : DexFile_isDexOptNeeded failed to open oat file '/data/dalvik-cache/x86/system@app@Exchange2@Exchange2.apk@classes.dex' for file location '/system/app/Exchange2/Exchange2.apk': Failed to open oat filename for reading: No such file or directory
11-20 13:37:06.727  1478  1478 I art     : DexFile_isDexOptNeeded file /system/app/Exchange2/x86/Exchange2.odex needs to be relocated for /system/app/Exchange2/Exchange2.apk
11-20 13:37:06.727  1478  1478 I PackageManager: Running patchoat on: com.android.exchange
11-20 13:37:06.728  1583  1583 E installd: Running /system/bin/patchoat isa=x86 in-fd=5 (/system/app/Exchange2/x86/Exchange2.odex) out-fd=6 (/data/dalvik-cache/x86/system@app@Exchange2@Exchange2.apk@classes.dex)
11-20 13:37:06.731  1583  1583 E cutils-trace: Error opening trace file: Permission denied (13)
11-20 13:37:06.750  1478  1478 I art     : DexFile_isDexOptNeeded failed to open oat file '/data/dalvik-cache/x86/system@app@CertInstaller@CertInstaller.apk@classes.dex' for file location '/system/app/CertInstaller/CertInstaller.apk': Failed to open oat filename for reading: No such file or directory
11-20 13:37:06.751  1478  1478 I art     : DexFile_isDexOptNeeded file /system/app/CertInstaller/x86/CertInstaller.odex needs to be relocated for /system/app/CertInstaller/CertInstaller.apk
11-20 13:37:06.751  1478  1478 I PackageManager: Running patchoat on: com.android.certinstaller
11-20 13:37:06.751  1584  1584 E installd: Running /system/bin/patchoat isa=x86 in-fd=5 (/system/app/CertInstaller/x86/CertInstaller.odex) out-fd=6 (/data/dalvik-cache/x86/system@app@CertInstaller@CertInstaller.apk@classes.dex)
11-20 13:37:06.754  1584  1584 E cutils-trace: Error opening trace file: Permission denied (13)
11-20 13:37:06.754  1478  1478 I art     : DexFile_isDexOptNeeded failed to open oat file '/data/dalvik-cache/x86/system@app@PicoTts@PicoTts.apk@classes.dex' for file location '/system/app/PicoTts/PicoTts.apk': Failed to open oat filename for reading: No such file or directory
11-20 13:37:06.754  1478  1478 I art     : DexFile_isDexOptNeeded file /system/app/PicoTts/x86/PicoTts.odex needs to be relocated for /system/app/PicoTts/PicoTts.apk
11-20 13:37:06.755  1478  1478 I PackageManager: Running patchoat on: com.svox.pico
11-20 13:37:06.755  1585  1585 E installd: Running /system/bin/patchoat isa=x86 in-fd=5 (/system/app/PicoTts/x86/PicoTts.odex) out-fd=6 (/data/dalvik-cache/x86/system@app@PicoTts@PicoTts.apk@classes.dex)
11-20 13:37:06.757  1585  1585 E cutils-trace: Error opening trace file: Permission denied (13)
11-20 13:37:06.758  1478  1478 I art     : DexFile_isDexOptNeeded failed to open oat file '/data/dalvik-cache/x86/system@app@LiveWallpapersPicker@LiveWallpapersPicker.apk@classes.dex' for file location '/system/app/LiveWallpapersPicker/LiveWallpapersPicker.apk': Failed to open oat filename for reading: No such file or directory
11-20 13:37:06.758  1478  1478 I art     : DexFile_isDexOptNeeded file /system/app/LiveWallpapersPicker/x86/LiveWallpapersPicker.odex needs to be relocated for /system/app/LiveWallpapersPicker/LiveWallpapersPicker.apk
11-20 13:37:06.758  1478  1478 I PackageManager: Running patchoat on: com.android.wallpaper.livepicker
11-20 13:37:06.758  1586  1586 E installd: Running /system/bin/patchoat isa=x86 in-fd=5 (/system/app/LiveWallpapersPicker/x86/LiveWallpapersPicker.odex) out-fd=6 (/data/dalvik-cache/x86/system@app@LiveWallpapersPicker@LiveWallpapersPicker.apk@classes.dex)
11-20 13:37:06.761  1586  1586 E cutils-trace: Error opening trace file: Permission denied (13)
11-20 13:37:06.761  1478  1478 I art     : DexFile_isDexOptNeeded failed to open oat file '/data/dalvik-cache/x86/system@app@Email@Email.apk@classes.dex' for file location '/system/app/Email/Email.apk': Failed to open oat filename for reading: No such file or directory
11-20 13:37:06.762  1478  1478 I art     : DexFile_isDexOptNeeded file /system/app/Email/x86/Email.odex needs to be relocated for /system/app/Email/Email.apk
11-20 13:37:06.762  1478  1478 I PackageManager: Running patchoat on: com.android.email
11-20 13:37:06.762  1587  1587 E installd: Running /system/bin/patchoat isa=x86 in-fd=5 (/system/app/Email/x86/Email.odex) out-fd=6 (/data/dalvik-cache/x86/system@app@Email@Email.apk@classes.dex)
11-20 13:37:06.764  1587  1587 E cutils-trace: Error opening trace file: Permission denied (13)
11-20 13:37:06.801  1478  1478 I art     : DexFile_isDexOptNeeded failed to open oat file '/data/dalvik-cache/x86/system@app@PacProcessor@PacProcessor.apk@classes.dex' for file location '/system/app/PacProcessor/PacProcessor.apk': Failed to open oat filename for reading: No such file or directory
11-20 13:37:06.801  1478  1478 I art     : DexFile_isDexOptNeeded file /system/app/PacProcessor/x86/PacProcessor.odex needs to be relocated for /system/app/PacProcessor/PacProcessor.apk
11-20 13:37:06.801  1478  1478 I PackageManager: Running patchoat on: com.android.pacprocessor
11-20 13:37:06.801  1588  1588 E installd: Running /system/bin/patchoat isa=x86 in-fd=5 (/system/app/PacProcessor/x86/PacProcessor.odex) out-fd=6 (/data/dalvik-cache/x86/system@app@PacProcessor@PacProcessor.apk@classes.dex)
11-20 13:37:06.804  1588  1588 E cutils-trace: Error opening trace file: Permission denied (13)
11-20 13:37:06.805  1478  1478 I art     : DexFile_isDexOptNeeded failed to open oat file '/data/dalvik-cache/x86/system@app@Calendar@Calendar.apk@classes.dex' for file location '/system/app/Calendar/Calendar.apk': Failed to open oat filename for reading: No such file or directory
11-20 13:37:06.805  1478  1478 I art     : DexFile_isDexOptNeeded file /system/app/Calendar/x86/Calendar.odex needs to be relocated for /system/app/Calendar/Calendar.apk
11-20 13:37:06.805  1478  1478 I PackageManager: Running patchoat on: com.android.calendar
11-20 13:37:06.805  1589  1589 E installd: Running /system/bin/patchoat isa=x86 in-fd=5 (/system/app/Calendar/x86/Calendar.odex) out-fd=6 (/data/dalvik-cache/x86/system@app@Calendar@Calendar.apk@classes.dex)
11-20 13:37:06.808  1589  1589 E cutils-trace: Error opening trace file: Permission denied (13)
11-20 13:37:06.829  1478  1478 I art     : DexFile_isDexOptNeeded failed to open oat file '/data/dalvik-cache/x86/system@app@Development@Development.apk@classes.dex' for file location '/system/app/Development/Development.apk': Failed to open oat filename for reading: No such file or directory
11-20 13:37:06.830  1478  1478 I art     : DexFile_isDexOptNeeded file /system/app/Development/x86/Development.odex needs to be relocated for /system/app/Development/Development.apk
11-20 13:37:06.830  1478  1478 I PackageManager: Running patchoat on: com.android.development
11-20 13:37:06.831  1590  1590 E installd: Running /system/bin/patchoat isa=x86 in-fd=5 (/system/app/Development/x86/Development.odex) out-fd=6 (/data/dalvik-cache/x86/system@app@Development@Development.apk@classes.dex)
11-20 13:37:06.837  1590  1590 E cutils-trace: Error opening trace file: Permission denied (13)
11-20 13:37:06.838  1478  1478 I art     : DexFile_isDexOptNeeded failed to open oat file '/data/dalvik-cache/x86/system@app@CustomLocale@CustomLocale.apk@classes.dex' for file location '/system/app/CustomLocale/CustomLocale.apk': Failed to open oat filename for reading: No such file or directory
11-20 13:37:06.838  1478  1478 I art     : DexFile_isDexOptNeeded file /system/app/CustomLocale/x86/CustomLocale.odex needs to be relocated for /system/app/CustomLocale/CustomLocale.apk
11-20 13:37:06.838  1478  1478 I PackageManager: Running patchoat on: com.android.customlocale2
11-20 13:37:06.839  1591  1591 E installd: Running /system/bin/patchoat isa=x86 in-fd=5 (/system/app/CustomLocale/x86/CustomLocale.odex) out-fd=6 (/data/dalvik-cache/x86/system@app@CustomLocale@CustomLocale.apk@classes.dex)
11-20 13:37:06.842  1591  1591 E cutils-trace: Error opening trace file: Permission denied (13)
11-20 13:37:06.843  1478  1478 I art     : DexFile_isDexOptNeeded failed to open oat file '/data/dalvik-cache/x86/system@app@Gallery@Gallery.apk@classes.dex' for file location '/system/app/Gallery/Gallery.apk': Failed to open oat filename for reading: No such file or directory
11-20 13:37:06.843  1478  1478 I art     : DexFile_isDexOptNeeded file /system/app/Gallery/x86/Gallery.odex needs to be relocated for /system/app/Gallery/Gallery.apk
11-20 13:37:06.843  1478  1478 I PackageManager: Running patchoat on: com.android.gallery
11-20 13:37:06.843  1592  1592 E installd: Running /system/bin/patchoat isa=x86 in-fd=5 (/system/app/Gallery/x86/Gallery.odex) out-fd=6 (/data/dalvik-cache/x86/system@app@Gallery@Gallery.apk@classes.dex)
11-20 13:37:06.846  1592  1592 E cutils-trace: Error opening trace file: Permission denied (13)
11-20 13:37:06.849  1478  1478 I art     : DexFile_isDexOptNeeded failed to open oat file '/data/dalvik-cache/x86/system@priv-app@VpnDialogs@VpnDialogs.apk@classes.dex' for file location '/system/priv-app/VpnDialogs/VpnDialogs.apk': Failed to open oat filename for reading: No such file or directory
11-20 13:37:06.850  1478  1478 I art     : DexFile_isDexOptNeeded file /system/priv-app/VpnDialogs/x86/VpnDialogs.odex needs to be relocated for /system/priv-app/VpnDialogs/VpnDialogs.apk
11-20 13:37:06.850  1478  1478 I PackageManager: Running patchoat on: com.android.vpndialogs
11-20 13:37:06.850  1593  1593 E installd: Running /system/bin/patchoat isa=x86 in-fd=5 (/system/priv-app/VpnDialogs/x86/VpnDialogs.odex) out-fd=6 (/data/dalvik-cache/x86/system@priv-app@VpnDialogs@VpnDialogs.apk@classes.dex)
11-20 13:37:06.853  1593  1593 E cutils-trace: Error opening trace file: Permission denied (13)
11-20 13:37:06.853  1478  1478 I art     : DexFile_isDexOptNeeded failed to open oat file '/data/dalvik-cache/x86/system@priv-app@Mms@Mms.apk@classes.dex' for file location '/system/priv-app/Mms/Mms.apk': Failed to open oat filename for reading: No such file or directory
11-20 13:37:06.853  1478  1478 I art     : DexFile_isDexOptNeeded file /system/priv-app/Mms/x86/Mms.odex needs to be relocated for /system/priv-app/Mms/Mms.apk
11-20 13:37:06.853  1478  1478 I PackageManager: Running patchoat on: com.android.mms
11-20 13:37:06.854  1594  1594 E installd: Running /system/bin/patchoat isa=x86 in-fd=5 (/system/priv-app/Mms/x86/Mms.odex) out-fd=6 (/data/dalvik-cache/x86/system@priv-app@Mms@Mms.apk@classes.dex)
11-20 13:37:06.856  1594  1594 E cutils-trace: Error opening trace file: Permission denied (13)
11-20 13:37:06.869  1478  1478 I art     : DexFile_isDexOptNeeded failed to open oat file '/data/dalvik-cache/x86/system@app@QuickSearchBox@QuickSearchBox.apk@classes.dex' for file location '/system/app/QuickSearchBox/QuickSearchBox.apk': Failed to open oat filename for reading: No such file or directory
11-20 13:37:06.870  1478  1478 I art     : DexFile_isDexOptNeeded file /system/app/QuickSearchBox/x86/QuickSearchBox.odex needs to be relocated for /system/app/QuickSearchBox/QuickSearchBox.apk
11-20 13:37:06.870  1478  1478 I PackageManager: Running patchoat on: com.android.quicksearchbox
11-20 13:37:06.870  1595  1595 E installd: Running /system/bin/patchoat isa=x86 in-fd=5 (/system/app/QuickSearchBox/x86/QuickSearchBox.odex) out-fd=6 (/data/dalvik-cache/x86/system@app@QuickSearchBox@QuickSearchBox.apk@classes.dex)
11-20 13:37:06.873  1595  1595 E cutils-trace: Error opening trace file: Permission denied (13)
11-20 13:37:06.876  1478  1478 I art     : DexFile_isDexOptNeeded failed to open oat file '/data/dalvik-cache/x86/system@app@EmulatorSmokeTests@EmulatorSmokeTests.apk@classes.dex' for file location '/system/app/EmulatorSmokeTests/EmulatorSmokeTests.apk': Failed to open oat filename for reading: No such file or directory
11-20 13:37:06.876  1478  1478 I art     : DexFile_isDexOptNeeded file /system/app/EmulatorSmokeTests/x86/EmulatorSmokeTests.odex needs to be relocated for /system/app/EmulatorSmokeTests/EmulatorSmokeTests.apk
11-20 13:37:06.876  1478  1478 I PackageManager: Running patchoat on: com.android.emulator.smoketests
11-20 13:37:06.876  1596  1596 E installd: Running /system/bin/patchoat isa=x86 in-fd=5 (/system/app/EmulatorSmokeTests/x86/EmulatorSmokeTests.odex) out-fd=6 (/data/dalvik-cache/x86/system@app@EmulatorSmokeTests@EmulatorSmokeTests.apk@classes.dex)
11-20 13:37:06.879  1596  1596 E cutils-trace: Error opening trace file: Permission denied (13)
11-20 13:37:06.882  1478  1478 I art     : DexFile_isDexOptNeeded failed to open oat file '/data/dalvik-cache/x86/system@priv-app@SharedStorageBackup@SharedStorageBackup.apk@classes.dex' for file location '/system/priv-app/SharedStorageBackup/SharedStorageBackup.apk': Failed to open oat filename for reading: No such file or directory
11-20 13:37:06.882  1478  1478 I art     : DexFile_isDexOptNeeded file /system/priv-app/SharedStorageBackup/x86/SharedStorageBackup.odex needs to be relocated for /system/priv-app/SharedStorageBackup/SharedStorageBackup.apk
11-20 13:37:06.882  1478  1478 I PackageManager: Running patchoat on: com.android.sharedstoragebackup
11-20 13:37:06.882  1597  1597 E installd: Running /system/bin/patchoat isa=x86 in-fd=5 (/system/priv-app/SharedStorageBackup/x86/SharedStorageBackup.odex) out-fd=6 (/data/dalvik-cache/x86/system@priv-app@SharedStorageBackup@SharedStorageBackup.apk@classes.dex)
11-20 13:37:06.885  1597  1597 E cutils-trace: Error opening trace file: Permission denied (13)
11-20 13:37:06.886  1478  1478 I art     : DexFile_isDexOptNeeded failed to open oat file '/data/dalvik-cache/x86/system@app@HTMLViewer@HTMLViewer.apk@classes.dex' for file location '/system/app/HTMLViewer/HTMLViewer.apk': Failed to open oat filename for reading: No such file or directory
11-20 13:37:06.886  1478  1478 I art     : DexFile_isDexOptNeeded file /system/app/HTMLViewer/x86/HTMLViewer.odex needs to be relocated for /system/app/HTMLViewer/HTMLViewer.apk
11-20 13:37:06.886  1478  1478 I PackageManager: Running patchoat on: com.android.htmlviewer
11-20 13:37:06.886  1598  1598 E installd: Running /system/bin/patchoat isa=x86 in-fd=5 (/system/app/HTMLViewer/x86/HTMLViewer.odex) out-fd=6 (/data/dalvik-cache/x86/system@app@HTMLViewer@HTMLViewer.apk@classes.dex)
11-20 13:37:06.889  1598  1598 E cutils-trace: Error opening trace file: Permission denied (13)
11-20 13:37:06.889  1478  1478 I art     : DexFile_isDexOptNeeded failed to open oat file '/data/dalvik-cache/x86/system@priv-app@Launcher2@Launcher2.apk@classes.dex' for file location '/system/priv-app/Launcher2/Launcher2.apk': Failed to open oat filename for reading: No such file or directory
11-20 13:37:06.890  1478  1478 I art     : DexFile_isDexOptNeeded file /system/priv-app/Launcher2/x86/Launcher2.odex needs to be relocated for /system/priv-app/Launcher2/Launcher2.apk
11-20 13:37:06.890  1478  1478 I PackageManager: Running patchoat on: com.android.launcher
11-20 13:37:06.890  1599  1599 E installd: Running /system/bin/patchoat isa=x86 in-fd=5 (/system/priv-app/Launcher2/x86/Launcher2.odex) out-fd=6 (/data/dalvik-cache/x86/system@priv-app@Launcher2@Launcher2.apk@classes.dex)
11-20 13:37:06.893  1599  1599 E cutils-trace: Error opening trace file: Permission denied (13)
11-20 13:37:06.904  1478  1478 I art     : DexFile_isDexOptNeeded failed to open oat file '/data/dalvik-cache/x86/system@app@UserDictionaryProvider@UserDictionaryProvider.apk@classes.dex' for file location '/system/app/UserDictionaryProvider/UserDictionaryProvider.apk': Failed to open oat filename for reading: No such file or directory
11-20 13:37:06.904  1478  1478 I art     : DexFile_isDexOptNeeded file /system/app/UserDictionaryProvider/x86/UserDictionaryProvider.odex needs to be relocated for /system/app/UserDictionaryProvider/UserDictionaryProvider.apk
11-20 13:37:06.904  1478  1478 I PackageManager: Running patchoat on: com.android.providers.userdictionary
11-20 13:37:06.905  1600  1600 E installd: Running /system/bin/patchoat isa=x86 in-fd=5 (/system/app/UserDictionaryProvider/x86/UserDictionaryProvider.odex) out-fd=6 (/data/dalvik-cache/x86/system@app@UserDictionaryProvider@UserDictionaryProvider.apk@classes.dex)
11-20 13:37:06.908  1600  1600 E cutils-trace: Error opening trace file: Permission denied (13)
11-20 13:37:06.908  1478  1478 I art     : DexFile_isDexOptNeeded failed to open oat file '/data/dalvik-cache/x86/system@app@PrintSpooler@PrintSpooler.apk@classes.dex' for file location '/system/app/PrintSpooler/PrintSpooler.apk': Failed to open oat filename for reading: No such file or directory
11-20 13:37:06.908  1478  1478 I art     : DexFile_isDexOptNeeded file /system/app/PrintSpooler/x86/PrintSpooler.odex needs to be relocated for /system/app/PrintSpooler/PrintSpooler.apk
11-20 13:37:06.908  1478  1478 I PackageManager: Running patchoat on: com.android.printspooler
11-20 13:37:06.909  1601  1601 E installd: Running /system/bin/patchoat isa=x86 in-fd=5 (/system/app/PrintSpooler/x86/PrintSpooler.odex) out-fd=6 (/data/dalvik-cache/x86/system@app@PrintSpooler@PrintSpooler.apk@classes.dex)
11-20 13:37:06.911  1601  1601 E cutils-trace: Error opening trace file: Permission denied (13)
11-20 13:37:06.919  1478  1478 I art     : DexFile_isDexOptNeeded failed to open oat file '/data/dalvik-cache/x86/system@app@webview@webview.apk@classes.dex' for file location '/system/app/webview/webview.apk': Failed to open oat filename for reading: No such file or directory
11-20 13:37:06.919  1478  1478 I art     : DexFile_isDexOptNeeded file /system/app/webview/x86/webview.odex needs to be relocated for /system/app/webview/webview.apk
11-20 13:37:06.919  1478  1478 I PackageManager: Running patchoat on: com.android.webview
11-20 13:37:06.919  1602  1602 E installd: Running /system/bin/patchoat isa=x86 in-fd=5 (/system/app/webview/x86/webview.odex) out-fd=6 (/data/dalvik-cache/x86/system@app@webview@webview.apk@classes.dex)
11-20 13:37:06.922  1602  1602 E cutils-trace: Error opening trace file: Permission denied (13)
11-20 13:37:06.930  1478  1478 I art     : DexFile_isDexOptNeeded failed to open oat file '/data/dalvik-cache/x86/system@app@CaptivePortalLogin@CaptivePortalLogin.apk@classes.dex' for file location '/system/app/CaptivePortalLogin/CaptivePortalLogin.apk': Failed to open oat filename for reading: No such file or directory
11-20 13:37:06.930  1478  1478 I art     : DexFile_isDexOptNeeded file /system/app/CaptivePortalLogin/x86/CaptivePortalLogin.odex needs to be relocated for /system/app/CaptivePortalLogin/CaptivePortalLogin.apk
11-20 13:37:06.930  1478  1478 I PackageManager: Running patchoat on: com.android.captiveportallogin
11-20 13:37:06.931  1603  1603 E installd: Running /system/bin/patchoat isa=x86 in-fd=5 (/system/app/CaptivePortalLogin/x86/CaptivePortalLogin.odex) out-fd=6 (/data/dalvik-cache/x86/system@app@CaptivePortalLogin@CaptivePortalLogin.apk@classes.dex)
11-20 13:37:06.934  1603  1603 E cutils-trace: Error opening trace file: Permission denied (13)
11-20 13:37:06.934  1478  1478 I art     : DexFile_isDexOptNeeded failed to open oat file '/data/dalvik-cache/x86/system@app@DownloadProviderUi@DownloadProviderUi.apk@classes.dex' for file location '/system/app/DownloadProviderUi/DownloadProviderUi.apk': Failed to open oat filename for reading: No such file or directory
11-20 13:37:06.934  1478  1478 I art     : DexFile_isDexOptNeeded file /system/app/DownloadProviderUi/x86/DownloadProviderUi.odex needs to be relocated for /system/app/DownloadProviderUi/DownloadProviderUi.apk
11-20 13:37:06.934  1478  1478 I PackageManager: Running patchoat on: com.android.providers.downloads.ui
11-20 13:37:06.935  1604  1604 E installd: Running /system/bin/patchoat isa=x86 in-fd=5 (/system/app/DownloadProviderUi/x86/DownloadProviderUi.odex) out-fd=6 (/data/dalvik-cache/x86/system@app@DownloadProviderUi@DownloadProviderUi.apk@classes.dex)
11-20 13:37:06.937  1604  1604 E cutils-trace: Error opening trace file: Permission denied (13)
11-20 13:37:06.938  1478  1478 I art     : DexFile_isDexOptNeeded failed to open oat file '/data/dalvik-cache/x86/system@app@OpenWnn@OpenWnn.apk@classes.dex' for file location '/system/app/OpenWnn/OpenWnn.apk': Failed to open oat filename for reading: No such file or directory
11-20 13:37:06.938  1478  1478 I art     : DexFile_isDexOptNeeded file /system/app/OpenWnn/x86/OpenWnn.odex needs to be relocated for /system/app/OpenWnn/OpenWnn.apk
11-20 13:37:06.938  1478  1478 I PackageManager: Running patchoat on: jp.co.omronsoft.openwnn
11-20 13:37:06.938  1605  1605 E installd: Running /system/bin/patchoat isa=x86 in-fd=5 (/system/app/OpenWnn/x86/OpenWnn.odex) out-fd=6 (/data/dalvik-cache/x86/system@app@OpenWnn@OpenWnn.apk@classes.dex)
11-20 13:37:06.941  1605  1605 E cutils-trace: Error opening trace file: Permission denied (13)
11-20 13:37:06.945  1478  1478 I art     : DexFile_isDexOptNeeded failed to open oat file '/data/dalvik-cache/x86/system@app@Protips@Protips.apk@classes.dex' for file location '/system/app/Protips/Protips.apk': Failed to open oat filename for reading: No such file or directory
11-20 13:37:06.945  1478  1478 I art     : DexFile_isDexOptNeeded file /system/app/Protips/x86/Protips.odex needs to be relocated for /system/app/Protips/Protips.apk
11-20 13:37:06.945  1478  1478 I PackageManager: Running patchoat on: com.android.protips
11-20 13:37:06.945  1606  1606 E installd: Running /system/bin/patchoat isa=x86 in-fd=5 (/system/app/Protips/x86/Protips.odex) out-fd=6 (/data/dalvik-cache/x86/system@app@Protips@Protips.apk@classes.dex)
11-20 13:37:06.948  1606  1606 E cutils-trace: Error opening trace file: Permission denied (13)
11-20 13:37:06.948  1478  1478 I art     : DexFile_isDexOptNeeded failed to open oat file '/data/dalvik-cache/x86/system@app@Calculator@Calculator.apk@classes.dex' for file location '/system/app/Calculator/Calculator.apk': Failed to open oat filename for reading: No such file or directory
11-20 13:37:06.948  1478  1478 I art     : DexFile_isDexOptNeeded file /system/app/Calculator/x86/Calculator.odex needs to be relocated for /system/app/Calculator/Calculator.apk
11-20 13:37:06.948  1478  1478 I PackageManager: Running patchoat on: com.android.calculator2
11-20 13:37:06.949  1607  1607 E installd: Running /system/bin/patchoat isa=x86 in-fd=5 (/system/app/Calculator/x86/Calculator.odex) out-fd=6 (/data/dalvik-cache/x86/system@app@Calculator@Calculator.apk@classes.dex)
11-20 13:37:06.952  1607  1607 E cutils-trace: Error opening trace file: Permission denied (13)
11-20 13:37:06.958  1478  1478 I art     : DexFile_isDexOptNeeded failed to open oat file '/data/dalvik-cache/x86/system@app@Music@Music.apk@classes.dex' for file location '/system/app/Music/Music.apk': Failed to open oat filename for reading: No such file or directory
11-20 13:37:06.958  1478  1478 I art     : DexFile_isDexOptNeeded file /system/app/Music/x86/Music.odex needs to be relocated for /system/app/Music/Music.apk
11-20 13:37:06.958  1478  1478 I PackageManager: Running patchoat on: com.android.music
11-20 13:37:06.959  1608  1608 E installd: Running /system/bin/patchoat isa=x86 in-fd=5 (/system/app/Music/x86/Music.odex) out-fd=6 (/data/dalvik-cache/x86/system@app@Music@Music.apk@classes.dex)
11-20 13:37:06.962  1608  1608 E cutils-trace: Error opening trace file: Permission denied (13)
11-20 13:37:06.965  1478  1478 I art     : DexFile_isDexOptNeeded failed to open oat file '/data/dalvik-cache/x86/system@app@Fallback@Fallback.apk@classes.dex' for file location '/system/app/Fallback/Fallback.apk': Failed to open oat filename for reading: No such file or directory
11-20 13:37:06.965  1478  1478 I art     : DexFile_isDexOptNeeded file /system/app/Fallback/x86/Fallback.odex needs to be relocated for /system/app/Fallback/Fallback.apk
11-20 13:37:06.965  1478  1478 I PackageManager: Running patchoat on: com.android.fallback
11-20 13:37:06.966  1609  1609 E installd: Running /system/bin/patchoat isa=x86 in-fd=5 (/system/app/Fallback/x86/Fallback.odex) out-fd=6 (/data/dalvik-cache/x86/system@app@Fallback@Fallback.apk@classes.dex)
11-20 13:37:06.969  1609  1609 E cutils-trace: Error opening trace file: Permission denied (13)
11-20 13:37:06.969  1478  1478 I SystemServer: LockSettingsService
11-20 13:37:06.970  1478  1478 I SystemServiceManager: Starting com.android.server.devicepolicy.DevicePolicyManagerService$Lifecycle
11-20 13:37:06.971  1478  1478 I SystemServer: Status Bar
11-20 13:37:06.972  1478  1478 I SystemServer: Clipboard Service
11-20 13:37:06.973  1478  1478 I SystemServer: NetworkManagement Service
11-20 13:37:06.975  1478  1478 I SystemServer: Text Service Manager Service
11-20 13:37:06.981  1478  1478 I SystemServer: Network Score Service
11-20 13:37:06.981  1478  1478 I SystemServer: NetworkStats Service
11-20 13:37:06.983  1478  1478 I SystemServer: NetworkPolicy Service
11-20 13:37:06.985  1478  1478 I SystemServiceManager: Starting com.android.server.wifi.p2p.WifiP2pService
11-20 13:37:06.993  1478  1478 I WifiP2pService: Registering wifip2p
11-20 13:37:06.993  1478  1478 I SystemServiceManager: Starting com.android.server.wifi.WifiService
11-20 13:37:07.019  1478  1478 E WifiConfigStore: associatedPartialScanPeriodMilli set to 20000
11-20 13:37:07.023  1478  1478 D WifiController: isAirplaneModeOn = false, isWifiEnabled = false, isScanningAvailable = false
11-20 13:37:07.024  1478  1478 I WifiService: Registering wifi
11-20 13:37:07.027  1478  1478 I SystemServiceManager: Starting com.android.server.wifi.WifiScanningService
11-20 13:37:07.027  1478  1478 I WifiScanningService: Creating wifiscanner
11-20 13:37:07.028  1478  1478 I WifiScanningService: Starting wifiscanner
11-20 13:37:07.028  1478  1478 I SystemServiceManager: Starting com.android.server.wifi.RttService
11-20 13:37:07.028  1478  1478 I RttService: Creating rttmanager
11-20 13:37:07.028  1478  1478 I RttService: Starting rttmanager
11-20 13:37:07.028  1478  1478 I SystemServer: Connectivity Service
11-20 13:37:07.030  1478  1478 D ConnectivityService: ConnectivityService starting up
11-20 13:37:07.032  1478  1478 D ConnectivityService: wifiOnly=false
11-20 13:37:07.035  1478  1478 I SystemServer: Network Service Discovery Service
11-20 13:37:07.036  1478  1478 D NsdService: Network service discovery enabled true
11-20 13:37:07.037  1478  1478 I SystemServer: UpdateLock Service
11-20 13:37:07.037  1478  1478 I SystemServiceManager: Starting com.android.server.notification.NotificationManagerService
11-20 13:37:07.042  1478  1478 I SystemServiceManager: Starting com.android.server.storage.DeviceStorageMonitorService
11-20 13:37:07.043  1478  1478 I SystemServer: Location Manager
11-20 13:37:07.044  1478  1478 I SystemServer: Country Detector
11-20 13:37:07.044  1478  1478 I SystemServer: Search Service
11-20 13:37:07.045  1478  1478 I SystemServer: DropBox Service
11-20 13:37:07.046  1478  1478 I SystemServer: Wallpaper Service
11-20 13:37:07.046  1478  1478 W WallpaperManagerService: no current wallpaper -- first boot?
11-20 13:37:07.046  1478  1478 I SystemServer: Audio Service
11-20 13:37:07.050  1478  1478 W TelecomManager: Telecom Service not found.
11-20 13:37:07.065  1478  1478 I SystemServiceManager: Starting com.android.server.DockObserver
11-20 13:37:07.066  1478  1478 W DockObserver: This kernel does not have dock station support
11-20 13:37:07.066  1478  1478 I SystemServer: Wired Accessory Manager
11-20 13:37:07.067  1478  1478 W WiredAccessoryManager: This kernel does not have wired headset support
11-20 13:37:07.067  1478  1478 W WiredAccessoryManager: This kernel does not have usb audio support
11-20 13:37:07.067  1478  1478 W WiredAccessoryManager: This kernel does not have HDMI audio support
11-20 13:37:07.067  1478  1478 I SystemServiceManager: Starting com.android.server.usb.UsbService$Lifecycle
11-20 13:37:07.068  1478  1478 I SystemServer: Serial Service
11-20 13:37:07.069  1478  1478 I SystemServiceManager: Starting com.android.server.twilight.TwilightService
11-20 13:37:07.070  1478  1478 I SystemServiceManager: Starting com.android.server.UiModeManagerService
11-20 13:37:07.070  1478  1478 I SystemServiceManager: Starting com.android.server.job.JobSchedulerService
11-20 13:37:07.072  1478  1478 I SystemServiceManager: Starting com.android.server.backup.BackupManagerService$Lifecycle
11-20 13:37:07.074  1478  1478 V BackupManagerService: No ancestral data
11-20 13:37:07.084  1478  1478 D BackupManagerService: Now staging backup of com.android.calendar
11-20 13:37:07.086  1478  1478 D BackupManagerService: Now staging backup of com.android.dialer
11-20 13:37:07.087  1478  1478 D BackupManagerService: Now staging backup of com.android.providers.userdictionary
11-20 13:37:07.087  1478  1478 D BackupManagerService: Now staging backup of com.android.sharedstoragebackup
11-20 13:37:07.088  1478  1478 D BackupManagerService: Now staging backup of com.android.providers.settings
11-20 13:37:07.089  1478  1478 D BackupManagerService: Now staging backup of android
11-20 13:37:07.090  1478  1478 D BackupManagerService: Now staging backup of com.android.browser
11-20 13:37:07.090  1478  1478 V BackupManagerService: Starting with transport android/com.android.internal.backup.LocalTransport
11-20 13:37:07.091  1478  1478 V BackupManagerService: Found transports: 1
11-20 13:37:07.091  1478  1478 I BackupManagerService: Binding to transport host ComponentInfo{android/com.android.internal.backup.LocalTransportService}
11-20 13:37:07.092  1478  1478 I SystemServiceManager: Starting com.android.server.appwidget.AppWidgetService
11-20 13:37:07.093  1478  1478 I SystemServiceManager: Starting com.android.server.voiceinteraction.VoiceInteractionManagerService
11-20 13:37:07.094  1478  1478 W SoundTriggerHelper: listModules status=0, # of modules=0
11-20 13:37:07.094  1478  1478 I SystemServer: DiskStats Service
11-20 13:37:07.094  1478  1478 I SystemServer: SamplingProfiler Service
11-20 13:37:07.095  1478  1478 I SystemServer: NetworkTimeUpdateService
11-20 13:37:07.095  1478  1478 I SystemServer: CommonTimeManagementService
11-20 13:37:07.096  1478  1478 I SystemServer: CertBlacklister
11-20 13:37:07.096  1478  1478 I SystemServiceManager: Starting com.android.server.dreams.DreamManagerService
11-20 13:37:07.097  1478  1478 I SystemServer: Assets Atlas Service
11-20 13:37:07.097  1478  1478 I SystemServiceManager: Starting com.android.server.print.PrintManagerService
11-20 13:37:07.098  1478  1625 D Atlas   : Computing best atlas configuration...
11-20 13:37:07.099  1478  1478 I SystemServiceManager: Starting com.android.server.restrictions.RestrictionsManagerService
11-20 13:37:07.099  1478  1626 D Atlas   : Running Atlas Worker #1
11-20 13:37:07.099  1478  1478 I SystemServiceManager: Starting com.android.server.media.MediaSessionService
11-20 13:37:07.100  1478  1627 D Atlas   : Running Atlas Worker #2
11-20 13:37:07.101  1478  1625 D Atlas   : Found best atlas configuration in 0.00s
11-20 13:37:07.101  1478  1625 D Atlas   : Loaded configuration: SliceMinArea (768x768) flags=0x2 count=2
11-20 13:37:07.102  1478  1478 I SystemServer: Media Router Service
11-20 13:37:07.102  1478  1478 I SystemServiceManager: Starting com.android.server.trust.TrustManagerService
11-20 13:37:07.103  1478  1478 I SystemServiceManager: Starting com.android.server.fingerprint.FingerprintService
11-20 13:37:07.103  1478  1478 V Fingerprint-JNI: nativeInit()
11-20 13:37:07.103  1478  1625 D         : HostConnection::get() New Host Connection established 0xb01b5060, tid 1625
11-20 13:37:07.104  1478  1478 V Fingerprint-JNI: nativeOpenHal()
11-20 13:37:07.104  1478  1478 E Fingerprint-JNI: Can't open fingerprint HW Module, error: -2
11-20 13:37:07.104  1478  1478 I SystemServer: BackgroundDexOptService
11-20 13:37:07.104  1478  1478 I SystemServiceManager: Starting com.android.server.pm.LauncherAppsService
11-20 13:37:07.105  1478  1478 I SystemServiceManager: Starting com.android.server.media.projection.MediaProjectionManagerService
11-20 13:37:07.107  1478  1478 I WindowManager: SAFE MODE not enabled
11-20 13:37:07.107  1478  1478 I SystemServiceManager: Starting com.android.server.MmsServiceBroker
11-20 13:37:07.117  1478  1478 E SQLiteLog: (1) no such table: locksettings
11-20 13:37:07.119  1478  1478 I LockSettingsService: Migrated lock settings to new location
11-20 13:37:07.122  1478  1478 I LockSettingsService: Migrated per-user lock settings to new location
11-20 13:37:07.122  1478  1478 I SystemServiceManager: Starting phase 480
11-20 13:37:07.123  1478  1478 I SystemServiceManager: Starting phase 500
11-20 13:37:07.123  1478  1478 I WifiService: WifiService starting up with Wi-Fi disabled
11-20 13:37:07.127  1478  1616 D WifiService: New client listening to asynchronous messages
11-20 13:37:07.127  1478  1478 I WifiScanningService: Registering wifiscanner
11-20 13:37:07.128  1478  1478 D WifiScanningService: New client, channel: null messenger: null
11-20 13:37:07.129  1478  1478 I RttService: Registering rttmanager
11-20 13:37:07.129  1478  1631 D WifiChangeStateMachine: Entering IdleState
11-20 13:37:07.129  1478  1631 D WifiScanningService: DefaultState
11-20 13:37:07.130  1478  1478 I ActivityManager: Config changes=200 {1.0 ?mcc?mnc en_US ldltr sw320dp w320dp h455dp 160dpi nrml port finger -keyb/h/h tball/v s.5}
11-20 13:37:07.143  1478  1505 I DisplayManagerService: Display device changed: DisplayDeviceInfo{"Built-in Screen": 320 x 480, 60.000004 fps, supportedRefreshRates [60.000004], density 160, 160.0 x 160.0 dpi, appVsyncOff 0, presDeadline 17666666, touch INTERNAL, rotation 0, type BUILT_IN, state ON, FLAG_DEFAULT_DISPLAY, FLAG_ROTATES_WITH_CONTENT, FLAG_SECURE, FLAG_SUPPORTS_PROTECTED_BUFFERS}
11-20 13:37:07.143  1130  1130 D SurfaceFlinger: Set power mode=2, type=0 flinger=0xb705e000
11-20 13:37:07.143  1130  1130 D SurfaceFlinger: Screen type=0 is already mode=2
11-20 13:37:07.143  1478  1478 I ActivityManager: Sending system update to ComponentInfo{com.android.providers.calendar/com.android.providers.calendar.CalendarUpgradeReceiver} for user 0
11-20 13:37:07.143  1478  1478 I ActivityManager: Sending system update to ComponentInfo{com.android.providers.contacts/com.android.providers.contacts.ContactsUpgradeReceiver} for user 0
11-20 13:37:07.143  1478  1478 I ActivityManager: Sending system update to ComponentInfo{com.android.managedprovisioning/com.android.managedprovisioning.PreBootListener} for user 0
11-20 13:37:07.143  1478  1478 I ActivityManager: Sending system update to ComponentInfo{com.android.providers.media/com.android.providers.media.MediaUpgradeReceiver} for user 0
11-20 13:37:07.143  1478  1478 I ActivityManager: Sending system update to ComponentInfo{com.android.settings/com.android.settings.ManagedProfileSetup} for user 0
11-20 13:37:07.143  1478  1478 I SystemServer: Enabled StrictMode for system server main thread.
11-20 13:37:07.152  1478  1625 D EGL_emulation: eglCreateContext: 0xb0145160: maj 2 min 0 rcv 2
11-20 13:37:07.152  1478  1625 D EGL_emulation: eglMakeCurrent: 0xb0145160: ver 2 0
11-20 13:37:07.155  1478  1500 I Zygote  : Process: zygote socket opened, supported ABIS: x86
11-20 13:37:07.157  1478  1625 D Atlas   : Rendered atlas in 8.01ms (0.75+7.26ms)
11-20 13:37:07.160  1635  1635 E libprocessgroup: failed to make and chown /acct/uid_10001: Read-only file system
11-20 13:37:07.160  1635  1635 W Zygote  : createProcessGroup failed, kernel missing CONFIG_CGROUP_CPUACCT?
11-20 13:37:07.167  1478  1500 I ActivityManager: Start proc com.android.providers.calendar for broadcast com.android.providers.calendar/.CalendarUpgradeReceiver: pid=1635 uid=10001 gids={50001, 9997, 3003, 1028, 1015} abi=x86
11-20 13:37:07.167  1478  1478 V ActivityManager: Display changed displayId=0
11-20 13:37:07.167  1478  1478 V ActivityManager: Display changed displayId=0
11-20 13:37:07.168  1478  1496 I ActivityManager: Launching preboot mode app: ProcessRecord{3dfc4469 1635:com.android.providers.calendar/u0a1}
11-20 13:37:07.170  1478  1478 D WifiScanningService: SCAN_AVAILABLE : 1
11-20 13:37:07.170  1478  1478 D RttService: SCAN_AVAILABLE : 1
11-20 13:37:07.171  1478  1632 D RttService: DefaultState got{ when=0 what=160513 target=com.android.internal.util.StateMachine$SmHandler }
11-20 13:37:07.171  1478  1631 D WifiScanningService: DefaultState got{ when=-1ms what=160007 target=com.android.internal.util.StateMachine$SmHandler }
11-20 13:37:07.174  1130  1165 D gralloc_ranchu: gralloc_alloc: Creating ashmem region of size 4096
11-20 13:37:07.175  1478  1505 D         : HostConnection::get() New Host Connection established 0xa39c2150, tid 1505
11-20 13:37:07.176  1635  1635 W ResourcesManager: Asset path '/system/framework/android.test.runner.jar' does not exist or contains no resources.
11-20 13:37:07.197  1655  1655 E libprocessgroup: failed to make and chown /acct/uid_10002: Read-only file system
11-20 13:37:07.197  1655  1655 W Zygote  : createProcessGroup failed, kernel missing CONFIG_CGROUP_CPUACCT?
11-20 13:37:07.206  1478  1495 I ActivityManager: Start proc android.process.acore for broadcast com.android.providers.contacts/.ContactsUpgradeReceiver: pid=1655 uid=10002 gids={50002, 9997, 3003, 1028, 1015} abi=x86
11-20 13:37:07.206  1478  1653 I ActivityManager: Launching preboot mode app: ProcessRecord{13774eee 1655:android.process.acore/u0a2}
11-20 13:37:07.221  1655  1655 I ContactsUpgradeReceiver: Creating or opening contacts database
11-20 13:37:07.285  1478  1478 W InputMethodManagerService: Focus gain on non-focused client android.view.inputmethod.InputMethodManager$1@3a2ea0f2 (uid=1000 pid=1478)
11-20 13:37:07.285  1478  1478 V ActivityManager: Display changed displayId=0
11-20 13:37:07.286  1478  1478 V BackupManagerService: Connected to transport ComponentInfo{android/com.android.internal.backup.LocalTransportService}
