11-20 13:06:41.473  1569  1569 E installd: Running /system/bin/patchoat isa=x86 in-fd=5 (/system/priv-app/SharedStorageBackup/x86/SharedStorageBackup.odex) out-fd=6 (/data/dalvik-cache/x86/system@priv-app@SharedStorageBackup@SharedStorageBackup.apk@classes.dex)
11-20 13:06:41.476  1569  1569 E cutils-trace: Error opening trace file: Permission denied (13)
11-20 13:06:41.476  1478  1478 I art     : DexFile_isDexOptNeeded failed to open oat file '/data/dalvik-cache/x86/system@app@PicoTts@PicoTts.apk@classes.dex' for file location '/system/app/PicoTts/PicoTts.apk': Failed to open oat filename for reading: No such file or directory
11-20 13:06:41.476  1478  1478 I art     : DexFile_isDexOptNeeded file /system/app/PicoTts/x86/PicoTts.odex needs to be relocated for /system/app/PicoTts/PicoTts.apk
11-20 13:06:41.476  1478  1478 I PackageManager: Running patchoat on: com.svox.pico
11-20 13:06:41.476  1570  1570 E installd: Running /system/bin/patchoat isa=x86 in-fd=5 (/system/app/PicoTts/x86/PicoTts.odex) out-fd=6 (/data/dalvik-cache/x86/system@app@PicoTts@PicoTts.apk@classes.dex)
11-20 13:06:41.479  1570  1570 E cutils-trace: Error opening trace file: Permission denied (13)
11-20 13:06:41.479  1478  1478 I art     : DexFile_isDexOptNeeded failed to open oat file '/data/dalvik-cache/x86/system@app@Email@Email.apk@classes.dex' for file location '/system/app/Email/Email.apk': Failed to open oat filename for reading: No such file or directory
11-20 13:06:41.480  1478  1478 I art     : DexFile_isDexOptNeeded file /system/app/Email/x86/Email.odex needs to be relocated for /system/app/Email/Email.apk
11-20 13:06:41.480  1478  1478 I PackageManager: Running patchoat on: com.android.email
11-20 13:06:41.480  1571  1571 E installd: Running /system/bin/patchoat isa=x86 in-fd=5 (/system/app/Email/x86/Email.odex) out-fd=6 (/data/dalvik-cache/x86/system@app@Email@Email.apk@classes.dex)
11-20 13:06:41.483  1571  1571 E cutils-trace: Error opening trace file: Permission denied (13)
11-20 13:06:41.523  1478  1478 I art     : DexFile_isDexOptNeeded failed to open oat file '/data/dalvik-cache/x86/system@app@webview@webview.apk@classes.dex' for file location '/system/app/webview/webview.apk': Failed to open oat filename for reading: No such file or directory
11-20 13:06:41.524  1478  1478 I art     : DexFile_isDexOptNeeded file /system/app/webview/x86/webview.odex needs to be relocated for /system/app/webview/webview.apk
11-20 13:06:41.524  1478  1478 I PackageManager: Running patchoat on: com.android.webview
11-20 13:06:41.524  1572  1572 E installd: Running /system/bin/patchoat isa=x86 in-fd=5 (/system/app/webview/x86/webview.odex) out-fd=6 (/data/dalvik-cache/x86/system@app@webview@webview.apk@classes.dex)
11-20 13:06:41.527  1572  1572 E cutils-trace: Error opening trace file: Permission denied (13)
11-20 13:06:41.534  1478  1478 I art     : DexFile_isDexOptNeeded failed to open oat file '/data/dalvik-cache/x86/system@app@SpeechRecorder@SpeechRecorder.apk@classes.dex' for file location '/system/app/SpeechRecorder/SpeechRecorder.apk': Failed to open oat filename for reading: No such file or directory
11-20 13:06:41.534  1478  1478 I art     : DexFile_isDexOptNeeded file /system/app/SpeechRecorder/x86/SpeechRecorder.odex needs to be relocated for /system/app/SpeechRecorder/SpeechRecorder.apk
11-20 13:06:41.534  1478  1478 I PackageManager: Running patchoat on: com.android.speechrecorder
11-20 13:06:41.534  1573  1573 E installd: Running /system/bin/patchoat isa=x86 in-fd=5 (/system/app/SpeechRecorder/x86/SpeechRecorder.odex) out-fd=6 (/data/dalvik-cache/x86/system@app@SpeechRecorder@SpeechRecorder.apk@classes.dex)
11-20 13:06:41.537  1573  1573 E cutils-trace: Error opening trace file: Permission denied (13)
11-20 13:06:41.537  1478  1478 I art     : DexFile_isDexOptNeeded failed to open oat file '/data/dalvik-cache/x86/system@app@Calculator@Calculator.apk@classes.dex' for file location '/system/app/Calculator/Calculator.apk': Failed to open oat filename for reading: No such file or directory
11-20 13:06:41.537  1478  1478 I art     : DexFile_isDexOptNeeded file /system/app/Calculator/x86/Calculator.odex needs to be relocated for /system/app/Calculator/Calculator.apk
11-20 13:06:41.537  1478  1478 I PackageManager: Running patchoat on: com.android.calculator2
11-20 13:06:41.538  1574  1574 E installd: Running /system/bin/patchoat isa=x86 in-fd=5 (/system/app/Calculator/x86/Calculator.odex) out-fd=6 (/data/dalvik-cache/x86/system@app@Calculator@Calculator.apk@classes.dex)
11-20 13:06:41.540  1574  1574 E cutils-trace: Error opening trace file: Permission denied (13)
11-20 13:06:41.546  1478  1478 I art     : DexFile_isDexOptNeeded failed to open oat file '/data/dalvik-cache/x86/system@app@LiveWallpapersPicker@LiveWallpapersPicker.apk@classes.dex' for file location '/system/app/LiveWallpapersPicker/LiveWallpapersPicker.apk': Failed to open oat filename for reading: No such file or directory
11-20 13:06:41.546  1478  1478 I art     : DexFile_isDexOptNeeded file /system/app/LiveWallpapersPicker/x86/LiveWallpapersPicker.odex needs to be relocated for /system/app/LiveWallpapersPicker/LiveWallpapersPicker.apk
11-20 13:06:41.546  1478  1478 I PackageManager: Running patchoat on: com.android.wallpaper.livepicker
11-20 13:06:41.546  1575  1575 E installd: Running /system/bin/patchoat isa=x86 in-fd=5 (/system/app/LiveWallpapersPicker/x86/LiveWallpapersPicker.odex) out-fd=6 (/data/dalvik-cache/x86/system@app@LiveWallpapersPicker@LiveWallpapersPicker.apk@classes.dex)
11-20 13:06:41.549  1575  1575 E cutils-trace: Error opening trace file: Permission denied (13)
11-20 13:06:41.550  1478  1478 I art     : DexFile_isDexOptNeeded failed to open oat file '/data/dalvik-cache/x86/system@app@BasicDreams@BasicDreams.apk@classes.dex' for file location '/system/app/BasicDreams/BasicDreams.apk': Failed to open oat filename for reading: No such file or directory
11-20 13:06:41.550  1478  1478 I art     : DexFile_isDexOptNeeded file /system/app/BasicDreams/x86/BasicDreams.odex needs to be relocated for /system/app/BasicDreams/BasicDreams.apk
11-20 13:06:41.550  1478  1478 I PackageManager: Running patchoat on: com.android.dreams.basic
11-20 13:06:41.550  1576  1576 E installd: Running /system/bin/patchoat isa=x86 in-fd=5 (/system/app/BasicDreams/x86/BasicDreams.odex) out-fd=6 (/data/dalvik-cache/x86/system@app@BasicDreams@BasicDreams.apk@classes.dex)
11-20 13:06:41.553  1576  1576 E cutils-trace: Error opening trace file: Permission denied (13)
11-20 13:06:41.554  1478  1478 I art     : DexFile_isDexOptNeeded failed to open oat file '/data/dalvik-cache/x86/system@app@DocumentsUI@DocumentsUI.apk@classes.dex' for file location '/system/app/DocumentsUI/DocumentsUI.apk': Failed to open oat filename for reading: No such file or directory
11-20 13:06:41.554  1478  1478 I art     : DexFile_isDexOptNeeded file /system/app/DocumentsUI/x86/DocumentsUI.odex needs to be relocated for /system/app/DocumentsUI/DocumentsUI.apk
11-20 13:06:41.554  1478  1478 I PackageManager: Running patchoat on: com.android.documentsui
11-20 13:06:41.554  1577  1577 E installd: Running /system/bin/patchoat isa=x86 in-fd=5 (/system/app/DocumentsUI/x86/DocumentsUI.odex) out-fd=6 (/data/dalvik-cache/x86/system@app@DocumentsUI@DocumentsUI.apk@classes.dex)
11-20 13:06:41.557  1577  1577 E cutils-trace: Error opening trace file: Permission denied (13)
11-20 13:06:41.563  1478  1478 I art     : DexFile_isDexOptNeeded failed to open oat file '/data/dalvik-cache/x86/system@priv-app@Mms@Mms.apk@classes.dex' for file location '/system/priv-app/Mms/Mms.apk': Failed to open oat filename for reading: No such file or directory
11-20 13:06:41.564  1478  1478 I art     : DexFile_isDexOptNeeded file /system/priv-app/Mms/x86/Mms.odex needs to be relocated for /system/priv-app/Mms/Mms.apk
11-20 13:06:41.564  1478  1478 I PackageManager: Running patchoat on: com.android.mms
11-20 13:06:41.564  1578  1578 E installd: Running /system/bin/patchoat isa=x86 in-fd=5 (/system/priv-app/Mms/x86/Mms.odex) out-fd=6 (/data/dalvik-cache/x86/system@priv-app@Mms@Mms.apk@classes.dex)
11-20 13:06:41.567  1578  1578 E cutils-trace: Error opening trace file: Permission denied (13)
11-20 13:06:41.579  1478  1478 I art     : DexFile_isDexOptNeeded failed to open oat file '/data/dalvik-cache/x86/system@app@UserDictionaryProvider@UserDictionaryProvider.apk@classes.dex' for file location '/system/app/UserDictionaryProvider/UserDictionaryProvider.apk': Failed to open oat filename for reading: No such file or directory
11-20 13:06:41.579  1478  1478 I art     : DexFile_isDexOptNeeded file /system/app/UserDictionaryProvider/x86/UserDictionaryProvider.odex needs to be relocated for /system/app/UserDictionaryProvider/UserDictionaryProvider.apk
11-20 13:06:41.579  1478  1478 I PackageManager: Running patchoat on: com.android.providers.userdictionary
11-20 13:06:41.579  1579  1579 E installd: Running /system/bin/patchoat isa=x86 in-fd=5 (/system/app/UserDictionaryProvider/x86/UserDictionaryProvider.odex) out-fd=6 (/data/dalvik-cache/x86/system@app@UserDictionaryProvider@UserDictionaryProvider.apk@classes.dex)
11-20 13:06:41.582  1579  1579 E cutils-trace: Error opening trace file: Permission denied (13)
11-20 13:06:41.583  1478  1478 I art     : DexFile_isDexOptNeeded failed to open oat file '/data/dalvik-cache/x86/system@app@NetSpeed@NetSpeed.apk@classes.dex' for file location '/system/app/NetSpeed/NetSpeed.apk': Failed to open oat filename for reading: No such file or directory
11-20 13:06:41.583  1478  1478 I art     : DexFile_isDexOptNeeded file /system/app/NetSpeed/x86/NetSpeed.odex needs to be relocated for /system/app/NetSpeed/NetSpeed.apk
11-20 13:06:41.583  1478  1478 I PackageManager: Running patchoat on: com.android.netspeed
11-20 13:06:41.583  1580  1580 E installd: Running /system/bin/patchoat isa=x86 in-fd=5 (/system/app/NetSpeed/x86/NetSpeed.odex) out-fd=6 (/data/dalvik-cache/x86/system@app@NetSpeed@NetSpeed.apk@classes.dex)
11-20 13:06:41.586  1580  1580 E cutils-trace: Error opening trace file: Permission denied (13)
11-20 13:06:41.587  1478  1478 I art     : DexFile_isDexOptNeeded failed to open oat file '/data/dalvik-cache/x86/system@app@OpenWnn@OpenWnn.apk@classes.dex' for file location '/system/app/OpenWnn/OpenWnn.apk': Failed to open oat filename for reading: No such file or directory
11-20 13:06:41.587  1478  1478 I art     : DexFile_isDexOptNeeded file /system/app/OpenWnn/x86/OpenWnn.odex needs to be relocated for /system/app/OpenWnn/OpenWnn.apk
11-20 13:06:41.587  1478  1478 I PackageManager: Running patchoat on: jp.co.omronsoft.openwnn
11-20 13:06:41.587  1581  1581 E installd: Running /system/bin/patchoat isa=x86 in-fd=5 (/system/app/OpenWnn/x86/OpenWnn.odex) out-fd=6 (/data/dalvik-cache/x86/system@app@OpenWnn@OpenWnn.apk@classes.dex)
11-20 13:06:41.590  1581  1581 E cutils-trace: Error opening trace file: Permission denied (13)
11-20 13:06:41.593  1478  1478 I art     : DexFile_isDexOptNeeded failed to open oat file '/data/dalvik-cache/x86/system@app@SdkSetup@SdkSetup.apk@classes.dex' for file location '/system/app/SdkSetup/SdkSetup.apk': Failed to open oat filename for reading: No such file or directory
11-20 13:06:41.594  1478  1478 I art     : DexFile_isDexOptNeeded file /system/app/SdkSetup/x86/SdkSetup.odex needs to be relocated for /system/app/SdkSetup/SdkSetup.apk
11-20 13:06:41.594  1478  1478 I PackageManager: Running patchoat on: com.android.sdksetup
11-20 13:06:41.594  1582  1582 E installd: Running /system/bin/patchoat isa=x86 in-fd=5 (/system/app/SdkSetup/x86/SdkSetup.odex) out-fd=6 (/data/dalvik-cache/x86/system@app@SdkSetup@SdkSetup.apk@classes.dex)
11-20 13:06:41.597  1582  1582 E cutils-trace: Error opening trace file: Permission denied (13)
11-20 13:06:41.597  1478  1478 I art     : DexFile_isDexOptNeeded failed to open oat file '/data/dalvik-cache/x86/system@app@LegacyCamera@LegacyCamera.apk@classes.dex' for file location '/system/app/LegacyCamera/LegacyCamera.apk': Failed to open oat filename for reading: No such file or directory
11-20 13:06:41.597  1478  1478 I art     : DexFile_isDexOptNeeded file /system/app/LegacyCamera/x86/LegacyCamera.odex needs to be relocated for /system/app/LegacyCamera/LegacyCamera.apk
11-20 13:06:41.597  1478  1478 I PackageManager: Running patchoat on: com.android.camera
11-20 13:06:41.598  1583  1583 E installd: Running /system/bin/patchoat isa=x86 in-fd=5 (/system/app/LegacyCamera/x86/LegacyCamera.odex) out-fd=6 (/data/dalvik-cache/x86/system@app@LegacyCamera@LegacyCamera.apk@classes.dex)
11-20 13:06:41.601  1583  1583 E cutils-trace: Error opening trace file: Permission denied (13)
11-20 13:06:41.605  1478  1478 I art     : DexFile_isDexOptNeeded failed to open oat file '/data/dalvik-cache/x86/system@priv-app@DownloadProvider@DownloadProvider.apk@classes.dex' for file location '/system/priv-app/DownloadProvider/DownloadProvider.apk': Failed to open oat filename for reading: No such file or directory
11-20 13:06:41.605  1478  1478 I art     : DexFile_isDexOptNeeded file /system/priv-app/DownloadProvider/x86/DownloadProvider.odex needs to be relocated for /system/priv-app/DownloadProvider/DownloadProvider.apk
11-20 13:06:41.605  1478  1478 I PackageManager: Running patchoat on: com.android.providers.downloads
11-20 13:06:41.606  1584  1584 E installd: Running /system/bin/patchoat isa=x86 in-fd=5 (/system/priv-app/DownloadProvider/x86/DownloadProvider.odex) out-fd=6 (/data/dalvik-cache/x86/system@priv-app@DownloadProvider@DownloadProvider.apk@classes.dex)
11-20 13:06:41.608  1584  1584 E cutils-trace: Error opening trace file: Permission denied (13)
11-20 13:06:41.613  1478  1478 I art     : DexFile_isDexOptNeeded failed to open oat file '/data/dalvik-cache/x86/system@app@EmulatorSmokeTests@EmulatorSmokeTests.apk@classes.dex' for file location '/system/app/EmulatorSmokeTests/EmulatorSmokeTests.apk': Failed to open oat filename for reading: No such file or directory
11-20 13:06:41.613  1478  1478 I art     : DexFile_isDexOptNeeded file /system/app/EmulatorSmokeTests/x86/EmulatorSmokeTests.odex needs to be relocated for /system/app/EmulatorSmokeTests/EmulatorSmokeTests.apk
11-20 13:06:41.613  1478  1478 I PackageManager: Running patchoat on: com.android.emulator.smoketests
11-20 13:06:41.614  1585  1585 E installd: Running /system/bin/patchoat isa=x86 in-fd=5 (/system/app/EmulatorSmokeTests/x86/EmulatorSmokeTests.odex) out-fd=6 (/data/dalvik-cache/x86/system@app@EmulatorSmokeTests@EmulatorSmokeTests.apk@classes.dex)
11-20 13:06:41.617  1585  1585 E cutils-trace: Error opening trace file: Permission denied (13)
11-20 13:06:41.619  1478  1478 I art     : DexFile_isDexOptNeeded failed to open oat file '/data/dalvik-cache/x86/system@app@CaptivePortalLogin@CaptivePortalLogin.apk@classes.dex' for file location '/system/app/CaptivePortalLogin/CaptivePortalLogin.apk': Failed to open oat filename for reading: No such file or directory
11-20 13:06:41.619  1478  1478 I art     : DexFile_isDexOptNeeded file /system/app/CaptivePortalLogin/x86/CaptivePortalLogin.odex needs to be relocated for /system/app/CaptivePortalLogin/CaptivePortalLogin.apk
11-20 13:06:41.619  1478  1478 I PackageManager: Running patchoat on: com.android.captiveportallogin
11-20 13:06:41.620  1586  1586 E installd: Running /system/bin/patchoat isa=x86 in-fd=5 (/system/app/CaptivePortalLogin/x86/CaptivePortalLogin.odex) out-fd=6 (/data/dalvik-cache/x86/system@app@CaptivePortalLogin@CaptivePortalLogin.apk@classes.dex)
11-20 13:06:41.623  1586  1586 E cutils-trace: Error opening trace file: Permission denied (13)
11-20 13:06:41.623  1478  1478 I art     : DexFile_isDexOptNeeded failed to open oat file '/data/dalvik-cache/x86/system@app@Music@Music.apk@classes.dex' for file location '/system/app/Music/Music.apk': Failed to open oat filename for reading: No such file or directory
11-20 13:06:41.623  1478  1478 I art     : DexFile_isDexOptNeeded file /system/app/Music/x86/Music.odex needs to be relocated for /system/app/Music/Music.apk
11-20 13:06:41.623  1478  1478 I PackageManager: Running patchoat on: com.android.music
11-20 13:06:41.623  1587  1587 E installd: Running /system/bin/patchoat isa=x86 in-fd=5 (/system/app/Music/x86/Music.odex) out-fd=6 (/data/dalvik-cache/x86/system@app@Music@Music.apk@classes.dex)
11-20 13:06:41.626  1587  1587 E cutils-trace: Error opening trace file: Permission denied (13)
11-20 13:06:41.630  1478  1478 I art     : DexFile_isDexOptNeeded failed to open oat file '/data/dalvik-cache/x86/system@app@DeskClock@DeskClock.apk@classes.dex' for file location '/system/app/DeskClock/DeskClock.apk': Failed to open oat filename for reading: No such file or directory
11-20 13:06:41.630  1478  1478 I art     : DexFile_isDexOptNeeded file /system/app/DeskClock/x86/DeskClock.odex needs to be relocated for /system/app/DeskClock/DeskClock.apk
11-20 13:06:41.631  1478  1478 I PackageManager: Running patchoat on: com.android.deskclock
11-20 13:06:41.631  1588  1588 E installd: Running /system/bin/patchoat isa=x86 in-fd=5 (/system/app/DeskClock/x86/DeskClock.odex) out-fd=6 (/data/dalvik-cache/x86/system@app@DeskClock@DeskClock.apk@classes.dex)
11-20 13:06:41.633  1588  1588 E cutils-trace: Error opening trace file: Permission denied (13)
11-20 13:06:41.643  1478  1478 I art     : DexFile_isDexOptNeeded failed to open oat file '/data/dalvik-cache/x86/system@app@DownloadProviderUi@DownloadProviderUi.apk@classes.dex' for file location '/system/app/DownloadProviderUi/DownloadProviderUi.apk': Failed to open oat filename for reading: No such file or directory
11-20 13:06:41.643  1478  1478 I art     : DexFile_isDexOptNeeded file /system/app/DownloadProviderUi/x86/DownloadProviderUi.odex needs to be relocated for /system/app/DownloadProviderUi/DownloadProviderUi.apk
11-20 13:06:41.643  1478  1478 I PackageManager: Running patchoat on: com.android.providers.downloads.ui
11-20 13:06:41.643  1589  1589 E installd: Running /system/bin/patchoat isa=x86 in-fd=5 (/system/app/DownloadProviderUi/x86/DownloadProviderUi.odex) out-fd=6 (/data/dalvik-cache/x86/system@app@DownloadProviderUi@DownloadProviderUi.apk@classes.dex)
11-20 13:06:41.646  1589  1589 E cutils-trace: Error opening trace file: Permission denied (13)
11-20 13:06:41.646  1478  1478 I art     : DexFile_isDexOptNeeded failed to open oat file '/data/dalvik-cache/x86/system@priv-app@Launcher2@Launcher2.apk@classes.dex' for file location '/system/priv-app/Launcher2/Launcher2.apk': Failed to open oat filename for reading: No such file or directory
11-20 13:06:41.646  1478  1478 I art     : DexFile_isDexOptNeeded file /system/priv-app/Launcher2/x86/Launcher2.odex needs to be relocated for /system/priv-app/Launcher2/Launcher2.apk
11-20 13:06:41.647  1478  1478 I PackageManager: Running patchoat on: com.android.launcher
11-20 13:06:41.647  1590  1590 E installd: Running /system/bin/patchoat isa=x86 in-fd=5 (/system/priv-app/Launcher2/x86/Launcher2.odex) out-fd=6 (/data/dalvik-cache/x86/system@priv-app@Launcher2@Launcher2.apk@classes.dex)
11-20 13:06:41.650  1590  1590 E cutils-trace: Error opening trace file: Permission denied (13)
11-20 13:06:41.661  1478  1478 I art     : DexFile_isDexOptNeeded failed to open oat file '/data/dalvik-cache/x86/system@priv-app@VpnDialogs@VpnDialogs.apk@classes.dex' for file location '/system/priv-app/VpnDialogs/VpnDialogs.apk': Failed to open oat filename for reading: No such file or directory
11-20 13:06:41.661  1478  1478 I art     : DexFile_isDexOptNeeded file /system/priv-app/VpnDialogs/x86/VpnDialogs.odex needs to be relocated for /system/priv-app/VpnDialogs/VpnDialogs.apk
11-20 13:06:41.661  1478  1478 I PackageManager: Running patchoat on: com.android.vpndialogs
11-20 13:06:41.661  1591  1591 E installd: Running /system/bin/patchoat isa=x86 in-fd=5 (/system/priv-app/VpnDialogs/x86/VpnDialogs.odex) out-fd=6 (/data/dalvik-cache/x86/system@priv-app@VpnDialogs@VpnDialogs.apk@classes.dex)
11-20 13:06:41.664  1591  1591 E cutils-trace: Error opening trace file: Permission denied (13)
11-20 13:06:41.664  1478  1478 I art     : DexFile_isDexOptNeeded failed to open oat file '/data/dalvik-cache/x86/system@app@PackageInstaller@PackageInstaller.apk@classes.dex' for file location '/system/app/PackageInstaller/PackageInstaller.apk': Failed to open oat filename for reading: No such file or directory
11-20 13:06:41.665  1478  1478 I art     : DexFile_isDexOptNeeded file /system/app/PackageInstaller/x86/PackageInstaller.odex needs to be relocated for /system/app/PackageInstaller/PackageInstaller.apk
11-20 13:06:41.665  1478  1478 I PackageManager: Running patchoat on: com.android.packageinstaller
11-20 13:06:41.665  1592  1592 E installd: Running /system/bin/patchoat isa=x86 in-fd=5 (/system/app/PackageInstaller/x86/PackageInstaller.odex) out-fd=6 (/data/dalvik-cache/x86/system@app@PackageInstaller@PackageInstaller.apk@classes.dex)
11-20 13:06:41.668  1592  1592 E cutils-trace: Error opening trace file: Permission denied (13)
11-20 13:06:41.673  1478  1478 I art     : DexFile_isDexOptNeeded failed to open oat file '/data/dalvik-cache/x86/system@priv-app@ExternalStorageProvider@ExternalStorageProvider.apk@classes.dex' for file location '/system/priv-app/ExternalStorageProvider/ExternalStorageProvider.apk': Failed to open oat filename for reading: No such file or directory
11-20 13:06:41.673  1478  1478 I art     : DexFile_isDexOptNeeded file /system/priv-app/ExternalStorageProvider/x86/ExternalStorageProvider.odex needs to be relocated for /system/priv-app/ExternalStorageProvider/ExternalStorageProvider.apk
11-20 13:06:41.673  1478  1478 I PackageManager: Running patchoat on: com.android.externalstorage
11-20 13:06:41.673  1593  1593 E installd: Running /system/bin/patchoat isa=x86 in-fd=5 (/system/priv-app/ExternalStorageProvider/x86/ExternalStorageProvider.odex) out-fd=6 (/data/dalvik-cache/x86/system@priv-app@ExternalStorageProvider@ExternalStorageProvider.apk@classes.dex)
11-20 13:06:41.676  1593  1593 E cutils-trace: Error opening trace file: Permission denied (13)
11-20 13:06:41.677  1478  1478 I art     : DexFile_isDexOptNeeded failed to open oat file '/data/dalvik-cache/x86/system@app@Development@Development.apk@classes.dex' for file location '/system/app/Development/Development.apk': Failed to open oat filename for reading: No such file or directory
11-20 13:06:41.677  1478  1478 I art     : DexFile_isDexOptNeeded file /system/app/Development/x86/Development.odex needs to be relocated for /system/app/Development/Development.apk
11-20 13:06:41.677  1478  1478 I PackageManager: Running patchoat on: com.android.development
11-20 13:06:41.677  1594  1594 E installd: Running /system/bin/patchoat isa=x86 in-fd=5 (/system/app/Development/x86/Development.odex) out-fd=6 (/data/dalvik-cache/x86/system@app@Development@Development.apk@classes.dex)
11-20 13:06:41.680  1594  1594 E cutils-trace: Error opening trace file: Permission denied (13)
11-20 13:06:41.681  1478  1478 I art     : DexFile_isDexOptNeeded failed to open oat file '/data/dalvik-cache/x86/system@app@Gallery@Gallery.apk@classes.dex' for file location '/system/app/Gallery/Gallery.apk': Failed to open oat filename for reading: No such file or directory
11-20 13:06:41.681  1478  1478 I art     : DexFile_isDexOptNeeded file /system/app/Gallery/x86/Gallery.odex needs to be relocated for /system/app/Gallery/Gallery.apk
11-20 13:06:41.681  1478  1478 I PackageManager: Running patchoat on: com.android.gallery
11-20 13:06:41.681  1595  1595 E installd: Running /system/bin/patchoat isa=x86 in-fd=5 (/system/app/Gallery/x86/Gallery.odex) out-fd=6 (/data/dalvik-cache/x86/system@app@Gallery@Gallery.apk@classes.dex)
11-20 13:06:41.684  1595  1595 E cutils-trace: Error opening trace file: Permission denied (13)
11-20 13:06:41.688  1478  1478 I art     : DexFile_isDexOptNeeded failed to open oat file '/data/dalvik-cache/x86/system@app@Protips@Protips.apk@classes.dex' for file location '/system/app/Protips/Protips.apk': Failed to open oat filename for reading: No such file or directory
11-20 13:06:41.688  1478  1478 I art     : DexFile_isDexOptNeeded file /system/app/Protips/x86/Protips.odex needs to be relocated for /system/app/Protips/Protips.apk
11-20 13:06:41.688  1478  1478 I PackageManager: Running patchoat on: com.android.protips
11-20 13:06:41.689  1596  1596 E installd: Running /system/bin/patchoat isa=x86 in-fd=5 (/system/app/Protips/x86/Protips.odex) out-fd=6 (/data/dalvik-cache/x86/system@app@Protips@Protips.apk@classes.dex)
11-20 13:06:41.702  1596  1596 E cutils-trace: Error opening trace file: Permission denied (13)
11-20 13:06:41.703  1478  1478 I art     : DexFile_isDexOptNeeded failed to open oat file '/data/dalvik-cache/x86/system@app@CustomLocale@CustomLocale.apk@classes.dex' for file location '/system/app/CustomLocale/CustomLocale.apk': Failed to open oat filename for reading: No such file or directory
11-20 13:06:41.703  1478  1478 I art     : DexFile_isDexOptNeeded file /system/app/CustomLocale/x86/CustomLocale.odex needs to be relocated for /system/app/CustomLocale/CustomLocale.apk
11-20 13:06:41.703  1478  1478 I PackageManager: Running patchoat on: com.android.customlocale2
11-20 13:06:41.704  1597  1597 E installd: Running /system/bin/patchoat isa=x86 in-fd=5 (/system/app/CustomLocale/x86/CustomLocale.odex) out-fd=6 (/data/dalvik-cache/x86/system@app@CustomLocale@CustomLocale.apk@classes.dex)
11-20 13:06:41.707  1597  1597 E cutils-trace: Error opening trace file: Permission denied (13)
11-20 13:06:41.707  1478  1478 I art     : DexFile_isDexOptNeeded failed to open oat file '/data/dalvik-cache/x86/system@app@Calendar@Calendar.apk@classes.dex' for file location '/system/app/Calendar/Calendar.apk': Failed to open oat filename for reading: No such file or directory
11-20 13:06:41.707  1478  1478 I art     : DexFile_isDexOptNeeded file /system/app/Calendar/x86/Calendar.odex needs to be relocated for /system/app/Calendar/Calendar.apk
11-20 13:06:41.708  1478  1478 I PackageManager: Running patchoat on: com.android.calendar
11-20 13:06:41.708  1598  1598 E installd: Running /system/bin/patchoat isa=x86 in-fd=5 (/system/app/Calendar/x86/Calendar.odex) out-fd=6 (/data/dalvik-cache/x86/system@app@Calendar@Calendar.apk@classes.dex)
11-20 13:06:41.711  1598  1598 E cutils-trace: Error opening trace file: Permission denied (13)
11-20 13:06:41.725  1478  1478 I art     : DexFile_isDexOptNeeded failed to open oat file '/data/dalvik-cache/x86/system@priv-app@BackupRestoreConfirmation@BackupRestoreConfirmation.apk@classes.dex' for file location '/system/priv-app/BackupRestoreConfirmation/BackupRestoreConfirmation.apk': Failed to open oat filename for reading: No such file or directory
11-20 13:06:41.725  1478  1478 I art     : DexFile_isDexOptNeeded file /system/priv-app/BackupRestoreConfirmation/x86/BackupRestoreConfirmation.odex needs to be relocated for /system/priv-app/BackupRestoreConfirmation/BackupRestoreConfirmation.apk
11-20 13:06:41.725  1478  1478 I PackageManager: Running patchoat on: com.android.backupconfirm
11-20 13:06:41.725  1599  1599 E installd: Running /system/bin/patchoat isa=x86 in-fd=5 (/system/priv-app/BackupRestoreConfirmation/x86/BackupRestoreConfirmation.odex) out-fd=6 (/data/dalvik-cache/x86/system@priv-app@BackupRestoreConfirmation@BackupRestoreConfirmation.apk@classes.dex)
11-20 13:06:41.728  1599  1599 E cutils-trace: Error opening trace file: Permission denied (13)
11-20 13:06:41.728  1478  1478 I art     : DexFile_isDexOptNeeded failed to open oat file '/data/dalvik-cache/x86/system@app@SoundRecorder@SoundRecorder.apk@classes.dex' for file location '/system/app/SoundRecorder/SoundRecorder.apk': Failed to open oat filename for reading: No such file or directory
11-20 13:06:41.729  1478  1478 I art     : DexFile_isDexOptNeeded file /system/app/SoundRecorder/x86/SoundRecorder.odex needs to be relocated for /system/app/SoundRecorder/SoundRecorder.apk
11-20 13:06:41.729  1478  1478 I PackageManager: Running patchoat on: com.android.soundrecorder
11-20 13:06:41.729  1600  1600 E installd: Running /system/bin/patchoat isa=x86 in-fd=5 (/system/app/SoundRecorder/x86/SoundRecorder.odex) out-fd=6 (/data/dalvik-cache/x86/system@app@SoundRecorder@SoundRecorder.apk@classes.dex)
11-20 13:06:41.732  1600  1600 E cutils-trace: Error opening trace file: Permission denied (13)
11-20 13:06:41.732  1478  1478 I art     : DexFile_isDexOptNeeded failed to open oat file '/data/dalvik-cache/x86/system@app@Fallback@Fallback.apk@classes.dex' for file location '/system/app/Fallback/Fallback.apk': Failed to open oat filename for reading: No such file or directory
11-20 13:06:41.732  1478  1478 I art     : DexFile_isDexOptNeeded file /system/app/Fallback/x86/Fallback.odex needs to be relocated for /system/app/Fallback/Fallback.apk
11-20 13:06:41.732  1478  1478 I PackageManager: Running patchoat on: com.android.fallback
11-20 13:06:41.733  1601  1601 E installd: Running /system/bin/patchoat isa=x86 in-fd=5 (/system/app/Fallback/x86/Fallback.odex) out-fd=6 (/data/dalvik-cache/x86/system@app@Fallback@Fallback.apk@classes.dex)
11-20 13:06:41.736  1601  1601 E cutils-trace: Error opening trace file: Permission denied (13)
11-20 13:06:41.736  1478  1478 I art     : DexFile_isDexOptNeeded failed to open oat file '/data/dalvik-cache/x86/system@app@PacProcessor@PacProcessor.apk@classes.dex' for file location '/system/app/PacProcessor/PacProcessor.apk': Failed to open oat filename for reading: No such file or directory
11-20 13:06:41.736  1478  1478 I art     : DexFile_isDexOptNeeded file /system/app/PacProcessor/x86/PacProcessor.odex needs to be relocated for /system/app/PacProcessor/PacProcessor.apk
11-20 13:06:41.736  1478  1478 I PackageManager: Running patchoat on: com.android.pacprocessor
11-20 13:06:41.736  1602  1602 E installd: Running /system/bin/patchoat isa=x86 in-fd=5 (/system/app/PacProcessor/x86/PacProcessor.odex) out-fd=6 (/data/dalvik-cache/x86/system@app@PacProcessor@PacProcessor.apk@classes.dex)
11-20 13:06:41.739  1602  1602 E cutils-trace: Error opening trace file: Permission denied (13)
11-20 13:06:41.740  1478  1478 I art     : DexFile_isDexOptNeeded failed to open oat file '/data/dalvik-cache/x86/system@priv-app@Contacts@Contacts.apk@classes.dex' for file location '/system/priv-app/Contacts/Contacts.apk': Failed to open oat filename for reading: No such file or directory
11-20 13:06:41.740  1478  1478 I art     : DexFile_isDexOptNeeded file /system/priv-app/Contacts/x86/Contacts.odex needs to be relocated for /system/priv-app/Contacts/Contacts.apk
11-20 13:06:41.740  1478  1478 I PackageManager: Running patchoat on: com.android.contacts
11-20 13:06:41.741  1603  1603 E installd: Running /system/bin/patchoat isa=x86 in-fd=5 (/system/priv-app/Contacts/x86/Contacts.odex) out-fd=6 (/data/dalvik-cache/x86/system@priv-app@Contacts@Contacts.apk@classes.dex)
11-20 13:06:41.743  1603  1603 E cutils-trace: Error opening trace file: Permission denied (13)
11-20 13:06:41.761  1478  1478 I art     : DexFile_isDexOptNeeded failed to open oat file '/data/dalvik-cache/x86/system@app@QuickSearchBox@QuickSearchBox.apk@classes.dex' for file location '/system/app/QuickSearchBox/QuickSearchBox.apk': Failed to open oat filename for reading: No such file or directory
11-20 13:06:41.761  1478  1478 I art     : DexFile_isDexOptNeeded file /system/app/QuickSearchBox/x86/QuickSearchBox.odex needs to be relocated for /system/app/QuickSearchBox/QuickSearchBox.apk
11-20 13:06:41.761  1478  1478 I PackageManager: Running patchoat on: com.android.quicksearchbox
11-20 13:06:41.761  1604  1604 E installd: Running /system/bin/patchoat isa=x86 in-fd=5 (/system/app/QuickSearchBox/x86/QuickSearchBox.odex) out-fd=6 (/data/dalvik-cache/x86/system@app@QuickSearchBox@QuickSearchBox.apk@classes.dex)
11-20 13:06:41.764  1604  1604 E cutils-trace: Error opening trace file: Permission denied (13)
11-20 13:06:41.767  1478  1478 I art     : DexFile_isDexOptNeeded failed to open oat file '/data/dalvik-cache/x86/system@app@PrintSpooler@PrintSpooler.apk@classes.dex' for file location '/system/app/PrintSpooler/PrintSpooler.apk': Failed to open oat filename for reading: No such file or directory
11-20 13:06:41.768  1478  1478 I art     : DexFile_isDexOptNeeded file /system/app/PrintSpooler/x86/PrintSpooler.odex needs to be relocated for /system/app/PrintSpooler/PrintSpooler.apk
11-20 13:06:41.768  1478  1478 I PackageManager: Running patchoat on: com.android.printspooler
11-20 13:06:41.768  1605  1605 E installd: Running /system/bin/patchoat isa=x86 in-fd=5 (/system/app/PrintSpooler/x86/PrintSpooler.odex) out-fd=6 (/data/dalvik-cache/x86/system@app@PrintSpooler@PrintSpooler.apk@classes.dex)
11-20 13:06:41.771  1605  1605 E cutils-trace: Error opening trace file: Permission denied (13)
11-20 13:06:41.780  1478  1478 I art     : DexFile_isDexOptNeeded failed to open oat file '/data/dalvik-cache/x86/system@app@Exchange2@Exchange2.apk@classes.dex' for file location '/system/app/Exchange2/Exchange2.apk': Failed to open oat filename for reading: No such file or directory
11-20 13:06:41.781  1478  1478 I art     : DexFile_isDexOptNeeded file /system/app/Exchange2/x86/Exchange2.odex needs to be relocated for /system/app/Exchange2/Exchange2.apk
11-20 13:06:41.781  1478  1478 I PackageManager: Running patchoat on: com.android.exchange
11-20 13:06:41.781  1606  1606 E installd: Running /system/bin/patchoat isa=x86 in-fd=5 (/system/app/Exchange2/x86/Exchange2.odex) out-fd=6 (/data/dalvik-cache/x86/system@app@Exchange2@Exchange2.apk@classes.dex)
11-20 13:06:41.784  1606  1606 E cutils-trace: Error opening trace file: Permission denied (13)
11-20 13:06:41.805  1478  1478 I art     : DexFile_isDexOptNeeded failed to open oat file '/data/dalvik-cache/x86/system@app@HTMLViewer@HTMLViewer.apk@classes.dex' for file location '/system/app/HTMLViewer/HTMLViewer.apk': Failed to open oat filename for reading: No such file or directory
11-20 13:06:41.805  1478  1478 I art     : DexFile_isDexOptNeeded file /system/app/HTMLViewer/x86/HTMLViewer.odex needs to be relocated for /system/app/HTMLViewer/HTMLViewer.apk
11-20 13:06:41.805  1478  1478 I PackageManager: Running patchoat on: com.android.htmlviewer
11-20 13:06:41.806  1607  1607 E installd: Running /system/bin/patchoat isa=x86 in-fd=5 (/system/app/HTMLViewer/x86/HTMLViewer.odex) out-fd=6 (/data/dalvik-cache/x86/system@app@HTMLViewer@HTMLViewer.apk@classes.dex)
11-20 13:06:41.809  1607  1607 E cutils-trace: Error opening trace file: Permission denied (13)
11-20 13:06:41.809  1478  1478 I art     : DexFile_isDexOptNeeded failed to open oat file '/data/dalvik-cache/x86/system@app@Browser@Browser.apk@classes.dex' for file location '/system/app/Browser/Browser.apk': Failed to open oat filename for reading: No such file or directory
11-20 13:06:41.809  1478  1478 I art     : DexFile_isDexOptNeeded file /system/app/Browser/x86/Browser.odex needs to be relocated for /system/app/Browser/Browser.apk
11-20 13:06:41.809  1478  1478 I PackageManager: Running patchoat on: com.android.browser
11-20 13:06:41.809  1608  1608 E installd: Running /system/bin/patchoat isa=x86 in-fd=5 (/system/app/Browser/x86/Browser.odex) out-fd=6 (/data/dalvik-cache/x86/system@app@Browser@Browser.apk@classes.dex)
11-20 13:06:41.813  1608  1608 E cutils-trace: Error opening trace file: Permission denied (13)
11-20 13:06:41.822  1478  1478 I art     : DexFile_isDexOptNeeded failed to open oat file '/data/dalvik-cache/x86/system@app@CertInstaller@CertInstaller.apk@classes.dex' for file location '/system/app/CertInstaller/CertInstaller.apk': Failed to open oat filename for reading: No such file or directory
11-20 13:06:41.822  1478  1478 I art     : DexFile_isDexOptNeeded file /system/app/CertInstaller/x86/CertInstaller.odex needs to be relocated for /system/app/CertInstaller/CertInstaller.apk
11-20 13:06:41.822  1478  1478 I PackageManager: Running patchoat on: com.android.certinstaller
11-20 13:06:41.822  1609  1609 E installd: Running /system/bin/patchoat isa=x86 in-fd=5 (/system/app/CertInstaller/x86/CertInstaller.odex) out-fd=6 (/data/dalvik-cache/x86/system@app@CertInstaller@CertInstaller.apk@classes.dex)
11-20 13:06:41.825  1609  1609 E cutils-trace: Error opening trace file: Permission denied (13)
11-20 13:06:41.826  1478  1478 I SystemServer: LockSettingsService
11-20 13:06:41.826  1478  1478 I SystemServiceManager: Starting com.android.server.devicepolicy.DevicePolicyManagerService$Lifecycle
11-20 13:06:41.828  1478  1478 I SystemServer: Status Bar
11-20 13:06:41.828  1478  1478 I SystemServer: Clipboard Service
11-20 13:06:41.829  1478  1478 I SystemServer: NetworkManagement Service
11-20 13:06:41.831  1478  1478 I SystemServer: Text Service Manager Service
11-20 13:06:41.838  1478  1478 I SystemServer: Network Score Service
11-20 13:06:41.838  1478  1478 I SystemServer: NetworkStats Service
11-20 13:06:41.840  1478  1478 I SystemServer: NetworkPolicy Service
11-20 13:06:41.842  1478  1478 I SystemServiceManager: Starting com.android.server.wifi.p2p.WifiP2pService
11-20 13:06:41.849  1478  1478 I WifiP2pService: Registering wifip2p
11-20 13:06:41.850  1478  1478 I SystemServiceManager: Starting com.android.server.wifi.WifiService
11-20 13:06:41.877  1478  1478 E WifiConfigStore: associatedPartialScanPeriodMilli set to 20000
11-20 13:06:41.881  1478  1478 D WifiController: isAirplaneModeOn = false, isWifiEnabled = false, isScanningAvailable = false
11-20 13:06:41.882  1478  1478 I WifiService: Registering wifi
11-20 13:06:41.882  1478  1478 I SystemServiceManager: Starting com.android.server.wifi.WifiScanningService
11-20 13:06:41.882  1478  1478 I WifiScanningService: Creating wifiscanner
11-20 13:06:41.882  1478  1478 I WifiScanningService: Starting wifiscanner
11-20 13:06:41.882  1478  1478 I SystemServiceManager: Starting com.android.server.wifi.RttService
11-20 13:06:41.882  1478  1478 I RttService: Creating rttmanager
11-20 13:06:41.883  1478  1478 I RttService: Starting rttmanager
11-20 13:06:41.883  1478  1478 I SystemServer: Connectivity Service
11-20 13:06:41.884  1478  1478 D ConnectivityService: ConnectivityService starting up
11-20 13:06:41.885  1478  1478 D ConnectivityService: wifiOnly=false
11-20 13:06:41.889  1478  1478 I SystemServer: Network Service Discovery Service
11-20 13:06:41.891  1478  1478 D NsdService: Network service discovery enabled true
11-20 13:06:41.895  1478  1478 I SystemServer: UpdateLock Service
11-20 13:06:41.895  1478  1478 I SystemServiceManager: Starting com.android.server.notification.NotificationManagerService
11-20 13:06:41.900  1478  1478 I SystemServiceManager: Starting com.android.server.storage.DeviceStorageMonitorService
11-20 13:06:41.901  1478  1478 I SystemServer: Location Manager
11-20 13:06:41.902  1478  1478 I SystemServer: Country Detector
11-20 13:06:41.902  1478  1478 I SystemServer: Search Service
11-20 13:06:41.903  1478  1478 I SystemServer: DropBox Service
11-20 13:06:41.903  1478  1478 I SystemServer: Wallpaper Service
11-20 13:06:41.904  1478  1478 W WallpaperManagerService: no current wallpaper -- first boot?
11-20 13:06:41.904  1478  1478 I SystemServer: Audio Service
11-20 13:06:41.907  1478  1478 W TelecomManager: Telecom Service not found.
11-20 13:06:41.915  1478  1478 I SystemServiceManager: Starting com.android.server.DockObserver
11-20 13:06:41.915  1478  1478 W DockObserver: This kernel does not have dock station support
11-20 13:06:41.915  1478  1478 I SystemServer: Wired Accessory Manager
11-20 13:06:41.916  1478  1478 W WiredAccessoryManager: This kernel does not have wired headset support
11-20 13:06:41.916  1478  1478 W WiredAccessoryManager: This kernel does not have usb audio support
11-20 13:06:41.916  1478  1478 W WiredAccessoryManager: This kernel does not have HDMI audio support
11-20 13:06:41.916  1478  1478 I SystemServiceManager: Starting com.android.server.usb.UsbService$Lifecycle
11-20 13:06:41.917  1478  1478 I SystemServer: Serial Service
11-20 13:06:41.917  1478  1478 I SystemServiceManager: Starting com.android.server.twilight.TwilightService
11-20 13:06:41.918  1478  1478 I SystemServiceManager: Starting com.android.server.UiModeManagerService
11-20 13:06:41.919  1478  1478 I SystemServiceManager: Starting com.android.server.job.JobSchedulerService
11-20 13:06:41.922  1478  1478 I SystemServiceManager: Starting com.android.server.backup.BackupManagerService$Lifecycle
11-20 13:06:41.923  1478  1478 V BackupManagerService: No ancestral data
11-20 13:06:41.926  1478  1478 D BackupManagerService: Now staging backup of com.android.calendar
11-20 13:06:41.927  1478  1478 D BackupManagerService: Now staging backup of com.android.dialer
11-20 13:06:41.928  1478  1478 D BackupManagerService: Now staging backup of com.android.providers.userdictionary
11-20 13:06:41.928  1478  1478 D BackupManagerService: Now staging backup of com.android.sharedstoragebackup
11-20 13:06:41.929  1478  1478 D BackupManagerService: Now staging backup of com.android.providers.settings
11-20 13:06:41.930  1478  1478 D BackupManagerService: Now staging backup of android
11-20 13:06:41.930  1478  1478 D BackupManagerService: Now staging backup of com.android.browser
11-20 13:06:41.931  1478  1478 V BackupManagerService: Starting with transport android/com.android.internal.backup.LocalTransport
11-20 13:06:41.931  1478  1478 V BackupManagerService: Found transports: 1
11-20 13:06:41.931  1478  1478 I BackupManagerService: Binding to transport host ComponentInfo{android/com.android.internal.backup.LocalTransportService}
11-20 13:06:41.933  1478  1478 I SystemServiceManager: Starting com.android.server.appwidget.AppWidgetService
11-20 13:06:41.934  1478  1478 I SystemServiceManager: Starting com.android.server.voiceinteraction.VoiceInteractionManagerService
11-20 13:06:41.935  1478  1478 W SoundTriggerHelper: listModules status=0, # of modules=0
11-20 13:06:41.935  1478  1478 I SystemServer: DiskStats Service
11-20 13:06:41.935  1478  1478 I SystemServer: SamplingProfiler Service
11-20 13:06:41.936  1478  1478 I SystemServer: NetworkTimeUpdateService
11-20 13:06:41.936  1478  1478 I SystemServer: CommonTimeManagementService
11-20 13:06:41.937  1478  1478 I SystemServer: CertBlacklister
11-20 13:06:41.937  1478  1478 I SystemServiceManager: Starting com.android.server.dreams.DreamManagerService
11-20 13:06:41.938  1478  1478 I SystemServer: Assets Atlas Service
11-20 13:06:41.939  1478  1478 I SystemServiceManager: Starting com.android.server.print.PrintManagerService
11-20 13:06:41.939  1478  1624 D Atlas   : Computing best atlas configuration...
11-20 13:06:41.940  1478  1626 D Atlas   : Running Atlas Worker #2
11-20 13:06:41.940  1478  1478 I SystemServiceManager: Starting com.android.server.restrictions.RestrictionsManagerService
11-20 13:06:41.940  1478  1478 I SystemServiceManager: Starting com.android.server.media.MediaSessionService
11-20 13:06:41.941  1478  1625 D Atlas   : Running Atlas Worker #1
11-20 13:06:41.942  1478  1624 D Atlas   : Found best atlas configuration in 0.00s
11-20 13:06:41.942  1478  1624 D Atlas   : Loaded configuration: SliceMinArea (768x768) flags=0x2 count=2
11-20 13:06:41.943  1478  1478 I SystemServer: Media Router Service
11-20 13:06:41.943  1478  1478 I SystemServiceManager: Starting com.android.server.trust.TrustManagerService
11-20 13:06:41.944  1478  1478 I SystemServiceManager: Starting com.android.server.fingerprint.FingerprintService
11-20 13:06:41.944  1478  1478 V Fingerprint-JNI: nativeInit()
11-20 13:06:41.944  1478  1478 V Fingerprint-JNI: nativeOpenHal()
11-20 13:06:41.944  1478  1478 E Fingerprint-JNI: Can't open fingerprint HW Module, error: -2
11-20 13:06:41.944  1478  1478 I SystemServer: BackgroundDexOptService
11-20 13:06:41.945  1478  1624 D         : HostConnection::get() New Host Connection established 0xb03a6060, tid 1624
11-20 13:06:41.945  1478  1478 I SystemServiceManager: Starting com.android.server.pm.LauncherAppsService
11-20 13:06:41.946  1478  1478 I SystemServiceManager: Starting com.android.server.media.projection.MediaProjectionManagerService
11-20 13:06:41.948  1478  1478 I WindowManager: SAFE MODE not enabled
11-20 13:06:41.949  1478  1478 I SystemServiceManager: Starting com.android.server.MmsServiceBroker
11-20 13:06:41.958  1478  1478 E SQLiteLog: (1) no such table: locksettings
11-20 13:06:41.961  1478  1478 I LockSettingsService: Migrated lock settings to new location
11-20 13:06:41.964  1478  1478 I LockSettingsService: Migrated per-user lock settings to new location
11-20 13:06:41.964  1478  1478 I SystemServiceManager: Starting phase 480
11-20 13:06:41.965  1478  1478 I SystemServiceManager: Starting phase 500
11-20 13:06:41.965  1478  1478 I WifiService: WifiService starting up with Wi-Fi disabled
11-20 13:06:41.969  1478  1616 D WifiService: New client listening to asynchronous messages
11-20 13:06:41.969  1478  1478 I WifiScanningService: Registering wifiscanner
11-20 13:06:41.970  1478  1478 D WifiScanningService: New client, channel: null messenger: null
11-20 13:06:41.971  1478  1478 I RttService: Registering rttmanager
11-20 13:06:41.971  1478  1630 D WifiChangeStateMachine: Entering IdleState
11-20 13:06:41.971  1478  1630 D WifiScanningService: DefaultState
11-20 13:06:41.971  1478  1478 I ActivityManager: Config changes=200 {1.0 ?mcc?mnc en_US ldltr sw320dp w320dp h455dp 160dpi nrml port finger -keyb/h/h tball/v s.5}
11-20 13:06:41.984  1478  1505 I DisplayManagerService: Display device changed: DisplayDeviceInfo{"Built-in Screen": 320 x 480, 60.000004 fps, supportedRefreshRates [60.000004], density 160, 160.0 x 160.0 dpi, appVsyncOff 0, presDeadline 17666666, touch INTERNAL, rotation 0, type BUILT_IN, state ON, FLAG_DEFAULT_DISPLAY, FLAG_ROTATES_WITH_CONTENT, FLAG_SECURE, FLAG_SUPPORTS_PROTECTED_BUFFERS}
11-20 13:06:41.984  1130  1130 D SurfaceFlinger: Set power mode=2, type=0 flinger=0xb705e000
11-20 13:06:41.984  1130  1130 D SurfaceFlinger: Screen type=0 is already mode=2
11-20 13:06:41.984  1478  1478 I ActivityManager: Sending system update to ComponentInfo{com.android.providers.calendar/com.android.providers.calendar.CalendarUpgradeReceiver} for user 0
11-20 13:06:41.985  1478  1478 I ActivityManager: Sending system update to ComponentInfo{com.android.providers.contacts/com.android.providers.contacts.ContactsUpgradeReceiver} for user 0
11-20 13:06:41.985  1478  1478 I ActivityManager: Sending system update to ComponentInfo{com.android.managedprovisioning/com.android.managedprovisioning.PreBootListener} for user 0
11-20 13:06:41.985  1478  1478 I ActivityManager: Sending system update to ComponentInfo{com.android.providers.media/com.android.providers.media.MediaUpgradeReceiver} for user 0
11-20 13:06:41.985  1478  1478 I ActivityManager: Sending system update to ComponentInfo{com.android.settings/com.android.settings.ManagedProfileSetup} for user 0
11-20 13:06:41.985  1478  1478 I SystemServer: Enabled StrictMode for system server main thread.
11-20 13:06:41.985  1478  1478 V ActivityManager: Display changed displayId=0
11-20 13:06:41.985  1478  1478 V ActivityManager: Display changed displayId=0
11-20 13:06:41.993  1478  1624 D EGL_emulation: eglCreateContext: 0xb0345160: maj 2 min 0 rcv 2
11-20 13:06:41.994  1478  1624 D EGL_emulation: eglMakeCurrent: 0xb0345160: ver 2 0
11-20 13:06:41.996  1478  1500 I Zygote  : Process: zygote socket opened, supported ABIS: x86
11-20 13:06:41.998  1478  1624 D Atlas   : Rendered atlas in 7.61ms (0.70+6.91ms)
11-20 13:06:42.012  1634  1634 E libprocessgroup: failed to make and chown /acct/uid_10001: Read-only file system
11-20 13:06:42.012  1634  1634 W Zygote  : createProcessGroup failed, kernel missing CONFIG_CGROUP_CPUACCT?
11-20 13:06:42.013  1478  1500 I ActivityManager: Start proc com.android.providers.calendar for broadcast com.android.providers.calendar/.CalendarUpgradeReceiver: pid=1634 uid=10001 gids={50001, 9997, 3003, 1028, 1015} abi=x86
11-20 13:06:42.013  1478  1478 D WifiScanningService: SCAN_AVAILABLE : 1
11-20 13:06:42.013  1478  1478 D RttService: SCAN_AVAILABLE : 1
11-20 13:06:42.014  1478  1631 D RttService: DefaultState got{ when=-1ms what=160513 target=com.android.internal.util.StateMachine$SmHandler }
11-20 13:06:42.014  1478  1630 D WifiScanningService: DefaultState got{ when=-1ms what=160007 target=com.android.internal.util.StateMachine$SmHandler }
11-20 13:06:42.015  1130  1202 D gralloc_ranchu: gralloc_alloc: Creating ashmem region of size 4096
11-20 13:06:42.017  1478  1505 D         : HostConnection::get() New Host Connection established 0xa3ac2150, tid 1505
11-20 13:06:42.024  1478  1496 I ActivityManager: Launching preboot mode app: ProcessRecord{b698e28 1634:com.android.providers.calendar/u0a1}
11-20 13:06:42.026  1634  1634 W ResourcesManager: Asset path '/system/framework/android.test.runner.jar' does not exist or contains no resources.
11-20 13:06:42.038  1653  1653 E libprocessgroup: failed to make and chown /acct/uid_10002: Read-only file system
11-20 13:06:42.038  1653  1653 W Zygote  : createProcessGroup failed, kernel missing CONFIG_CGROUP_CPUACCT?
11-20 13:06:42.045  1478  1495 I ActivityManager: Start proc android.process.acore for broadcast com.android.providers.contacts/.ContactsUpgradeReceiver: pid=1653 uid=10002 gids={50002, 9997, 3003, 1028, 1015} abi=x86
11-20 13:06:42.047  1478  1495 I ActivityManager: Launching preboot mode app: ProcessRecord{2031e741 1653:android.process.acore/u0a2}
11-20 13:06:42.062  1653  1653 I ContactsUpgradeReceiver: Creating or opening contacts database
11-20 13:06:42.118  1478  1478 W InputMethodManagerService: Focus gain on non-focused client android.view.inputmethod.InputMethodManager$1@3fff6b55 (uid=1000 pid=1478)
11-20 13:06:42.118  1478  1478 V ActivityManager: Display changed displayId=0
11-20 13:06:42.118  1130  1200 D gralloc_ranchu: gralloc_alloc: Creating ashmem region of size 614400
