11-20 13:37:08.400  2080  2080 I Exchange: RestartPingsTask did not start any pings.
11-20 13:37:08.401  2080  2080 I Exchange: PSS stopIfIdle
11-20 13:37:08.401  2080  2080 I Exchange: PSS has no active accounts; stopping service.
11-20 13:37:08.408  1478  1995 W ActivityManager: Unable to start service Intent { cmp=com.android.email/.service.AttachmentService } U=0: not found
11-20 13:37:08.414  2080  2080 I Exchange: onDestroy
11-20 13:37:08.423  2047  2120 I OpenGLRenderer: Initialized EGL, version 1.4
11-20 13:37:08.423  2047  2120 W OpenGLRenderer: Failed to choose config with EGL_SWAP_BEHAVIOR_PRESERVED, retrying without...
11-20 13:37:08.424  2047  2120 D EGL_emulation: eglCreateContext: 0xafe0c100: maj 2 min 0 rcv 2
11-20 13:37:08.425  2047  2120 D EGL_emulation: eglMakeCurrent: 0xafe0c100: ver 2 0
11-20 13:37:08.426  2047  2120 D OpenGLRenderer: Enabling debug mode 0
11-20 13:37:08.430  2047  2120 D EGL_emulation: eglMakeCurrent: 0xafe0c100: ver 2 0
11-20 13:37:08.438  2164  2183 I DownloadManager: Upgrading downloads database from version 0 to version 109, which will destroy all old data
11-20 13:37:08.462  2047  2120 V RenderScript: 0xafe50600 Launching thread(s), CPUs 2
11-20 13:37:08.481  1130  1674 D gralloc_ranchu: gralloc_alloc: Creating ashmem region of size 3072000
11-20 13:37:08.501  1478  1505 I ActivityManager: Displayed com.android.launcher/com.android.launcher2.Launcher: +432ms (total +631ms)
11-20 13:37:08.503  1478  1616 D WifiService: New client listening to asynchronous messages
11-20 13:37:08.513  1742  1742 D OpenGLRenderer: setting property extraRasterBucket to 0.95
11-20 13:37:08.513  1742  1742 D OpenGLRenderer:     failed
11-20 13:37:08.513  1742  1742 D OpenGLRenderer: setting property extraRasterBucket to 0.0
11-20 13:37:08.513  1742  1742 D OpenGLRenderer:     failed
11-20 13:37:08.536  1478  1500 V KeyguardServiceDelegate: *** Keyguard started
11-20 13:37:08.536  1478  1500 W KeyguardServiceDelegate: onScreenTurnedOn(): no keyguard service!
11-20 13:37:08.564  1478  1478 V KeyguardServiceDelegate: *** Keyguard connected (yay!)
11-20 13:37:08.568  1130  1163 I SurfaceFlinger: Boot is finished (5090 ms)
11-20 13:37:08.569  1478  1654 W InputMethodManagerService: Window already focused, ignoring focus gain of: com.android.internal.view.IInputMethodClient$Stub$Proxy@2f6c9973 attribute=null, token = android.os.BinderProxy@3f1ecc
11-20 13:37:08.569  1478  1653 V KeyguardServiceDelegate: **** SHOWN CALLED ****
11-20 13:37:08.571  2047  2066 W ResourceType: No package identifier when getting value for resource number 0x00000000
11-20 13:37:08.572  2047  2066 W ResourceType: No package identifier when getting value for resource number 0x00000000
11-20 13:37:08.572  2047  2066 W PackageManager: Failure retrieving resources for com.android.speechrecorder: Resource ID #0x0
11-20 13:37:08.572  2047  2066 W ResourceType: No package identifier when getting value for resource number 0x00000000
11-20 13:37:08.572  2047  2066 W PackageManager: Failure retrieving resources for com.android.speechrecorder: Resource ID #0x0
11-20 13:37:08.786  1478  1505 I SystemServiceManager: Starting phase 1000
11-20 13:37:08.829  2195  2195 E libprocessgroup: failed to make and chown /acct/uid_1000: Read-only file system
11-20 13:37:08.829  2195  2195 W Zygote  : createProcessGroup failed, kernel missing CONFIG_CGROUP_CPUACCT?
11-20 13:37:08.829  1478  2193 I ActivityManager: Start proc com.android.keychain for service com.android.keychain/.KeyChainService: pid=2195 uid=1000 gids={41000, 9997, 1028, 1015, 3002, 3001, 3003} abi=x86
11-20 13:37:08.832  1478  2202 I RecoverySystem: No recovery log file
11-20 13:37:08.834  1478  2202 I BootReceiver: Copying audit failures to DropBox
11-20 13:37:08.834  1478  2202 I BootReceiver: Checking for fsck errors
11-20 13:37:08.846  2213  2213 E libprocessgroup: failed to make and chown /acct/uid_10004: Read-only file system
11-20 13:37:08.846  2213  2213 W Zygote  : createProcessGroup failed, kernel missing CONFIG_CGROUP_CPUACCT?
11-20 13:37:08.848  1478  1961 I ActivityManager: Start proc com.android.dialer for broadcast com.android.dialer/.calllog.CallLogReceiver: pid=2213 uid=10004 gids={50004, 9997, 3003, 1028, 1015} abi=x86
11-20 13:37:08.863  2213  2213 D ExtensionsFactory: No custom extensions.
11-20 13:37:08.902  1478  1617 D ConnectivityService: Got NetworkFactory Messenger for Telephony
11-20 13:37:08.916  1928  1928 D TelephonyProvider: dbh.onCreate:+ db=SQLiteDatabase: /data/data/com.android.providers.telephony/databases/telephony.db
11-20 13:37:08.916  1928  1928 D TelephonyProvider: dbh.createSimInfoTable:+
11-20 13:37:08.917  1928  1928 D TelephonyProvider: dbh.createSimInfoTable:-
11-20 13:37:08.917  1928  1928 D TelephonyProvider: dbh.createCarriersTable:+
11-20 13:37:08.917  1928  1928 D TelephonyProvider: dbh.createCarriersTable:-
11-20 13:37:08.920  1928  1928 D TelephonyProvider: dbh.onCreate:- db=SQLiteDatabase: /data/data/com.android.providers.telephony/databases/telephony.db
11-20 13:37:08.922  1928  1928 D TelephonyProvider: dbh.onOpen: ok, queried table=siminfo
11-20 13:37:08.923  1928  1928 D TelephonyProvider: dbh.onOpen: ok, queried table=carriers
11-20 13:37:08.933  1478  1499 D GpsLocationProvider: received SIM realted action: android.intent.action.SIM_STATE_CHANGED
11-20 13:37:08.933  1478  1499 D GpsLocationProvider: SIM MCC/MNC is still not available
11-20 13:37:08.934  1928  1928 D DcSwitchState: [DcSwitchState-0] DcSwitchState constructor E
11-20 13:37:08.935  1928  1928 D DcSwitchState: [DcSwitchState-0] DcSwitchState constructor X
11-20 13:37:08.936  1928  1928 D DctController: [DctController] DctController(phones): Connect success: 0
11-20 13:37:08.942  1478  1654 W BackupManagerService: dataChanged but no participant pkg='com.android.providers.settings' uid=1001
11-20 13:37:08.942  1478  1994 I PackageManager: Replacing preferred activity com.android.mms/.ui.ComposeMessageActivity for user 0:
11-20 13:37:08.942  1478  1994 I PackageManager:   Action: "android.intent.action.SENDTO"
11-20 13:37:08.942  1478  1994 I PackageManager:   Category: "android.intent.category.DEFAULT"
11-20 13:37:08.942  1478  1994 I PackageManager:   Scheme: "sms"
11-20 13:37:08.945  1478  1653 I PackageManager: Replacing preferred activity com.android.mms/.ui.ComposeMessageActivity for user 0:
11-20 13:37:08.946  1478  1653 I PackageManager:   Action: "android.intent.action.SENDTO"
11-20 13:37:08.946  1478  1653 I PackageManager:   Category: "android.intent.category.DEFAULT"
11-20 13:37:08.946  1478  1653 I PackageManager:   Scheme: "smsto"
11-20 13:37:08.954  1478  1897 I PackageManager: Replacing preferred activity com.android.mms/.ui.ComposeMessageActivity for user 0:
11-20 13:37:08.954  1478  1897 I PackageManager:   Action: "android.intent.action.SENDTO"
11-20 13:37:08.954  1478  1897 I PackageManager:   Category: "android.intent.category.DEFAULT"
11-20 13:37:08.954  1478  1897 I PackageManager:   Scheme: "mms"
11-20 13:37:08.956  1478  1927 I PackageManager: Replacing preferred activity com.android.mms/.ui.ComposeMessageActivity for user 0:
11-20 13:37:08.956  1478  1927 I PackageManager:   Action: "android.intent.action.SENDTO"
11-20 13:37:08.956  1478  1927 I PackageManager:   Category: "android.intent.category.DEFAULT"
11-20 13:37:08.956  1478  1927 I PackageManager:   Scheme: "mmsto"
11-20 13:37:08.968  1928  1928 E BluetoothAdapter: Bluetooth binder is null
11-20 13:37:08.992  1478  1617 D ConnectivityService: Got NetworkFactory Messenger for WIFI
11-20 13:37:08.992  1478  1615 D WIFI    : got request NetworkRequest [ id=1, legacyType=-1, [ Capabilities: INTERNET&NOT_RESTRICTED&TRUSTED&NOT_VPN] ] with score 0
11-20 13:37:08.992  1478  1495 D AlarmManagerService: Kernel timezone updated to 0 minutes west of GMT
11-20 13:37:09.008  2249  2249 E libprocessgroup: failed to make and chown /acct/uid_10017: Read-only file system
11-20 13:37:09.008  2249  2249 W Zygote  : createProcessGroup failed, kernel missing CONFIG_CGROUP_CPUACCT?
11-20 13:37:09.010  1478  1478 I ActivityManager: Start proc com.android.calendar for broadcast com.android.calendar/.UpgradeReceiver: pid=2249 uid=10017 gids={50017, 9997, 3003} abi=x86
11-20 13:37:09.012  1478  1496 D AlarmManagerService: Setting time of day to sec=1511185030
11-20 13:37:10.340  2249  2249 D ExtensionsFactory: No custom extensions.
11-20 13:37:10.361  2047  2120 W OpenGLRenderer: Incorrectly called buildLayer on View: ShortcutAndWidgetContainer, destroying layer...
11-20 13:37:10.361  2047  2120 W OpenGLRenderer: Incorrectly called buildLayer on View: ShortcutAndWidgetContainer, destroying layer...
11-20 13:37:10.384  2268  2268 E libprocessgroup: failed to make and chown /acct/uid_10001: Read-only file system
11-20 13:37:10.384  2268  2268 W Zygote  : createProcessGroup failed, kernel missing CONFIG_CGROUP_CPUACCT?
11-20 13:37:10.387  1478  1496 I ActivityManager: Start proc com.android.providers.calendar for broadcast com.android.providers.calendar/.CalendarReceiver: pid=2268 uid=10001 gids={50001, 9997, 3003, 1028, 1015} abi=x86
11-20 13:37:10.393  1928  1928 D TelephonyNetworkFactory: got request NetworkRequest [ id=1, legacyType=-1, [ Capabilities: INTERNET&NOT_RESTRICTED&TRUSTED&NOT_VPN] ] with score 0
11-20 13:37:10.393  1928  1928 D TelephonyNetworkFactory: Cellular needs Network for NetworkRequest [ id=1, legacyType=-1, [ Capabilities: INTERNET&NOT_RESTRICTED&TRUSTED&NOT_VPN] ]
11-20 13:37:10.394  1928  1928 D DctController: [DctController] EVENT_PHONE1_RADIO_OFF.
11-20 13:37:10.394  1928  1928 D TelephonyDebugService: TelephonyDebugService()
11-20 13:37:10.399  2268  2268 W ResourcesManager: Asset path '/system/framework/android.test.runner.jar' does not exist or contains no resources.
11-20 13:37:10.403  1928  1928 D DctController: [DctController] DataStateReceiver: phoneId= 0
11-20 13:37:10.403  1928  1928 D DctController: [DctController] DataStateReceiver: ignore invalid subId=-1
11-20 13:37:10.408  1928  1928 D MccTable: updateMccMncConfiguration mccmnc='310260' fromServiceState=true
11-20 13:37:10.408  1928  1928 D MccTable: updateMccMncConfiguration defaultMccMnc=
11-20 13:37:10.408  1928  1928 D MccTable: updateMccMncConfiguration: mcc=310, mnc=260
11-20 13:37:10.408  1928  1928 D MccTable: getLocaleFromMcc to en_us mcc=310
11-20 13:37:10.409  1928  1928 D MccTable: getLocaleForLanguageCountry: got perfect match: en-US
11-20 13:37:10.409  1928  1928 D MccTable: WIFI_COUNTRY_CODE set to us
11-20 13:37:10.410  1478  1616 D WifiService: New client listening to asynchronous messages
11-20 13:37:10.410  1478  1961 I WifiService: WifiService trying to set country code to us with persist set to true
11-20 13:37:10.421  2268  2268 I CalendarDatabaseHelper: Bootstrapping database
11-20 13:37:10.429  1928  1928 E PhoneInterfaceManager: [PhoneIntfMgr] getIccId: ICC ID is null or empty.
11-20 13:37:10.432  2268  2268 I CalendarProvider2: Created com.android.providers.calendar.CalendarAlarmManager@1ff0ceb(com.android.providers.calendar.CalendarProvider2@384a4a48)
11-20 13:37:10.446  1928  1928 I Telephony: PstnIncomingCallNotifier: Registering: Handler (com.android.internal.telephony.gsm.GSMPhone) {2fda00c6}
11-20 13:37:10.454  2292  2292 E libprocessgroup: failed to make and chown /acct/uid_10008: Read-only file system
11-20 13:37:10.454  2292  2292 W Zygote  : createProcessGroup failed, kernel missing CONFIG_CGROUP_CPUACCT?
11-20 13:37:10.456  1478  1961 I ActivityManager: Start proc com.android.managedprovisioning for broadcast com.android.managedprovisioning/.BootReminder: pid=2292 uid=10008 gids={50008, 9997, 1028, 3003} abi=x86
11-20 13:37:10.459  1928  1928 D DctController: [DctController] DataStateReceiver: phoneId= 0
11-20 13:37:10.459  1928  1928 D DctController: [DctController] DataStateReceiver: ignore invalid subId=-1
11-20 13:37:10.474  1478  1499 D GpsLocationProvider: received SIM realted action: android.intent.action.SIM_STATE_CHANGED
11-20 13:37:10.474  1478  1499 D GpsLocationProvider: SIM MCC/MNC is still not available
11-20 13:37:10.483  1478  1499 D GpsLocationProvider: received SIM realted action: android.intent.action.SIM_STATE_CHANGED
11-20 13:37:10.483  1478  1499 D GpsLocationProvider: SIM MCC/MNC is still not available
11-20 13:37:10.485  1928  1928 D MccTable: updateMccMncConfiguration mccmnc='310260' fromServiceState=false
11-20 13:37:10.485  1928  1928 D MccTable: updateMccMncConfiguration defaultMccMnc=
11-20 13:37:10.485  1928  1928 D MccTable: updateMccMncConfiguration: mcc=310, mnc=260
11-20 13:37:10.485  1928  1928 D MccTable: getLocaleFromMcc to en_us mcc=310
11-20 13:37:10.486  1928  1928 D MccTable: getLocaleForLanguageCountry: got perfect match: en-US
11-20 13:37:10.486  1928  1928 D MccTable: updateMccMncConfiguration updateConfig config={1.0 310mcc260mnc en_US ldltr ?swdp ?wdp ?hdp ?density ?lsize ?long ?orien ?uimode ?night ?touch ?keyb/?/? ?nav/?}
11-20 13:37:10.489  1478  1961 I ActivityManager: Config changes=3 {1.0 310mcc260mnc en_US ldltr sw320dp w320dp h455dp 160dpi nrml port finger -keyb/v/h tball/v s.7}
11-20 13:37:10.492  1478  1500 D ActivityManager: Storing locale en-US for decryption UI
11-20 13:37:10.492  1130  1674 D PermissionCache: checking android.permission.READ_FRAME_BUFFER for uid=1000 => granted (26 us)
11-20 13:37:10.493  1130  1674 D gralloc_ranchu: gralloc_alloc: Creating ashmem region of size 614400
11-20 13:37:10.496  1130  1130 E EGL_emulation: tid 1130: eglCreateSyncKHR(1865): error 0x3004 (EGL_BAD_ATTRIBUTE)
11-20 13:37:10.525  1928  1928 D MccTable: updateMccMncConfiguration mccmnc='' fromServiceState=false
11-20 13:37:10.529  1478  1961 W BackupManagerService: dataChanged but no participant pkg='com.android.providers.settings' uid=1001
11-20 13:37:10.537  1478  1995 W BackupManagerService: dataChanged but no participant pkg='com.android.providers.settings' uid=1001
11-20 13:37:10.540  1478  1495 W BackupManagerService: dataChanged but no participant pkg='com.android.providers.settings' uid=1001
11-20 13:37:10.541  2047  2047 D Launcher.Model: Reload apps on config change. curr_mcc:310 prevmcc:0
11-20 13:37:10.551  2047  2120 D EGL_emulation: eglMakeCurrent: 0xafe0c100: ver 2 0
11-20 13:37:10.553  1478  1499 D GpsLocationProvider: received SIM realted action: android.intent.action.ACTION_SUBINFO_RECORD_UPDATED
11-20 13:37:10.553  1478  1499 D GpsLocationProvider: SIM MCC/MNC is still not available
11-20 13:37:10.563  2047  2120 D EGL_emulation: eglMakeCurrent: 0xafe0c100: ver 2 0
11-20 13:37:10.584  2320  2320 E libprocessgroup: failed to make and chown /acct/uid_10009: Read-only file system
11-20 13:37:10.584  2320  2320 W Zygote  : createProcessGroup failed, kernel missing CONFIG_CGROUP_CPUACCT?
11-20 13:37:10.591  1478  1994 I ActivityManager: Start proc com.android.mms for broadcast com.android.mms/.transaction.MmsSystemEventReceiver: pid=2320 uid=10009 gids={50009, 9997, 3003, 1028, 1015} abi=x86
11-20 13:37:10.594  1478  1505 I WindowManager: Screen frozen for +104ms due to Window{32e1fd9b u0 com.android.launcher/com.android.launcher2.Launcher}
11-20 13:37:10.609  1478  1984 D CountryDetector: The first listener is added
11-20 13:37:10.622  2320  2320 V Mms     : mnc/mcc: 
11-20 13:37:10.622  2164  2313 I MediaProvider: Upgrading media database from version 0 to 700, which will destroy all old data
11-20 13:37:10.622  2320  2320 V Mms     : tag: bool value: enabledMMS - true
11-20 13:37:10.622  2320  2320 V Mms     : tag: int value: maxMessageSize - 307200
11-20 13:37:10.622  2320  2320 V Mms     : tag: int value: maxImageHeight - 480
11-20 13:37:10.623  2320  2320 V Mms     : tag: int value: maxImageWidth - 640
11-20 13:37:10.623  2320  2320 V Mms     : tag: int value: defaultSMSMessagesPerThread - 10000
11-20 13:37:10.623  2320  2320 V Mms     : tag: int value: defaultMMSMessagesPerThread - 1000
11-20 13:37:10.623  2320  2320 V Mms     : tag: int value: minMessageCountPerThread - 10
11-20 13:37:10.623  2320  2320 V Mms     : tag: int value: maxMessageCountPerThread - 5000
11-20 13:37:10.623  2320  2320 V Mms     : tag: string value: uaProfUrl - http://www.google.com/oha/rdf/ua-profile-kila.xml
11-20 13:37:10.623  2320  2320 V Mms     : tag: int value: recipientLimit - -1
11-20 13:37:10.623  2320  2320 V Mms     : tag: bool value: enableMultipartSMS - true
11-20 13:37:10.623  2320  2320 V Mms     : tag: int value: smsToMmsTextThreshold - -1
11-20 13:37:10.623  2320  2320 V Mms     : tag: bool value: enableSlideDuration - true
11-20 13:37:10.623  2320  2320 V Mms     : tag: int value: maxMessageTextSize - -1
11-20 13:37:10.625  1928  1928 I MmsService: mReceiver action: android.intent.action.ACTION_SUBINFO_RECORD_UPDATED
11-20 13:37:10.625  1928  1928 I Telephony: : SUBINFO_RECORD_UPDATED : 1.
11-20 13:37:10.625  1928  1928 I Telephony: PstnIncomingCallNotifier: Unregistering: Handler (com.android.internal.telephony.gsm.GSMPhone) {2fda00c6}
11-20 13:37:10.631  1928  1928 I Telephony: PstnIncomingCallNotifier: Registering: Handler (com.android.internal.telephony.gsm.GSMPhone) {2fda00c6}
11-20 13:37:10.640  2249  2249 D AlertReceiver: onReceive: a=android.intent.action.BOOT_COMPLETED Intent { act=android.intent.action.BOOT_COMPLETED flg=0x8000010 cmp=com.android.calendar/.alerts.AlertReceiver (has extras) }
11-20 13:37:10.640  1928  2346 I MmsService: MmsConfigManager.loadInBackground(): mcc/mnc: 310/260
11-20 13:37:10.642  1928  2346 I MmsService: MmsConfigManager.load -- no mcc/mnc for sub: {mSubId=1, mIccId=89014103211118510720 mSlotId=0 mDisplayName=SUB 01 mNameSource=0 mColor=0 mNumber=15555215570 mDisplayNumberFormat=1 mDataRoaming=0 mSimIconRes=[I@2978ec6b mMcc 0 mMnc 0} using mcc/mnc from main context: 310/260
11-20 13:37:10.642  2145  2145 V AlarmClock: AlarmInitReceiver android.intent.action.BOOT_COMPLETED
11-20 13:37:10.650  1928  2346 V MmsService: MmsConfig: mUserAgent=, mUaProfUrl=
11-20 13:37:10.650  1928  2346 D MmsService: MmsConfig.loadFromResources
11-20 13:37:10.651  1928  2346 V MmsService: MmsConfig: all settings -- {smsToMmsTextThreshold=-1, httpParams=, maxImageWidth=2592, enabledMMS=true, maxImageHeight=1944, aliasEnabled=false, maxMessageSize=1048576, enableMMSReadReports=false, recipientLimit=2147483647, enabledNotifyWapMMSC=false, maxSubjectLength=40, smsToMmsTextLengthThreshold=-1, enableMMSDeliveryReports=false, uaProfTagName=x-wap-profile, enableMultipartSMS=true, aliasMinChars=2, supportMmsContentDisposition=true, allowAttachAudio=true, sendMultipartSmsAsSeparateMessages=false, maxMessageTextSize=-1, emailGatewayNumber=, enableGroupMms=true, aliasMaxChars=48, httpSocketTimeout=60000, config_cellBroadcastAppLinks=true, userAgent=, naiSuffix=, uaProfUrl=, enableSMSDeliveryReports=true, enabledTransID=false}
11-20 13:37:10.654  1928  1942 D MmsSmsDatabaseHelper: [MmsSmsDb] tableName: threads hasAutoIncrement: CREATE TABLE threads (_id INTEGER PRIMARY KEY AUTOINCREMENT,date INTEGER DEFAULT 0,message_count INTEGER DEFAULT 0,recipient_ids TEXT,snippet TEXT,snippet_cs INTEGER DEFAULT 0,read INTEGER DEFAULT 1,archived INTEGER DEFAULT 0,type INTEGER DEFAULT 0,error INTEGER DEFAULT 0,has_attachment INTEGER DEFAULT 0) result: true
11-20 13:37:10.654  1928  1942 D MmsSmsDatabaseHelper: [MmsSmsDb] tableName: canonical_addresses hasAutoIncrement: CREATE TABLE canonical_addresses (_id INTEGER PRIMARY KEY AUTOINCREMENT,address TEXT) result: true
11-20 13:37:10.654  1928  1942 D MmsSmsDatabaseHelper: [MmsSmsDb] tableName: part hasAutoIncrement: CREATE TABLE part (_id INTEGER PRIMARY KEY AUTOINCREMENT,mid INTEGER,seq INTEGER DEFAULT 0,ct TEXT,name TEXT,chset INTEGER,cd TEXT,fn TEXT,cid TEXT,cl TEXT,ctt_s INTEGER,ctt_t TEXT,_data TEXT,text TEXT) result: true
11-20 13:37:10.655  1928  1942 D MmsSmsDatabaseHelper: [MmsSmsDb] tableName: pdu hasAutoIncrement: CREATE TABLE pdu (_id INTEGER PRIMARY KEY AUTOINCREMENT,thread_id INTEGER,date INTEGER,date_sent INTEGER DEFAULT 0,msg_box INTEGER,read INTEGER DEFAULT 0,m_id TEXT,sub TEXT,sub_cs INTEGER,ct_t TEXT,ct_l TEXT,exp INTEGER,m_cls TEXT,m_type INTEGER,v INTEGER,m_size INTEGER,pri INTEGER,rr INTEGER,rpt_a INTEGER,resp_st INTEGER,st INTEGER,tr_id TEXT,retr_st INTEGER,retr_txt TEXT,retr_txt_cs INTEGER,read_status INTEGER,ct_cls INTEGER,resp_txt TEXT,d_tm INTEGER,d_rpt INTEGER,locked INTEGER DEFAULT 0,sub_id INTEGER DEFAULT -1, seen INTEGER DEFAULT 0,creator TEXT,text_only INTEGER DEFAULT 0) result: true
11-20 13:37:10.655  1928  1942 D MmsSmsDatabaseHelper: [getWritableDatabase] hasAutoIncrementThreads: true hasAutoIncrementAddresses: true hasAutoIncrementPart: true hasAutoIncrementPdu: true
11-20 13:37:10.656  2249  2249 D AlertUtils: Flushing old alerts from shared prefs table
11-20 13:37:10.657  2320  2347 D Mms     : cancelNotification
11-20 13:37:10.657  2249  2352 D AlertService: 0 Action = android.intent.action.BOOT_COMPLETED
11-20 13:37:10.659  2249  2352 D AlertService: Scheduling next alarm with AlarmScheduler. sEventReminderReceived: null
11-20 13:37:10.671  1478  1499 D GpsLocationProvider: received SIM realted action: android.intent.action.ACTION_SUBINFO_CONTENT_CHANGE
11-20 13:37:10.674  2145  2358 V AlarmClock: AlarmInitReceiver - Reset timers and clear stopwatch data
11-20 13:37:10.675  2145  2358 V AlarmClock: AlarmInitReceiver - resetting volume button default
11-20 13:37:10.679  1478  1499 D GpsLocationProvider: SIM MCC/MNC is available: 310260
11-20 13:37:10.679  1478  1499 D GpsLocationProvider: Reset GPS properties, previous size = 5
11-20 13:37:10.679  1478  1499 D GpsLocationProvider: GpsParamsResource: SUPL_HOST=supl.google.com
11-20 13:37:10.679  1478  1499 D GpsLocationProvider: GpsParamsResource: SUPL_PORT=7275
11-20 13:37:10.679  1478  1499 D GpsLocationProvider: GpsParamsResource: NTP_SERVER=north-america.pool.ntp.org
11-20 13:37:10.679  1478  1499 D GpsLocationProvider: GpsParamsResource: SUPL_VER=0x20000
11-20 13:37:10.679  1478  1499 D GpsLocationProvider: GpsParamsResource: SUPL_MODE=1
11-20 13:37:10.679  1478  1499 W GpsLocationProvider: Could not open GPS configuration file /etc/gps.conf
11-20 13:37:10.679  1478  1499 D GpsLocationProvider: GPS properties reloaded, size = 5
11-20 13:37:10.679  1478  1499 E GpsLocationProvider: no AGPS interface in set_agps_server
11-20 13:37:10.680  1478  1499 E GpsLocationProvider: no GPS configuration interface in configuraiton_update
11-20 13:37:10.680  1478  1499 D GpsLocationProvider: final config = #Mon Nov 20 13:37:10 GMT+00:00 2017
11-20 13:37:10.680  1478  1499 D GpsLocationProvider: SUPL_VER=0x20000
11-20 13:37:10.680  1478  1499 D GpsLocationProvider: SUPL_HOST=supl.google.com
11-20 13:37:10.680  1478  1499 D GpsLocationProvider: NTP_SERVER=north-america.pool.ntp.org
11-20 13:37:10.680  1478  1499 D GpsLocationProvider: SUPL_PORT=7275
11-20 13:37:10.680  1478  1499 D GpsLocationProvider: SUPL_MODE=1
11-20 13:37:10.686  2249  2352 D AlarmScheduler: No events found starting within 1 week.
11-20 13:37:10.700  2320  2350 D Mms     : cancelNotification
11-20 13:37:10.704  2145  2358 I AlarmClock: Alarms Table created
11-20 13:37:10.704  2145  2358 I AlarmClock: Instance table created
11-20 13:37:10.704  2145  2358 I AlarmClock: Cities table created
11-20 13:37:10.704  2145  2358 I AlarmClock: Inserting default alarms
11-20 13:37:10.709  2145  2358 V AlarmClock: AlarmInitReceiver finished
11-20 13:37:10.714  1848  1848 I SystemBroadcastReceiver: Boot has been completed
11-20 13:37:10.718  1848  1848 I LauncherIconVisibilityManager: Disable activity: ComponentInfo{com.android.inputmethod.latin/com.android.inputmethod.latin.setup.SetupActivity}
11-20 13:37:10.720  1478  1984 D ConnectivityService: registerNetworkAgent NetworkAgentInfo{ ni{[type: MOBILE[LTE], state: CONNECTED/CONNECTED, reason: connected, extra: epc.tmobile.com, roaming: false, failover: false, isAvailable: true, isConnectedToProvisioningNetwork: false]}  network{null}  lp{{InterfaceName: eth0 LinkAddresses: [10.0.2.15/32,]  Routes: [0.0.0.0/0 -> 10.0.2.2 eth0,] DnsAddresses: [10.0.2.3,] Domains: null MTU: 1440 TcpBufferSizes: 524288,1048576,2097152,262144,524288,1048576}}  nc{[ Transports: CELLULAR Capabilities: MMS&SUPL&FOTA&IMS&CBS&IA&INTERNET&NOT_RESTRICTED&TRUSTED&NOT_VPN LinkUpBandwidth>=51200Kbps LinkDnBandwidth>=102400Kbps]}  Score{10} validated{false} created{false} explicitlySelected{false} }
11-20 13:37:10.720  1478  1617 D ConnectivityService: NetworkAgentInfo [MOBILE (LTE) - 100] EVENT_NETWORK_INFO_CHANGED, going from null to CONNECTED
11-20 13:37:10.720  1478  1617 D ConnectivityService: Adding iface eth0 to network 100
11-20 13:37:10.724  1928  1928 D MccTable: updateMccMncConfiguration mccmnc='310260' fromServiceState=false
11-20 13:37:10.724  1928  1928 D MccTable: updateMccMncConfiguration defaultMccMnc=310260
11-20 13:37:10.724  1928  1928 D MccTable: updateMccMncConfiguration: mcc=310, mnc=260
11-20 13:37:10.724  1928  1928 D MccTable: getLocaleFromMcc to en_us mcc=310
11-20 13:37:10.724  1928  1928 D MccTable: getLocaleForLanguageCountry: skipping already persisted
11-20 13:37:10.724  1928  1928 D MccTable: updateMccMncConfiguration updateConfig config={1.0 310mcc260mnc ?locale ?layoutDir ?swdp ?wdp ?hdp ?density ?lsize ?long ?orien ?uimode ?night ?touch ?keyb/?/? ?nav/?}
11-20 13:37:10.729  2145  2145 V AlarmClock: AlarmInitReceiver android.intent.action.TIMEZONE_CHANGED
11-20 13:37:10.742  2102  2370 I Email   : Onetime initialization: 1
11-20 13:37:10.743  1928  1928 I MmsService: mReceiver action: android.intent.action.ACTION_SUBINFO_CONTENT_CHANGE
11-20 13:37:10.743  1928  1928 I Telephony: PstnIncomingCallNotifier: Unregistering: Handler (com.android.internal.telephony.gsm.GSMPhone) {2fda00c6}
11-20 13:37:10.745  1478  1499 D GpsLocationProvider: received SIM realted action: android.intent.action.ACTION_SUBINFO_CONTENT_CHANGE
11-20 13:37:10.745  2145  2358 V AlarmClock: AlarmInitReceiver finished
11-20 13:37:10.746  1478  1617 D ConnectivityService: Setting MTU size: eth0, 1440
11-20 13:37:10.748  1478  1617 D ConnectivityService: Adding Route [0.0.0.0/0 -> 10.0.2.2 eth0] to network 100
11-20 13:37:10.749  1478  1617 D ConnectivityService: Setting Dns servers for network 100 to [/10.0.2.3]
11-20 13:37:10.749  2102  2370 I Email   : Onetime initialization: 2
11-20 13:37:10.749  1478  1617 D Nat464Xlat: requiresClat: netType=0, connected=true, hasIPv4Address=true
11-20 13:37:10.749  1478  1617 D ConnectivityService: notifyType IP_CHANGED for NetworkAgentInfo [MOBILE (LTE) - 100]
11-20 13:37:10.749  1478  1617 D ConnectivityService: notifyType PRECHECK for NetworkAgentInfo [MOBILE (LTE) - 100]
11-20 13:37:10.749  1928  2377 I MmsService: MmsConfigManager.loadInBackground(): mcc/mnc: 310/260
11-20 13:37:10.749  1478  1617 D ConnectivityService: rematching NetworkAgentInfo [MOBILE (LTE) - 100]
11-20 13:37:10.749  1478  1617 D ConnectivityService:    accepting network in place of null
11-20 13:37:10.750  1478  2371 D NetworkMonitorNetworkAgentInfo [MOBILE (LTE) - null]: DefaultState{ when=0 what=532481 target=com.android.internal.util.StateMachine$SmHandler }
11-20 13:37:10.750  1478  2371 D NetworkMonitorNetworkAgentInfo [MOBILE (LTE) - null]: Connected
11-20 13:37:10.750  1478  2371 D NetworkMonitorNetworkAgentInfo [MOBILE (LTE) - null]: EvaluatingState{ when=0 what=532486 arg1=1 target=com.android.internal.util.StateMachine$SmHandler }
11-20 13:37:10.750  1478  2371 D NetworkMonitorNetworkAgentInfo [MOBILE (LTE) - null]: Checking http://clients3.google.com/generate_204 on epc.tmobile.com
11-20 13:37:10.751  1478  1617 D ConnectivityService: Setting tx/rx TCP buffers to 524288,1048576,2097152,262144,524288,1048576
11-20 13:37:10.751  1928  1928 I Telephony: PstnIncomingCallNotifier: Registering: Handler (com.android.internal.telephony.gsm.GSMPhone) {2fda00c6}
11-20 13:37:10.751  1478  1617 D CSLegacyTypeTracker: Sending connected broadcast for type 0 NetworkAgentInfo [MOBILE (LTE) - 100] isDefaultNetwork=true
11-20 13:37:10.751  1478  1617 D ConnectivityService: sendStickyBroadcast: action=android.net.conn.CONNECTIVITY_CHANGE_IMMEDIATE
11-20 13:37:10.752  1478  1617 D ConnectivityService: Switching to new default network: NetworkAgentInfo{ ni{[type: MOBILE[LTE], state: CONNECTED/CONNECTED, reason: connected, extra: epc.tmobile.com, roaming: false, failover: false, isAvailable: true, isConnectedToProvisioningNetwork: false]}  network{100}  lp{{InterfaceName: eth0 LinkAddresses: [10.0.2.15/32,]  Routes: [0.0.0.0/0 -> 10.0.2.2 eth0,] DnsAddresses: [10.0.2.3,] Domains: null MTU: 1440 TcpBufferSizes: 524288,1048576,2097152,262144,524288,1048576}}  nc{[ Transports: CELLULAR Capabilities: MMS&SUPL&FOTA&IMS&CBS&IA&INTERNET&NOT_RESTRICTED&TRUSTED&NOT_VPN LinkUpBandwidth>=51200Kbps LinkDnBandwidth>=102400Kbps]}  Score{10} validated{false} created{true} explicitlySelected{false} }
11-20 13:37:10.752  2145  2145 V AlarmClock: AlarmInitReceiver android.intent.action.TIME_SET
11-20 13:37:10.752  2102  2370 I Email   : Onetime initialization: completed.
11-20 13:37:10.755  1928  1928 V OtaStartupReceiver: onOtaspChanged: mOtaspMode=3
11-20 13:37:10.755  1928  2377 I MmsService: MmsConfigManager.load -- mcc/mnc for sub: {mSubId=1, mIccId=89014103211118510720 mSlotId=0 mDisplayName=SUB 01 mNameSource=0 mColor=0 mNumber=15555215570 mDisplayNumberFormat=1 mDataRoaming=0 mSimIconRes=[I@3f6cc3c2 mMcc 310 mMnc 260}
11-20 13:37:10.756  1928  2377 V MmsService: MmsConfig: mUserAgent=, mUaProfUrl=
11-20 13:37:10.756  1928  2377 D MmsService: MmsConfig.loadFromResources
11-20 13:37:10.756  1928  2377 V MmsService: MmsConfig: all settings -- {smsToMmsTextThreshold=-1, httpParams=, maxImageWidth=2592, enabledMMS=true, maxImageHeight=1944, aliasEnabled=false, maxMessageSize=1048576, enableMMSReadReports=false, recipientLimit=2147483647, enabledNotifyWapMMSC=false, maxSubjectLength=40, smsToMmsTextLengthThreshold=-1, enableMMSDeliveryReports=false, uaProfTagName=x-wap-profile, enableMultipartSMS=true, aliasMinChars=2, supportMmsContentDisposition=true, allowAttachAudio=true, sendMultipartSmsAsSeparateMessages=false, maxMessageTextSize=-1, emailGatewayNumber=, enableGroupMms=true, aliasMaxChars=48, httpSocketTimeout=60000, config_cellBroadcastAppLinks=true, userAgent=, naiSuffix=, uaProfUrl=, enableSMSDeliveryReports=true, enabledTransID=false}
11-20 13:37:10.758  2080  2080 I Exchange: EasService.onCreate
11-20 13:37:10.762  2145  2358 V AlarmClock: AlarmInitReceiver finished
11-20 13:37:10.765  1478  1927 D ConnectivityService: setProvNotificationVisible: E visible=false networkType=0 action=com.android.internal.telephony.PROVISION0
11-20 13:37:10.765  1478  1927 D ConnectivityService: setProvNotificationVisibleIntent: E visible=false networkType=0 extraInfo=null
11-20 13:37:10.767  1928  1928 I MmsService: mReceiver action: android.intent.action.ACTION_SUBINFO_CONTENT_CHANGE
11-20 13:37:10.767  1928  1928 I Telephony: PstnIncomingCallNotifier: Unregistering: Handler (com.android.internal.telephony.gsm.GSMPhone) {2fda00c6}
11-20 13:37:10.768  1478  1499 D GpsLocationProvider: SIM MCC/MNC is available: 310260
11-20 13:37:10.768  1478  1499 D GpsLocationProvider: Reset GPS properties, previous size = 5
11-20 13:37:10.768  1478  1499 D GpsLocationProvider: GpsParamsResource: SUPL_HOST=supl.google.com
11-20 13:37:10.768  1478  1499 D GpsLocationProvider: GpsParamsResource: SUPL_PORT=7275
11-20 13:37:10.768  1478  1499 D GpsLocationProvider: GpsParamsResource: NTP_SERVER=north-america.pool.ntp.org
11-20 13:37:10.768  1478  1499 D GpsLocationProvider: GpsParamsResource: SUPL_VER=0x20000
11-20 13:37:10.768  1478  1499 D GpsLocationProvider: GpsParamsResource: SUPL_MODE=1
11-20 13:37:10.768  1478  1499 W GpsLocationProvider: Could not open GPS configuration file /etc/gps.conf
11-20 13:37:10.768  1478  1499 D GpsLocationProvider: GPS properties reloaded, size = 5
11-20 13:37:10.768  1478  1499 E GpsLocationProvider: no AGPS interface in set_agps_server
11-20 13:37:10.768  1478  1499 E GpsLocationProvider: no GPS configuration interface in configuraiton_update
11-20 13:37:10.768  1478  1499 D GpsLocationProvider: final config = #Mon Nov 20 13:37:10 GMT+00:00 2017
11-20 13:37:10.768  1478  1499 D GpsLocationProvider: SUPL_VER=0x20000
11-20 13:37:10.768  1478  1499 D GpsLocationProvider: SUPL_HOST=supl.google.com
11-20 13:37:10.768  1478  1499 D GpsLocationProvider: NTP_SERVER=north-america.pool.ntp.org
11-20 13:37:10.768  1478  1499 D GpsLocationProvider: SUPL_PORT=7275
11-20 13:37:10.768  1478  1499 D GpsLocationProvider: SUPL_MODE=1
11-20 13:37:10.768  1478  1499 D GpsLocationProvider: received SIM realted action: android.intent.action.SIM_STATE_CHANGED
11-20 13:37:10.769  2320  2320 V Mms     : onStart: #1 mResultCode: -1 = Activity.RESULT_OK
11-20 13:37:10.769  2080  2383 I Exchange: RestartPingTask
11-20 13:37:10.770  1928  2385 I MmsService: MmsConfigManager.loadInBackground(): mcc/mnc: 310/260
11-20 13:37:10.771  2047  2066 W ResourceType: No package identifier when getting value for resource number 0x00000000
11-20 13:37:10.771  2047  2066 W ResourceType: No package identifier when getting value for resource number 0x00000000
11-20 13:37:10.771  2047  2066 W PackageManager: Failure retrieving resources for com.android.speechrecorder: Resource ID #0x0
11-20 13:37:10.771  2047  2066 W ResourceType: No package identifier when getting value for resource number 0x00000000
11-20 13:37:10.771  2047  2066 W PackageManager: Failure retrieving resources for com.android.speechrecorder: Resource ID #0x0
11-20 13:37:10.772  1478  1499 D GpsLocationProvider: SIM MCC/MNC is available: 310260
11-20 13:37:10.772  1478  1499 D GpsLocationProvider: Reset GPS properties, previous size = 5
11-20 13:37:10.772  1478  1499 D GpsLocationProvider: GpsParamsResource: SUPL_HOST=supl.google.com
11-20 13:37:10.772  1478  1499 D GpsLocationProvider: GpsParamsResource: SUPL_PORT=7275
11-20 13:37:10.772  1478  1499 D GpsLocationProvider: GpsParamsResource: NTP_SERVER=north-america.pool.ntp.org
11-20 13:37:10.772  1478  1499 D GpsLocationProvider: GpsParamsResource: SUPL_VER=0x20000
11-20 13:37:10.772  1478  1499 D GpsLocationProvider: GpsParamsResource: SUPL_MODE=1
11-20 13:37:10.772  1478  1499 W GpsLocationProvider: Could not open GPS configuration file /etc/gps.conf
11-20 13:37:10.772  1478  1499 D GpsLocationProvider: GPS properties reloaded, size = 5
11-20 13:37:10.772  1478  1499 E GpsLocationProvider: no AGPS interface in set_agps_server
11-20 13:37:10.772  1478  1499 E GpsLocationProvider: no GPS configuration interface in configuraiton_update
11-20 13:37:10.772  1478  1499 D GpsLocationProvider: final config = #Mon Nov 20 13:37:10 GMT+00:00 2017
11-20 13:37:10.772  1478  1499 D GpsLocationProvider: SUPL_VER=0x20000
11-20 13:37:10.772  1478  1499 D GpsLocationProvider: SUPL_HOST=supl.google.com
11-20 13:37:10.772  1478  1499 D GpsLocationProvider: NTP_SERVER=north-america.pool.ntp.org
11-20 13:37:10.772  1478  1499 D GpsLocationProvider: SUPL_PORT=7275
11-20 13:37:10.772  1478  1499 D GpsLocationProvider: SUPL_MODE=1
11-20 13:37:10.773  1928  2385 I MmsService: MmsConfigManager.load -- mcc/mnc for sub: {mSubId=1, mIccId=89014103211118510720 mSlotId=0 mDisplayName=SUB 01 mNameSource=0 mColor=0 mNumber=15555215570 mDisplayNumberFormat=1 mDataRoaming=0 mSimIconRes=[I@34a5cc2f mMcc 310 mMnc 260}
11-20 13:37:10.773  1928  2385 V MmsService: MmsConfig: mUserAgent=, mUaProfUrl=
11-20 13:37:10.773  1928  2385 D MmsService: MmsConfig.loadFromResources
11-20 13:37:10.773  1928  2385 V MmsService: MmsConfig: all settings -- {smsToMmsTextThreshold=-1, httpParams=, maxImageWidth=2592, enabledMMS=true, maxImageHeight=1944, aliasEnabled=false, maxMessageSize=1048576, enableMMSReadReports=false, recipientLimit=2147483647, enabledNotifyWapMMSC=false, maxSubjectLength=40, smsToMmsTextLengthThreshold=-1, enableMMSDeliveryReports=false, uaProfTagName=x-wap-profile, enableMultipartSMS=true, aliasMinChars=2, supportMmsContentDisposition=true, allowAttachAudio=true, sendMultipartSmsAsSeparateMessages=false, maxMessageTextSize=-1, emailGatewayNumber=, enableGroupMms=true, aliasMaxChars=48, httpSocketTimeout=60000, config_cellBroadcastAppLinks=true, userAgent=, naiSuffix=, uaProfUrl=, enableSMSDeliveryReports=true, enabledTransID=false}
11-20 13:37:10.774  1928  1928 I Telephony: PstnIncomingCallNotifier: Registering: Handler (com.android.internal.telephony.gsm.GSMPhone) {2fda00c6}
11-20 13:37:10.775  2080  2080 I Exchange: RestartPingsTask did not start any pings.
11-20 13:37:10.775  2080  2080 I Exchange: PSS stopIfIdle
11-20 13:37:10.775  2080  2080 I Exchange: PSS has no active accounts; stopping service.
11-20 13:37:10.775  2080  2080 I Exchange: onDestroy
11-20 13:37:10.788  1135  1468 V IdletimerController: runCmd(/system/bin/ip6tables -t raw -A idletimer_raw_PREROUTING -i eth0 -j IDLETIMER --timeout 5 --label 0 --send_nl_msg 1) res_ipv4=1, res_ipv6=1
11-20 13:37:10.789  1478  1617 E ConnectivityService: Exception in setupDataActivityTracking java.lang.IllegalStateException: command '14 idletimer add eth0 5 0' failed with '400 14 Failed to add interface'
11-20 13:37:10.789  1478  1617 D ConnectivityService: notifyType AVAILABLE for NetworkAgentInfo [MOBILE (LTE) - 100]
11-20 13:37:10.789  1742  2071 D ConnectivityManager.CallbackHandler: CM callback handler got msg 524290
11-20 13:37:10.796  2164  2313 E SQLiteLog: (1) no such table: files
11-20 13:37:10.822  1478  2371 D NetworkMonitorNetworkAgentInfo [MOBILE (LTE) - null]: isCaptivePortal: ret=204 headers={null=[HTTP/1.1 204 No Content], Content-Length=[0], Date=[Mon, 20 Nov 2017 13:37:10 GMT], X-Android-Received-Millis=[1511185030822], X-Android-Response-Source=[NETWORK 204], X-Android-Sent-Millis=[1511185030793]}
11-20 13:37:10.823  1478  2371 D NetworkMonitorNetworkAgentInfo [MOBILE (LTE) - null]: Don't send network conditions - lacking user consent.
11-20 13:37:10.823  1478  2371 D NetworkMonitorNetworkAgentInfo [MOBILE (LTE) - null]: Validated
11-20 13:37:10.823  1478  1617 D ConnectivityService: Validated NetworkAgentInfo [MOBILE (LTE) - 100]
11-20 13:37:10.823  1478  1617 D ConnectivityService: rematching NetworkAgentInfo [MOBILE (LTE) - 100]
11-20 13:37:10.823  1478  1617 D ConnectivityService: Network NetworkAgentInfo [MOBILE (LTE) - 100] was already satisfying request 1. No change.
11-20 13:37:10.823  1478  1617 D ConnectivityService: notifyType AVAILABLE for NetworkAgentInfo [MOBILE (LTE) - 100]
11-20 13:37:10.823  1478  1617 D ConnectivityService: sendStickyBroadcast: action=android.net.conn.INET_CONDITION_ACTION
11-20 13:37:10.823  1742  2071 D ConnectivityManager.CallbackHandler: CM callback handler got msg 524290
11-20 13:37:10.848  1139  1540 E MetadataRetrieverClient: failed to extract an album art
11-20 13:37:10.853  1478  1961 W BackupManagerService: dataChanged but no participant pkg='com.android.providers.settings' uid=10005
11-20 13:37:11.161  2047  2120 W OpenGLRenderer: Incorrectly called buildLayer on View: ShortcutAndWidgetContainer, destroying layer...
11-20 13:37:11.161  2047  2120 W OpenGLRenderer: Incorrectly called buildLayer on View: ShortcutAndWidgetContainer, destroying layer...
11-20 13:37:11.196  1139  1622 E MetadataRetrieverClient: failed to extract an album art
11-20 13:37:11.208  1478  1495 W BackupManagerService: dataChanged but no participant pkg='com.android.providers.settings' uid=10005
11-20 13:37:11.383  1139  1540 E MetadataRetrieverClient: failed to extract an album art
11-20 13:37:11.387  1139  1139 E MetadataRetrieverClient: failed to extract an album art
11-20 13:37:11.398  1478  1654 W BackupManagerService: dataChanged but no participant pkg='com.android.providers.settings' uid=10005
11-20 13:37:11.436  2268  2268 I CalendarProvider2: Sending notification intent: Intent { act=android.intent.action.PROVIDER_CHANGED dat=content://com.android.calendar }
11-20 13:37:11.436  2268  2268 W ContentResolver: Failed to get type for: content://com.android.calendar (Unknown URL content://com.android.calendar)
11-20 13:37:11.436  2249  2249 D AlertReceiver: onReceive: a=android.intent.action.PROVIDER_CHANGED Intent { act=android.intent.action.PROVIDER_CHANGED dat=content://com.android.calendar flg=0x10 cmp=com.android.calendar/.alerts.AlertReceiver }
11-20 13:37:11.438  2249  2397 D AlertService: 0 Action = android.intent.action.PROVIDER_CHANGED
11-20 13:37:12.046  2164  2313 W MediaScanner: Error opening directory '/oem/media/', skipping: No such file or directory.
11-20 13:37:12.064  1139  1622 E MetadataRetrieverClient: failed to extract an album art
11-20 13:37:12.068  1139  1540 E MetadataRetrieverClient: failed to extract an album art
11-20 13:37:12.072  2164  2313 W MediaProvider: no database for scanned volume external
11-20 13:37:12.083  2164  2313 I MediaProvider: Upgrading media database from version 0 to 700, which will destroy all old data
11-20 13:37:12.120  2164  2313 E SQLiteLog: (1) no such table: album_info
11-20 13:37:12.123  2164  2313 D MediaProvider: object removed 1
11-20 13:37:12.123  2164  2313 D MediaProvider: object removed 2
11-20 13:37:12.123  2164  2313 D MediaProvider: object removed 3
11-20 13:37:12.123  2164  2313 D MediaProvider: object removed 4
11-20 13:37:12.123  2164  2313 D MediaProvider: object removed 5
11-20 13:37:12.123  2164  2313 D MediaProvider: object removed 6
11-20 13:37:12.123  2164  2313 D MediaProvider: object removed 7
11-20 13:37:12.123  2164  2313 D MediaProvider: object removed 8
11-20 13:37:12.123  2164  2313 D MediaProvider: object removed 9
11-20 13:37:12.124  2164  2313 V MediaScanner: pruneDeadThumbnailFiles... android.database.sqlite.SQLiteCursor@3ae106db
11-20 13:37:12.124  2164  2313 V MediaScanner: /pruneDeadThumbnailFiles... android.database.sqlite.SQLiteCursor@3ae106db
11-20 13:37:12.615  1478  1505 I art     : Explicit concurrent mark sweep GC freed 3626(204KB) AllocSpace objects, 3(353KB) LOS objects, 33% free, 6MB/9MB, paused 222us total 13.260ms
11-20 13:37:13.756  1478  1617 D ConnectivityService: sendStickyBroadcast: action=android.net.conn.CONNECTIVITY_CHANGE
11-20 13:37:13.757  1478  1504 D Tethering: MasterInitialState.processMessage what=3
11-20 13:37:14.649  1478  2244 D GpsLocationProvider: NTP server returned: 1511185034742 (Mon Nov 20 13:37:14 GMT+00:00 2017) reference: 11339 certainty: 18 system time offset: 93
11-20 13:37:15.335  2249  2259 E StrictMode: A resource was acquired at attached stack trace but never released. See java.io.Closeable for information on avoiding resource leaks.
11-20 13:37:15.335  2249  2259 E StrictMode: java.lang.Throwable: Explicit termination method 'close' not called
11-20 13:37:15.335  2249  2259 E StrictMode: 	at dalvik.system.CloseGuard.open(CloseGuard.java:184)
11-20 13:37:15.335  2249  2259 E StrictMode: 	at android.content.ContentResolver$CursorWrapperInner.<init>(ContentResolver.java:2447)
11-20 13:37:15.335  2249  2259 E StrictMode: 	at android.content.ContentResolver.query(ContentResolver.java:502)
11-20 13:37:15.335  2249  2259 E StrictMode: 	at android.content.CursorLoader.loadInBackground(CursorLoader.java:64)
11-20 13:37:15.335  2249  2259 E StrictMode: 	at android.content.CursorLoader.loadInBackground(CursorLoader.java:42)
11-20 13:37:15.335  2249  2259 E StrictMode: 	at android.content.AsyncTaskLoader.onLoadInBackground(AsyncTaskLoader.java:312)
11-20 13:37:15.335  2249  2259 E StrictMode: 	at android.content.AsyncTaskLoader$LoadTask.doInBackground(AsyncTaskLoader.java:69)
11-20 13:37:15.335  2249  2259 E StrictMode: 	at android.content.AsyncTaskLoader$LoadTask.doInBackground(AsyncTaskLoader.java:57)
11-20 13:37:15.335  2249  2259 E StrictMode: 	at android.os.AsyncTask$2.call(AsyncTask.java:288)
11-20 13:37:15.335  2249  2259 E StrictMode: 	at java.util.concurrent.FutureTask.run(FutureTask.java:237)
11-20 13:37:15.335  2249  2259 E StrictMode: 	at java.util.concurrent.ThreadPoolExecutor.runWorker(ThreadPoolExecutor.java:1112)
11-20 13:37:15.335  2249  2259 E StrictMode: 	at java.util.concurrent.ThreadPoolExecutor$Worker.run(ThreadPoolExecutor.java:587)
11-20 13:37:15.335  2249  2259 E StrictMode: 	at java.lang.Thread.run(Thread.java:818)
11-20 13:37:15.335  2249  2259 W CursorWrapperInner: Cursor finalized without prior close()
11-20 13:37:15.439  2268  2408 E SQLiteLog: (284) automatic index on view_events(_id)
11-20 13:37:15.599  2320  2330 E StrictMode: A resource was acquired at attached stack trace but never released. See java.io.Closeable for information on avoiding resource leaks.
11-20 13:37:15.599  2320  2330 E StrictMode: java.lang.Throwable: Explicit termination method 'release' not called
11-20 13:37:15.599  2320  2330 E StrictMode: 	at dalvik.system.CloseGuard.open(CloseGuard.java:184)
11-20 13:37:15.599  2320  2330 E StrictMode: 	at android.drm.DrmManagerClient.<init>(DrmManagerClient.java:258)
11-20 13:37:15.599  2320  2330 E StrictMode: 	at com.google.android.mms.pdu.PduPersister.<init>(PduPersister.java:288)
11-20 13:37:15.599  2320  2330 E StrictMode: 	at com.google.android.mms.pdu.PduPersister.getPduPersister(PduPersister.java:299)
11-20 13:37:15.599  2320  2330 E StrictMode: 	at com.android.mms.transaction.TransactionService.onNewIntent(TransactionService.java:224)
11-20 13:37:15.599  2320  2330 E StrictMode: 	at com.android.mms.transaction.TransactionService$ServiceHandler.handleMessage(TransactionService.java:626)
11-20 13:37:15.599  2320  2330 E StrictMode: 	at android.os.Handler.dispatchMessage(Handler.java:102)
11-20 13:37:15.599  2320  2330 E StrictMode: 	at android.os.Looper.loop(Looper.java:135)
11-20 13:37:15.599  2320  2330 E StrictMode: 	at android.os.HandlerThread.run(HandlerThread.java:61)
11-20 13:37:16.440  2249  2397 I GlobalDismissManager: no sender configured
11-20 13:37:16.440  2249  2397 D AlertService: Beginning updateAlertNotification
11-20 13:37:16.443  2249  2397 D AlertService: No fired or scheduled alerts
11-20 13:37:16.445  2249  2397 D AlertService: Scheduling next alarm with AlarmScheduler. sEventReminderReceived: null
11-20 13:37:16.447  2249  2397 D AlarmScheduler: No events found starting within 1 week.
11-20 13:37:18.440  2420  2420 D AndroidRuntime: 
11-20 13:37:18.440  2420  2420 D AndroidRuntime: >>>>>> AndroidRuntime START com.android.internal.os.RuntimeInit <<<<<<
11-20 13:37:18.440  2420  2420 D AndroidRuntime: CheckJNI is ON
11-20 13:37:18.458  2420  2420 E memtrack: Couldn't load memtrack module (No such file or directory)
11-20 13:37:18.458  2420  2420 E android.os.Debug: failed to load memtrack module: -2
11-20 13:37:18.468  2420  2420 D AndroidRuntime: Calling main entry com.android.commands.pm.Pm
11-20 13:37:18.471  1478  1927 I PackageManager: Package doesn't exist in get block uninstall com.prashantvc.UnitTestApp
11-20 13:37:18.471  1478  1510 W PackageManager: Package named 'com.prashantvc.UnitTestApp' doesn't exist.
11-20 13:37:18.482  1478  1510 I art     : Explicit concurrent mark sweep GC freed 4656(453KB) AllocSpace objects, 0(0B) LOS objects, 33% free, 6MB/10MB, paused 288us total 11.011ms
11-20 13:37:18.483  2420  2420 E Pm      : Failure details: Bundle[{android.content.pm.extra.STATUS=1, android.content.pm.extra.PACKAGE_NAME=com.prashantvc.UnitTestApp, android.content.pm.extra.LEGACY_STATUS=-1, android.content.pm.extra.STATUS_MESSAGE=DELETE_FAILED_INTERNAL_ERROR}]
11-20 13:37:18.483  2420  2420 D AndroidRuntime: Shutting down VM
11-20 13:37:18.814  2434  2434 D AndroidRuntime: 
11-20 13:37:18.814  2434  2434 D AndroidRuntime: >>>>>> AndroidRuntime START com.android.internal.os.RuntimeInit <<<<<<
11-20 13:37:18.815  2434  2434 D AndroidRuntime: CheckJNI is ON
11-20 13:37:18.835  2434  2434 E memtrack: Couldn't load memtrack module (No such file or directory)
11-20 13:37:18.835  2434  2434 E android.os.Debug: failed to load memtrack module: -2
11-20 13:37:18.846  2434  2434 D AndroidRuntime: Calling main entry com.android.commands.pm.Pm
11-20 13:37:18.867  2445  2445 E libprocessgroup: failed to make and chown /acct/uid_10003: Read-only file system
11-20 13:37:18.867  2445  2445 W Zygote  : createProcessGroup failed, kernel missing CONFIG_CGROUP_CPUACCT?
11-20 13:37:18.869  1478  1510 I ActivityManager: Start proc com.android.defcontainer for service com.android.defcontainer/.DefaultContainerService: pid=2445 uid=10003 gids={50003, 9997, 1028, 1015, 1023, 2001, 1035} abi=x86
11-20 13:37:18.888  2445  2460 D DefContainer: Copying /data/local/tmp/com.prashantvc.UnitTestApp-Signed.apk to base.apk
11-20 13:37:19.053  1478  1510 D PackageManager: Renaming /data/app/vmdl2117077124.tmp to /data/app/com.prashantvc.UnitTestApp-1
11-20 13:37:19.068  1478  1510 I art     : DexFile_isDexOptNeeded failed to open oat file '/data/dalvik-cache/x86/data@app@com.prashantvc.UnitTestApp-1@base.apk@classes.dex' for file location '/data/app/com.prashantvc.UnitTestApp-1/base.apk': Failed to open oat filename for reading: No such file or directory
11-20 13:37:19.068  1478  1510 I art     : DexFile_isDexOptNeeded failed to open oat file '/data/app/com.prashantvc.UnitTestApp-1/x86/base.odex' for file location '/data/app/com.prashantvc.UnitTestApp-1/base.apk': Failed to open oat filename for reading: No such file or directory
11-20 13:37:19.068  1478  1510 I PackageManager: Running dexopt on: /data/app/com.prashantvc.UnitTestApp-1/base.apk pkg=com.prashantvc.UnitTestApp isa=x86 vmSafeMode=false
11-20 13:37:19.085  2462  2462 E cutils-trace: Error opening trace file: Permission denied (13)
11-20 13:37:19.085  2462  2462 I dex2oat : /system/bin/dex2oat --zip-fd=5 --zip-location=/data/app/com.prashantvc.UnitTestApp-1/base.apk --oat-fd=6 --oat-location=/data/dalvik-cache/x86/data@app@com.prashantvc.UnitTestApp-1@base.apk@classes.dex --instruction-set=x86 --instruction-set-features=default --runtime-arg -Xms64m --runtime-arg -Xmx512m
11-20 13:37:19.195  2462  2462 I dex2oat : dex2oat took 108.070ms (threads: 2)
11-20 13:37:19.207  1478  1510 V BackupManagerService: restoreAtInstall pkg=com.prashantvc.UnitTestApp token=1 restoreSet=0
