11-20 13:06:52.966  1478  1495 I PackageManager: Package doesn't exist in get block uninstall com.prashantvc.UnitTestApp
11-20 13:06:52.967  1478  1510 W PackageManager: Package named 'com.prashantvc.UnitTestApp' doesn't exist.
11-20 13:06:52.979  1478  1510 I art     : Explicit concurrent mark sweep GC freed 5040(488KB) AllocSpace objects, 3(170KB) LOS objects, 33% free, 6MB/10MB, paused 189us total 11.641ms
11-20 13:06:52.980  2424  2424 E Pm      : Failure details: Bundle[{android.content.pm.extra.STATUS=1, android.content.pm.extra.PACKAGE_NAME=com.prashantvc.UnitTestApp, android.content.pm.extra.LEGACY_STATUS=-1, android.content.pm.extra.STATUS_MESSAGE=DELETE_FAILED_INTERNAL_ERROR}]
11-20 13:06:52.980  2424  2424 D AndroidRuntime: Shutting down VM
11-20 13:06:53.056  1478  1478 D BackupManagerService: Received broadcast Intent { act=android.intent.action.PACKAGE_CHANGED dat=package:com.android.calendar flg=0x4000010 (has extras) }
11-20 13:06:53.059  1478  1550 I InputReader: Reconfiguring input devices.  changes=0x00000010
11-20 13:06:53.061  1478  1550 I InputReader: Reconfiguring input devices.  changes=0x00000010
11-20 13:06:53.061  1478  1550 I InputReader: Reconfiguring input devices.  changes=0x00000010
11-20 13:06:53.063  1478  1478 D BackupManagerService: Received broadcast Intent { act=android.intent.action.PACKAGE_CHANGED dat=package:com.android.email flg=0x4000010 (has extras) }
11-20 13:06:53.064  1478  1478 D BackupManagerService: Received broadcast Intent { act=android.intent.action.PACKAGE_CHANGED dat=package:com.android.settings flg=0x4000010 (has extras) }
11-20 13:06:53.065  1478  1478 D BackupManagerService: Received broadcast Intent { act=android.intent.action.PACKAGE_CHANGED dat=package:com.android.inputmethod.latin flg=0x4000010 (has extras) }
11-20 13:06:53.306  2439  2439 D AndroidRuntime: 
11-20 13:06:53.306  2439  2439 D AndroidRuntime: >>>>>> AndroidRuntime START com.android.internal.os.RuntimeInit <<<<<<
11-20 13:06:53.306  2439  2439 D AndroidRuntime: CheckJNI is ON
11-20 13:06:53.326  2439  2439 E memtrack: Couldn't load memtrack module (No such file or directory)
11-20 13:06:53.326  2439  2439 E android.os.Debug: failed to load memtrack module: -2
11-20 13:06:53.334  2439  2439 D AndroidRuntime: Calling main entry com.android.commands.pm.Pm
11-20 13:06:53.355  2450  2450 E libprocessgroup: failed to make and chown /acct/uid_10003: Read-only file system
11-20 13:06:53.355  2450  2450 W Zygote  : createProcessGroup failed, kernel missing CONFIG_CGROUP_CPUACCT?
11-20 13:06:53.356  1478  1510 I ActivityManager: Start proc com.android.defcontainer for service com.android.defcontainer/.DefaultContainerService: pid=2450 uid=10003 gids={50003, 9997, 1028, 1015, 1023, 2001, 1035} abi=x86
11-20 13:06:53.379  2450  2465 D DefContainer: Copying /data/local/tmp/com.prashantvc.UnitTestApp-Signed.apk to base.apk
11-20 13:06:53.579  1478  1510 D PackageManager: Renaming /data/app/vmdl858124233.tmp to /data/app/com.prashantvc.UnitTestApp-1
11-20 13:06:53.602  1478  1510 I art     : DexFile_isDexOptNeeded failed to open oat file '/data/dalvik-cache/x86/data@app@com.prashantvc.UnitTestApp-1@base.apk@classes.dex' for file location '/data/app/com.prashantvc.UnitTestApp-1/base.apk': Failed to open oat filename for reading: No such file or directory
11-20 13:06:53.602  1478  1510 I art     : DexFile_isDexOptNeeded failed to open oat file '/data/app/com.prashantvc.UnitTestApp-1/x86/base.odex' for file location '/data/app/com.prashantvc.UnitTestApp-1/base.apk': Failed to open oat filename for reading: No such file or directory
11-20 13:06:53.602  1478  1510 I PackageManager: Running dexopt on: /data/app/com.prashantvc.UnitTestApp-1/base.apk pkg=com.prashantvc.UnitTestApp isa=x86 vmSafeMode=false
11-20 13:06:53.618  2467  2467 E cutils-trace: Error opening trace file: Permission denied (13)
11-20 13:06:53.618  2467  2467 I dex2oat : /system/bin/dex2oat --zip-fd=5 --zip-location=/data/app/com.prashantvc.UnitTestApp-1/base.apk --oat-fd=6 --oat-location=/data/dalvik-cache/x86/data@app@com.prashantvc.UnitTestApp-1@base.apk@classes.dex --instruction-set=x86 --instruction-set-features=default --runtime-arg -Xms64m --runtime-arg -Xmx512m
11-20 13:06:53.704  2467  2467 I dex2oat : dex2oat took 85.355ms (threads: 2)
11-20 13:06:53.717  1478  1510 V BackupManagerService: restoreAtInstall pkg=com.prashantvc.UnitTestApp token=1 restoreSet=0
11-20 13:06:53.718  1478  1510 V BackupManagerService: Finishing install immediately
11-20 13:06:53.718  1478  1510 W Settings: Setting install_non_market_apps has moved from android.provider.Settings.Global to android.provider.Settings.Secure, returning read-only value.
11-20 13:06:53.718  1478  1550 I InputReader: Reconfiguring input devices.  changes=0x00000010
11-20 13:06:53.721  1478  1478 D BackupManagerService: Received broadcast Intent { act=android.intent.action.PACKAGE_ADDED dat=package:com.prashantvc.UnitTestApp flg=0x4000010 (has extras) }
11-20 13:06:53.725  2470  2470 E libprocessgroup: failed to make and chown /acct/uid_10038: Read-only file system
11-20 13:06:53.725  2470  2470 W Zygote  : createProcessGroup failed, kernel missing CONFIG_CGROUP_CPUACCT?
11-20 13:06:53.730  1478  2020 I ActivityManager: Start proc com.svox.pico for broadcast com.svox.pico/.VoiceDataInstallerReceiver: pid=2470 uid=10038 gids={50038, 9997, 1028, 1015} abi=x86
11-20 13:06:53.734  1478  1499 W VoiceInteractionManagerService: no available voice recognition services found for user 0
11-20 13:06:53.751  1478  1510 I art     : Explicit concurrent mark sweep GC freed 20878(1405KB) AllocSpace objects, 7(112KB) LOS objects, 33% free, 6MB/10MB, paused 190us total 33.633ms
11-20 13:06:53.752  2439  2439 D AndroidRuntime: Shutting down VM
11-20 13:06:54.144  2489  2489 D AndroidRuntime: 
11-20 13:06:54.144  2489  2489 D AndroidRuntime: >>>>>> AndroidRuntime START com.android.internal.os.RuntimeInit <<<<<<
11-20 13:06:54.145  2489  2489 D AndroidRuntime: CheckJNI is ON
11-20 13:06:54.163  2489  2489 E memtrack: Couldn't load memtrack module (No such file or directory)
11-20 13:06:54.163  2489  2489 E android.os.Debug: failed to load memtrack module: -2
11-20 13:06:54.170  2489  2489 D AndroidRuntime: Calling main entry com.android.commands.am.Am
11-20 13:06:54.172  1478  2007 I ActivityManager: Force stopping com.prashantvc.UnitTestApp appid=10053 user=0: start instr
11-20 13:06:54.189  2501  2501 E libprocessgroup: failed to make and chown /acct/uid_10053: Read-only file system
11-20 13:06:54.189  2501  2501 W Zygote  : createProcessGroup failed, kernel missing CONFIG_CGROUP_CPUACCT?
11-20 13:06:54.190  2501  2501 I art     : Not late-enabling -Xcheck:jni (already on)
11-20 13:06:54.190  1478  2007 I ActivityManager: Start proc com.prashantvc.UnitTestApp for added application com.prashantvc.UnitTestApp: pid=2501 uid=10053 gids={50053, 9997, 3003, 1028} abi=x86
11-20 13:06:54.197  1145  1145 I art     : Explicit concurrent mark sweep GC freed 708(30KB) AllocSpace objects, 0(0B) LOS objects, 90% free, 110KB/1134KB, paused 60us total 6.174ms
11-20 13:06:54.200  1145  1145 I art     : Explicit concurrent mark sweep GC freed 5(160B) AllocSpace objects, 0(0B) LOS objects, 90% free, 110KB/1134KB, paused 24us total 3.081ms
11-20 13:06:54.202  1145  1145 I art     : Explicit concurrent mark sweep GC freed 5(160B) AllocSpace objects, 0(0B) LOS objects, 90% free, 110KB/1134KB, paused 33us total 1.941ms
11-20 13:06:54.211  2501  2501 W monodroid: Creating public update directory: `/data/data/com.prashantvc.UnitTestApp/files/.__override__`
11-20 13:06:54.211  2501  2501 W monodroid: Using override path: /data/data/com.prashantvc.UnitTestApp/files/.__override__
11-20 13:06:54.211  2501  2501 W monodroid: Trying to load sgen from: /data/data/com.prashantvc.UnitTestApp/files/.__override__/libmonosgen-2.0.so
11-20 13:06:54.211  2501  2501 W monodroid: Trying to load sgen from: /storage/sdcard/Android/data/com.prashantvc.UnitTestApp/files/.__override__/libmonosgen-2.0.so
11-20 13:06:54.211  2501  2501 W monodroid: Trying to load sgen from: /storage/sdcard/../legacy/Android/data/com.prashantvc.UnitTestApp/files/.__override__/libmonosgen-2.0.so
11-20 13:06:54.211  2501  2501 W monodroid: Trying to load sgen from: /data/app/com.prashantvc.UnitTestApp-1/lib/x86/libmonosgen-2.0.so
11-20 13:06:54.212  2501  2501 F monodroid: No assemblies found in '/data/data/com.prashantvc.UnitTestApp/files/.__override__' or '/storage/sdcard/Android/data/com.prashantvc.UnitTestApp/files/.__override__'. Assuming this is part of Fast Deployment. Exiting...
11-20 13:06:54.214  1145  1145 I Zygote  : Process 2501 exited cleanly (65)
11-20 13:06:54.214  1478  1948 W libprocessgroup: failed to open /acct/uid_10053/pid_2501/cgroup.procs: No such file or directory
11-20 13:06:54.214  1478  1948 I ActivityManager: Process com.prashantvc.UnitTestApp (pid 2501) has died
11-20 13:06:54.215  1478  1948 W ActivityManager: Crash of app com.prashantvc.UnitTestApp running instrumentation ComponentInfo{com.prashantvc.UnitTestApp/app.tests.TestInstrumentation}
11-20 13:06:54.215  2489  2489 D AndroidRuntime: Shutting down VM
11-20 13:06:54.423  1478  1948 I ActivityManager: Force stopping com.prashantvc.UnitTestApp appid=10053 user=0: finished inst
