--------- beginning of main
11-20 13:06:38.303     0  1131 I qemu-props: connected to 'boot-properties' qemud service.
11-20 13:06:37.460  1125  1125 W auditd  : type=2000 audit(0.0:1): initialized
11-20 13:06:38.303     0  1131 I qemu-props: receiving..
11-20 13:06:38.303     0  1131 I qemu-props: received: ro.opengles.version=131072
11-20 13:06:38.303     0  1131 I qemu-props: receiving..
11-20 13:06:38.303     0  1131 I qemu-props: received: qemu.sf.fake_camera=back
11-20 13:06:38.303     0  1131 I qemu-props: receiving..
11-20 13:06:38.304     0  1131 I qemu-props: received: dalvik.vm.heapsize=128m
11-20 13:06:38.304     0  1131 I qemu-props: receiving..
11-20 13:06:38.304     0  1131 I qemu-props: received: qemu.hw.mainkeys=1
11-20 13:06:38.305     0  1131 I qemu-props: receiving..
11-20 13:06:38.305     0  1131 I qemu-props: received: qemu.sf.lcd_density=160
11-20 13:06:38.305     0  1131 I qemu-props: receiving..
11-20 13:06:38.305     0  1131 I qemu-props: exiting (5 properties set).
11-20 13:06:38.307     0  1140 I installd: installd firing up
11-20 13:06:38.307     0  1140 E cutils  : Failed to read /data/.layout_version: No such file or directory
11-20 13:06:38.307     0  1140 D installd: Upgrading /data/media for multi-user
11-20 13:06:38.308     0  1140 D installd: Upgrading to shared /data/media/obb
11-20 13:06:38.308     0  1140 D installd: Upgrading to /data/misc/user directories
11-20 13:06:38.324     0  1135 I Netd    : Netd 1.0 starting
11-20 13:06:38.381     0  1136 I         : debuggerd: Jul 12 2017 19:58:21
--------- beginning of system
11-20 13:06:38.385  1129  1129 I Vold    : Vold 2.1 (the revenge) firing up
11-20 13:06:38.385  1129  1129 D Vold    : Volume sdcard state changing -1 (Initializing) -> 0 (No-Media)
11-20 13:06:38.391  1144  1144 I keystore: SELinux: Keystore SELinux is disabled.
11-20 13:06:38.432  1127  1127 I lowmemorykiller: No kernel memory.pressure_level support (errno=2)
11-20 13:06:38.432  1127  1127 E lowmemorykiller: Kernel does not support memory pressure events or in-kernel low memory killer
11-20 13:06:38.449  1130  1130 I SurfaceFlinger: SurfaceFlinger is starting
11-20 13:06:38.449  1130  1130 I SurfaceFlinger: SurfaceFlinger's main thread ready to run. Initializing graphics H/W...
11-20 13:06:38.450  1130  1130 E libEGL  : load_driver(/system/lib/egl/libGLES_emulation.so): dlopen failed: library "/system/lib/egl/libGLES_emulation.so" not found
11-20 13:06:38.457  1130  1130 D libEGL  : loaded /system/lib/egl/libEGL_emulation.so
11-20 13:06:38.458  1130  1130 D libEGL  : loaded /system/lib/egl/libGLESv1_CM_emulation.so
11-20 13:06:38.461  1130  1130 D libEGL  : loaded /system/lib/egl/libGLESv2_emulation.so
11-20 13:06:38.463  1130  1130 D         : HostConnection::get() New Host Connection established 0xb7052330, tid 1130
11-20 13:06:38.513  1130  1130 E SurfaceFlinger: hwcomposer module not found
11-20 13:06:38.513  1130  1130 W SurfaceFlinger: no suitable EGLConfig found, trying a simpler query
11-20 13:06:38.513  1130  1130 I SurfaceFlinger: EGL information:
11-20 13:06:38.513  1130  1130 I SurfaceFlinger: vendor    : Android
11-20 13:06:38.513  1130  1130 I SurfaceFlinger: version   : 1.4 Android META-EGL
11-20 13:06:38.513  1130  1130 I SurfaceFlinger: extensions: EGL_KHR_get_all_proc_addresses EGL_ANDROID_presentation_time EGL_KHR_image_base EGL_KHR_gl_texture_2D_image EGL_KHR_fence_sync EGL_ANDROID_image_native_buffer EGL_ANDROID_recordable 
11-20 13:06:38.513  1130  1130 I SurfaceFlinger: Client API: OpenGL_ES
11-20 13:06:38.513  1130  1130 I SurfaceFlinger: EGLSurface: 8-8-8-8, config=0x2
11-20 13:06:38.514  1130  1130 D EGL_emulation: eglCreateContext: 0xb7050460: maj 2 min 0 rcv 2
11-20 13:06:38.514  1130  1130 D EGL_emulation: eglMakeCurrent: 0xb7050460: ver 2 0
11-20 13:06:38.584  1130  1130 I SurfaceFlinger: OpenGL ES informations:
11-20 13:06:38.584  1130  1130 I SurfaceFlinger: vendor    : Google (ATI Technologies Inc.)
11-20 13:06:38.584  1130  1130 I SurfaceFlinger: renderer  : Android Emulator OpenGL ES Translator (AMD Radeon Pro 455 OpenGL Engine)
11-20 13:06:38.584  1130  1130 I SurfaceFlinger: version   : OpenGL ES 2.0 (2.1 ATI-1.58.32)
11-20 13:06:38.584  1130  1130 I SurfaceFlinger: extensions: GL_EXT_debug_marker GL_OES_EGL_image GL_OES_EGL_image_external GL_OES_depth24 GL_OES_depth32 GL_OES_element_index_uint GL_OES_texture_float GL_OES_texture_float_linear GL_OES_compressed_paletted_texture GL_OES_compressed_ETC1_RGB8_texture GL_OES_depth_texture GL_OES_texture_half_float GL_OES_texture_half_float_linear GL_OES_packed_depth_stencil GL_OES_vertex_half_float GL_OES_texture_npot ANDROID_EMU_CHECKSUM_HELPER_v1 ANDROID_EMU_dma_v1 ANDROID_EMU_gles_max_version_2 
11-20 13:06:38.584  1130  1130 I SurfaceFlinger: GL_MAX_TEXTURE_SIZE = 16384
11-20 13:06:38.584  1130  1130 I SurfaceFlinger: GL_MAX_VIEWPORT_DIMS = 16384
11-20 13:06:38.584  1130  1130 E cutils-trace: Error opening trace file: Permission denied (13)
11-20 13:06:38.584  1130  1130 D gralloc_ranchu: gralloc_alloc: Creating ashmem region of size 4096
11-20 13:06:38.600  1130  1130 D EGL_emulation: eglMakeCurrent: 0xb7050460: ver 2 0
11-20 13:06:38.602  1130  1130 D SurfaceFlinger: Set power mode=2, type=0 flinger=0xb705e000
11-20 13:06:38.653  1139  1139 I mediaserver: ServiceManager: 0xb6216d40
11-20 13:06:38.653  1139  1139 I AudioFlinger: Using default 3000 mSec as standby time.
11-20 13:06:38.654  1135  1135 I iptables: iptables v1.4.20: can't initialize iptables table `nat': Table does not exist (do you need to insmod?)
11-20 13:06:38.654  1135  1135 I iptables: Perhaps iptables or your kernel needs to be upgraded.
11-20 13:06:38.654  1135  1135 I iptables: iptables terminated by exit(3)
11-20 13:06:38.654  1135  1135 E Netd    : exec() res=0, status=768 for /system/bin/iptables -t nat -N oem_nat_pre 
11-20 13:06:38.654  1139  1139 I ServiceManager: Waiting for service batterystats...
11-20 13:06:38.655  1135  1135 I iptables: iptables v1.4.20: can't initialize iptables table `nat': Table does not exist (do you need to insmod?)
11-20 13:06:38.655  1135  1135 I iptables: Perhaps iptables or your kernel needs to be upgraded.
11-20 13:06:38.655  1135  1135 I iptables: iptables terminated by exit(3)
11-20 13:06:38.655  1135  1135 E Netd    : exec() res=0, status=768 for /system/bin/iptables -t nat -A PREROUTING -j oem_nat_pre 
11-20 13:06:38.661  1135  1135 I iptables: iptables v1.4.20: can't initialize iptables table `nat': Table does not exist (do you need to insmod?)
11-20 13:06:38.661  1135  1135 I iptables: Perhaps iptables or your kernel needs to be upgraded.
11-20 13:06:38.662  1135  1135 I iptables: iptables terminated by exit(3)
11-20 13:06:38.662  1135  1135 E Netd    : exec() res=0, status=768 for /system/bin/iptables -t nat -N natctrl_nat_POSTROUTING 
11-20 13:06:38.667  1135  1135 I iptables: iptables v1.4.20: can't initialize iptables table `nat': Table does not exist (do you need to insmod?)
11-20 13:06:38.667  1135  1135 I iptables: Perhaps iptables or your kernel needs to be upgraded.
11-20 13:06:38.667  1135  1135 I iptables: iptables terminated by exit(3)
11-20 13:06:38.667  1135  1135 E Netd    : exec() res=0, status=768 for /system/bin/iptables -t nat -A POSTROUTING -j natctrl_nat_POSTROUTING 
11-20 13:06:38.669  1135  1135 V NatController: runCmd(/system/bin/iptables -F natctrl_FORWARD) res=0
11-20 13:06:38.670  1135  1135 V NatController: runCmd(/system/bin/iptables -A natctrl_FORWARD -j DROP) res=0
11-20 13:06:38.671  1135  1135 V NatController: runCmd(/system/bin/iptables -t nat -F natctrl_nat_POSTROUTING) res=3
11-20 13:06:38.696  1145  1145 D AndroidRuntime: 
11-20 13:06:38.696  1145  1145 D AndroidRuntime: >>>>>> AndroidRuntime START com.android.internal.os.ZygoteInit <<<<<<
11-20 13:06:38.697  1130  1130 D SurfaceFlinger: shader cache generated - 24 shaders in 79.459511 ms
11-20 13:06:38.703  1145  1145 D AndroidRuntime: CheckJNI is ON
11-20 13:06:38.704  1130  1130 D gralloc_ranchu: gralloc_alloc: Creating ashmem region of size 4096
11-20 13:06:38.707  1145  1145 I art     : option[0]=-Xzygote
11-20 13:06:38.707  1145  1145 I art     : option[1]=-Xcheck:jni
11-20 13:06:38.707  1145  1145 I art     : option[2]=-Xjnigreflimit:2000
11-20 13:06:38.707  1145  1145 I art     : option[3]=-Xstacktracefile:/data/anr/traces.txt
11-20 13:06:38.707  1145  1145 I art     : option[4]=exit
11-20 13:06:38.707  1145  1145 I art     : option[5]=vfprintf
11-20 13:06:38.707  1145  1145 I art     : option[6]=sensitiveThread
11-20 13:06:38.707  1145  1145 I art     : option[7]=-verbose:gc
11-20 13:06:38.707  1145  1145 I art     : option[8]=-Xms4m
11-20 13:06:38.707  1145  1145 I art     : option[9]=-Xmx128m
11-20 13:06:38.707  1145  1145 I art     : option[10]=-XX:mainThreadStackSize=24K
11-20 13:06:38.707  1145  1145 I art     : option[11]=-agentlib:jdwp=transport=dt_android_adb,suspend=n,server=y
11-20 13:06:38.707  1145  1145 I art     : option[12]=-Ximage-compiler-option
11-20 13:06:38.707  1145  1145 I art     : option[13]=--runtime-arg
11-20 13:06:38.707  1145  1145 I art     : option[14]=-Ximage-compiler-option
11-20 13:06:38.707  1145  1145 I art     : option[15]=-Xms64m
11-20 13:06:38.707  1145  1145 I art     : option[16]=-Ximage-compiler-option
11-20 13:06:38.707  1145  1145 I art     : option[17]=--runtime-arg
11-20 13:06:38.707  1145  1145 I art     : option[18]=-Ximage-compiler-option
11-20 13:06:38.707  1145  1145 I art     : option[19]=-Xmx64m
11-20 13:06:38.707  1145  1145 I art     : option[20]=-Ximage-compiler-option
11-20 13:06:38.707  1145  1145 I art     : option[21]=--image-classes-zip=/system/framework/framework.jar
11-20 13:06:38.707  1145  1145 I art     : option[22]=-Ximage-compiler-option
11-20 13:06:38.707  1145  1145 I art     : option[23]=--image-classes=preloaded-classes
11-20 13:06:38.707  1145  1145 I art     : option[24]=-Xcompiler-option
11-20 13:06:38.707  1145  1145 I art     : option[25]=--runtime-arg
11-20 13:06:38.707  1145  1145 I art     : option[26]=-Xcompiler-option
11-20 13:06:38.708  1145  1145 I art     : option[27]=-Xms64m
11-20 13:06:38.708  1145  1145 I art     : option[28]=-Xcompiler-option
11-20 13:06:38.708  1145  1145 I art     : option[29]=--runtime-arg
11-20 13:06:38.708  1145  1145 I art     : option[30]=-Xcompiler-option
11-20 13:06:38.708  1145  1145 I art     : option[31]=-Xmx512m
11-20 13:06:38.708  1145  1145 I art     : option[32]=-Duser.language=en
11-20 13:06:38.708  1145  1145 I art     : option[33]=-Duser.region=US
11-20 13:06:38.714  1145  1145 I art     : Pruning dalvik-cache since we are relocating an image and will need to recompile
11-20 13:06:38.714  1145  1145 I art     : RelocateImage: /system/bin/patchoat --input-image-location=/system/framework/boot.art --output-image-file=/data/dalvik-cache/x86/system@framework@boot.art --input-oat-location=/system/framework/boot.oat --output-oat-file=/data/dalvik-cache/x86/system@framework@boot.oat --instruction-set=x86 --base-offset-delta=-13279232
11-20 13:06:38.739  1135  1135 I iptables: iptables: No chain/target/match by that name.
11-20 13:06:38.739  1135  1135 I iptables: iptables terminated by exit(1)
11-20 13:06:38.739  1135  1135 E BandwidthController: runIptablesCmd(): res=1 status=256 failed /system/bin/iptables -A bw_INPUT -m owner --socket-exists
11-20 13:06:38.741  1135  1135 I ip6tables: ip6tables: No chain/target/match by that name.
11-20 13:06:38.741  1135  1135 I ip6tables: ip6tables terminated by exit(1)
11-20 13:06:38.741  1135  1135 E BandwidthController: runIptablesCmd(): res=1 status=256 failed /system/bin/ip6tables -A bw_INPUT -m owner --socket-exists
11-20 13:06:38.761  1135  1135 D MDnsDS  : MDnsSdListener::Hander starting up
11-20 13:06:38.762  1135  1464 D MDnsDS  : MDnsSdListener starting to monitor
11-20 13:06:38.762  1135  1464 D MDnsDS  : Going to poll with pollCount 1
11-20 13:06:38.763  1130  1200 E SurfaceFlinger: ro.sf.lcd_density must be defined as a build property
11-20 13:06:38.765  1311  1458 E libEGL  : load_driver(/system/lib/egl/libGLES_emulation.so): dlopen failed: library "/system/lib/egl/libGLES_emulation.so" not found
11-20 13:06:38.765  1311  1458 D libEGL  : loaded /system/lib/egl/libEGL_emulation.so
11-20 13:06:38.766  1311  1458 D libEGL  : loaded /system/lib/egl/libGLESv1_CM_emulation.so
11-20 13:06:38.768  1311  1458 D libEGL  : loaded /system/lib/egl/libGLESv2_emulation.so
11-20 13:06:38.771  1311  1458 D         : HostConnection::get() New Host Connection established 0xb5f3f560, tid 1458
11-20 13:06:38.815  1311  1458 E cutils-trace: Error opening trace file: Permission denied (13)
11-20 13:06:38.816  1130  1202 D         : HostConnection::get() New Host Connection established 0xb6a0c0b0, tid 1202
11-20 13:06:38.862  1311  1458 D EGL_emulation: eglCreateContext: 0xb5f24040: maj 1 min 0 rcv 1
11-20 13:06:38.867  1311  1458 D EGL_emulation: eglMakeCurrent: 0xb5f24040: ver 1 0
11-20 13:06:38.888  1130  1200 D         : HostConnection::get() New Host Connection established 0xb6c170b0, tid 1200
11-20 13:06:39.134  1145  1145 E memtrack: Couldn't load memtrack module (No such file or directory)
11-20 13:06:39.134  1145  1145 E android.os.Debug: failed to load memtrack module: -2
11-20 13:06:39.137  1145  1145 I SamplingProfilerIntegration: Profiling disabled.
11-20 13:06:39.137  1145  1145 D Zygote  : begin preload
11-20 13:06:39.149  1145  1145 I Zygote  : Preloading classes...
11-20 13:06:39.150  1145  1145 I art     : Explicit concurrent mark sweep GC freed 1014(56KB) AllocSpace objects, 0(0B) LOS objects, 93% free, 69KB/1093KB, paused 36us total 1.389ms
11-20 13:06:39.151  1145  1145 I art     : Counter: 1
11-20 13:06:39.154  1145  1145 I art     : Explicit concurrent mark sweep GC freed 511(32KB) AllocSpace objects, 0(0B) LOS objects, 92% free, 89KB/1113KB, paused 22us total 599us
11-20 13:06:39.162  1145  1145 I art     : Explicit concurrent mark sweep GC freed 638(41KB) AllocSpace objects, 0(0B) LOS objects, 91% free, 97KB/1121KB, paused 23us total 789us
11-20 13:06:39.195  1145  1145 I art     : Explicit concurrent mark sweep GC freed 397(25KB) AllocSpace objects, 0(0B) LOS objects, 89% free, 120KB/1144KB, paused 23us total 583us
11-20 13:06:39.227  1145  1145 E Minikin : addFont failed to create font /system/fonts/NotoSansGujarati-Regular.ttf
11-20 13:06:39.227  1145  1145 E Minikin : addFont failed to create font /system/fonts/NotoSansGujarati-Bold.ttf
11-20 13:06:39.227  1145  1145 E Minikin : addFont failed to create font /system/fonts/NotoSansGujaratiUI-Regular.ttf
11-20 13:06:39.227  1145  1145 E Minikin : addFont failed to create font /system/fonts/NotoSansGujaratiUI-Bold.ttf
11-20 13:06:39.227  1145  1145 E Minikin : addFont failed to create font /system/fonts/NotoSansGurmukhi-Regular.ttf
11-20 13:06:39.227  1145  1145 E Minikin : addFont failed to create font /system/fonts/NotoSansGurmukhi-Bold.ttf
11-20 13:06:39.227  1145  1145 E Minikin : addFont failed to create font /system/fonts/NotoSansGurmukhiUI-Regular.ttf
11-20 13:06:39.227  1145  1145 E Minikin : addFont failed to create font /system/fonts/NotoSansGurmukhiUI-Bold.ttf
11-20 13:06:39.236  1145  1145 E Minikin : addFont failed to create font /system/fonts/NotoSansSinhala-Regular.ttf
11-20 13:06:39.236  1145  1145 E Minikin : addFont failed to create font /system/fonts/NotoSansSinhala-Bold.ttf
11-20 13:06:39.241  1145  1145 E Minikin : addFont failed to create font /system/fonts/NotoSansCherokee-Regular.ttf
11-20 13:06:39.241  1145  1145 E Minikin : addFont failed to create font /system/fonts/NotoSansCanadianAboriginal-Regular.ttf
11-20 13:06:39.241  1145  1145 E Minikin : addFont failed to create font /system/fonts/NotoSansYi-Regular.ttf
11-20 13:06:39.241  1145  1145 E Minikin : addFont failed to create font /system/fonts/NotoSansHans-Regular.otf
11-20 13:06:39.241  1145  1145 E Minikin : addFont failed to create font /system/fonts/NotoSansHant-Regular.otf
11-20 13:06:39.241  1145  1145 E Minikin : addFont failed to create font /system/fonts/NotoSansJP-Regular.otf
11-20 13:06:39.241  1145  1145 E Minikin : addFont failed to create font /system/fonts/NotoSansKR-Regular.otf
11-20 13:06:39.268  1145  1145 I art     : Explicit concurrent mark sweep GC freed 1475(107KB) AllocSpace objects, 0(0B) LOS objects, 88% free, 129KB/1153KB, paused 23us total 642us
11-20 13:06:39.273  1145  1145 I art     : Explicit concurrent mark sweep GC freed 1949(93KB) AllocSpace objects, 0(0B) LOS objects, 85% free, 175KB/1199KB, paused 22us total 905us
11-20 13:06:39.276  1145  1145 I art     : Explicit concurrent mark sweep GC freed 1982(88KB) AllocSpace objects, 0(0B) LOS objects, 82% free, 212KB/1236KB, paused 22us total 833us
11-20 13:06:39.278  1145  1145 I art     : Explicit concurrent mark sweep GC freed 410(29KB) AllocSpace objects, 0(0B) LOS objects, 80% free, 248KB/1272KB, paused 22us total 849us
11-20 13:06:39.296  1145  1145 I art     : Thread[1,tid=1145,WaitingForJniOnLoad,Thread*=0xb4606800,peer=0x12c330e0,"main"] recursive attempt to load library "/system/lib/libmedia_jni.so"
11-20 13:06:39.296  1145  1145 D MtpDeviceJNI: register_android_mtp_MtpDevice
11-20 13:06:39.296  1145  1145 I art     : Thread[1,tid=1145,WaitingForJniOnLoad,Thread*=0xb4606800,peer=0x12c330e0,"main"] recursive attempt to load library "/system/lib/libmedia_jni.so"
11-20 13:06:39.296  1145  1145 I art     : Thread[1,tid=1145,WaitingForJniOnLoad,Thread*=0xb4606800,peer=0x12c330e0,"main"] recursive attempt to load library "/system/lib/libmedia_jni.so"
11-20 13:06:39.300  1145  1145 I art     : Explicit concurrent mark sweep GC freed 668(38KB) AllocSpace objects, 0(0B) LOS objects, 79% free, 259KB/1283KB, paused 36us total 1.034ms
11-20 13:06:39.307  1145  1145 I art     : Explicit concurrent mark sweep GC freed 524(26KB) AllocSpace objects, 0(0B) LOS objects, 78% free, 287KB/1311KB, paused 23us total 859us
11-20 13:06:39.311  1145  1145 I art     : Explicit concurrent mark sweep GC freed 540(31KB) AllocSpace objects, 0(0B) LOS objects, 76% free, 314KB/1338KB, paused 23us total 959us
11-20 13:06:39.320  1145  1145 I art     : Explicit concurrent mark sweep GC freed 1834(108KB) AllocSpace objects, 0(0B) LOS objects, 68% free, 480KB/1504KB, paused 24us total 1.255ms
11-20 13:06:39.322  1145  1145 E EmojiFactory_jni: Failed to load libemoji.so: dlopen failed: library "libemoji.so" not found
11-20 13:06:39.333  1145  1145 I art     : Explicit concurrent mark sweep GC freed 369(46KB) AllocSpace objects, 0(0B) LOS objects, 56% free, 778KB/1802KB, paused 24us total 1.560ms
11-20 13:06:39.336  1145  1145 I art     : Explicit concurrent mark sweep GC freed 438(30KB) AllocSpace objects, 0(0B) LOS objects, 56% free, 797KB/1821KB, paused 23us total 1.256ms
11-20 13:06:39.340  1145  1145 I art     : Explicit concurrent mark sweep GC freed 778(49KB) AllocSpace objects, 0(0B) LOS objects, 56% free, 797KB/1821KB, paused 22us total 942us
11-20 13:06:39.348  1145  1145 I art     : Explicit concurrent mark sweep GC freed 875(101KB) AllocSpace objects, 0(0B) LOS objects, 55% free, 825KB/1849KB, paused 24us total 2.670ms
11-20 13:06:39.352  1145  1145 I art     : Explicit concurrent mark sweep GC freed 623(44KB) AllocSpace objects, 0(0B) LOS objects, 55% free, 829KB/1853KB, paused 23us total 1.179ms
11-20 13:06:39.359  1145  1145 I art     : Explicit concurrent mark sweep GC freed 259(20KB) AllocSpace objects, 0(0B) LOS objects, 54% free, 858KB/1882KB, paused 24us total 1.056ms
11-20 13:06:39.368  1145  1145 I art     : Explicit concurrent mark sweep GC freed 22(912B) AllocSpace objects, 0(0B) LOS objects, 45% free, 1242KB/2MB, paused 25us total 1.627ms
11-20 13:06:39.371  1145  1145 I art     : Explicit concurrent mark sweep GC freed 586(34KB) AllocSpace objects, 0(0B) LOS objects, 44% free, 1257KB/2MB, paused 24us total 1.674ms
11-20 13:06:39.374  1145  1145 I art     : Explicit concurrent mark sweep GC freed 744(44KB) AllocSpace objects, 0(0B) LOS objects, 44% free, 1262KB/2MB, paused 24us total 1.351ms
11-20 13:06:39.393  1145  1145 I System  : Loaded time zone names for "" in 17ms (17ms in ICU)
11-20 13:06:39.402  1145  1145 I System  : Loaded time zone names for "en_US" in 9ms (7ms in ICU)
11-20 13:06:39.404  1145  1145 I art     : Explicit concurrent mark sweep GC freed 2400(181KB) AllocSpace objects, 0(0B) LOS objects, 41% free, 1420KB/2MB, paused 25us total 2.063ms
11-20 13:06:39.409  1145  1145 I art     : Explicit concurrent mark sweep GC freed 136(12KB) AllocSpace objects, 0(0B) LOS objects, 40% free, 1485KB/2MB, paused 25us total 1.540ms
11-20 13:06:39.412  1145  1145 I art     : Explicit concurrent mark sweep GC freed 289(24KB) AllocSpace objects, 0(0B) LOS objects, 39% free, 1537KB/2MB, paused 24us total 1.638ms
11-20 13:06:39.416  1145  1145 I art     : Explicit concurrent mark sweep GC freed 678(47KB) AllocSpace objects, 0(0B) LOS objects, 39% free, 1539KB/2MB, paused 24us total 1.503ms
11-20 13:06:39.416  1145  1145 I Zygote  : ...preloaded 3005 classes in 267ms.
11-20 13:06:39.416  1145  1145 I art     : VMRuntime.preloadDexCaches starting
11-20 13:06:39.430  1145  1145 I art     : VMRuntime.preloadDexCaches strings total=210228 before=38149 after=38149
11-20 13:06:39.430  1145  1145 I art     : VMRuntime.preloadDexCaches types total=18018 before=6298 after=6332
11-20 13:06:39.430  1145  1145 I art     : VMRuntime.preloadDexCaches fields total=84415 before=31980 after=32305
11-20 13:06:39.431  1145  1145 I art     : VMRuntime.preloadDexCaches methods total=148999 before=65718 after=66595
11-20 13:06:39.431  1145  1145 I art     : VMRuntime.preloadDexCaches finished
11-20 13:06:39.431  1145  1145 I art     : Counter: 0
11-20 13:06:39.431  1145  1145 I art     : Counter: 1
11-20 13:06:39.433  1145  1145 I art     : Explicit concurrent mark sweep GC freed 71(16KB) AllocSpace objects, 0(0B) LOS objects, 66% free, 1524KB/4MB, paused 25us total 2.158ms
11-20 13:06:39.439  1477  1477 D idmap   : error: no read access to /vendor/overlay: No such file or directory
11-20 13:06:39.448  1145  1145 I Zygote  : Preloading resources...
11-20 13:06:39.450  1145  1145 W Resources: Preloaded drawable resource #0x1080096 (android:drawable/toast_frame) that varies with configuration!!
11-20 13:06:39.451  1145  1145 W Resources: Preloaded drawable resource #0x1080111 (android:drawable/btn_check_on_pressed_holo_light) that varies with configuration!!
11-20 13:06:39.451  1145  1145 W Resources: Preloaded drawable resource #0x1080110 (android:drawable/btn_check_on_pressed_holo_dark) that varies with configuration!!
11-20 13:06:39.451  1145  1145 W Resources: Preloaded drawable resource #0x108010d (android:drawable/btn_check_on_holo_light) that varies with configuration!!
11-20 13:06:39.452  1145  1145 W Resources: Preloaded drawable resource #0x108010c (android:drawable/btn_check_on_holo_dark) that varies with configuration!!
11-20 13:06:39.453  1145  1145 I art     : Explicit concurrent mark sweep GC freed 145(24KB) AllocSpace objects, 0(0B) LOS objects, 66% free, 1550KB/4MB, paused 28us total 1.638ms
11-20 13:06:39.454  1145  1145 W Resources: Preloaded drawable resource #0x108010a (android:drawable/btn_check_on_focused_holo_light) that varies with configuration!!
11-20 13:06:39.454  1145  1145 W Resources: Preloaded drawable resource #0x1080109 (android:drawable/btn_check_on_focused_holo_dark) that varies with configuration!!
11-20 13:06:39.454  1145  1145 W Resources: Preloaded drawable resource #0x1080108 (android:drawable/btn_check_on_disabled_holo_light) that varies with configuration!!
11-20 13:06:39.454  1145  1145 W Resources: Preloaded drawable resource #0x1080107 (android:drawable/btn_check_on_disabled_holo_dark) that varies with configuration!!
11-20 13:06:39.455  1145  1145 W Resources: Preloaded drawable resource #0x1080106 (android:drawable/btn_check_on_disabled_focused_holo_light) that varies with configuration!!
11-20 13:06:39.455  1145  1145 W Resources: Preloaded drawable resource #0x1080105 (android:drawable/btn_check_on_disabled_focused_holo_dark) that varies with configuration!!
11-20 13:06:39.455  1145  1145 W Resources: Preloaded drawable resource #0x10800fd (android:drawable/btn_check_off_pressed_holo_light) that varies with configuration!!
11-20 13:06:39.455  1145  1145 W Resources: Preloaded drawable resource #0x10800fc (android:drawable/btn_check_off_pressed_holo_dark) that varies with configuration!!
11-20 13:06:39.456  1145  1145 W Resources: Preloaded drawable resource #0x10800f7 (android:drawable/btn_check_off_holo_light) that varies with configuration!!
11-20 13:06:39.457  1145  1145 I art     : Explicit concurrent mark sweep GC freed 232(59KB) AllocSpace objects, 0(0B) LOS objects, 66% free, 1544KB/4MB, paused 26us total 1.629ms
11-20 13:06:39.458  1145  1145 W Resources: Preloaded drawable resource #0x10800f6 (android:drawable/btn_check_off_holo_dark) that varies with configuration!!
11-20 13:06:39.458  1145  1145 W Resources: Preloaded drawable resource #0x10800f4 (android:drawable/btn_check_off_focused_holo_light) that varies with configuration!!
11-20 13:06:39.458  1145  1145 W Resources: Preloaded drawable resource #0x10800f3 (android:drawable/btn_check_off_focused_holo_dark) that varies with configuration!!
11-20 13:06:39.458  1145  1145 W Resources: Preloaded drawable resource #0x10800f2 (android:drawable/btn_check_off_disabled_holo_light) that varies with configuration!!
11-20 13:06:39.458  1145  1145 W Resources: Preloaded drawable resource #0x10800f1 (android:drawable/btn_check_off_disabled_holo_dark) that varies with configuration!!
11-20 13:06:39.458  1145  1145 W Resources: Preloaded drawable resource #0x10800f0 (android:drawable/btn_check_off_disabled_focused_holo_light) that varies with configuration!!
11-20 13:06:39.458  1145  1145 W Resources: Preloaded drawable resource #0x10800ef (android:drawable/btn_check_off_disabled_focused_holo_dark) that varies with configuration!!
11-20 13:06:39.459  1145  1145 W Resources: Preloaded drawable resource #0x108010d (android:drawable/btn_check_on_holo_light) that varies with configuration!!
11-20 13:06:39.459  1145  1145 W Resources: Preloaded drawable resource #0x10800f7 (android:drawable/btn_check_off_holo_light) that varies with configuration!!
11-20 13:06:39.459  1145  1145 W Resources: Preloaded drawable resource #0x1080111 (android:drawable/btn_check_on_pressed_holo_light) that varies with configuration!!
11-20 13:06:39.460  1145  1145 W Resources: Preloaded drawable resource #0x10800fd (android:drawable/btn_check_off_pressed_holo_light) that varies with configuration!!
11-20 13:06:39.460  1145  1145 W Resources: Preloaded drawable resource #0x108010a (android:drawable/btn_check_on_focused_holo_light) that varies with configuration!!
11-20 13:06:39.460  1145  1145 W Resources: Preloaded drawable resource #0x10800f4 (android:drawable/btn_check_off_focused_holo_light) that varies with configuration!!
11-20 13:06:39.460  1145  1145 W Resources: Preloaded drawable resource #0x10800f7 (android:drawable/btn_check_off_holo_light) that varies with configuration!!
11-20 13:06:39.460  1145  1145 W Resources: Preloaded drawable resource #0x108010d (android:drawable/btn_check_on_holo_light) that varies with configuration!!
11-20 13:06:39.460  1145  1145 W Resources: Preloaded drawable resource #0x1080108 (android:drawable/btn_check_on_disabled_holo_light) that varies with configuration!!
11-20 13:06:39.460  1145  1145 W Resources: Preloaded drawable resource #0x10800f2 (android:drawable/btn_check_off_disabled_holo_light) that varies with configuration!!
11-20 13:06:39.461  1145  1145 W Resources: Preloaded drawable resource #0x1080106 (android:drawable/btn_check_on_disabled_focused_holo_light) that varies with configuration!!
11-20 13:06:39.461  1145  1145 W Resources: Preloaded drawable resource #0x10800f0 (android:drawable/btn_check_off_disabled_focused_holo_light) that varies with configuration!!
11-20 13:06:39.461  1145  1145 W Resources: Preloaded drawable resource #0x10800f2 (android:drawable/btn_check_off_disabled_holo_light) that varies with configuration!!
11-20 13:06:39.461  1145  1145 W Resources: Preloaded drawable resource #0x1080108 (android:drawable/btn_check_on_disabled_holo_light) that varies with configuration!!
11-20 13:06:39.461  1145  1145 W Resources: Preloaded drawable resource #0x10800e5 (android:drawable/btn_check_holo_light) that varies with configuration!!
11-20 13:06:39.463  1145  1145 I art     : Explicit concurrent mark sweep GC freed 563(119KB) AllocSpace objects, 0(0B) LOS objects, 66% free, 1549KB/4MB, paused 25us total 1.562ms
11-20 13:06:39.463  1145  1145 W Resources: Preloaded drawable resource #0x108010c (android:drawable/btn_check_on_holo_dark) that varies with configuration!!
11-20 13:06:39.463  1145  1145 W Resources: Preloaded drawable resource #0x10800f6 (android:drawable/btn_check_off_holo_dark) that varies with configuration!!
11-20 13:06:39.463  1145  1145 W Resources: Preloaded drawable resource #0x1080110 (android:drawable/btn_check_on_pressed_holo_dark) that varies with configuration!!
11-20 13:06:39.463  1145  1145 W Resources: Preloaded drawable resource #0x10800fc (android:drawable/btn_check_off_pressed_holo_dark) that varies with configuration!!
11-20 13:06:39.463  1145  1145 W Resources: Preloaded drawable resource #0x1080109 (android:drawable/btn_check_on_focused_holo_dark) that varies with configuration!!
11-20 13:06:39.464  1145  1145 W Resources: Preloaded drawable resource #0x10800f3 (android:drawable/btn_check_off_focused_holo_dark) that varies with configuration!!
11-20 13:06:39.464  1145  1145 W Resources: Preloaded drawable resource #0x10800f6 (android:drawable/btn_check_off_holo_dark) that varies with configuration!!
11-20 13:06:39.464  1145  1145 W Resources: Preloaded drawable resource #0x108010c (android:drawable/btn_check_on_holo_dark) that varies with configuration!!
11-20 13:06:39.464  1145  1145 W Resources: Preloaded drawable resource #0x1080107 (android:drawable/btn_check_on_disabled_holo_dark) that varies with configuration!!
11-20 13:06:39.464  1145  1145 W Resources: Preloaded drawable resource #0x10800f1 (android:drawable/btn_check_off_disabled_holo_dark) that varies with configuration!!
11-20 13:06:39.464  1145  1145 W Resources: Preloaded drawable resource #0x1080105 (android:drawable/btn_check_on_disabled_focused_holo_dark) that varies with configuration!!
11-20 13:06:39.464  1145  1145 W Resources: Preloaded drawable resource #0x10800ef (android:drawable/btn_check_off_disabled_focused_holo_dark) that varies with configuration!!
11-20 13:06:39.464  1145  1145 W Resources: Preloaded drawable resource #0x10800f1 (android:drawable/btn_check_off_disabled_holo_dark) that varies with configuration!!
11-20 13:06:39.464  1145  1145 W Resources: Preloaded drawable resource #0x1080107 (android:drawable/btn_check_on_disabled_holo_dark) that varies with configuration!!
11-20 13:06:39.464  1145  1145 W Resources: Preloaded drawable resource #0x10800e4 (android:drawable/btn_check_holo_dark) that varies with configuration!!
11-20 13:06:39.466  1145  1145 I art     : Explicit concurrent mark sweep GC freed 492(85KB) AllocSpace objects, 0(0B) LOS objects, 66% free, 1548KB/4MB, paused 25us total 1.511ms
11-20 13:06:39.467  1145  1145 W Resources: Preloaded drawable resource #0x10801c3 (android:drawable/btn_radio_on_pressed_holo_light) that varies with configuration!!
11-20 13:06:39.467  1145  1145 W Resources: Preloaded drawable resource #0x10801c2 (android:drawable/btn_radio_on_pressed_holo_dark) that varies with configuration!!
11-20 13:06:39.467  1145  1145 W Resources: Preloaded drawable resource #0x10801bf (android:drawable/btn_radio_on_holo_light) that varies with configuration!!
11-20 13:06:39.468  1145  1145 W Resources: Preloaded drawable resource #0x10801be (android:drawable/btn_radio_on_holo_dark) that varies with configuration!!
11-20 13:06:39.468  1145  1145 W Resources: Preloaded drawable resource #0x10801bc (android:drawable/btn_radio_on_focused_holo_light) that varies with configuration!!
11-20 13:06:39.468  1145  1145 W Resources: Preloaded drawable resource #0x10801bb (android:drawable/btn_radio_on_focused_holo_dark) that varies with configuration!!
11-20 13:06:39.469  1145  1145 W Resources: Preloaded drawable resource #0x10801ba (android:drawable/btn_radio_on_disabled_holo_light) that varies with configuration!!
11-20 13:06:39.469  1145  1145 W Resources: Preloaded drawable resource #0x10801b9 (android:drawable/btn_radio_on_disabled_holo_dark) that varies with configuration!!
11-20 13:06:39.470  1145  1145 W Resources: Preloaded drawable resource #0x10801b8 (android:drawable/btn_radio_on_disabled_focused_holo_light) that varies with configuration!!
11-20 13:06:39.472  1145  1145 I art     : Explicit concurrent mark sweep GC freed 284(53KB) AllocSpace objects, 0(0B) LOS objects, 66% free, 1548KB/4MB, paused 26us total 1.866ms
11-20 13:06:39.472  1145  1145 W Resources: Preloaded drawable resource #0x10801b7 (android:drawable/btn_radio_on_disabled_focused_holo_dark) that varies with configuration!!
11-20 13:06:39.473  1145  1145 W Resources: Preloaded drawable resource #0x10801b3 (android:drawable/btn_radio_off_pressed_holo_light) that varies with configuration!!
11-20 13:06:39.473  1145  1145 W Resources: Preloaded drawable resource #0x10801b2 (android:drawable/btn_radio_off_pressed_holo_dark) that varies with configuration!!
11-20 13:06:39.473  1145  1145 W Resources: Preloaded drawable resource #0x10801af (android:drawable/btn_radio_off_holo_light) that varies with configuration!!
11-20 13:06:39.473  1145  1145 W Resources: Preloaded drawable resource #0x10801ae (android:drawable/btn_radio_off_holo_dark) that varies with configuration!!
11-20 13:06:39.474  1145  1145 W Resources: Preloaded drawable resource #0x10801ac (android:drawable/btn_radio_off_focused_holo_light) that varies with configuration!!
11-20 13:06:39.474  1145  1145 W Resources: Preloaded drawable resource #0x10801ab (android:drawable/btn_radio_off_focused_holo_dark) that varies with configuration!!
11-20 13:06:39.474  1145  1145 W Resources: Preloaded drawable resource #0x10801aa (android:drawable/btn_radio_off_disabled_holo_light) that varies with configuration!!
11-20 13:06:39.474  1145  1145 W Resources: Preloaded drawable resource #0x10801a9 (android:drawable/btn_radio_off_disabled_holo_dark) that varies with configuration!!
11-20 13:06:39.476  1145  1145 I art     : Explicit concurrent mark sweep GC freed 248(51KB) AllocSpace objects, 0(0B) LOS objects, 66% free, 1549KB/4MB, paused 25us total 1.580ms
11-20 13:06:39.476  1145  1145 W Resources: Preloaded drawable resource #0x10801a8 (android:drawable/btn_radio_off_disabled_focused_holo_light) that varies with configuration!!
11-20 13:06:39.477  1145  1145 W Resources: Preloaded drawable resource #0x10801a7 (android:drawable/btn_radio_off_disabled_focused_holo_dark) that varies with configuration!!
11-20 13:06:39.477  1145  1145 W Resources: Preloaded drawable resource #0x1080152 (android:drawable/btn_default_pressed_holo_light) that varies with configuration!!
11-20 13:06:39.478  1145  1145 W Resources: Preloaded drawable resource #0x1080151 (android:drawable/btn_default_pressed_holo_dark) that varies with configuration!!
11-20 13:06:39.478  1145  1145 W Resources: Preloaded drawable resource #0x108014e (android:drawable/btn_default_normal_holo_light) that varies with configuration!!
11-20 13:06:39.478  1145  1145 W Resources: Preloaded drawable resource #0x108014d (android:drawable/btn_default_normal_holo_dark) that varies with configuration!!
11-20 13:06:39.478  1145  1145 W Resources: Preloaded drawable resource #0x1080144 (android:drawable/btn_default_focused_holo_light) that varies with configuration!!
11-20 13:06:39.478  1145  1145 W Resources: Preloaded drawable resource #0x1080143 (android:drawable/btn_default_focused_holo_dark) that varies with configuration!!
11-20 13:06:39.479  1145  1145 W Resources: Preloaded drawable resource #0x1080141 (android:drawable/btn_default_disabled_holo_light) that varies with configuration!!
11-20 13:06:39.479  1145  1145 W Resources: Preloaded drawable resource #0x1080140 (android:drawable/btn_default_disabled_holo_dark) that varies with configuration!!
11-20 13:06:39.481  1145  1145 I art     : Explicit concurrent mark sweep GC freed 261(24KB) AllocSpace objects, 0(0B) LOS objects, 66% free, 1579KB/4MB, paused 25us total 1.585ms
11-20 13:06:39.481  1145  1145 W Resources: Preloaded drawable resource #0x108013e (android:drawable/btn_default_disabled_focused_holo_light) that varies with configuration!!
11-20 13:06:39.481  1145  1145 W Resources: Preloaded drawable resource #0x108013d (android:drawable/btn_default_disabled_focused_holo_dark) that varies with configuration!!
11-20 13:06:39.481  1145  1145 W Resources: Preloaded drawable resource #0x108014d (android:drawable/btn_default_normal_holo_dark) that varies with configuration!!
11-20 13:06:39.482  1145  1145 W Resources: Preloaded drawable resource #0x1080140 (android:drawable/btn_default_disabled_holo_dark) that varies with configuration!!
11-20 13:06:39.482  1145  1145 W Resources: Preloaded drawable resource #0x1080151 (android:drawable/btn_default_pressed_holo_dark) that varies with configuration!!
11-20 13:06:39.482  1145  1145 W Resources: Preloaded drawable resource #0x1080143 (android:drawable/btn_default_focused_holo_dark) that varies with configuration!!
11-20 13:06:39.482  1145  1145 W Resources: Preloaded drawable resource #0x108014d (android:drawable/btn_default_normal_holo_dark) that varies with configuration!!
11-20 13:06:39.482  1145  1145 W Resources: Preloaded drawable resource #0x108013d (android:drawable/btn_default_disabled_focused_holo_dark) that varies with configuration!!
11-20 13:06:39.482  1145  1145 W Resources: Preloaded drawable resource #0x1080140 (android:drawable/btn_default_disabled_holo_dark) that varies with configuration!!
11-20 13:06:39.482  1145  1145 W Resources: Preloaded drawable resource #0x1080145 (android:drawable/btn_default_holo_dark) that varies with configuration!!
11-20 13:06:39.484  1145  1145 I art     : Explicit concurrent mark sweep GC freed 333(45KB) AllocSpace objects, 0(0B) LOS objects, 66% free, 1583KB/4MB, paused 25us total 1.707ms
11-20 13:06:39.484  1145  1145 W Resources: Preloaded drawable resource #0x108014e (android:drawable/btn_default_normal_holo_light) that varies with configuration!!
11-20 13:06:39.485  1145  1145 W Resources: Preloaded drawable resource #0x1080141 (android:drawable/btn_default_disabled_holo_light) that varies with configuration!!
11-20 13:06:39.485  1145  1145 W Resources: Preloaded drawable resource #0x1080152 (android:drawable/btn_default_pressed_holo_light) that varies with configuration!!
11-20 13:06:39.485  1145  1145 W Resources: Preloaded drawable resource #0x1080144 (android:drawable/btn_default_focused_holo_light) that varies with configuration!!
11-20 13:06:39.485  1145  1145 W Resources: Preloaded drawable resource #0x108014e (android:drawable/btn_default_normal_holo_light) that varies with configuration!!
11-20 13:06:39.485  1145  1145 W Resources: Preloaded drawable resource #0x108013e (android:drawable/btn_default_disabled_focused_holo_light) that varies with configuration!!
11-20 13:06:39.485  1145  1145 W Resources: Preloaded drawable resource #0x1080141 (android:drawable/btn_default_disabled_holo_light) that varies with configuration!!
11-20 13:06:39.485  1145  1145 W Resources: Preloaded drawable resource #0x1080146 (android:drawable/btn_default_holo_light) that varies with configuration!!
11-20 13:06:39.486  1145  1145 W Resources: Preloaded drawable resource #0x1080224 (android:drawable/btn_star_off_normal_holo_light) that varies with configuration!!
11-20 13:06:39.486  1145  1145 W Resources: Preloaded drawable resource #0x108022e (android:drawable/btn_star_on_normal_holo_light) that varies with configuration!!
11-20 13:06:39.488  1145  1145 I art     : Explicit concurrent mark sweep GC freed 339(56KB) AllocSpace objects, 0(0B) LOS objects, 66% free, 1577KB/4MB, paused 25us total 1.545ms
11-20 13:06:39.489  1145  1145 W Resources: Preloaded drawable resource #0x108022a (android:drawable/btn_star_on_disabled_holo_light) that varies with configuration!!
11-20 13:06:39.489  1145  1145 W Resources: Preloaded drawable resource #0x1080220 (android:drawable/btn_star_off_disabled_holo_light) that varies with configuration!!
11-20 13:06:39.489  1145  1145 W Resources: Preloaded drawable resource #0x1080230 (android:drawable/btn_star_on_pressed_holo_light) that varies with configuration!!
11-20 13:06:39.490  1145  1145 W Resources: Preloaded drawable resource #0x1080226 (android:drawable/btn_star_off_pressed_holo_light) that varies with configuration!!
11-20 13:06:39.490  1145  1145 W Resources: Preloaded drawable resource #0x108022c (android:drawable/btn_star_on_focused_holo_light) that varies with configuration!!
11-20 13:06:39.490  1145  1145 W Resources: Preloaded drawable resource #0x1080222 (android:drawable/btn_star_off_focused_holo_light) that varies with configuration!!
11-20 13:06:39.490  1145  1145 W Resources: Preloaded drawable resource #0x1080228 (android:drawable/btn_star_on_disabled_focused_holo_light) that varies with configuration!!
11-20 13:06:39.491  1145  1145 W Resources: Preloaded drawable resource #0x108021e (android:drawable/btn_star_off_disabled_focused_holo_light) that varies with configuration!!
11-20 13:06:39.491  1145  1145 W Resources: Preloaded drawable resource #0x1080224 (android:drawable/btn_star_off_normal_holo_light) that varies with configuration!!
11-20 13:06:39.491  1145  1145 W Resources: Preloaded drawable resource #0x108022e (android:drawable/btn_star_on_normal_holo_light) that varies with configuration!!
11-20 13:06:39.491  1145  1145 W Resources: Preloaded drawable resource #0x108022a (android:drawable/btn_star_on_disabled_holo_light) that varies with configuration!!
11-20 13:06:39.491  1145  1145 W Resources: Preloaded drawable resource #0x1080220 (android:drawable/btn_star_off_disabled_holo_light) that varies with configuration!!
11-20 13:06:39.491  1145  1145 W Resources: Preloaded drawable resource #0x1080230 (android:drawable/btn_star_on_pressed_holo_light) that varies with configuration!!
11-20 13:06:39.492  1145  1145 W Resources: Preloaded drawable resource #0x1080226 (android:drawable/btn_star_off_pressed_holo_light) that varies with configuration!!
11-20 13:06:39.492  1145  1145 W Resources: Preloaded drawable resource #0x108022c (android:drawable/btn_star_on_focused_holo_light) that varies with configuration!!
11-20 13:06:39.492  1145  1145 W Resources: Preloaded drawable resource #0x1080222 (android:drawable/btn_star_off_focused_holo_light) that varies with configuration!!
11-20 13:06:39.492  1145  1145 W Resources: Preloaded drawable resource #0x1080228 (android:drawable/btn_star_on_disabled_focused_holo_light) that varies with configuration!!
11-20 13:06:39.492  1145  1145 W Resources: Preloaded drawable resource #0x108022a (android:drawable/btn_star_on_disabled_holo_light) that varies with configuration!!
11-20 13:06:39.492  1145  1145 W Resources: Preloaded drawable resource #0x108021e (android:drawable/btn_star_off_disabled_focused_holo_light) that varies with configuration!!
11-20 13:06:39.492  1145  1145 W Resources: Preloaded drawable resource #0x1080220 (android:drawable/btn_star_off_disabled_holo_light) that varies with configuration!!
11-20 13:06:39.492  1145  1145 W Resources: Preloaded drawable resource #0x1080224 (android:drawable/btn_star_off_normal_holo_light) that varies with configuration!!
11-20 13:06:39.493  1145  1145 W Resources: Preloaded drawable resource #0x108022e (android:drawable/btn_star_on_normal_holo_light) that varies with configuration!!
11-20 13:06:39.493  1145  1145 W Resources: Preloaded drawable resource #0x1080219 (android:drawable/btn_star_holo_light) that varies with configuration!!
11-20 13:06:39.494  1145  1145 I art     : Explicit concurrent mark sweep GC freed 632(149KB) AllocSpace objects, 0(0B) LOS objects, 66% free, 1559KB/4MB, paused 25us total 1.558ms
11-20 13:06:39.495  1145  1145 W Resources: Preloaded drawable resource #0x1080223 (android:drawable/btn_star_off_normal_holo_dark) that varies with configuration!!
11-20 13:06:39.495  1145  1145 W Resources: Preloaded drawable resource #0x108022d (android:drawable/btn_star_on_normal_holo_dark) that varies with configuration!!
11-20 13:06:39.495  1145  1145 W Resources: Preloaded drawable resource #0x1080229 (android:drawable/btn_star_on_disabled_holo_dark) that varies with configuration!!
11-20 13:06:39.495  1145  1145 W Resources: Preloaded drawable resource #0x108021f (android:drawable/btn_star_off_disabled_holo_dark) that varies with configuration!!
11-20 13:06:39.495  1145  1145 W Resources: Preloaded drawable resource #0x108022f (android:drawable/btn_star_on_pressed_holo_dark) that varies with configuration!!
11-20 13:06:39.495  1145  1145 W Resources: Preloaded drawable resource #0x1080225 (android:drawable/btn_star_off_pressed_holo_dark) that varies with configuration!!
11-20 13:06:39.496  1145  1145 W Resources: Preloaded drawable resource #0x108022b (android:drawable/btn_star_on_focused_holo_dark) that varies with configuration!!
11-20 13:06:39.496  1145  1145 W Resources: Preloaded drawable resource #0x1080221 (android:drawable/btn_star_off_focused_holo_dark) that varies with configuration!!
11-20 13:06:39.496  1145  1145 W Resources: Preloaded drawable resource #0x1080227 (android:drawable/btn_star_on_disabled_focused_holo_dark) that varies with configuration!!
11-20 13:06:39.498  1145  1145 I art     : Explicit concurrent mark sweep GC freed 339(55KB) AllocSpace objects, 0(0B) LOS objects, 66% free, 1556KB/4MB, paused 29us total 1.562ms
11-20 13:06:39.498  1145  1145 W Resources: Preloaded drawable resource #0x108021d (android:drawable/btn_star_off_disabled_focused_holo_dark) that varies with configuration!!
11-20 13:06:39.498  1145  1145 W Resources: Preloaded drawable resource #0x1080223 (android:drawable/btn_star_off_normal_holo_dark) that varies with configuration!!
11-20 13:06:39.498  1145  1145 W Resources: Preloaded drawable resource #0x108022d (android:drawable/btn_star_on_normal_holo_dark) that varies with configuration!!
11-20 13:06:39.498  1145  1145 W Resources: Preloaded drawable resource #0x1080229 (android:drawable/btn_star_on_disabled_holo_dark) that varies with configuration!!
11-20 13:06:39.498  1145  1145 W Resources: Preloaded drawable resource #0x108021f (android:drawable/btn_star_off_disabled_holo_dark) that varies with configuration!!
11-20 13:06:39.499  1145  1145 W Resources: Preloaded drawable resource #0x108022f (android:drawable/btn_star_on_pressed_holo_dark) that varies with configuration!!
11-20 13:06:39.499  1145  1145 W Resources: Preloaded drawable resource #0x1080225 (android:drawable/btn_star_off_pressed_holo_dark) that varies with configuration!!
11-20 13:06:39.499  1145  1145 W Resources: Preloaded drawable resource #0x108022b (android:drawable/btn_star_on_focused_holo_dark) that varies with configuration!!
11-20 13:06:39.499  1145  1145 W Resources: Preloaded drawable resource #0x1080221 (android:drawable/btn_star_off_focused_holo_dark) that varies with configuration!!
11-20 13:06:39.499  1145  1145 W Resources: Preloaded drawable resource #0x1080227 (android:drawable/btn_star_on_disabled_focused_holo_dark) that varies with configuration!!
11-20 13:06:39.499  1145  1145 W Resources: Preloaded drawable resource #0x1080229 (android:drawable/btn_star_on_disabled_holo_dark) that varies with configuration!!
11-20 13:06:39.499  1145  1145 W Resources: Preloaded drawable resource #0x108021d (android:drawable/btn_star_off_disabled_focused_holo_dark) that varies with configuration!!
11-20 13:06:39.499  1145  1145 W Resources: Preloaded drawable resource #0x108021f (android:drawable/btn_star_off_disabled_holo_dark) that varies with configuration!!
11-20 13:06:39.500  1145  1145 W Resources: Preloaded drawable resource #0x1080223 (android:drawable/btn_star_off_normal_holo_dark) that varies with configuration!!
11-20 13:06:39.500  1145  1145 W Resources: Preloaded drawable resource #0x108022d (android:drawable/btn_star_on_normal_holo_dark) that varies with configuration!!
11-20 13:06:39.500  1145  1145 W Resources: Preloaded drawable resource #0x1080218 (android:drawable/btn_star_holo_dark) that varies with configuration!!
11-20 13:06:39.501  1145  1145 I art     : Explicit concurrent mark sweep GC freed 437(86KB) AllocSpace objects, 0(0B) LOS objects, 66% free, 1558KB/4MB, paused 25us total 1.500ms
11-20 13:06:39.502  1145  1145 W Resources: Preloaded drawable resource #0x1080264 (android:drawable/btn_toggle_on_pressed_holo_light) that varies with configuration!!
11-20 13:06:39.502  1145  1145 W Resources: Preloaded drawable resource #0x1080263 (android:drawable/btn_toggle_on_pressed_holo_dark) that varies with configuration!!
11-20 13:06:39.502  1145  1145 W Resources: Preloaded drawable resource #0x1080262 (android:drawable/btn_toggle_on_normal_holo_light) that varies with configuration!!
11-20 13:06:39.502  1145  1145 W Resources: Preloaded drawable resource #0x1080261 (android:drawable/btn_toggle_on_normal_holo_dark) that varies with configuration!!
11-20 13:06:39.502  1145  1145 W Resources: Preloaded drawable resource #0x1080260 (android:drawable/btn_toggle_on_focused_holo_light) that varies with configuration!!
11-20 13:06:39.502  1145  1145 W Resources: Preloaded drawable resource #0x108025f (android:drawable/btn_toggle_on_focused_holo_dark) that varies with configuration!!
11-20 13:06:39.502  1145  1145 W Resources: Preloaded drawable resource #0x108025e (android:drawable/btn_toggle_on_disabled_holo_light) that varies with configuration!!
