11-08 13:47:22.434  1139  1139 W Resources: Preloaded drawable resource #0x1080237 (android:drawable/btn_switch_to_off_mtrl_00007) that varies with configuration!!
11-08 13:47:22.436  1138  1138 I art     : Explicit concurrent mark sweep GC freed 115(9KB) AllocSpace objects, 0(0B) LOS objects, 33% free, 7MB/10MB, paused 301us total 13.860ms
11-08 13:47:22.438  1138  1138 E EmojiFactory_jni: Failed to load libemoji.so: dlopen failed: library "libemoji.so" not found
11-08 13:47:22.439  1139  1139 I art     : Explicit concurrent mark sweep GC freed 241(27KB) AllocSpace objects, 0(0B) LOS objects, 66% free, 1636KB/4MB, paused 393us total 4.061ms
11-08 13:47:22.439  1139  1139 W Resources: Preloaded drawable resource #0x1080238 (android:drawable/btn_switch_to_off_mtrl_00008) that varies with configuration!!
11-08 13:47:22.440  1139  1139 W Resources: Preloaded drawable resource #0x1080239 (android:drawable/btn_switch_to_off_mtrl_00009) that varies with configuration!!
11-08 13:47:22.440  1139  1139 W Resources: Preloaded drawable resource #0x108023a (android:drawable/btn_switch_to_off_mtrl_00010) that varies with configuration!!
11-08 13:47:22.440  1139  1139 W Resources: Preloaded drawable resource #0x108023b (android:drawable/btn_switch_to_off_mtrl_00011) that varies with configuration!!
11-08 13:47:22.440  1139  1139 W Resources: Preloaded drawable resource #0x108023c (android:drawable/btn_switch_to_off_mtrl_00012) that varies with configuration!!
11-08 13:47:22.441  1139  1139 W Resources: Preloaded drawable resource #0x108023d (android:drawable/btn_switch_to_on_mtrl_00001) that varies with configuration!!
11-08 13:47:22.441  1139  1139 W Resources: Preloaded drawable resource #0x108023e (android:drawable/btn_switch_to_on_mtrl_00002) that varies with configuration!!
11-08 13:47:22.441  1139  1139 W Resources: Preloaded drawable resource #0x108023f (android:drawable/btn_switch_to_on_mtrl_00003) that varies with configuration!!
11-08 13:47:22.441  1139  1139 W Resources: Preloaded drawable resource #0x1080240 (android:drawable/btn_switch_to_on_mtrl_00004) that varies with configuration!!
11-08 13:47:22.441  1139  1139 W Resources: Preloaded drawable resource #0x1080241 (android:drawable/btn_switch_to_on_mtrl_00005) that varies with configuration!!
11-08 13:47:22.442  1139  1139 W Resources: Preloaded drawable resource #0x1080242 (android:drawable/btn_switch_to_on_mtrl_00006) that varies with configuration!!
11-08 13:47:22.448  1139  1139 I art     : Explicit concurrent mark sweep GC freed 321(39KB) AllocSpace objects, 0(0B) LOS objects, 66% free, 1650KB/4MB, paused 444us total 4.586ms
11-08 13:47:22.448  1139  1139 W Resources: Preloaded drawable resource #0x1080243 (android:drawable/btn_switch_to_on_mtrl_00007) that varies with configuration!!
11-08 13:47:22.449  1139  1139 W Resources: Preloaded drawable resource #0x1080244 (android:drawable/btn_switch_to_on_mtrl_00008) that varies with configuration!!
11-08 13:47:22.449  1139  1139 W Resources: Preloaded drawable resource #0x1080245 (android:drawable/btn_switch_to_on_mtrl_00009) that varies with configuration!!
11-08 13:47:22.449  1139  1139 W Resources: Preloaded drawable resource #0x1080246 (android:drawable/btn_switch_to_on_mtrl_00010) that varies with configuration!!
11-08 13:47:22.449  1139  1139 W Resources: Preloaded drawable resource #0x1080247 (android:drawable/btn_switch_to_on_mtrl_00011) that varies with configuration!!
11-08 13:47:22.450  1139  1139 W Resources: Preloaded drawable resource #0x1080248 (android:drawable/btn_switch_to_on_mtrl_00012) that varies with configuration!!
11-08 13:47:22.450  1139  1139 W Resources: Preloaded drawable resource #0x108024d (android:drawable/btn_toggle_indicator_mtrl_alpha) that varies with configuration!!
11-08 13:47:22.451  1139  1139 W Resources: Preloaded drawable resource #0x10802e5 (android:drawable/expander_close_mtrl_alpha) that varies with configuration!!
11-08 13:47:22.451  1139  1139 W Resources: Preloaded drawable resource #0x10802ee (android:drawable/expander_open_mtrl_alpha) that varies with configuration!!
11-08 13:47:22.451  1139  1139 W Resources: Preloaded drawable resource #0x10802f8 (android:drawable/fastscroll_thumb_mtrl_alpha) that varies with configuration!!
11-08 13:47:22.458  1139  1139 I art     : Explicit concurrent mark sweep GC freed 335(56KB) AllocSpace objects, 0(0B) LOS objects, 66% free, 1645KB/4MB, paused 558us total 5.126ms
11-08 13:47:22.459  1139  1139 W Resources: Preloaded drawable resource #0x10802ff (android:drawable/fastscroll_track_mtrl_alpha) that varies with configuration!!
11-08 13:47:22.461  1139  1139 W Resources: Preloaded drawable resource #0x1080339 (android:drawable/ic_cab_done_mtrl_alpha) that varies with configuration!!
11-08 13:47:22.462  1139  1139 W Resources: Preloaded drawable resource #0x1080340 (android:drawable/ic_clear_mtrl_alpha) that varies with configuration!!
11-08 13:47:22.463  1139  1139 W Resources: Preloaded drawable resource #0x108034c (android:drawable/ic_commit_search_api_mtrl_alpha) that varies with configuration!!
11-08 13:47:22.464  1139  1139 W Resources: Preloaded drawable resource #0x1080364 (android:drawable/ic_find_next_mtrl_alpha) that varies with configuration!!
11-08 13:47:22.464  1139  1139 W Resources: Preloaded drawable resource #0x1080368 (android:drawable/ic_find_previous_mtrl_alpha) that varies with configuration!!
11-08 13:47:22.465  1139  1139 W Resources: Preloaded drawable resource #0x10803b6 (android:drawable/ic_media_route_disabled_mtrl_alpha) that varies with configuration!!
11-08 13:47:22.474  1139  1139 I art     : Explicit concurrent mark sweep GC freed 574(71KB) AllocSpace objects, 0(0B) LOS objects, 66% free, 1625KB/4MB, paused 1.675ms total 6.866ms
11-08 13:47:22.474  1139  1139 W Resources: Preloaded drawable resource #0x10803bc (android:drawable/ic_media_route_off_mtrl_alpha) that varies with configuration!!
11-08 13:47:22.475  1139  1139 W Resources: Preloaded drawable resource #0x10803bf (android:drawable/ic_media_route_on_0_mtrl_alpha) that varies with configuration!!
11-08 13:47:22.475  1139  1139 W Resources: Preloaded drawable resource #0x10803c2 (android:drawable/ic_media_route_on_1_mtrl_alpha) that varies with configuration!!
11-08 13:47:22.475  1139  1139 W Resources: Preloaded drawable resource #0x10803c5 (android:drawable/ic_media_route_on_2_mtrl_alpha) that varies with configuration!!
11-08 13:47:22.475  1139  1139 W Resources: Preloaded drawable resource #0x10803c8 (android:drawable/ic_media_route_on_mtrl_alpha) that varies with configuration!!
11-08 13:47:22.477  1138  1138 I art     : Explicit concurrent mark sweep GC freed 206(43KB) AllocSpace objects, 0(0B) LOS objects, 33% free, 7MB/11MB, paused 423us total 19.826ms
11-08 13:47:22.482  1139  1139 I art     : Explicit concurrent mark sweep GC freed 1268(67KB) AllocSpace objects, 0(0B) LOS objects, 66% free, 1632KB/4MB, paused 846us total 5.012ms
11-08 13:47:22.483  1139  1139 W Resources: Preloaded drawable resource #0x10803e6 (android:drawable/ic_menu_find_mtrl_alpha) that varies with configuration!!
11-08 13:47:22.484  1139  1139 W Resources: Preloaded drawable resource #0x1080401 (android:drawable/ic_menu_search_mtrl_alpha) that varies with configuration!!
11-08 13:47:22.491  1139  1139 I art     : Explicit concurrent mark sweep GC freed 1550(60KB) AllocSpace objects, 0(0B) LOS objects, 66% free, 1645KB/4MB, paused 392us total 4.646ms
11-08 13:47:22.495  1138  1138 I art     : Explicit concurrent mark sweep GC freed 167(14KB) AllocSpace objects, 0(0B) LOS objects, 33% free, 7MB/11MB, paused 332us total 12.521ms
11-08 13:47:22.498  1139  1139 I art     : Explicit concurrent mark sweep GC freed 1382(48KB) AllocSpace objects, 0(0B) LOS objects, 66% free, 1652KB/4MB, paused 409us total 4.706ms
11-08 13:47:22.498  1139  1139 W Resources: Preloaded drawable resource #0x108049a (android:drawable/list_divider_mtrl_alpha) that varies with configuration!!
11-08 13:47:22.498  1139  1139 W Resources: Preloaded drawable resource #0x10804a7 (android:drawable/list_section_divider_mtrl_alpha) that varies with configuration!!
11-08 13:47:22.499  1139  1139 W Resources: Preloaded drawable resource #0x108054e (android:drawable/popup_background_mtrl_mult) that varies with configuration!!
11-08 13:47:22.499  1139  1139 W Resources: Preloaded drawable resource #0x1080575 (android:drawable/progress_mtrl_alpha) that varies with configuration!!
11-08 13:47:22.499  1139  1139 W Resources: Preloaded drawable resource #0x10805d6 (android:drawable/scrollbar_handle_mtrl_alpha) that varies with configuration!!
11-08 13:47:22.500  1139  1139 W Resources: Preloaded drawable resource #0x10805da (android:drawable/scrubber_control_from_pressed_mtrl_000) that varies with configuration!!
11-08 13:47:22.500  1139  1139 W Resources: Preloaded drawable resource #0x10805db (android:drawable/scrubber_control_from_pressed_mtrl_001) that varies with configuration!!
11-08 13:47:22.501  1139  1139 W Resources: Preloaded drawable resource #0x10805dc (android:drawable/scrubber_control_from_pressed_mtrl_002) that varies with configuration!!
11-08 13:47:22.501  1139  1139 W Resources: Preloaded drawable resource #0x10805dd (android:drawable/scrubber_control_from_pressed_mtrl_003) that varies with configuration!!
11-08 13:47:22.501  1139  1139 W Resources: Preloaded drawable resource #0x10805de (android:drawable/scrubber_control_from_pressed_mtrl_004) that varies with configuration!!
11-08 13:47:22.501  1139  1139 W Resources: Preloaded drawable resource #0x10805df (android:drawable/scrubber_control_from_pressed_mtrl_005) that varies with configuration!!
11-08 13:47:22.501  1139  1139 W Resources: Preloaded drawable resource #0x10805e3 (android:drawable/scrubber_control_off_pressed_mtrl_alpha) that varies with configuration!!
11-08 13:47:22.502  1139  1139 W Resources: Preloaded drawable resource #0x10805e2 (android:drawable/scrubber_control_off_mtrl_alpha) that varies with configuration!!
11-08 13:47:22.502  1139  1139 W Resources: Preloaded drawable resource #0x10805e5 (android:drawable/scrubber_control_on_pressed_mtrl_alpha) that varies with configuration!!
11-08 13:47:22.508  1139  1139 I art     : Explicit concurrent mark sweep GC freed 359(39KB) AllocSpace objects, 0(0B) LOS objects, 66% free, 1664KB/4MB, paused 1.069ms total 5.221ms
11-08 13:47:22.509  1139  1139 W Resources: Preloaded drawable resource #0x10805e4 (android:drawable/scrubber_control_on_mtrl_alpha) that varies with configuration!!
11-08 13:47:22.509  1139  1139 W Resources: Preloaded drawable resource #0x10805e9 (android:drawable/scrubber_control_to_pressed_mtrl_000) that varies with configuration!!
11-08 13:47:22.509  1139  1139 W Resources: Preloaded drawable resource #0x10805ea (android:drawable/scrubber_control_to_pressed_mtrl_001) that varies with configuration!!
11-08 13:47:22.509  1139  1139 W Resources: Preloaded drawable resource #0x10805eb (android:drawable/scrubber_control_to_pressed_mtrl_002) that varies with configuration!!
11-08 13:47:22.510  1139  1139 W Resources: Preloaded drawable resource #0x10805ec (android:drawable/scrubber_control_to_pressed_mtrl_003) that varies with configuration!!
11-08 13:47:22.510  1139  1139 W Resources: Preloaded drawable resource #0x10805ed (android:drawable/scrubber_control_to_pressed_mtrl_004) that varies with configuration!!
11-08 13:47:22.511  1139  1139 W Resources: Preloaded drawable resource #0x10805ee (android:drawable/scrubber_control_to_pressed_mtrl_005) that varies with configuration!!
11-08 13:47:22.512  1139  1139 W Resources: Preloaded drawable resource #0x10805f0 (android:drawable/scrubber_primary_mtrl_alpha) that varies with configuration!!
11-08 13:47:22.512  1139  1139 W Resources: Preloaded drawable resource #0x10805f7 (android:drawable/scrubber_track_mtrl_alpha) that varies with configuration!!
11-08 13:47:22.512  1139  1139 W Resources: Preloaded drawable resource #0x108063f (android:drawable/spinner_mtrl_am_alpha) that varies with configuration!!
11-08 13:47:22.513  1139  1139 W Resources: Preloaded drawable resource #0x10806c0 (android:drawable/switch_track_mtrl_alpha) that varies with configuration!!
11-08 13:47:22.514  1139  1139 W Resources: Preloaded drawable resource #0x1080701 (android:drawable/text_cursor_mtrl_alpha) that varies with configuration!!
11-08 13:47:22.514  1139  1139 W Resources: Preloaded drawable resource #0x1080710 (android:drawable/textfield_activated_mtrl_alpha) that varies with configuration!!
11-08 13:47:22.514  1139  1139 W Resources: Preloaded drawable resource #0x1080719 (android:drawable/textfield_default_mtrl_alpha) that varies with configuration!!
11-08 13:47:22.514  1139  1139 W Resources: Preloaded drawable resource #0x108072f (android:drawable/textfield_search_activated_mtrl_alpha) that varies with configuration!!
11-08 13:47:22.515  1139  1139 W Resources: Preloaded drawable resource #0x1080733 (android:drawable/textfield_search_default_mtrl_alpha) that varies with configuration!!
11-08 13:47:22.515  1139  1139 W Resources: Preloaded drawable resource #0x1080707 (android:drawable/text_select_handle_left_mtrl_alpha) that varies with configuration!!
11-08 13:47:22.521  1139  1139 I art     : Explicit concurrent mark sweep GC freed 458(48KB) AllocSpace objects, 0(0B) LOS objects, 66% free, 1665KB/4MB, paused 401us total 4.602ms
11-08 13:47:22.522  1139  1139 W Resources: Preloaded drawable resource #0x108070a (android:drawable/text_select_handle_middle_mtrl_alpha) that varies with configuration!!
11-08 13:47:22.522  1139  1139 W Resources: Preloaded drawable resource #0x108070d (android:drawable/text_select_handle_right_mtrl_alpha) that varies with configuration!!
11-08 13:47:22.522  1139  1139 I Zygote  : ...preloaded 430 resources in 559ms.
11-08 13:47:22.523  1138  1138 I art     : Explicit concurrent mark sweep GC freed 174(17KB) AllocSpace objects, 0(0B) LOS objects, 33% free, 7MB/11MB, paused 634us total 22.251ms
11-08 13:47:22.537  1139  1139 I art     : Explicit concurrent mark sweep GC freed 406(34KB) AllocSpace objects, 0(0B) LOS objects, 66% free, 1680KB/4MB, paused 1.401ms total 9.775ms
11-08 13:47:22.538  1139  1139 I Zygote  : ...preloaded 41 resources in 16ms.
11-08 13:47:22.538  1139  1139 I art     : Counter: 0
11-08 13:47:22.540  1139  1139 E libEGL  : load_driver(/system/lib/egl/libGLES_emulation.so): dlopen failed: library "/system/lib/egl/libGLES_emulation.so" not found
11-08 13:47:22.549  1138  1138 I art     : Explicit concurrent mark sweep GC freed 129(10KB) AllocSpace objects, 0(0B) LOS objects, 33% free, 7MB/11MB, paused 306us total 21.805ms
11-08 13:47:22.577  1138  1138 I art     : Explicit concurrent mark sweep GC freed 162(14KB) AllocSpace objects, 0(0B) LOS objects, 33% free, 7MB/11MB, paused 311us total 18.087ms
11-08 13:47:22.586  1139  1139 D libEGL  : loaded /system/lib/egl/libEGL_emulation.so
11-08 13:47:22.589  1139  1139 D libEGL  : loaded /system/lib/egl/libGLESv1_CM_emulation.so
11-08 13:47:22.599  1139  1139 D libEGL  : loaded /system/lib/egl/libGLESv2_emulation.so
11-08 13:47:22.602  1138  1138 I art     : Explicit concurrent mark sweep GC freed 110(11KB) AllocSpace objects, 0(0B) LOS objects, 33% free, 7MB/11MB, paused 352us total 20.167ms
11-08 13:47:22.603  1139  1139 I Zygote  : Preloading shared libraries...
11-08 13:47:22.609  1139  1139 D Zygote  : end preload
11-08 13:47:22.614  1139  1139 I art     : Explicit concurrent mark sweep GC freed 459(21KB) AllocSpace objects, 0(0B) LOS objects, 66% free, 1665KB/4MB, paused 403us total 4.658ms
11-08 13:47:22.617  1138  1138 I art     : Explicit concurrent mark sweep GC freed 77(6KB) AllocSpace objects, 0(0B) LOS objects, 33% free, 7MB/11MB, paused 302us total 10.577ms
11-08 13:47:22.619  1139  1139 I art     : Explicit concurrent mark sweep GC freed 74(2912B) AllocSpace objects, 0(0B) LOS objects, 66% free, 1662KB/4MB, paused 291us total 3.604ms
11-08 13:47:22.623  1139  1139 I art     : Explicit concurrent mark sweep GC freed 5(160B) AllocSpace objects, 0(0B) LOS objects, 66% free, 1662KB/4MB, paused 294us total 3.968ms
11-08 13:47:22.624  1139  1139 I Zygote  : Accepting command socket connections
11-08 13:47:22.630  1138  1138 I art     : Explicit concurrent mark sweep GC freed 265(16KB) AllocSpace objects, 0(0B) LOS objects, 33% free, 7MB/11MB, paused 238us total 8.728ms
11-08 13:47:22.643  1138  1138 I art     : Explicit concurrent mark sweep GC freed 128(19KB) AllocSpace objects, 0(0B) LOS objects, 33% free, 7MB/11MB, paused 244us total 9.382ms
11-08 13:47:22.655  1138  1138 I art     : Explicit concurrent mark sweep GC freed 167(24KB) AllocSpace objects, 0(0B) LOS objects, 33% free, 7MB/11MB, paused 260us total 8.528ms
11-08 13:47:22.665  1138  1138 I art     : Explicit concurrent mark sweep GC freed 75(7KB) AllocSpace objects, 0(0B) LOS objects, 33% free, 7MB/11MB, paused 238us total 7.794ms
11-08 13:47:22.676  1138  1138 I art     : Explicit concurrent mark sweep GC freed 70(10KB) AllocSpace objects, 0(0B) LOS objects, 33% free, 7MB/11MB, paused 231us total 7.927ms
11-08 13:47:22.686  1138  1138 I art     : Explicit concurrent mark sweep GC freed 113(11KB) AllocSpace objects, 0(0B) LOS objects, 33% free, 7MB/11MB, paused 278us total 7.917ms
11-08 13:47:22.701  1138  1138 I art     : Explicit concurrent mark sweep GC freed 66(15KB) AllocSpace objects, 0(0B) LOS objects, 33% free, 7MB/11MB, paused 290us total 7.736ms
11-08 13:47:22.714  1138  1138 I art     : Explicit concurrent mark sweep GC freed 55(20KB) AllocSpace objects, 0(0B) LOS objects, 33% free, 7MB/11MB, paused 231us total 8.843ms
11-08 13:47:22.726  1138  1138 I art     : Explicit concurrent mark sweep GC freed 35(35KB) AllocSpace objects, 0(0B) LOS objects, 33% free, 7MB/11MB, paused 270us total 9.410ms
11-08 13:47:22.739  1138  1138 I art     : Explicit concurrent mark sweep GC freed 55(21KB) AllocSpace objects, 0(0B) LOS objects, 33% free, 8MB/12MB, paused 260us total 9.258ms
11-08 13:47:22.752  1138  1138 I art     : Explicit concurrent mark sweep GC freed 26(29KB) AllocSpace objects, 0(0B) LOS objects, 33% free, 8MB/12MB, paused 277us total 8.752ms
11-08 13:47:22.763  1138  1138 I art     : Explicit concurrent mark sweep GC freed 87(20KB) AllocSpace objects, 0(0B) LOS objects, 33% free, 8MB/12MB, paused 237us total 8.361ms
11-08 13:47:22.774  1138  1138 I art     : Explicit concurrent mark sweep GC freed 67(17KB) AllocSpace objects, 0(0B) LOS objects, 33% free, 8MB/12MB, paused 240us total 8.315ms
11-08 13:47:22.786  1138  1138 I art     : Explicit concurrent mark sweep GC freed 57(20KB) AllocSpace objects, 0(0B) LOS objects, 32% free, 8MB/12MB, paused 277us total 8.566ms
11-08 13:47:22.799  1138  1138 I art     : Explicit concurrent mark sweep GC freed 32(34KB) AllocSpace objects, 0(0B) LOS objects, 32% free, 8MB/12MB, paused 238us total 8.180ms
11-08 13:47:22.813  1138  1138 I art     : Explicit concurrent mark sweep GC freed 40(19KB) AllocSpace objects, 0(0B) LOS objects, 32% free, 8MB/12MB, paused 289us total 8.312ms
11-08 13:47:22.826  1138  1138 I art     : Explicit concurrent mark sweep GC freed 60(21KB) AllocSpace objects, 0(0B) LOS objects, 32% free, 8MB/12MB, paused 256us total 9.234ms
11-08 13:47:22.839  1138  1138 I art     : Explicit concurrent mark sweep GC freed 46(20KB) AllocSpace objects, 0(0B) LOS objects, 32% free, 8MB/12MB, paused 234us total 10.004ms
11-08 13:47:22.852  1138  1138 I art     : Explicit concurrent mark sweep GC freed 71(21KB) AllocSpace objects, 0(0B) LOS objects, 32% free, 8MB/12MB, paused 230us total 9.145ms
11-08 13:47:22.865  1138  1138 I art     : Explicit concurrent mark sweep GC freed 56(21KB) AllocSpace objects, 0(0B) LOS objects, 32% free, 8MB/12MB, paused 264us total 9.094ms
11-08 13:47:22.878  1138  1138 I art     : Explicit concurrent mark sweep GC freed 51(20KB) AllocSpace objects, 0(0B) LOS objects, 32% free, 8MB/12MB, paused 239us total 9.135ms
11-08 13:47:22.894  1138  1138 I art     : Explicit concurrent mark sweep GC freed 43(27KB) AllocSpace objects, 0(0B) LOS objects, 32% free, 8MB/12MB, paused 342us total 10.986ms
11-08 13:47:22.916  1135  1135 I ServiceManager: Waiting for service batterystats...
11-08 13:47:22.919  1138  1138 I art     : Explicit concurrent mark sweep GC freed 786(112KB) AllocSpace objects, 0(0B) LOS objects, 31% free, 8MB/12MB, paused 253us total 11.236ms
11-08 13:47:22.932  1138  1138 I art     : Explicit concurrent mark sweep GC freed 101(9KB) AllocSpace objects, 0(0B) LOS objects, 31% free, 8MB/12MB, paused 306us total 10.769ms
11-08 13:47:22.954  1138  1138 I art     : Explicit concurrent mark sweep GC freed 60(9KB) AllocSpace objects, 0(0B) LOS objects, 31% free, 8MB/12MB, paused 379us total 18.039ms
11-08 13:47:22.987  1138  1138 I art     : Explicit concurrent mark sweep GC freed 170(25KB) AllocSpace objects, 0(0B) LOS objects, 31% free, 8MB/12MB, paused 1.183ms total 22.754ms
11-08 13:47:23.002  1138  1138 I art     : Explicit concurrent mark sweep GC freed 72(6KB) AllocSpace objects, 0(0B) LOS objects, 31% free, 8MB/12MB, paused 676us total 11.206ms
11-08 13:47:23.022  1138  1138 I art     : Explicit concurrent mark sweep GC freed 78(8KB) AllocSpace objects, 0(0B) LOS objects, 31% free, 8MB/12MB, paused 308us total 12.600ms
11-08 13:47:23.042  1138  1138 I art     : Explicit concurrent mark sweep GC freed 104(10KB) AllocSpace objects, 0(0B) LOS objects, 31% free, 8MB/12MB, paused 352us total 16.161ms
11-08 13:47:23.061  1138  1138 I art     : Explicit concurrent mark sweep GC freed 52(25KB) AllocSpace objects, 0(0B) LOS objects, 31% free, 8MB/12MB, paused 793us total 14.507ms
11-08 13:47:23.075  1138  1138 I art     : Explicit concurrent mark sweep GC freed 70(15KB) AllocSpace objects, 0(0B) LOS objects, 31% free, 8MB/12MB, paused 317us total 10.431ms
11-08 13:47:23.088  1138  1138 I art     : Explicit concurrent mark sweep GC freed 57(21KB) AllocSpace objects, 0(0B) LOS objects, 31% free, 8MB/12MB, paused 240us total 9.786ms
11-08 13:47:23.100  1138  1138 I art     : Explicit concurrent mark sweep GC freed 120(15KB) AllocSpace objects, 0(0B) LOS objects, 30% free, 8MB/12MB, paused 280us total 9.714ms
11-08 13:47:23.113  1138  1138 I art     : Explicit concurrent mark sweep GC freed 115(10KB) AllocSpace objects, 0(0B) LOS objects, 30% free, 8MB/12MB, paused 256us total 9.575ms
11-08 13:47:23.125  1138  1138 I art     : Explicit concurrent mark sweep GC freed 121(10KB) AllocSpace objects, 0(0B) LOS objects, 30% free, 9MB/13MB, paused 238us total 9.851ms
11-08 13:47:23.140  1138  1138 I art     : Explicit concurrent mark sweep GC freed 113(11KB) AllocSpace objects, 0(0B) LOS objects, 30% free, 9MB/13MB, paused 246us total 11.489ms
11-08 13:47:23.155  1138  1138 I art     : Explicit concurrent mark sweep GC freed 149(15KB) AllocSpace objects, 0(0B) LOS objects, 30% free, 9MB/13MB, paused 247us total 11.142ms
11-08 13:47:23.169  1138  1138 I art     : Explicit concurrent mark sweep GC freed 455(25KB) AllocSpace objects, 0(0B) LOS objects, 30% free, 9MB/13MB, paused 240us total 10.699ms
11-08 13:47:23.182  1138  1138 I art     : Explicit concurrent mark sweep GC freed 222(13KB) AllocSpace objects, 0(0B) LOS objects, 30% free, 9MB/13MB, paused 232us total 9.649ms
11-08 13:47:23.202  1138  1138 I art     : Explicit concurrent mark sweep GC freed 87(7KB) AllocSpace objects, 0(0B) LOS objects, 30% free, 9MB/13MB, paused 364us total 11.533ms
11-08 13:47:23.227  1138  1138 I art     : Explicit concurrent mark sweep GC freed 196(19KB) AllocSpace objects, 0(0B) LOS objects, 30% free, 9MB/13MB, paused 922us total 20.444ms
11-08 13:47:23.245  1138  1138 I art     : Explicit concurrent mark sweep GC freed 179(17KB) AllocSpace objects, 0(0B) LOS objects, 29% free, 9MB/13MB, paused 269us total 13.043ms
11-08 13:47:23.259  1138  1138 I art     : Explicit concurrent mark sweep GC freed 207(14KB) AllocSpace objects, 0(0B) LOS objects, 29% free, 9MB/13MB, paused 341us total 10.993ms
11-08 13:47:23.271  1138  1138 I art     : Explicit concurrent mark sweep GC freed 119(11KB) AllocSpace objects, 0(0B) LOS objects, 29% free, 9MB/13MB, paused 244us total 10.401ms
11-08 13:47:23.285  1138  1138 I art     : Explicit concurrent mark sweep GC freed 119(12KB) AllocSpace objects, 0(0B) LOS objects, 29% free, 9MB/13MB, paused 239us total 11.640ms
11-08 13:47:23.299  1138  1138 I art     : Explicit concurrent mark sweep GC freed 110(13KB) AllocSpace objects, 0(0B) LOS objects, 29% free, 9MB/13MB, paused 277us total 11.316ms
11-08 13:47:23.348  1138  1138 I art     : Explicit concurrent mark sweep GC freed 10510(506KB) AllocSpace objects, 0(0B) LOS objects, 28% free, 9MB/13MB, paused 239us total 11.271ms
11-08 13:47:23.361  1138  1138 I art     : Explicit concurrent mark sweep GC freed 187(14KB) AllocSpace objects, 0(0B) LOS objects, 28% free, 9MB/13MB, paused 246us total 10.676ms
11-08 13:47:23.380  1138  1138 I art     : Explicit concurrent mark sweep GC freed 290(18KB) AllocSpace objects, 0(0B) LOS objects, 28% free, 10MB/14MB, paused 240us total 13.980ms
11-08 13:47:23.398  1138  1138 I art     : Explicit concurrent mark sweep GC freed 282(20KB) AllocSpace objects, 0(0B) LOS objects, 28% free, 10MB/14MB, paused 240us total 12.434ms
11-08 13:47:23.412  1138  1138 I art     : Explicit concurrent mark sweep GC freed 225(15KB) AllocSpace objects, 0(0B) LOS objects, 28% free, 10MB/14MB, paused 234us total 10.802ms
11-08 13:47:23.426  1138  1138 I art     : Explicit concurrent mark sweep GC freed 160(13KB) AllocSpace objects, 0(0B) LOS objects, 28% free, 10MB/14MB, paused 241us total 11.203ms
11-08 13:47:23.440  1138  1138 I art     : Explicit concurrent mark sweep GC freed 210(15KB) AllocSpace objects, 0(0B) LOS objects, 28% free, 10MB/14MB, paused 235us total 11.060ms
11-08 13:47:23.454  1138  1138 I art     : Explicit concurrent mark sweep GC freed 207(17KB) AllocSpace objects, 0(0B) LOS objects, 28% free, 10MB/14MB, paused 274us total 10.944ms
11-08 13:47:23.470  1138  1138 I System  : Loaded time zone names for "" in 10ms (9ms in ICU)
11-08 13:47:23.478  1138  1138 I System  : Loaded time zone names for "en_US" in 8ms (5ms in ICU)
11-08 13:47:23.492  1138  1138 I art     : Explicit concurrent mark sweep GC freed 2616(199KB) AllocSpace objects, 0(0B) LOS objects, 27% free, 10MB/14MB, paused 233us total 13.787ms
11-08 13:47:23.507  1138  1138 I art     : Explicit concurrent mark sweep GC freed 132(13KB) AllocSpace objects, 0(0B) LOS objects, 27% free, 10MB/14MB, paused 242us total 11.948ms
11-08 13:47:23.524  1138  1138 I art     : Explicit concurrent mark sweep GC freed 167(14KB) AllocSpace objects, 0(0B) LOS objects, 27% free, 10MB/14MB, paused 374us total 13.076ms
11-08 13:47:23.539  1138  1138 I art     : Explicit concurrent mark sweep GC freed 301(24KB) AllocSpace objects, 0(0B) LOS objects, 27% free, 10MB/14MB, paused 234us total 11.680ms
11-08 13:47:23.555  1138  1138 I art     : Explicit concurrent mark sweep GC freed 147(11KB) AllocSpace objects, 0(0B) LOS objects, 27% free, 10MB/14MB, paused 232us total 12.793ms
11-08 13:47:23.571  1138  1138 I art     : Explicit concurrent mark sweep GC freed 200(16KB) AllocSpace objects, 0(0B) LOS objects, 27% free, 10MB/14MB, paused 302us total 12.487ms
11-08 13:47:23.587  1138  1138 I art     : Explicit concurrent mark sweep GC freed 163(15KB) AllocSpace objects, 0(0B) LOS objects, 27% free, 10MB/14MB, paused 249us total 11.518ms
11-08 13:47:23.602  1138  1138 I art     : Explicit concurrent mark sweep GC freed 119(13KB) AllocSpace objects, 0(0B) LOS objects, 27% free, 10MB/14MB, paused 267us total 13.201ms
11-08 13:47:23.617  1138  1138 I art     : Explicit concurrent mark sweep GC freed 142(15KB) AllocSpace objects, 0(0B) LOS objects, 27% free, 10MB/14MB, paused 363us total 12.608ms
11-08 13:47:23.636  1138  1138 I art     : Explicit concurrent mark sweep GC freed 181(18KB) AllocSpace objects, 0(0B) LOS objects, 27% free, 10MB/14MB, paused 544us total 14.556ms
11-08 13:47:23.650  1138  1138 I art     : Explicit concurrent mark sweep GC freed 147(14KB) AllocSpace objects, 0(0B) LOS objects, 27% free, 10MB/14MB, paused 288us total 11.806ms
11-08 13:47:23.726  1138  1138 I art     : Explicit concurrent mark sweep GC freed 75(7KB) AllocSpace objects, 0(0B) LOS objects, 26% free, 10MB/14MB, paused 262us total 13.142ms
11-08 13:47:23.728  1138  1138 I Zygote  : ...preloaded 3005 classes in 2922ms.
11-08 13:47:23.728  1138  1138 I art     : VMRuntime.preloadDexCaches starting
11-08 13:47:23.745  1138  1138 I art     : VMRuntime.preloadDexCaches strings total=207127 before=8603 after=8603
11-08 13:47:23.745  1138  1138 I art     : VMRuntime.preloadDexCaches types total=18028 before=3163 after=6216
11-08 13:47:23.745  1138  1138 I art     : VMRuntime.preloadDexCaches fields total=84363 before=21543 after=30104
11-08 13:47:23.745  1138  1138 I art     : VMRuntime.preloadDexCaches methods total=148964 before=2885 after=48325
11-08 13:47:23.745  1138  1138 I art     : VMRuntime.preloadDexCaches finished
11-08 13:47:23.745  1138  1138 I art     : Counter: 0
11-08 13:47:23.745  1138  1138 I art     : Counter: 1
11-08 13:47:23.759  1138  1138 I art     : Explicit concurrent mark sweep GC freed 122(21KB) AllocSpace objects, 0(0B) LOS objects, 26% free, 10MB/14MB, paused 282us total 13.866ms
11-08 13:47:23.765  1504  1504 D idmap   : error: no read access to /vendor/overlay: No such file or directory
11-08 13:47:23.767  1138  1138 I Zygote  : Preloading resources...
11-08 13:47:23.769  1138  1138 W Resources: Preloaded drawable resource #0x1080096 (android:drawable/toast_frame) that varies with configuration!!
11-08 13:47:23.769  1138  1138 W Resources: Preloaded drawable resource #0x1080111 (android:drawable/btn_check_on_pressed_holo_light) that varies with configuration!!
11-08 13:47:23.769  1138  1138 W Resources: Preloaded drawable resource #0x1080110 (android:drawable/btn_check_on_pressed_holo_dark) that varies with configuration!!
11-08 13:47:23.769  1138  1138 W Resources: Preloaded drawable resource #0x108010d (android:drawable/btn_check_on_holo_light) that varies with configuration!!
11-08 13:47:23.770  1138  1138 W Resources: Preloaded drawable resource #0x108010c (android:drawable/btn_check_on_holo_dark) that varies with configuration!!
11-08 13:47:23.782  1138  1138 I art     : Explicit concurrent mark sweep GC freed 149(24KB) AllocSpace objects, 0(0B) LOS objects, 26% free, 10MB/14MB, paused 294us total 12.065ms
11-08 13:47:23.784  1138  1138 W Resources: Preloaded drawable resource #0x108010a (android:drawable/btn_check_on_focused_holo_light) that varies with configuration!!
11-08 13:47:23.784  1138  1138 W Resources: Preloaded drawable resource #0x1080109 (android:drawable/btn_check_on_focused_holo_dark) that varies with configuration!!
11-08 13:47:23.785  1138  1138 W Resources: Preloaded drawable resource #0x1080108 (android:drawable/btn_check_on_disabled_holo_light) that varies with configuration!!
11-08 13:47:23.785  1138  1138 W Resources: Preloaded drawable resource #0x1080107 (android:drawable/btn_check_on_disabled_holo_dark) that varies with configuration!!
11-08 13:47:23.785  1138  1138 W Resources: Preloaded drawable resource #0x1080106 (android:drawable/btn_check_on_disabled_focused_holo_light) that varies with configuration!!
11-08 13:47:23.785  1138  1138 W Resources: Preloaded drawable resource #0x1080105 (android:drawable/btn_check_on_disabled_focused_holo_dark) that varies with configuration!!
11-08 13:47:23.786  1138  1138 W Resources: Preloaded drawable resource #0x10800fd (android:drawable/btn_check_off_pressed_holo_light) that varies with configuration!!
11-08 13:47:23.786  1138  1138 W Resources: Preloaded drawable resource #0x10800fc (android:drawable/btn_check_off_pressed_holo_dark) that varies with configuration!!
11-08 13:47:23.786  1138  1138 W Resources: Preloaded drawable resource #0x10800f7 (android:drawable/btn_check_off_holo_light) that varies with configuration!!
11-08 13:47:23.799  1138  1138 I art     : Explicit concurrent mark sweep GC freed 232(59KB) AllocSpace objects, 0(0B) LOS objects, 26% free, 10MB/14MB, paused 245us total 13.096ms
11-08 13:47:23.801  1138  1138 W Resources: Preloaded drawable resource #0x10800f6 (android:drawable/btn_check_off_holo_dark) that varies with configuration!!
11-08 13:47:23.802  1138  1138 W Resources: Preloaded drawable resource #0x10800f4 (android:drawable/btn_check_off_focused_holo_light) that varies with configuration!!
11-08 13:47:23.802  1138  1138 W Resources: Preloaded drawable resource #0x10800f3 (android:drawable/btn_check_off_focused_holo_dark) that varies with configuration!!
11-08 13:47:23.804  1138  1138 W Resources: Preloaded drawable resource #0x10800f2 (android:drawable/btn_check_off_disabled_holo_light) that varies with configuration!!
11-08 13:47:23.804  1138  1138 W Resources: Preloaded drawable resource #0x10800f1 (android:drawable/btn_check_off_disabled_holo_dark) that varies with configuration!!
11-08 13:47:23.804  1138  1138 W Resources: Preloaded drawable resource #0x10800f0 (android:drawable/btn_check_off_disabled_focused_holo_light) that varies with configuration!!
11-08 13:47:23.804  1138  1138 W Resources: Preloaded drawable resource #0x10800ef (android:drawable/btn_check_off_disabled_focused_holo_dark) that varies with configuration!!
11-08 13:47:23.805  1138  1138 W Resources: Preloaded drawable resource #0x108010d (android:drawable/btn_check_on_holo_light) that varies with configuration!!
11-08 13:47:23.805  1138  1138 W Resources: Preloaded drawable resource #0x10800f7 (android:drawable/btn_check_off_holo_light) that varies with configuration!!
11-08 13:47:23.805  1138  1138 W Resources: Preloaded drawable resource #0x1080111 (android:drawable/btn_check_on_pressed_holo_light) that varies with configuration!!
11-08 13:47:23.805  1138  1138 W Resources: Preloaded drawable resource #0x10800fd (android:drawable/btn_check_off_pressed_holo_light) that varies with configuration!!
11-08 13:47:23.805  1138  1138 W Resources: Preloaded drawable resource #0x108010a (android:drawable/btn_check_on_focused_holo_light) that varies with configuration!!
11-08 13:47:23.805  1138  1138 W Resources: Preloaded drawable resource #0x10800f4 (android:drawable/btn_check_off_focused_holo_light) that varies with configuration!!
11-08 13:47:23.806  1138  1138 W Resources: Preloaded drawable resource #0x10800f7 (android:drawable/btn_check_off_holo_light) that varies with configuration!!
11-08 13:47:23.806  1138  1138 W Resources: Preloaded drawable resource #0x108010d (android:drawable/btn_check_on_holo_light) that varies with configuration!!
11-08 13:47:23.806  1138  1138 W Resources: Preloaded drawable resource #0x1080108 (android:drawable/btn_check_on_disabled_holo_light) that varies with configuration!!
11-08 13:47:23.806  1138  1138 W Resources: Preloaded drawable resource #0x10800f2 (android:drawable/btn_check_off_disabled_holo_light) that varies with configuration!!
11-08 13:47:23.806  1138  1138 W Resources: Preloaded drawable resource #0x1080106 (android:drawable/btn_check_on_disabled_focused_holo_light) that varies with configuration!!
11-08 13:47:23.806  1138  1138 W Resources: Preloaded drawable resource #0x10800f0 (android:drawable/btn_check_off_disabled_focused_holo_light) that varies with configuration!!
11-08 13:47:23.807  1138  1138 W Resources: Preloaded drawable resource #0x10800f2 (android:drawable/btn_check_off_disabled_holo_light) that varies with configuration!!
11-08 13:47:23.807  1138  1138 W Resources: Preloaded drawable resource #0x1080108 (android:drawable/btn_check_on_disabled_holo_light) that varies with configuration!!
11-08 13:47:23.807  1138  1138 W Resources: Preloaded drawable resource #0x10800e5 (android:drawable/btn_check_holo_light) that varies with configuration!!
11-08 13:47:23.823  1138  1138 I art     : Explicit concurrent mark sweep GC freed 563(119KB) AllocSpace objects, 0(0B) LOS objects, 26% free, 10MB/14MB, paused 457us total 16.411ms
11-08 13:47:23.826  1138  1138 W Resources: Preloaded drawable resource #0x108010c (android:drawable/btn_check_on_holo_dark) that varies with configuration!!
11-08 13:47:23.826  1138  1138 W Resources: Preloaded drawable resource #0x10800f6 (android:drawable/btn_check_off_holo_dark) that varies with configuration!!
11-08 13:47:23.826  1138  1138 W Resources: Preloaded drawable resource #0x1080110 (android:drawable/btn_check_on_pressed_holo_dark) that varies with configuration!!
11-08 13:47:23.826  1138  1138 W Resources: Preloaded drawable resource #0x10800fc (android:drawable/btn_check_off_pressed_holo_dark) that varies with configuration!!
11-08 13:47:23.827  1138  1138 W Resources: Preloaded drawable resource #0x1080109 (android:drawable/btn_check_on_focused_holo_dark) that varies with configuration!!
11-08 13:47:23.827  1138  1138 W Resources: Preloaded drawable resource #0x10800f3 (android:drawable/btn_check_off_focused_holo_dark) that varies with configuration!!
11-08 13:47:23.827  1138  1138 W Resources: Preloaded drawable resource #0x10800f6 (android:drawable/btn_check_off_holo_dark) that varies with configuration!!
11-08 13:47:23.827  1138  1138 W Resources: Preloaded drawable resource #0x108010c (android:drawable/btn_check_on_holo_dark) that varies with configuration!!
11-08 13:47:23.827  1138  1138 W Resources: Preloaded drawable resource #0x1080107 (android:drawable/btn_check_on_disabled_holo_dark) that varies with configuration!!
11-08 13:47:23.827  1138  1138 W Resources: Preloaded drawable resource #0x10800f1 (android:drawable/btn_check_off_disabled_holo_dark) that varies with configuration!!
11-08 13:47:23.828  1138  1138 W Resources: Preloaded drawable resource #0x1080105 (android:drawable/btn_check_on_disabled_focused_holo_dark) that varies with configuration!!
11-08 13:47:23.828  1138  1138 W Resources: Preloaded drawable resource #0x10800ef (android:drawable/btn_check_off_disabled_focused_holo_dark) that varies with configuration!!
11-08 13:47:23.828  1138  1138 W Resources: Preloaded drawable resource #0x10800f1 (android:drawable/btn_check_off_disabled_holo_dark) that varies with configuration!!
11-08 13:47:23.828  1138  1138 W Resources: Preloaded drawable resource #0x1080107 (android:drawable/btn_check_on_disabled_holo_dark) that varies with configuration!!
11-08 13:47:23.828  1138  1138 W Resources: Preloaded drawable resource #0x10800e4 (android:drawable/btn_check_holo_dark) that varies with configuration!!
11-08 13:47:23.845  1138  1138 I art     : Explicit concurrent mark sweep GC freed 492(85KB) AllocSpace objects, 0(0B) LOS objects, 26% free, 10MB/14MB, paused 254us total 16.785ms
11-08 13:47:23.847  1138  1138 W Resources: Preloaded drawable resource #0x10801c3 (android:drawable/btn_radio_on_pressed_holo_light) that varies with configuration!!
11-08 13:47:23.847  1138  1138 W Resources: Preloaded drawable resource #0x10801c2 (android:drawable/btn_radio_on_pressed_holo_dark) that varies with configuration!!
11-08 13:47:23.847  1138  1138 W Resources: Preloaded drawable resource #0x10801bf (android:drawable/btn_radio_on_holo_light) that varies with configuration!!
11-08 13:47:23.847  1138  1138 W Resources: Preloaded drawable resource #0x10801be (android:drawable/btn_radio_on_holo_dark) that varies with configuration!!
11-08 13:47:23.847  1138  1138 W Resources: Preloaded drawable resource #0x10801bc (android:drawable/btn_radio_on_focused_holo_light) that varies with configuration!!
11-08 13:47:23.848  1138  1138 W Resources: Preloaded drawable resource #0x10801bb (android:drawable/btn_radio_on_focused_holo_dark) that varies with configuration!!
11-08 13:47:23.848  1138  1138 W Resources: Preloaded drawable resource #0x10801ba (android:drawable/btn_radio_on_disabled_holo_light) that varies with configuration!!
11-08 13:47:23.848  1138  1138 W Resources: Preloaded drawable resource #0x10801b9 (android:drawable/btn_radio_on_disabled_holo_dark) that varies with configuration!!
11-08 13:47:23.848  1138  1138 W Resources: Preloaded drawable resource #0x10801b8 (android:drawable/btn_radio_on_disabled_focused_holo_light) that varies with configuration!!
11-08 13:47:23.863  1138  1138 I art     : Explicit concurrent mark sweep GC freed 284(53KB) AllocSpace objects, 0(0B) LOS objects, 26% free, 10MB/14MB, paused 233us total 15.186ms
11-08 13:47:23.865  1138  1138 W Resources: Preloaded drawable resource #0x10801b7 (android:drawable/btn_radio_on_disabled_focused_holo_dark) that varies with configuration!!
11-08 13:47:23.865  1138  1138 W Resources: Preloaded drawable resource #0x10801b3 (android:drawable/btn_radio_off_pressed_holo_light) that varies with configuration!!
11-08 13:47:23.865  1138  1138 W Resources: Preloaded drawable resource #0x10801b2 (android:drawable/btn_radio_off_pressed_holo_dark) that varies with configuration!!
11-08 13:47:23.865  1138  1138 W Resources: Preloaded drawable resource #0x10801af (android:drawable/btn_radio_off_holo_light) that varies with configuration!!
11-08 13:47:23.866  1138  1138 W Resources: Preloaded drawable resource #0x10801ae (android:drawable/btn_radio_off_holo_dark) that varies with configuration!!
11-08 13:47:23.866  1138  1138 W Resources: Preloaded drawable resource #0x10801ac (android:drawable/btn_radio_off_focused_holo_light) that varies with configuration!!
11-08 13:47:23.866  1138  1138 W Resources: Preloaded drawable resource #0x10801ab (android:drawable/btn_radio_off_focused_holo_dark) that varies with configuration!!
11-08 13:47:23.866  1138  1138 W Resources: Preloaded drawable resource #0x10801aa (android:drawable/btn_radio_off_disabled_holo_light) that varies with configuration!!
11-08 13:47:23.867  1138  1138 W Resources: Preloaded drawable resource #0x10801a9 (android:drawable/btn_radio_off_disabled_holo_dark) that varies with configuration!!
11-08 13:47:23.879  1138  1138 I art     : Explicit concurrent mark sweep GC freed 248(51KB) AllocSpace objects, 0(0B) LOS objects, 26% free, 10MB/14MB, paused 234us total 11.948ms
11-08 13:47:23.880  1138  1138 W Resources: Preloaded drawable resource #0x10801a8 (android:drawable/btn_radio_off_disabled_focused_holo_light) that varies with configuration!!
11-08 13:47:23.880  1138  1138 W Resources: Preloaded drawable resource #0x10801a7 (android:drawable/btn_radio_off_disabled_focused_holo_dark) that varies with configuration!!
11-08 13:47:23.880  1138  1138 W Resources: Preloaded drawable resource #0x1080152 (android:drawable/btn_default_pressed_holo_light) that varies with configuration!!
11-08 13:47:23.881  1138  1138 W Resources: Preloaded drawable resource #0x1080151 (android:drawable/btn_default_pressed_holo_dark) that varies with configuration!!
11-08 13:47:23.881  1138  1138 W Resources: Preloaded drawable resource #0x108014e (android:drawable/btn_default_normal_holo_light) that varies with configuration!!
11-08 13:47:23.881  1138  1138 W Resources: Preloaded drawable resource #0x108014d (android:drawable/btn_default_normal_holo_dark) that varies with configuration!!
11-08 13:47:23.881  1138  1138 W Resources: Preloaded drawable resource #0x1080144 (android:drawable/btn_default_focused_holo_light) that varies with configuration!!
11-08 13:47:23.881  1138  1138 W Resources: Preloaded drawable resource #0x1080143 (android:drawable/btn_default_focused_holo_dark) that varies with configuration!!
11-08 13:47:23.881  1138  1138 W Resources: Preloaded drawable resource #0x1080141 (android:drawable/btn_default_disabled_holo_light) that varies with configuration!!
11-08 13:47:23.898  1138  1138 I art     : Explicit concurrent mark sweep GC freed 241(23KB) AllocSpace objects, 0(0B) LOS objects, 26% free, 10MB/14MB, paused 323us total 16.062ms
11-08 13:47:23.899  1138  1138 W Resources: Preloaded drawable resource #0x1080140 (android:drawable/btn_default_disabled_holo_dark) that varies with configuration!!
11-08 13:47:23.900  1138  1138 W Resources: Preloaded drawable resource #0x108013e (android:drawable/btn_default_disabled_focused_holo_light) that varies with configuration!!
11-08 13:47:23.900  1138  1138 W Resources: Preloaded drawable resource #0x108013d (android:drawable/btn_default_disabled_focused_holo_dark) that varies with configuration!!
11-08 13:47:23.901  1138  1138 W Resources: Preloaded drawable resource #0x108014d (android:drawable/btn_default_normal_holo_dark) that varies with configuration!!
11-08 13:47:23.902  1138  1138 W Resources: Preloaded drawable resource #0x1080140 (android:drawable/btn_default_disabled_holo_dark) that varies with configuration!!
11-08 13:47:23.902  1138  1138 W Resources: Preloaded drawable resource #0x1080151 (android:drawable/btn_default_pressed_holo_dark) that varies with configuration!!
11-08 13:47:23.902  1138  1138 W Resources: Preloaded drawable resource #0x1080143 (android:drawable/btn_default_focused_holo_dark) that varies with configuration!!
11-08 13:47:23.903  1138  1138 W Resources: Preloaded drawable resource #0x108014d (android:drawable/btn_default_normal_holo_dark) that varies with configuration!!
11-08 13:47:23.903  1138  1138 W Resources: Preloaded drawable resource #0x108013d (android:drawable/btn_default_disabled_focused_holo_dark) that varies with configuration!!
11-08 13:47:23.903  1138  1138 W Resources: Preloaded drawable resource #0x1080140 (android:drawable/btn_default_disabled_holo_dark) that varies with configuration!!
11-08 13:47:23.904  1138  1138 W Resources: Preloaded drawable resource #0x1080145 (android:drawable/btn_default_holo_dark) that varies with configuration!!
11-08 13:47:23.919  1138  1138 I art     : Explicit concurrent mark sweep GC freed 341(42KB) AllocSpace objects, 0(0B) LOS objects, 26% free, 10MB/14MB, paused 396us total 14.698ms
11-08 13:47:23.920  1138  1138 W Resources: Preloaded drawable resource #0x108014e (android:drawable/btn_default_normal_holo_light) that varies with configuration!!
11-08 13:47:23.920  1138  1138 W Resources: Preloaded drawable resource #0x1080141 (android:drawable/btn_default_disabled_holo_light) that varies with configuration!!
11-08 13:47:23.920  1138  1138 W Resources: Preloaded drawable resource #0x1080152 (android:drawable/btn_default_pressed_holo_light) that varies with configuration!!
11-08 13:47:23.921  1138  1138 W Resources: Preloaded drawable resource #0x1080144 (android:drawable/btn_default_focused_holo_light) that varies with configuration!!
11-08 13:47:23.921  1138  1138 W Resources: Preloaded drawable resource #0x108014e (android:drawable/btn_default_normal_holo_light) that varies with configuration!!
11-08 13:47:23.921  1138  1138 W Resources: Preloaded drawable resource #0x108013e (android:drawable/btn_default_disabled_focused_holo_light) that varies with configuration!!
11-08 13:47:23.921  1138  1138 W Resources: Preloaded drawable resource #0x1080141 (android:drawable/btn_default_disabled_holo_light) that varies with configuration!!
11-08 13:47:23.921  1138  1138 W Resources: Preloaded drawable resource #0x1080146 (android:drawable/btn_default_holo_light) that varies with configuration!!
11-08 13:47:23.922  1138  1138 W Resources: Preloaded drawable resource #0x1080224 (android:drawable/btn_star_off_normal_holo_light) that varies with configuration!!
11-08 13:47:23.922  1138  1138 W Resources: Preloaded drawable resource #0x108022e (android:drawable/btn_star_on_normal_holo_light) that varies with configuration!!
11-08 13:47:23.930  1135  1135 I CameraService: CameraService started (pid=1135)
11-08 13:47:23.932  1135  1135 D EmulatedCamera_QemuClient: Emulated camera list: 
11-08 13:47:23.932  1135  1135 D EmulatedCamera_FakeCamera: Initialize: Fake camera is facing back
11-08 13:47:23.932  1135  1135 V EmulatedCamera_Device: initializeWhiteBalanceModes with auto, 1.000000, 1.000000
11-08 13:47:23.932  1135  1135 V EmulatedCamera_Device: initializeWhiteBalanceModes with incandescent, 1.380000, 0.600000
11-08 13:47:23.932  1135  1135 V EmulatedCamera_Device: initializeWhiteBalanceModes with daylight, 1.090000, 0.920000
11-08 13:47:23.932  1135  1135 V EmulatedCamera_Device: initializeWhiteBalanceModes with twilight, 0.920000, 1.220000
11-08 13:47:23.932  1135  1135 V EmulatedCamera_Device: setWhiteBalanceMode with white balance auto
11-08 13:47:23.933  1135  1135 I CameraService: Loaded "Emulated Camera Module" camera module
11-08 13:47:23.933  1135  1135 I AudioPolicyService: AudioPolicyService CSTOR in new mode
11-08 13:47:23.934  1135  1135 I AudioPolicyManager: loadAudioPolicyConfig() loaded /system/etc/audio_policy.conf
11-08 13:47:23.936  1135  1135 I AudioFlinger: loadHwModule() Loaded primary audio interface from Generic audio HW HAL (audio) handle 1
11-08 13:47:23.936  1135  1135 I AudioFlinger: HAL output buffer size 1024 frames, normal sink buffer size 1024 frames
11-08 13:47:23.942  1135  1135 I AudioMixer: found effect "Multichannel Downmix To Stereo" from The Android Open Source Project
11-08 13:47:23.942  1135  1135 I AudioFlinger: Using module 1 has the primary audio interface
11-08 13:47:23.942  1138  1138 I art     : Explicit concurrent mark sweep GC freed 351(60KB) AllocSpace objects, 0(0B) LOS objects, 26% free, 10MB/14MB, paused 386us total 19.367ms
11-08 13:47:23.943  1135  1509 I AudioFlinger: AudioFlinger's thread 0xf62b7000 ready to run
11-08 13:47:23.943  1135  1509 W AudioFlinger: Thread AudioOut_2 cannot connect to the power manager service
11-08 13:47:23.944  1138  1138 W Resources: Preloaded drawable resource #0x108022a (android:drawable/btn_star_on_disabled_holo_light) that varies with configuration!!
